===== lfscratch Disk Benchmark =====
Job:     lfscratch_benchmark (26118)
Host:    w0003
Started: 2026-05-20T21:12:28

--- Disk Layout ---
nvme1n1     894.2G disk 
├─nvme1n1p1   200M part 
└─nvme1n1p2     2G part 
nvme0n1       1.7T disk /lfscratch

--- /lfscratch Usage ---
Filesystem      Size  Used Avail Use% Mounted on
/dev/nvme0n1    1.8T   13G  1.8T   1% /lfscratch

--- Sequential Write (1M blocks, QD=8, 30s) ---
seq_write: (g=0): rw=write, bs=(R) 1024KiB-1024KiB, (W) 1024KiB-1024KiB, (T) 1024KiB-1024KiB, ioengine=libaio, iodepth=8
fio-3.35
Starting 1 process
seq_write: Laying out IO file (1 file / 16384MiB)

seq_write: (groupid=0, jobs=1): err= 0: pid=83720: Thu May 21 01:12:58 2026
  write: IOPS=2678, BW=2679MiB/s (2809MB/s)(78.5GiB/30003msec); 0 zone resets
    slat (usec): min=9, max=143, avg=14.19, stdev= 4.86
    clat (usec): min=237, max=8166, avg=2971.83, stdev=140.76
     lat (usec): min=380, max=8188, avg=2986.03, stdev=140.61
    clat percentiles (usec):
     |  1.00th=[ 2024],  5.00th=[ 2966], 10.00th=[ 2966], 20.00th=[ 2966],
     | 30.00th=[ 2966], 40.00th=[ 2999], 50.00th=[ 2999], 60.00th=[ 2999],
     | 70.00th=[ 2999], 80.00th=[ 2999], 90.00th=[ 2999], 95.00th=[ 2999],
     | 99.00th=[ 3032], 99.50th=[ 3032], 99.90th=[ 4228], 99.95th=[ 4686],
     | 99.99th=[ 5342]
   bw (  MiB/s): min= 2664, max= 2682, per=100.00%, avg=2678.90, stdev= 3.73, samples=60
   iops        : min= 2664, max= 2682, avg=2678.90, stdev= 3.73, samples=60
  lat (usec)   : 250=0.01%, 500=0.01%, 750=0.01%, 1000=0.01%
  lat (msec)   : 2=0.17%, 4=99.71%, 10=0.12%
  cpu          : usr=1.40%, sys=2.09%, ctx=30465, majf=0, minf=12
  IO depths    : 1=0.1%, 2=0.1%, 4=0.1%, 8=100.0%, 16=0.0%, 32=0.0%, >=64=0.0%
     submit    : 0=0.0%, 4=100.0%, 8=0.0%, 16=0.0%, 32=0.0%, 64=0.0%, >=64=0.0%
     complete  : 0=0.0%, 4=100.0%, 8=0.1%, 16=0.0%, 32=0.0%, 64=0.0%, >=64=0.0%
     issued rwts: total=0,80374,0,0 short=0,0,0,0 dropped=0,0,0,0
     latency   : target=0, window=0, percentile=100.00%, depth=8

Run status group 0 (all jobs):
  WRITE: bw=2679MiB/s (2809MB/s), 2679MiB/s-2679MiB/s (2809MB/s-2809MB/s), io=78.5GiB (84.3GB), run=30003-30003msec

Disk stats (read/write):
  nvme0n1: ios=0/640726, merge=0/9, ticks=0/1789645, in_queue=1789645, util=99.67%

--- Sequential Read (1M blocks, QD=8, 30s) ---
seq_read: (g=0): rw=read, bs=(R) 1024KiB-1024KiB, (W) 1024KiB-1024KiB, (T) 1024KiB-1024KiB, ioengine=libaio, iodepth=8
fio-3.35
Starting 1 process

seq_read: (groupid=0, jobs=1): err= 0: pid=83909: Thu May 21 01:13:28 2026
  read: IOPS=6562, BW=6563MiB/s (6881MB/s)(192GiB/30002msec)
    slat (usec): min=7, max=207, avg=13.24, stdev= 7.65
    clat (usec): min=496, max=5177, avg=1205.49, stdev=162.26
     lat (usec): min=605, max=5189, avg=1218.73, stdev=162.01
    clat percentiles (usec):
     |  1.00th=[  906],  5.00th=[ 1020], 10.00th=[ 1057], 20.00th=[ 1090],
     | 30.00th=[ 1123], 40.00th=[ 1139], 50.00th=[ 1172], 60.00th=[ 1205],
     | 70.00th=[ 1287], 80.00th=[ 1336], 90.00th=[ 1369], 95.00th=[ 1434],
     | 99.00th=[ 1647], 99.50th=[ 1713], 99.90th=[ 1860], 99.95th=[ 2933],
     | 99.99th=[ 5014]
   bw (  MiB/s): min= 6494, max= 6624, per=100.00%, avg=6564.10, stdev=44.13, samples=59
   iops        : min= 6494, max= 6624, avg=6564.14, stdev=44.17, samples=59
  lat (usec)   : 500=0.01%, 750=0.02%, 1000=3.89%
  lat (msec)   : 2=96.03%, 4=0.02%, 10=0.04%
  cpu          : usr=0.14%, sys=8.22%, ctx=185535, majf=0, minf=528
  IO depths    : 1=0.1%, 2=0.1%, 4=0.1%, 8=100.0%, 16=0.0%, 32=0.0%, >=64=0.0%
     submit    : 0=0.0%, 4=100.0%, 8=0.0%, 16=0.0%, 32=0.0%, 64=0.0%, >=64=0.0%
     complete  : 0=0.0%, 4=100.0%, 8=0.1%, 16=0.0%, 32=0.0%, 64=0.0%, >=64=0.0%
     issued rwts: total=196894,0,0,0 short=0,0,0,0 dropped=0,0,0,0
     latency   : target=0, window=0, percentile=100.00%, depth=8

Run status group 0 (all jobs):
   READ: bw=6563MiB/s (6881MB/s), 6563MiB/s-6563MiB/s (6881MB/s-6881MB/s), io=192GiB (206GB), run=30002-30002msec

Disk stats (read/write):
  nvme0n1: ios=1569782/4, merge=23/5, ticks=1690199/0, in_queue=1690199, util=99.68%

--- Random 4K Read (QD=32, 30s) ---
rand_read: (g=0): rw=randread, bs=(R) 4096B-4096B, (W) 4096B-4096B, (T) 4096B-4096B, ioengine=libaio, iodepth=32
fio-3.35
Starting 1 process

rand_read: (groupid=0, jobs=1): err= 0: pid=84096: Thu May 21 01:13:59 2026
  read: IOPS=401k, BW=1568MiB/s (1644MB/s)(45.9GiB/30001msec)
    slat (nsec): min=801, max=43219, avg=1247.21, stdev=709.79
    clat (usec): min=6, max=564, avg=78.20, stdev=23.43
     lat (usec): min=8, max=566, avg=79.44, stdev=23.42
    clat percentiles (usec):
     |  1.00th=[   58],  5.00th=[   59], 10.00th=[   60], 20.00th=[   63],
     | 30.00th=[   65], 40.00th=[   69], 50.00th=[   71], 60.00th=[   74],
     | 70.00th=[   79], 80.00th=[   91], 90.00th=[  111], 95.00th=[  126],
     | 99.00th=[  167], 99.50th=[  184], 99.90th=[  227], 99.95th=[  245],
     | 99.99th=[  293]
   bw (  MiB/s): min= 1546, max= 1572, per=100.00%, avg=1568.27, stdev= 4.45, samples=59
   iops        : min=395822, max=402686, avg=401477.49, stdev=1138.80, samples=59
  lat (usec)   : 10=0.01%, 20=0.01%, 50=0.01%, 100=84.97%, 250=14.97%
  lat (usec)   : 500=0.04%, 750=0.01%
  cpu          : usr=14.67%, sys=42.71%, ctx=1928404, majf=0, minf=42
  IO depths    : 1=0.1%, 2=0.1%, 4=0.1%, 8=0.1%, 16=0.1%, 32=100.0%, >=64=0.0%
     submit    : 0=0.0%, 4=100.0%, 8=0.0%, 16=0.0%, 32=0.0%, 64=0.0%, >=64=0.0%
     complete  : 0=0.0%, 4=100.0%, 8=0.0%, 16=0.0%, 32=0.1%, 64=0.0%, >=64=0.0%
     issued rwts: total=12043503,0,0,0 short=0,0,0,0 dropped=0,0,0,0
     latency   : target=0, window=0, percentile=100.00%, depth=32

Run status group 0 (all jobs):
   READ: bw=1568MiB/s (1644MB/s), 1568MiB/s-1568MiB/s (1644MB/s-1644MB/s), io=45.9GiB (49.3GB), run=30001-30001msec

Disk stats (read/write):
  nvme0n1: ios=12002674/1, merge=0/0, ticks=897817/0, in_queue=897818, util=99.67%

--- Random 4K Write (QD=32, 30s) ---
rand_write: (g=0): rw=randwrite, bs=(R) 4096B-4096B, (W) 4096B-4096B, (T) 4096B-4096B, ioengine=libaio, iodepth=32
fio-3.35
Starting 1 process

rand_write: (groupid=0, jobs=1): err= 0: pid=84284: Thu May 21 01:14:29 2026
  write: IOPS=338k, BW=1320MiB/s (1385MB/s)(38.7GiB/30001msec); 0 zone resets
    slat (nsec): min=861, max=61014, avg=2092.62, stdev=2634.01
    clat (usec): min=11, max=233, avg=92.13, stdev= 4.40
     lat (usec): min=12, max=235, avg=94.22, stdev= 4.60
    clat percentiles (usec):
     |  1.00th=[   83],  5.00th=[   86], 10.00th=[   87], 20.00th=[   89],
     | 30.00th=[   90], 40.00th=[   92], 50.00th=[   92], 60.00th=[   93],
     | 70.00th=[   94], 80.00th=[   96], 90.00th=[   98], 95.00th=[  100],
     | 99.00th=[  103], 99.50th=[  105], 99.90th=[  110], 99.95th=[  112],
     | 99.99th=[  135]
   bw (  MiB/s): min= 1308, max= 1326, per=100.00%, avg=1320.57, stdev= 4.63, samples=59
   iops        : min=335072, max=339530, avg=338066.17, stdev=1185.22, samples=59
  lat (usec)   : 20=0.01%, 50=0.01%, 100=96.03%, 250=3.97%
  cpu          : usr=11.56%, sys=59.46%, ctx=7819380, majf=0, minf=11
  IO depths    : 1=0.1%, 2=0.1%, 4=0.1%, 8=0.1%, 16=0.1%, 32=100.0%, >=64=0.0%
     submit    : 0=0.0%, 4=100.0%, 8=0.0%, 16=0.0%, 32=0.0%, 64=0.0%, >=64=0.0%
     complete  : 0=0.0%, 4=100.0%, 8=0.0%, 16=0.0%, 32=0.1%, 64=0.0%, >=64=0.0%
     issued rwts: total=0,10141409,0,0 short=0,0,0,0 dropped=0,0,0,0
     latency   : target=0, window=0, percentile=100.00%, depth=32

Run status group 0 (all jobs):
  WRITE: bw=1320MiB/s (1385MB/s), 1320MiB/s-1320MiB/s (1385MB/s-1385MB/s), io=38.7GiB (41.5GB), run=30001-30001msec

Disk stats (read/write):
  nvme0n1: ios=0/10107009, merge=0/0, ticks=0/92759, in_queue=92758, util=92.90%

--- Cleanup ---
Test file removed.

Finished: 2026-05-20T21:14:29
