=== Job info ===
Job ID    : 17465
Node      : a0008
GPUs      : 8
index, name, memory.total [MiB]
0, NVIDIA RTX PRO 6000 Blackwell Server Edition, 97887 MiB
1, NVIDIA RTX PRO 6000 Blackwell Server Edition, 97887 MiB
2, NVIDIA RTX PRO 6000 Blackwell Server Edition, 97887 MiB
3, NVIDIA RTX PRO 6000 Blackwell Server Edition, 97887 MiB
4, NVIDIA RTX PRO 6000 Blackwell Server Edition, 97887 MiB
5, NVIDIA RTX PRO 6000 Blackwell Server Edition, 97887 MiB
6, NVIDIA RTX PRO 6000 Blackwell Server Edition, 97887 MiB
7, NVIDIA RTX PRO 6000 Blackwell Server Edition, 97887 MiB
torch: 2.11.0+cu130
arch_list: ['sm_75', 'sm_80', 'sm_86', 'sm_90', 'sm_100', 'sm_120']
================
[rank 7] host=a0008 local_rank=7 world_size=8 device=NVIDIA RTX PRO 6000 Blackwell Server Edition
[rank 4] host=a0008 local_rank=4 world_size=8 device=NVIDIA RTX PRO 6000 Blackwell Server Edition
[rank 0] host=a0008 local_rank=0 world_size=8 device=NVIDIA RTX PRO 6000 Blackwell Server Edition
[rank0] scaling=strong per_gpu=128 global=1024
[rank 3] host=a0008 local_rank=3 world_size=8 device=NVIDIA RTX PRO 6000 Blackwell Server Edition
[rank 2] host=a0008 local_rank=2 world_size=8 device=NVIDIA RTX PRO 6000 Blackwell Server Edition
[rank 1] host=a0008 local_rank=1 world_size=8 device=NVIDIA RTX PRO 6000 Blackwell Server Edition
[rank 6] host=a0008 local_rank=6 world_size=8 device=NVIDIA RTX PRO 6000 Blackwell Server Edition
[rank 5] host=a0008 local_rank=5 world_size=8 device=NVIDIA RTX PRO 6000 Blackwell Server Edition
NCCL version 2.28.9+cuda13.0
[rank0] Warmup: target 60.0s, min 20 steps
[rank0] Warmup done: 581 steps in 58.3s
[rank0] Benchmark: target 600.0s, min 50 steps
[rank0] Bench target: 6012 steps (estimated 600s)

================================================================
RESULTS [1node_8gpu_strong_resnet152_17465]
================================================================
Scaling mode         : strong
World size / nodes   : 8 / 1
Device               : NVIDIA RTX PRO 6000 Blackwell Server Edition
Compute capability   : [12, 0]
Model                : resnet152
Per-GPU / global bs  : 128 / 1024
Precision            : bf16
Steps measured       : 6012 in 594.9s
Mean step (s)        : 0.0989 (stdev 0.0001)
p50 / p95 / p99 (s)  : 0.0989 / 0.0991 / 0.0991
Images/sec per GPU   : 1293.6
Images/sec global    : 10348.8
Peak mem (GB)        : min=11.70 mean=11.70 max=11.70 spread=0.0%
Straggler ratio      : 1.000 (slowest/fastest rank)
GPU activity rank0   : min=4% mean=96% max=96% (545 samples)
Power rank0 (W)      : mean=425 max=492
SM clock rank0 (MHz) : mean=2375 max=2385
================================================================
[rank0] Wrote results/1node_8gpu_strong_resnet152_17465.json
