=== Job info ===
Job ID    : 18307
Node      : b0028
GPUs      : 1
name, driver_version, memory.total [MiB]
NVIDIA B200, 580.105.08, 183359 MiB
NVIDIA B200, 580.105.08, 183359 MiB
NVIDIA B200, 580.105.08, 183359 MiB
NVIDIA B200, 580.105.08, 183359 MiB
NVIDIA B200, 580.105.08, 183359 MiB
NVIDIA B200, 580.105.08, 183359 MiB
NVIDIA B200, 580.105.08, 183359 MiB
NVIDIA B200, 580.105.08, 183359 MiB
torch: 2.11.0+cu130
arch_list: ['sm_75', 'sm_80', 'sm_86', 'sm_90', 'sm_100', 'sm_120']
================
[rank 0] host=b0028 local_rank=0 world_size=1 device=NVIDIA B200
[rank0] scaling=strong per_gpu=2048 global=2048
NCCL version 2.28.9+cuda13.0
[rank0] Warmup: target 60.0s, min 20 steps
[rank0] Warmup done: 84 steps in 60.6s
[rank0] Benchmark: target 600.0s, min 50 steps
[rank0] Bench target: 872 steps (estimated 600s)

================================================================
RESULTS [1gpu_strong_resnet152_b0028_18307]
================================================================
Scaling mode         : strong
World size / nodes   : 1 / 1
Device               : NVIDIA B200
Compute capability   : [10, 0]
Model                : resnet152
Per-GPU / global bs  : 2048 / 2048
Precision            : bf16
Steps measured       : 872 in 601.6s
Mean step (s)        : 0.6899 (stdev 0.0011)
p50 / p95 / p99 (s)  : 0.6899 / 0.6919 / 0.6928
Images/sec per GPU   : 2968.4
Images/sec global    : 2968.4
Peak mem (GB)        : min=173.46 mean=173.46 max=173.46 spread=0.0%
Straggler ratio      : 1.000 (slowest/fastest rank)
GPU activity rank0   : min=15% mean=99% max=100% (540 samples)
Power rank0 (W)      : mean=807 max=868
SM clock rank0 (MHz) : mean=1900 max=1965
================================================================
[rank0] Wrote results/1gpu_strong_resnet152_b0028_18307.json
