=== Job info ===
Job ID    : 18302
Node      : b0023
GPUs      : 8
index, name, memory.total [MiB]
0, NVIDIA B200, 183359 MiB
1, NVIDIA B200, 183359 MiB
2, NVIDIA B200, 183359 MiB
3, NVIDIA B200, 183359 MiB
4, NVIDIA B200, 183359 MiB
5, NVIDIA B200, 183359 MiB
6, NVIDIA B200, 183359 MiB
7, NVIDIA B200, 183359 MiB
torch: 2.11.0+cu130
arch_list: ['sm_75', 'sm_80', 'sm_86', 'sm_90', 'sm_100', 'sm_120']
================
[rank 7] host=b0023 local_rank=7 world_size=8 device=NVIDIA B200
[rank 0] host=b0023 local_rank=0 world_size=8 device=NVIDIA B200
[rank0] scaling=weak per_gpu=128 global=1024
[rank 5] host=b0023 local_rank=5 world_size=8 device=NVIDIA B200
[rank 2] host=b0023 local_rank=2 world_size=8 device=NVIDIA B200
[rank 6] host=b0023 local_rank=6 world_size=8 device=NVIDIA B200
[rank 1] host=b0023 local_rank=1 world_size=8 device=NVIDIA B200
[rank 3] host=b0023 local_rank=3 world_size=8 device=NVIDIA B200
[rank 4] host=b0023 local_rank=4 world_size=8 device=NVIDIA B200
NCCL version 2.28.9+cuda13.0
[rank0] Warmup: target 60.0s, min 20 steps
[rank0] Warmup done: 973 steps in 59.8s
[rank0] Benchmark: target 600.0s, min 50 steps
[rank0] Bench target: 10074 steps (estimated 601s)

================================================================
RESULTS [1node_8gpu_weak_resnet152_18302]
================================================================
Scaling mode         : weak
World size / nodes   : 8 / 1
Device               : NVIDIA B200
Compute capability   : [10, 0]
Model                : resnet152
Per-GPU / global bs  : 128 / 1024
Precision            : bf16
Steps measured       : 10074 in 618.1s
Mean step (s)        : 0.0613 (stdev 0.0002)
p50 / p95 / p99 (s)  : 0.0613 / 0.0617 / 0.0622
Images/sec per GPU   : 2086.5
Images/sec global    : 16692.1
Peak mem (GB)        : min=11.69 mean=11.70 max=11.70 spread=0.0%
Straggler ratio      : 1.000 (slowest/fastest rank)
GPU activity rank0   : min=90% mean=93% max=96% (433 samples)
Power rank0 (W)      : mean=659 max=668
SM clock rank0 (MHz) : mean=1965 max=1965
================================================================
[rank0] Wrote results/1node_8gpu_weak_resnet152_18302.json
