=== Wed May 20 18:07:08 EDT 2026 mode=write nodes=8 npernode=96 ===
[b0001 r0] base=/work/mit/datasets/test/writebench.b0001.0.1972593.d79f1686
[b0005 r4] base=/work/mit/datasets/test/writebench.b0005.4.1676876.d4c54412
[b0004 r3] base=/work/mit/datasets/test/writebench.b0004.3.947928.93fed4d5
[b0006 r5] base=/work/mit/datasets/test/writebench.b0006.5.1333646.2f334dff
[b0003 r2] base=/work/mit/datasets/test/writebench.b0003.2.2534959.a310a4dd
[b0007 r6] base=/work/mit/datasets/test/writebench.b0007.6.500198.077b64a9
[b0008 r7] base=/work/mit/datasets/test/writebench.b0008.7.1335807.fb093408
[b0002 r1] base=/work/mit/datasets/test/writebench.b0002.1.2822498.210544e1
[b0003 r2] mode=raw size=102400 fpp=8 iter=0 bytes=78643200 t=0.96s 0.076 GB/s
[b0006 r5] mode=raw size=102400 fpp=8 iter=0 bytes=78643200 t=0.94s 0.078 GB/s
[b0004 r3] mode=raw size=102400 fpp=8 iter=0 bytes=78643200 t=0.95s 0.077 GB/s
[b0001 r0] mode=raw size=102400 fpp=8 iter=0 bytes=78643200 t=1.05s 0.070 GB/s
[b0005 r4] mode=raw size=102400 fpp=8 iter=0 bytes=78643200 t=1.02s 0.071 GB/s
[b0008 r7] mode=raw size=102400 fpp=8 iter=0 bytes=78643200 t=1.03s 0.071 GB/s
[b0007 r6] mode=raw size=102400 fpp=8 iter=0 bytes=78643200 t=1.00s 0.073 GB/s
[b0002 r1] mode=raw size=102400 fpp=8 iter=0 bytes=78643200 t=1.07s 0.068 GB/s
[b0003 r2] mode=raw size=102400 fpp=8 iter=1 bytes=78643200 t=0.92s 0.079 GB/s
[b0006 r5] mode=raw size=102400 fpp=8 iter=1 bytes=78643200 t=0.97s 0.076 GB/s
[b0004 r3] mode=raw size=102400 fpp=8 iter=1 bytes=78643200 t=0.94s 0.078 GB/s
[b0001 r0] mode=raw size=102400 fpp=8 iter=1 bytes=78643200 t=0.99s 0.074 GB/s
[b0005 r4] mode=raw size=102400 fpp=8 iter=1 bytes=78643200 t=0.98s 0.075 GB/s
[b0007 r6] mode=raw size=102400 fpp=8 iter=1 bytes=78643200 t=0.99s 0.074 GB/s
[b0002 r1] mode=raw size=102400 fpp=8 iter=1 bytes=78643200 t=0.99s 0.074 GB/s
[b0008 r7] mode=raw size=102400 fpp=8 iter=1 bytes=78643200 t=1.07s 0.069 GB/s
[b0003 r2] mode=raw size=102400 fpp=8 iter=2 bytes=78643200 t=0.93s 0.079 GB/s
[b0006 r5] mode=raw size=102400 fpp=8 iter=2 bytes=78643200 t=0.94s 0.078 GB/s
[b0004 r3] mode=raw size=102400 fpp=8 iter=2 bytes=78643200 t=0.96s 0.076 GB/s
[b0001 r0] mode=raw size=102400 fpp=8 iter=2 bytes=78643200 t=1.02s 0.072 GB/s
[b0005 r4] mode=raw size=102400 fpp=8 iter=2 bytes=78643200 t=1.02s 0.072 GB/s
[b0002 r1] mode=raw size=102400 fpp=8 iter=2 bytes=78643200 t=1.00s 0.073 GB/s
[b0008 r7] mode=raw size=102400 fpp=8 iter=2 bytes=78643200 t=1.01s 0.072 GB/s
[b0007 r6] mode=raw size=102400 fpp=8 iter=2 bytes=78643200 t=1.12s 0.066 GB/s
[b0003 r2] mode=torch_save size=102400 fpp=8 iter=0 bytes=79854336 t=0.92s 0.081 GB/s
[b0006 r5] mode=torch_save size=102400 fpp=8 iter=0 bytes=79854336 t=0.91s 0.081 GB/s
[b0004 r3] mode=torch_save size=102400 fpp=8 iter=0 bytes=79854336 t=0.93s 0.080 GB/s
[b0005 r4] mode=torch_save size=102400 fpp=8 iter=0 bytes=79854336 t=1.05s 0.071 GB/s
[b0001 r0] mode=torch_save size=102400 fpp=8 iter=0 bytes=79854336 t=1.19s 0.063 GB/s
[b0002 r1] mode=torch_save size=102400 fpp=8 iter=0 bytes=79854336 t=0.98s 0.076 GB/s
[b0008 r7] mode=torch_save size=102400 fpp=8 iter=0 bytes=79854336 t=1.01s 0.074 GB/s
[b0007 r6] mode=torch_save size=102400 fpp=8 iter=0 bytes=79854336 t=1.04s 0.071 GB/s
[b0003 r2] mode=torch_save size=102400 fpp=8 iter=1 bytes=79854336 t=1.00s 0.075 GB/s
[b0006 r5] mode=torch_save size=102400 fpp=8 iter=1 bytes=79854336 t=0.91s 0.081 GB/s
[b0004 r3] mode=torch_save size=102400 fpp=8 iter=1 bytes=79854336 t=0.94s 0.079 GB/s
[b0005 r4] mode=torch_save size=102400 fpp=8 iter=1 bytes=79854336 t=0.97s 0.076 GB/s
[b0001 r0] mode=torch_save size=102400 fpp=8 iter=1 bytes=79854336 t=0.99s 0.075 GB/s
[b0008 r7] mode=torch_save size=102400 fpp=8 iter=1 bytes=79854336 t=0.98s 0.076 GB/s
[b0002 r1] mode=torch_save size=102400 fpp=8 iter=1 bytes=79854336 t=1.06s 0.070 GB/s
[b0007 r6] mode=torch_save size=102400 fpp=8 iter=1 bytes=79854336 t=1.04s 0.072 GB/s
[b0003 r2] mode=torch_save size=102400 fpp=8 iter=2 bytes=79854336 t=0.90s 0.083 GB/s
[b0006 r5] mode=torch_save size=102400 fpp=8 iter=2 bytes=79854336 t=0.92s 0.081 GB/s
[b0004 r3] mode=torch_save size=102400 fpp=8 iter=2 bytes=79854336 t=0.93s 0.080 GB/s
[b0005 r4] mode=torch_save size=102400 fpp=8 iter=2 bytes=79854336 t=0.97s 0.077 GB/s
[b0001 r0] mode=torch_save size=102400 fpp=8 iter=2 bytes=79854336 t=1.00s 0.075 GB/s
[b0002 r1] mode=torch_save size=102400 fpp=8 iter=2 bytes=79854336 t=0.97s 0.077 GB/s
[b0008 r7] mode=torch_save size=102400 fpp=8 iter=2 bytes=79854336 t=0.99s 0.075 GB/s
[b0007 r6] mode=torch_save size=102400 fpp=8 iter=2 bytes=79854336 t=1.02s 0.073 GB/s
[b0003 r2] mode=dcp size=102400 fpp=8 iter=0 bytes=80564656 t=1.03s 0.073 GB/s
[b0006 r5] mode=dcp size=102400 fpp=8 iter=0 bytes=80564656 t=1.00s 0.075 GB/s
[b0004 r3] mode=dcp size=102400 fpp=8 iter=0 bytes=80563888 t=1.28s 0.059 GB/s
[b0005 r4] mode=dcp size=102400 fpp=8 iter=0 bytes=80564656 t=1.12s 0.067 GB/s
[b0001 r0] mode=dcp size=102400 fpp=8 iter=0 bytes=80564656 t=1.14s 0.066 GB/s
[b0008 r7] mode=dcp size=102400 fpp=8 iter=0 bytes=80564656 t=1.05s 0.071 GB/s
[b0002 r1] mode=dcp size=102400 fpp=8 iter=0 bytes=80564656 t=1.07s 0.070 GB/s
[b0007 r6] mode=dcp size=102400 fpp=8 iter=0 bytes=80563888 t=1.02s 0.074 GB/s
[b0003 r2] mode=dcp size=102400 fpp=8 iter=1 bytes=80564656 t=1.01s 0.075 GB/s
[b0006 r5] mode=dcp size=102400 fpp=8 iter=1 bytes=80564656 t=1.03s 0.073 GB/s
[b0004 r3] mode=dcp size=102400 fpp=8 iter=1 bytes=80563888 t=1.05s 0.071 GB/s
[b0005 r4] mode=dcp size=102400 fpp=8 iter=1 bytes=80564656 t=1.06s 0.071 GB/s
[b0001 r0] mode=dcp size=102400 fpp=8 iter=1 bytes=80564656 t=1.06s 0.071 GB/s
[b0008 r7] mode=dcp size=102400 fpp=8 iter=1 bytes=80564656 t=1.04s 0.072 GB/s
[b0002 r1] mode=dcp size=102400 fpp=8 iter=1 bytes=80564656 t=1.07s 0.070 GB/s
[b0007 r6] mode=dcp size=102400 fpp=8 iter=1 bytes=80563888 t=1.06s 0.071 GB/s
[b0003 r2] mode=dcp size=102400 fpp=8 iter=2 bytes=80564656 t=0.97s 0.077 GB/s
[b0006 r5] mode=dcp size=102400 fpp=8 iter=2 bytes=80564656 t=0.98s 0.077 GB/s
[b0004 r3] mode=dcp size=102400 fpp=8 iter=2 bytes=80563888 t=1.05s 0.071 GB/s
[b0005 r4] mode=dcp size=102400 fpp=8 iter=2 bytes=80564656 t=1.20s 0.063 GB/s
[b0008 r7] mode=dcp size=102400 fpp=8 iter=2 bytes=80564656 t=1.05s 0.072 GB/s
[b0001 r0] mode=dcp size=102400 fpp=8 iter=2 bytes=80564656 t=1.06s 0.071 GB/s
[b0002 r1] mode=dcp size=102400 fpp=8 iter=2 bytes=80564656 t=1.07s 0.070 GB/s
[b0007 r6] mode=dcp size=102400 fpp=8 iter=2 bytes=80563888 t=1.05s 0.071 GB/s
[b0003 r2] mode=raw size=1048576 fpp=8 iter=0 bytes=805306368 t=0.80s 0.934 GB/s
[b0006 r5] mode=raw size=1048576 fpp=8 iter=0 bytes=805306368 t=0.85s 0.878 GB/s
[b0004 r3] mode=raw size=1048576 fpp=8 iter=0 bytes=805306368 t=0.86s 0.877 GB/s
[b0003 r2] mode=raw size=1048576 fpp=8 iter=1 bytes=805306368 t=0.81s 0.924 GB/s
[b0005 r4] mode=raw size=1048576 fpp=8 iter=0 bytes=805306368 t=0.82s 0.913 GB/s
[b0001 r0] mode=raw size=1048576 fpp=8 iter=0 bytes=805306368 t=0.89s 0.846 GB/s
[b0008 r7] mode=raw size=1048576 fpp=8 iter=0 bytes=805306368 t=0.86s 0.875 GB/s
[b0006 r5] mode=raw size=1048576 fpp=8 iter=1 bytes=805306368 t=0.83s 0.900 GB/s
[b0002 r1] mode=raw size=1048576 fpp=8 iter=0 bytes=805306368 t=0.86s 0.874 GB/s
[b0007 r6] mode=raw size=1048576 fpp=8 iter=0 bytes=805306368 t=0.89s 0.845 GB/s
[b0004 r3] mode=raw size=1048576 fpp=8 iter=1 bytes=805306368 t=0.86s 0.873 GB/s
[b0003 r2] mode=raw size=1048576 fpp=8 iter=2 bytes=805306368 t=0.84s 0.893 GB/s
[b0005 r4] mode=raw size=1048576 fpp=8 iter=1 bytes=805306368 t=0.83s 0.904 GB/s
[b0006 r5] mode=raw size=1048576 fpp=8 iter=2 bytes=805306368 t=0.81s 0.929 GB/s
[b0008 r7] mode=raw size=1048576 fpp=8 iter=1 bytes=805306368 t=0.88s 0.848 GB/s
[b0001 r0] mode=raw size=1048576 fpp=8 iter=1 bytes=805306368 t=0.93s 0.808 GB/s
[b0002 r1] mode=raw size=1048576 fpp=8 iter=1 bytes=805306368 t=0.87s 0.865 GB/s
[b0007 r6] mode=raw size=1048576 fpp=8 iter=1 bytes=805306368 t=0.86s 0.869 GB/s
[b0004 r3] mode=raw size=1048576 fpp=8 iter=2 bytes=805306368 t=0.88s 0.850 GB/s
[b0005 r4] mode=raw size=1048576 fpp=8 iter=2 bytes=805306368 t=0.93s 0.809 GB/s
[b0008 r7] mode=raw size=1048576 fpp=8 iter=2 bytes=805306368 t=0.92s 0.815 GB/s
[b0001 r0] mode=raw size=1048576 fpp=8 iter=2 bytes=805306368 t=0.88s 0.850 GB/s
[b0002 r1] mode=raw size=1048576 fpp=8 iter=2 bytes=805306368 t=0.92s 0.818 GB/s
[b0007 r6] mode=raw size=1048576 fpp=8 iter=2 bytes=805306368 t=0.87s 0.865 GB/s
[b0003 r2] mode=torch_save size=1048576 fpp=8 iter=0 bytes=806517504 t=0.88s 0.850 GB/s
[b0006 r5] mode=torch_save size=1048576 fpp=8 iter=0 bytes=806517504 t=0.82s 0.914 GB/s
[b0003 r2] mode=torch_save size=1048576 fpp=8 iter=1 bytes=806517504 t=0.82s 0.918 GB/s
[b0004 r3] mode=torch_save size=1048576 fpp=8 iter=0 bytes=806517504 t=0.88s 0.852 GB/s
[b0006 r5] mode=torch_save size=1048576 fpp=8 iter=1 bytes=806517504 t=0.86s 0.869 GB/s
[b0005 r4] mode=torch_save size=1048576 fpp=8 iter=0 bytes=806517504 t=0.87s 0.865 GB/s
[b0001 r0] mode=torch_save size=1048576 fpp=8 iter=0 bytes=806517504 t=0.88s 0.857 GB/s
[b0008 r7] mode=torch_save size=1048576 fpp=8 iter=0 bytes=806517504 t=0.87s 0.861 GB/s
[b0002 r1] mode=torch_save size=1048576 fpp=8 iter=0 bytes=806517504 t=0.88s 0.853 GB/s
[b0007 r6] mode=torch_save size=1048576 fpp=8 iter=0 bytes=806517504 t=0.88s 0.851 GB/s
[b0003 r2] mode=torch_save size=1048576 fpp=8 iter=2 bytes=806517504 t=0.83s 0.906 GB/s
[b0004 r3] mode=torch_save size=1048576 fpp=8 iter=1 bytes=806517504 t=0.85s 0.883 GB/s
[b0006 r5] mode=torch_save size=1048576 fpp=8 iter=2 bytes=806517504 t=0.84s 0.894 GB/s
[b0005 r4] mode=torch_save size=1048576 fpp=8 iter=1 bytes=806517504 t=0.86s 0.869 GB/s
[b0001 r0] mode=torch_save size=1048576 fpp=8 iter=1 bytes=806517504 t=0.87s 0.862 GB/s
[b0008 r7] mode=torch_save size=1048576 fpp=8 iter=1 bytes=806517504 t=0.86s 0.870 GB/s
[b0002 r1] mode=torch_save size=1048576 fpp=8 iter=1 bytes=806517504 t=0.86s 0.871 GB/s
[b0007 r6] mode=torch_save size=1048576 fpp=8 iter=1 bytes=806517504 t=0.90s 0.837 GB/s
[b0004 r3] mode=torch_save size=1048576 fpp=8 iter=2 bytes=806517504 t=0.88s 0.858 GB/s
[b0005 r4] mode=torch_save size=1048576 fpp=8 iter=2 bytes=806517504 t=0.87s 0.866 GB/s
[b0001 r0] mode=torch_save size=1048576 fpp=8 iter=2 bytes=806517504 t=0.92s 0.816 GB/s
[b0008 r7] mode=torch_save size=1048576 fpp=8 iter=2 bytes=806517504 t=0.89s 0.848 GB/s
[b0002 r1] mode=torch_save size=1048576 fpp=8 iter=2 bytes=806517504 t=0.93s 0.812 GB/s
[b0007 r6] mode=torch_save size=1048576 fpp=8 iter=2 bytes=806517504 t=0.90s 0.834 GB/s
[b0003 r2] mode=dcp size=1048576 fpp=8 iter=0 bytes=807230896 t=1.09s 0.688 GB/s
[b0006 r5] mode=dcp size=1048576 fpp=8 iter=0 bytes=807230896 t=1.02s 0.740 GB/s
[b0004 r3] mode=dcp size=1048576 fpp=8 iter=0 bytes=807230128 t=1.02s 0.736 GB/s
[b0005 r4] mode=dcp size=1048576 fpp=8 iter=0 bytes=807230896 t=1.30s 0.578 GB/s
[b0001 r0] mode=dcp size=1048576 fpp=8 iter=0 bytes=807230896 t=1.13s 0.664 GB/s
[b0008 r7] mode=dcp size=1048576 fpp=8 iter=0 bytes=807230896 t=1.11s 0.680 GB/s
[b0007 r6] mode=dcp size=1048576 fpp=8 iter=0 bytes=807230128 t=1.09s 0.691 GB/s
[b0002 r1] mode=dcp size=1048576 fpp=8 iter=0 bytes=807230896 t=1.13s 0.667 GB/s
[b0003 r2] mode=dcp size=1048576 fpp=8 iter=1 bytes=807230896 t=1.07s 0.704 GB/s
[b0006 r5] mode=dcp size=1048576 fpp=8 iter=1 bytes=807230896 t=1.08s 0.694 GB/s
[b0004 r3] mode=dcp size=1048576 fpp=8 iter=1 bytes=807230128 t=1.07s 0.703 GB/s
[b0005 r4] mode=dcp size=1048576 fpp=8 iter=1 bytes=807230896 t=1.14s 0.658 GB/s
[b0001 r0] mode=dcp size=1048576 fpp=8 iter=1 bytes=807230896 t=1.09s 0.688 GB/s
[b0008 r7] mode=dcp size=1048576 fpp=8 iter=1 bytes=807230896 t=1.13s 0.663 GB/s
[b0007 r6] mode=dcp size=1048576 fpp=8 iter=1 bytes=807230128 t=1.09s 0.691 GB/s
[b0002 r1] mode=dcp size=1048576 fpp=8 iter=1 bytes=807230896 t=1.13s 0.664 GB/s
[b0003 r2] mode=dcp size=1048576 fpp=8 iter=2 bytes=807230896 t=1.07s 0.703 GB/s
[b0006 r5] mode=dcp size=1048576 fpp=8 iter=2 bytes=807230896 t=1.11s 0.676 GB/s
[b0004 r3] mode=dcp size=1048576 fpp=8 iter=2 bytes=807230128 t=1.05s 0.719 GB/s
[b0005 r4] mode=dcp size=1048576 fpp=8 iter=2 bytes=807230896 t=1.08s 0.695 GB/s
[b0001 r0] mode=dcp size=1048576 fpp=8 iter=2 bytes=807230896 t=1.64s 0.460 GB/s
[b0008 r7] mode=dcp size=1048576 fpp=8 iter=2 bytes=807230896 t=1.34s 0.560 GB/s
[b0007 r6] mode=dcp size=1048576 fpp=8 iter=2 bytes=807230128 t=1.40s 0.537 GB/s
[b0002 r1] mode=dcp size=1048576 fpp=8 iter=2 bytes=807230896 t=1.60s 0.471 GB/s
[b0003 r2] mode=raw size=10485760 fpp=8 iter=0 bytes=8053063680 t=1.29s 5.797 GB/s
[b0006 r5] mode=raw size=10485760 fpp=8 iter=0 bytes=8053063680 t=1.18s 6.383 GB/s
[b0003 r2] mode=raw size=10485760 fpp=8 iter=1 bytes=8053063680 t=1.39s 5.401 GB/s
[b0004 r3] mode=raw size=10485760 fpp=8 iter=0 bytes=8053063680 t=1.30s 5.758 GB/s
[b0006 r5] mode=raw size=10485760 fpp=8 iter=1 bytes=8053063680 t=1.15s 6.522 GB/s
[b0005 r4] mode=raw size=10485760 fpp=8 iter=0 bytes=8053063680 t=1.17s 6.435 GB/s
[b0008 r7] mode=raw size=10485760 fpp=8 iter=0 bytes=8053063680 t=1.30s 5.757 GB/s
[b0003 r2] mode=raw size=10485760 fpp=8 iter=2 bytes=8053063680 t=1.37s 5.477 GB/s
[b0001 r0] mode=raw size=10485760 fpp=8 iter=0 bytes=8053063680 t=1.36s 5.510 GB/s
[b0007 r6] mode=raw size=10485760 fpp=8 iter=0 bytes=8053063680 t=1.50s 5.000 GB/s
[b0004 r3] mode=raw size=10485760 fpp=8 iter=1 bytes=8053063680 t=1.43s 5.238 GB/s
[b0006 r5] mode=raw size=10485760 fpp=8 iter=2 bytes=8053063680 t=1.20s 6.247 GB/s
[b0002 r1] mode=raw size=10485760 fpp=8 iter=0 bytes=8053063680 t=1.15s 6.508 GB/s
[b0005 r4] mode=raw size=10485760 fpp=8 iter=1 bytes=8053063680 t=1.06s 7.084 GB/s
[b0001 r0] mode=raw size=10485760 fpp=8 iter=1 bytes=8053063680 t=1.24s 6.041 GB/s
[b0008 r7] mode=raw size=10485760 fpp=8 iter=1 bytes=8053063680 t=1.33s 5.656 GB/s
[b0004 r3] mode=raw size=10485760 fpp=8 iter=2 bytes=8053063680 t=1.28s 5.876 GB/s
[b0007 r6] mode=raw size=10485760 fpp=8 iter=1 bytes=8053063680 t=1.37s 5.476 GB/s
[b0002 r1] mode=raw size=10485760 fpp=8 iter=1 bytes=8053063680 t=1.34s 5.579 GB/s
[b0005 r4] mode=raw size=10485760 fpp=8 iter=2 bytes=8053063680 t=1.14s 6.559 GB/s
[b0003 r2] mode=torch_save size=10485760 fpp=8 iter=0 bytes=8054274816 t=1.15s 6.512 GB/s
[b0001 r0] mode=raw size=10485760 fpp=8 iter=2 bytes=8053063680 t=1.19s 6.303 GB/s
[b0008 r7] mode=raw size=10485760 fpp=8 iter=2 bytes=8053063680 t=1.23s 6.115 GB/s
[b0006 r5] mode=torch_save size=10485760 fpp=8 iter=0 bytes=8054274816 t=1.23s 6.093 GB/s
[b0007 r6] mode=raw size=10485760 fpp=8 iter=2 bytes=8053063680 t=1.29s 5.809 GB/s
[b0002 r1] mode=raw size=10485760 fpp=8 iter=2 bytes=8053063680 t=1.33s 5.643 GB/s
[b0003 r2] mode=torch_save size=10485760 fpp=8 iter=1 bytes=8054274816 t=1.13s 6.662 GB/s
[b0006 r5] mode=torch_save size=10485760 fpp=8 iter=1 bytes=8054274816 t=1.19s 6.289 GB/s
[b0004 r3] mode=torch_save size=10485760 fpp=8 iter=0 bytes=8054274816 t=1.26s 5.935 GB/s
[b0005 r4] mode=torch_save size=10485760 fpp=8 iter=0 bytes=8054274816 t=1.15s 6.524 GB/s
[b0003 r2] mode=torch_save size=10485760 fpp=8 iter=2 bytes=8054274816 t=1.20s 6.227 GB/s
[b0001 r0] mode=torch_save size=10485760 fpp=8 iter=0 bytes=8054274816 t=1.25s 6.017 GB/s
[b0006 r5] mode=torch_save size=10485760 fpp=8 iter=2 bytes=8054274816 t=1.17s 6.425 GB/s
[b0004 r3] mode=torch_save size=10485760 fpp=8 iter=1 bytes=8054274816 t=1.19s 6.284 GB/s
[b0008 r7] mode=torch_save size=10485760 fpp=8 iter=0 bytes=8054274816 t=1.15s 6.502 GB/s
[b0007 r6] mode=torch_save size=10485760 fpp=8 iter=0 bytes=8054274816 t=1.08s 6.929 GB/s
[b0005 r4] mode=torch_save size=10485760 fpp=8 iter=1 bytes=8054274816 t=1.23s 6.102 GB/s
[b0002 r1] mode=torch_save size=10485760 fpp=8 iter=0 bytes=8054274816 t=1.35s 5.544 GB/s
[b0001 r0] mode=torch_save size=10485760 fpp=8 iter=1 bytes=8054274816 t=1.24s 6.041 GB/s
[b0004 r3] mode=torch_save size=10485760 fpp=8 iter=2 bytes=8054274816 t=1.37s 5.489 GB/s
[b0008 r7] mode=torch_save size=10485760 fpp=8 iter=1 bytes=8054274816 t=1.21s 6.204 GB/s
[b0007 r6] mode=torch_save size=10485760 fpp=8 iter=1 bytes=8054274816 t=1.13s 6.645 GB/s
[b0005 r4] mode=torch_save size=10485760 fpp=8 iter=2 bytes=8054274816 t=1.12s 6.703 GB/s
[b0002 r1] mode=torch_save size=10485760 fpp=8 iter=1 bytes=8054274816 t=1.16s 6.440 GB/s
[b0001 r0] mode=torch_save size=10485760 fpp=8 iter=2 bytes=8054274816 t=1.25s 5.986 GB/s
[b0008 r7] mode=torch_save size=10485760 fpp=8 iter=2 bytes=8054274816 t=1.17s 6.435 GB/s
[b0007 r6] mode=torch_save size=10485760 fpp=8 iter=2 bytes=8054274816 t=1.14s 6.563 GB/s
[b0002 r1] mode=torch_save size=10485760 fpp=8 iter=2 bytes=8054274816 t=1.13s 6.611 GB/s
[b0003 r2] mode=dcp size=10485760 fpp=8 iter=0 bytes=8054988208 t=1.49s 5.020 GB/s
[b0006 r5] mode=dcp size=10485760 fpp=8 iter=0 bytes=8054988208 t=1.42s 5.272 GB/s
[b0004 r3] mode=dcp size=10485760 fpp=8 iter=0 bytes=8054987440 t=1.37s 5.493 GB/s
[b0005 r4] mode=dcp size=10485760 fpp=8 iter=0 bytes=8054988208 t=1.65s 4.544 GB/s
[b0001 r0] mode=dcp size=10485760 fpp=8 iter=0 bytes=8054988208 t=1.72s 4.349 GB/s
[b0003 r2] mode=dcp size=10485760 fpp=8 iter=1 bytes=8054988208 t=1.73s 4.343 GB/s
[b0008 r7] mode=dcp size=10485760 fpp=8 iter=0 bytes=8054988208 t=1.62s 4.633 GB/s
[b0007 r6] mode=dcp size=10485760 fpp=8 iter=0 bytes=8054987440 t=1.66s 4.507 GB/s
[b0006 r5] mode=dcp size=10485760 fpp=8 iter=1 bytes=8054988208 t=1.54s 4.873 GB/s
[b0002 r1] mode=dcp size=10485760 fpp=8 iter=0 bytes=8054988208 t=1.46s 5.144 GB/s
[b0004 r3] mode=dcp size=10485760 fpp=8 iter=1 bytes=8054987440 t=1.40s 5.365 GB/s
[b0005 r4] mode=dcp size=10485760 fpp=8 iter=1 bytes=8054988208 t=1.63s 4.594 GB/s
[b0001 r0] mode=dcp size=10485760 fpp=8 iter=1 bytes=8054988208 t=1.82s 4.120 GB/s
[b0003 r2] mode=dcp size=10485760 fpp=8 iter=2 bytes=8054988208 t=1.69s 4.429 GB/s
[b0008 r7] mode=dcp size=10485760 fpp=8 iter=1 bytes=8054988208 t=1.58s 4.738 GB/s
[b0006 r5] mode=dcp size=10485760 fpp=8 iter=2 bytes=8054988208 t=1.53s 4.891 GB/s
[b0007 r6] mode=dcp size=10485760 fpp=8 iter=1 bytes=8054987440 t=1.97s 3.813 GB/s
[b0002 r1] mode=dcp size=10485760 fpp=8 iter=1 bytes=8054988208 t=1.35s 5.551 GB/s
[b0004 r3] mode=dcp size=10485760 fpp=8 iter=2 bytes=8054987440 t=1.36s 5.533 GB/s
[b0005 r4] mode=dcp size=10485760 fpp=8 iter=2 bytes=8054988208 t=2.40s 3.120 GB/s
[b0001 r0] mode=dcp size=10485760 fpp=8 iter=2 bytes=8054988208 t=2.38s 3.150 GB/s
[b0008 r7] mode=dcp size=10485760 fpp=8 iter=2 bytes=8054988208 t=2.46s 3.044 GB/s
[b0007 r6] mode=dcp size=10485760 fpp=8 iter=2 bytes=8054987440 t=3.46s 2.166 GB/s
[b0002 r1] mode=dcp size=10485760 fpp=8 iter=2 bytes=8054988208 t=1.61s 4.658 GB/s
[b0003 r2] mode=raw size=104857600 fpp=8 iter=0 bytes=80530636800 t=4.94s 15.183 GB/s
[b0006 r5] mode=raw size=104857600 fpp=8 iter=0 bytes=80530636800 t=4.15s 18.053 GB/s
[b0003 r2] mode=raw size=104857600 fpp=8 iter=1 bytes=80530636800 t=8.23s 9.113 GB/s
[b0004 r3] mode=raw size=104857600 fpp=8 iter=0 bytes=80530636800 t=8.38s 8.955 GB/s
[b0006 r5] mode=raw size=104857600 fpp=8 iter=1 bytes=80530636800 t=9.60s 7.814 GB/s
[b0005 r4] mode=raw size=104857600 fpp=8 iter=0 bytes=80530636800 t=7.16s 10.479 GB/s
[b0001 r0] mode=raw size=104857600 fpp=8 iter=0 bytes=80530636800 t=8.86s 8.462 GB/s
[b0008 r7] mode=raw size=104857600 fpp=8 iter=0 bytes=80530636800 t=8.09s 9.271 GB/s
[b0003 r2] mode=raw size=104857600 fpp=8 iter=2 bytes=80530636800 t=9.11s 8.237 GB/s
[b0004 r3] mode=raw size=104857600 fpp=8 iter=1 bytes=80530636800 t=8.15s 9.207 GB/s
[b0007 r6] mode=raw size=104857600 fpp=8 iter=0 bytes=80530636800 t=8.24s 9.105 GB/s
[b0006 r5] mode=raw size=104857600 fpp=8 iter=2 bytes=80530636800 t=6.73s 11.148 GB/s
[b0002 r1] mode=raw size=104857600 fpp=8 iter=0 bytes=80530636800 t=7.44s 10.080 GB/s
[b0005 r4] mode=raw size=104857600 fpp=8 iter=1 bytes=80530636800 t=7.74s 9.694 GB/s
[b0001 r0] mode=raw size=104857600 fpp=8 iter=1 bytes=80530636800 t=8.37s 8.963 GB/s
[b0008 r7] mode=raw size=104857600 fpp=8 iter=1 bytes=80530636800 t=8.25s 9.092 GB/s
[b0004 r3] mode=raw size=104857600 fpp=8 iter=2 bytes=80530636800 t=6.72s 11.168 GB/s
[b0007 r6] mode=raw size=104857600 fpp=8 iter=1 bytes=80530636800 t=6.93s 10.821 GB/s
[b0008 r7] mode=raw size=104857600 fpp=8 iter=2 bytes=80530636800 t=8.99s 8.338 GB/s
[b0005 r4] mode=raw size=104857600 fpp=8 iter=2 bytes=80530636800 t=9.94s 7.544 GB/s
[b0002 r1] mode=raw size=104857600 fpp=8 iter=1 bytes=80530636800 t=10.20s 7.355 GB/s
[b0001 r0] mode=raw size=104857600 fpp=8 iter=2 bytes=80530636800 t=10.12s 7.414 GB/s
[b0003 r2] mode=torch_save size=104857600 fpp=8 iter=0 bytes=80531847936 t=9.20s 8.156 GB/s
[b0007 r6] mode=raw size=104857600 fpp=8 iter=2 bytes=80530636800 t=10.57s 7.092 GB/s
[b0006 r5] mode=torch_save size=104857600 fpp=8 iter=0 bytes=80531847936 t=10.83s 6.924 GB/s
[b0002 r1] mode=raw size=104857600 fpp=8 iter=2 bytes=80530636800 t=10.10s 7.429 GB/s
[b0004 r3] mode=torch_save size=104857600 fpp=8 iter=0 bytes=80531847936 t=8.35s 8.986 GB/s
[b0003 r2] mode=torch_save size=104857600 fpp=8 iter=1 bytes=80531847936 t=9.30s 8.063 GB/s
[b0008 r7] mode=torch_save size=104857600 fpp=8 iter=0 bytes=80531847936 t=13.62s 5.508 GB/s
[b0005 r4] mode=torch_save size=104857600 fpp=8 iter=0 bytes=80531847936 t=12.99s 5.774 GB/s
[b0004 r3] mode=torch_save size=104857600 fpp=8 iter=1 bytes=80531847936 t=11.57s 6.481 GB/s
[b0001 r0] mode=torch_save size=104857600 fpp=8 iter=0 bytes=80531847936 t=11.45s 6.553 GB/s
[b0006 r5] mode=torch_save size=104857600 fpp=8 iter=1 bytes=80531847936 t=14.27s 5.257 GB/s
[b0003 r2] mode=torch_save size=104857600 fpp=8 iter=2 bytes=80531847936 t=9.01s 8.326 GB/s
[b0008 r7] mode=torch_save size=104857600 fpp=8 iter=1 bytes=80531847936 t=10.29s 7.287 GB/s
[b0002 r1] mode=torch_save size=104857600 fpp=8 iter=0 bytes=80531847936 t=11.46s 6.545 GB/s
[b0001 r0] mode=torch_save size=104857600 fpp=8 iter=1 bytes=80531847936 t=11.51s 6.517 GB/s
[b0004 r3] mode=torch_save size=104857600 fpp=8 iter=2 bytes=80531847936 t=12.76s 5.880 GB/s
[b0007 r6] mode=torch_save size=104857600 fpp=8 iter=0 bytes=80531847936 t=12.85s 5.835 GB/s
[b0005 r4] mode=torch_save size=104857600 fpp=8 iter=1 bytes=80531847936 t=13.17s 5.694 GB/s
[b0006 r5] mode=torch_save size=104857600 fpp=8 iter=2 bytes=80531847936 t=11.00s 6.816 GB/s
[b0008 r7] mode=torch_save size=104857600 fpp=8 iter=2 bytes=80531847936 t=8.29s 9.044 GB/s
[b0002 r1] mode=torch_save size=104857600 fpp=8 iter=1 bytes=80531847936 t=8.41s 8.913 GB/s
[b0001 r0] mode=torch_save size=104857600 fpp=8 iter=2 bytes=80531847936 t=9.17s 8.183 GB/s
[b0007 r6] mode=torch_save size=104857600 fpp=8 iter=1 bytes=80531847936 t=9.14s 8.209 GB/s
[b0005 r4] mode=torch_save size=104857600 fpp=8 iter=2 bytes=80531847936 t=9.35s 8.018 GB/s
[b0002 r1] mode=torch_save size=104857600 fpp=8 iter=2 bytes=80531847936 t=6.97s 10.768 GB/s
[b0007 r6] mode=torch_save size=104857600 fpp=8 iter=2 bytes=80531847936 t=6.99s 10.733 GB/s
[b0003 r2] mode=dcp size=104857600 fpp=8 iter=0 bytes=80532561328 t=4.77s 15.712 GB/s
[b0006 r5] mode=dcp size=104857600 fpp=8 iter=0 bytes=80532561328 t=4.65s 16.118 GB/s
[b0004 r3] mode=dcp size=104857600 fpp=8 iter=0 bytes=80532560560 t=4.83s 15.528 GB/s
[b0008 r7] mode=dcp size=104857600 fpp=8 iter=0 bytes=80532561328 t=4.81s 15.591 GB/s
[b0001 r0] mode=dcp size=104857600 fpp=8 iter=0 bytes=80532561328 t=5.63s 13.313 GB/s
[b0005 r4] mode=dcp size=104857600 fpp=8 iter=0 bytes=80532561328 t=4.89s 15.351 GB/s
[b0003 r2] mode=dcp size=104857600 fpp=8 iter=1 bytes=80532561328 t=4.46s 16.805 GB/s
[b0007 r6] mode=dcp size=104857600 fpp=8 iter=0 bytes=80532560560 t=4.45s 16.852 GB/s
[b0002 r1] mode=dcp size=104857600 fpp=8 iter=0 bytes=80532561328 t=4.83s 15.533 GB/s
[b0006 r5] mode=dcp size=104857600 fpp=8 iter=1 bytes=80532561328 t=4.49s 16.704 GB/s
[b0008 r7] mode=dcp size=104857600 fpp=8 iter=1 bytes=80532561328 t=4.97s 15.105 GB/s
[b0004 r3] mode=dcp size=104857600 fpp=8 iter=1 bytes=80532560560 t=5.18s 14.492 GB/s
[b0001 r0] mode=dcp size=104857600 fpp=8 iter=1 bytes=80532561328 t=5.07s 14.782 GB/s
[b0005 r4] mode=dcp size=104857600 fpp=8 iter=1 bytes=80532561328 t=4.79s 15.674 GB/s
[b0003 r2] mode=dcp size=104857600 fpp=8 iter=2 bytes=80532561328 t=4.44s 16.880 GB/s
[b0007 r6] mode=dcp size=104857600 fpp=8 iter=1 bytes=80532560560 t=4.03s 18.596 GB/s
[b0002 r1] mode=dcp size=104857600 fpp=8 iter=1 bytes=80532561328 t=4.21s 17.810 GB/s
[b0006 r5] mode=dcp size=104857600 fpp=8 iter=2 bytes=80532561328 t=4.65s 16.121 GB/s
[b0008 r7] mode=dcp size=104857600 fpp=8 iter=2 bytes=80532561328 t=4.51s 16.625 GB/s
[b0004 r3] mode=dcp size=104857600 fpp=8 iter=2 bytes=80532560560 t=5.09s 14.727 GB/s
[b0001 r0] mode=dcp size=104857600 fpp=8 iter=2 bytes=80532561328 t=4.60s 16.299 GB/s
[b0005 r4] mode=dcp size=104857600 fpp=8 iter=2 bytes=80532561328 t=4.39s 17.068 GB/s
[b0007 r6] mode=dcp size=104857600 fpp=8 iter=2 bytes=80532560560 t=3.93s 19.067 GB/s
[b0002 r1] mode=dcp size=104857600 fpp=8 iter=2 bytes=80532561328 t=4.51s 16.621 GB/s
Done. Results: results/8node_96cpu_b200-batch_26095/all.csv
