===== lfscratch Disk Benchmark =====
Job:     lfscratch_benchmark (26193)
Host:    b0022
Started: 2026-05-21T09:34:21

--- RAID Health ---
mdadm: must be super-user to perform this action

--- Disk Layout ---
nvme0n1       3.5T disk  
└─md0        27.9T raid0 /lfscratch
nvme1n1       3.5T disk  
└─md0        27.9T raid0 /lfscratch
nvme4n1       3.5T disk  
└─md0        27.9T raid0 /lfscratch
nvme5n1       3.5T disk  
└─md0        27.9T raid0 /lfscratch
nvme3n1       3.5T disk  
└─md0        27.9T raid0 /lfscratch
nvme7n1       3.5T disk  
└─md0        27.9T raid0 /lfscratch
nvme6n1     894.2G disk  
├─nvme6n1p1   200M part  
└─nvme6n1p2     2G part  
nvme8n1       3.5T disk  
└─md0        27.9T raid0 /lfscratch
nvme2n1       3.5T disk  
└─md0        27.9T raid0 /lfscratch

--- /lfscratch Usage ---
Filesystem      Size  Used Avail Use% Mounted on
/dev/md0         28T  200G   28T   1% /lfscratch

--- Sequential Write (1M blocks, QD=8, 30s) ---
seq_write: (g=0): rw=write, bs=(R) 1024KiB-1024KiB, (W) 1024KiB-1024KiB, (T) 1024KiB-1024KiB, ioengine=libaio, iodepth=8
fio-3.35
Starting 1 process
seq_write: Laying out IO file (1 file / 32768MiB)

seq_write: (groupid=0, jobs=1): err= 0: pid=558002: Thu May 21 13:34:52 2026
  write: IOPS=30.5k, BW=29.8GiB/s (32.0GB/s)(895GiB/30001msec); 0 zone resets
    slat (usec): min=3, max=214, avg= 6.70, stdev= 3.54
    clat (usec): min=86, max=7088, avg=255.02, stdev=286.14
     lat (usec): min=95, max=7095, avg=261.72, stdev=286.28
    clat percentiles (usec):
     |  1.00th=[   92],  5.00th=[   93], 10.00th=[   93], 20.00th=[   93],
     | 30.00th=[   93], 40.00th=[   94], 50.00th=[   95], 60.00th=[   95],
     | 70.00th=[   99], 80.00th=[  709], 90.00th=[  742], 95.00th=[  750],
     | 99.00th=[  783], 99.50th=[  799], 99.90th=[  816], 99.95th=[ 1549],
     | 99.99th=[ 4293]
   bw (  MiB/s): min=29732, max=30816, per=100.00%, avg=30550.47, stdev=342.64, samples=59
   iops        : min=29732, max=30816, avg=30550.47, stdev=342.64, samples=59
  lat (usec)   : 100=70.37%, 250=4.63%, 500=0.01%, 750=21.25%, 1000=3.68%
  lat (msec)   : 2=0.03%, 4=0.02%, 10=0.02%
  cpu          : usr=10.19%, sys=11.93%, ctx=909642, majf=0, minf=11
  IO depths    : 1=0.1%, 2=0.1%, 4=0.1%, 8=100.0%, 16=0.0%, 32=0.0%, >=64=0.0%
     submit    : 0=0.0%, 4=100.0%, 8=0.0%, 16=0.0%, 32=0.0%, 64=0.0%, >=64=0.0%
     complete  : 0=0.0%, 4=100.0%, 8=0.1%, 16=0.0%, 32=0.0%, 64=0.0%, >=64=0.0%
     issued rwts: total=0,916332,0,0 short=0,0,0,0 dropped=0,0,0,0
     latency   : target=0, window=0, percentile=100.00%, depth=8

Run status group 0 (all jobs):
  WRITE: bw=29.8GiB/s (32.0GB/s), 29.8GiB/s-29.8GiB/s (32.0GB/s-32.0GB/s), io=895GiB (961GB), run=30001-30001msec

Disk stats (read/write):
    md0: ios=0/1825994, merge=0/0, ticks=0/315173, in_queue=315173, util=99.68%, aggrios=0/229083, aggrmerge=0/0, aggrticks=0/39754, aggrin_queue=39754, aggrutil=99.49%
  nvme0n1: ios=0/229084, merge=0/0, ticks=0/21214, in_queue=21213, util=69.73%
  nvme3n1: ios=0/229083, merge=0/0, ticks=0/21368, in_queue=21369, util=70.06%
  nvme2n1: ios=0/229083, merge=0/0, ticks=0/168788, in_queue=168788, util=99.49%
  nvme5n1: ios=0/229083, merge=0/0, ticks=0/21379, in_queue=21380, util=70.02%
  nvme8n1: ios=0/229083, merge=0/0, ticks=0/21388, in_queue=21388, util=70.11%
  nvme1n1: ios=0/229083, merge=0/4, ticks=0/21248, in_queue=21247, util=69.71%
  nvme4n1: ios=0/229083, merge=0/0, ticks=0/21366, in_queue=21366, util=70.10%
  nvme7n1: ios=0/229083, merge=0/0, ticks=0/21281, in_queue=21281, util=69.62%

--- Sequential Read (1M blocks, QD=8, 30s) ---
seq_read: (g=0): rw=read, bs=(R) 1024KiB-1024KiB, (W) 1024KiB-1024KiB, (T) 1024KiB-1024KiB, ioengine=libaio, iodepth=8
fio-3.35
Starting 1 process

seq_read: (groupid=0, jobs=1): err= 0: pid=558187: Thu May 21 13:35:22 2026
  read: IOPS=15.8k, BW=15.4GiB/s (16.6GB/s)(463GiB/30001msec)
    slat (nsec): min=1552, max=347501, avg=4699.65, stdev=4203.91
    clat (usec): min=87, max=6001, avg=501.01, stdev=332.09
     lat (usec): min=89, max=6005, avg=505.71, stdev=332.10
    clat percentiles (usec):
     |  1.00th=[   93],  5.00th=[  103], 10.00th=[  106], 20.00th=[  147],
     | 30.00th=[  388], 40.00th=[  429], 50.00th=[  486], 60.00th=[  510],
     | 70.00th=[  523], 80.00th=[  619], 90.00th=[ 1037], 95.00th=[ 1254],
     | 99.00th=[ 1467], 99.50th=[ 1516], 99.90th=[ 1631], 99.95th=[ 1680],
     | 99.99th=[ 1745]
   bw (  MiB/s): min=13974, max=18418, per=100.00%, avg=15818.00, stdev=781.08, samples=59
   iops        : min=13974, max=18418, avg=15818.00, stdev=781.08, samples=59
  lat (usec)   : 100=3.95%, 250=20.69%, 500=28.69%, 750=30.05%, 1000=5.69%
  lat (msec)   : 2=10.93%, 10=0.01%
  cpu          : usr=0.32%, sys=7.48%, ctx=425177, majf=0, minf=526
  IO depths    : 1=0.1%, 2=0.1%, 4=0.1%, 8=100.0%, 16=0.0%, 32=0.0%, >=64=0.0%
     submit    : 0=0.0%, 4=100.0%, 8=0.0%, 16=0.0%, 32=0.0%, 64=0.0%, >=64=0.0%
     complete  : 0=0.0%, 4=100.0%, 8=0.1%, 16=0.0%, 32=0.0%, 64=0.0%, >=64=0.0%
     issued rwts: total=474410,0,0,0 short=0,0,0,0 dropped=0,0,0,0
     latency   : target=0, window=0, percentile=100.00%, depth=8

Run status group 0 (all jobs):
   READ: bw=15.4GiB/s (16.6GB/s), 15.4GiB/s-15.4GiB/s (16.6GB/s-16.6GB/s), io=463GiB (497GB), run=30001-30001msec

Disk stats (read/write):
    md0: ios=945477/9, merge=0/0, ticks=334768/0, in_queue=334768, util=99.69%, aggrios=118602/0, aggrmerge=0/0, aggrticks=42056/0, aggrin_queue=42057, aggrutil=96.44%
  nvme0n1: ios=118602/3, merge=0/5, ticks=28946/1, in_queue=28948, util=59.50%
  nvme3n1: ios=118603/0, merge=0/0, ticks=36469/0, in_queue=36469, util=66.99%
  nvme2n1: ios=118602/0, merge=0/0, ticks=19888/0, in_queue=19888, util=60.13%
  nvme5n1: ios=118603/0, merge=0/0, ticks=48987/0, in_queue=48987, util=78.77%
  nvme8n1: ios=118602/0, merge=0/0, ticks=67371/0, in_queue=67371, util=96.44%
  nvme1n1: ios=118602/1, merge=0/0, ticks=66608/0, in_queue=66608, util=96.21%
  nvme4n1: ios=118603/0, merge=0/0, ticks=44334/0, in_queue=44334, util=74.63%
  nvme7n1: ios=118603/0, merge=0/0, ticks=23851/0, in_queue=23852, util=54.78%

--- Random 4K Read (QD=32, 30s) ---
rand_read: (g=0): rw=randread, bs=(R) 4096B-4096B, (W) 4096B-4096B, (T) 4096B-4096B, ioengine=libaio, iodepth=32
fio-3.35
Starting 1 process

rand_read: (groupid=0, jobs=1): err= 0: pid=558379: Thu May 21 13:35:52 2026
  read: IOPS=469k, BW=1831MiB/s (1920MB/s)(53.7GiB/30001msec)
    slat (nsec): min=710, max=74172, avg=1249.57, stdev=720.64
    clat (usec): min=7, max=1348, avg=66.79, stdev= 8.02
     lat (usec): min=8, max=1349, avg=68.04, stdev= 8.00
    clat percentiles (usec):
     |  1.00th=[   58],  5.00th=[   59], 10.00th=[   59], 20.00th=[   61],
     | 30.00th=[   62], 40.00th=[   64], 50.00th=[   66], 60.00th=[   69],
     | 70.00th=[   71], 80.00th=[   74], 90.00th=[   77], 95.00th=[   79],
     | 99.00th=[   88], 99.50th=[   99], 99.90th=[  118], 99.95th=[  125],
     | 99.99th=[  169]
   bw (  MiB/s): min= 1781, max= 1837, per=100.00%, avg=1831.76, stdev= 7.20, samples=59
   iops        : min=456172, max=470340, avg=468931.53, stdev=1843.22, samples=59
  lat (usec)   : 10=0.01%, 20=0.01%, 50=0.01%, 100=99.53%, 250=0.46%
  lat (usec)   : 500=0.01%, 750=0.01%, 1000=0.01%
  lat (msec)   : 2=0.01%
  cpu          : usr=13.30%, sys=46.78%, ctx=1496028, majf=0, minf=41
  IO depths    : 1=0.1%, 2=0.1%, 4=0.1%, 8=0.1%, 16=0.1%, 32=100.0%, >=64=0.0%
     submit    : 0=0.0%, 4=100.0%, 8=0.0%, 16=0.0%, 32=0.0%, 64=0.0%, >=64=0.0%
     complete  : 0=0.0%, 4=100.0%, 8=0.0%, 16=0.0%, 32=0.1%, 64=0.0%, >=64=0.0%
     issued rwts: total=14064564,0,0,0 short=0,0,0,0 dropped=0,0,0,0
     latency   : target=0, window=0, percentile=100.00%, depth=32

Run status group 0 (all jobs):
   READ: bw=1831MiB/s (1920MB/s), 1831MiB/s-1831MiB/s (1920MB/s-1920MB/s), io=53.7GiB (57.6GB), run=30001-30001msec

Disk stats (read/write):
    md0: ios=14014616/1, merge=0/0, ticks=867498/0, in_queue=867498, util=99.69%, aggrios=1758070/0, aggrmerge=0/0, aggrticks=109195/0, aggrin_queue=109195, aggrutil=97.47%
  nvme0n1: ios=1757137/0, merge=0/0, ticks=109008/0, in_queue=109008, util=97.35%
  nvme3n1: ios=1757969/0, merge=0/0, ticks=109594/0, in_queue=109594, util=97.36%
  nvme2n1: ios=1758450/0, merge=0/0, ticks=107995/0, in_queue=107996, util=97.16%
  nvme5n1: ios=1758367/0, merge=0/0, ticks=109630/0, in_queue=109630, util=97.47%
  nvme8n1: ios=1759586/0, merge=0/0, ticks=109751/0, in_queue=109751, util=97.39%
  nvme1n1: ios=1756306/1, merge=0/0, ticks=108862/0, in_queue=108863, util=97.25%
  nvme4n1: ios=1758084/0, merge=0/0, ticks=109694/0, in_queue=109694, util=97.42%
  nvme7n1: ios=1758665/0, merge=0/0, ticks=109032/0, in_queue=109031, util=97.34%

--- Random 4K Write (QD=32, 30s) ---
rand_write: (g=0): rw=randwrite, bs=(R) 4096B-4096B, (W) 4096B-4096B, (T) 4096B-4096B, ioengine=libaio, iodepth=32
fio-3.35
Starting 1 process

rand_write: (groupid=0, jobs=1): err= 0: pid=558566: Thu May 21 13:36:23 2026
  write: IOPS=404k, BW=1577MiB/s (1654MB/s)(46.2GiB/30001msec); 0 zone resets
    slat (nsec): min=741, max=98497, avg=1878.61, stdev=1492.32
    clat (usec): min=13, max=1136, avg=77.09, stdev= 4.38
     lat (usec): min=16, max=1137, avg=78.97, stdev= 4.46
    clat percentiles (usec):
     |  1.00th=[   69],  5.00th=[   72], 10.00th=[   73], 20.00th=[   75],
     | 30.00th=[   76], 40.00th=[   77], 50.00th=[   78], 60.00th=[   79],
     | 70.00th=[   80], 80.00th=[   81], 90.00th=[   83], 95.00th=[   84],
     | 99.00th=[   88], 99.50th=[   90], 99.90th=[   95], 99.95th=[   99],
     | 99.99th=[  126]
   bw (  MiB/s): min= 1550, max= 1595, per=100.00%, avg=1577.57, stdev= 9.77, samples=59
   iops        : min=396828, max=408416, avg=403857.05, stdev=2499.87, samples=59
  lat (usec)   : 20=0.01%, 50=0.01%, 100=99.96%, 250=0.04%, 500=0.01%
  lat (msec)   : 2=0.01%
  cpu          : usr=10.88%, sys=61.01%, ctx=8470124, majf=0, minf=10
  IO depths    : 1=0.1%, 2=0.1%, 4=0.1%, 8=0.1%, 16=0.1%, 32=100.0%, >=64=0.0%
     submit    : 0=0.0%, 4=100.0%, 8=0.0%, 16=0.0%, 32=0.0%, 64=0.0%, >=64=0.0%
     complete  : 0=0.0%, 4=100.0%, 8=0.0%, 16=0.0%, 32=0.1%, 64=0.0%, >=64=0.0%
     issued rwts: total=0,12112897,0,0 short=0,0,0,0 dropped=0,0,0,0
     latency   : target=0, window=0, percentile=100.00%, depth=32

Run status group 0 (all jobs):
  WRITE: bw=1577MiB/s (1654MB/s), 1577MiB/s-1577MiB/s (1654MB/s-1654MB/s), io=46.2GiB (49.6GB), run=30001-30001msec

Disk stats (read/write):
    md0: ios=0/12070212, merge=0/0, ticks=0/83939, in_queue=83939, util=97.92%, aggrios=0/1514112, aggrmerge=0/0, aggrticks=0/11136, aggrin_queue=11136, aggrutil=34.61%
  nvme0n1: ios=0/1513456, merge=0/0, ticks=0/10428, in_queue=10428, util=27.61%
  nvme3n1: ios=0/1514537, merge=0/0, ticks=0/11037, in_queue=11037, util=29.04%
  nvme2n1: ios=0/1514375, merge=0/0, ticks=0/13549, in_queue=13549, util=34.61%
  nvme5n1: ios=0/1513733, merge=0/0, ticks=0/11033, in_queue=11032, util=28.88%
  nvme8n1: ios=0/1515014, merge=0/0, ticks=0/11074, in_queue=11074, util=29.63%
  nvme1n1: ios=0/1513080, merge=0/0, ticks=0/10476, in_queue=10476, util=27.43%
  nvme4n1: ios=0/1514089, merge=0/0, ticks=0/11092, in_queue=11092, util=29.51%
  nvme7n1: ios=0/1514614, merge=0/0, ticks=0/10403, in_queue=10404, util=27.38%

--- Cleanup ---
Test file removed.

Finished: 2026-05-21T09:36:23
