===== lfscratch Disk Benchmark =====
Job:     lfscratch_benchmark (26187)
Host:    b0016
Started: 2026-05-21T09:34:21

--- RAID Health ---
mdadm: must be super-user to perform this action

--- Disk Layout ---
nvme1n1       3.5T disk  
└─md0        27.9T raid0 /lfscratch
nvme2n1       3.5T disk  
└─md0        27.9T raid0 /lfscratch
nvme3n1       3.5T disk  
└─md0        27.9T raid0 /lfscratch
nvme4n1       3.5T disk  
└─md0        27.9T raid0 /lfscratch
nvme7n1       3.5T disk  
└─md0        27.9T raid0 /lfscratch
nvme6n1       3.5T disk  
└─md0        27.9T raid0 /lfscratch
nvme0n1       3.5T disk  
└─md0        27.9T raid0 /lfscratch
nvme5n1     894.2G disk  
├─nvme5n1p1   200M part  
└─nvme5n1p2     2G part  
nvme8n1       3.5T disk  
└─md0        27.9T raid0 /lfscratch

--- /lfscratch Usage ---
Filesystem      Size  Used Avail Use% Mounted on
/dev/md0         28T 1005G   27T   4% /lfscratch

--- Sequential Write (1M blocks, QD=8, 30s) ---
seq_write: (g=0): rw=write, bs=(R) 1024KiB-1024KiB, (W) 1024KiB-1024KiB, (T) 1024KiB-1024KiB, ioengine=libaio, iodepth=8
fio-3.35
Starting 1 process
seq_write: Laying out IO file (1 file / 32768MiB)

seq_write: (groupid=0, jobs=1): err= 0: pid=461762: Thu May 21 13:34:52 2026
  write: IOPS=40.6k, BW=39.6GiB/s (42.6GB/s)(1189GiB/30001msec); 0 zone resets
    slat (usec): min=3, max=147, avg= 7.24, stdev= 4.22
    clat (usec): min=83, max=1325, avg=189.64, stdev=143.19
     lat (usec): min=94, max=1329, avg=196.87, stdev=143.17
    clat percentiles (usec):
     |  1.00th=[   91],  5.00th=[   93], 10.00th=[   93], 20.00th=[   95],
     | 30.00th=[   98], 40.00th=[  101], 50.00th=[  106], 60.00th=[  127],
     | 70.00th=[  212], 80.00th=[  306], 90.00th=[  408], 95.00th=[  494],
     | 99.00th=[  668], 99.50th=[  734], 99.90th=[  848], 99.95th=[  889],
     | 99.99th=[  963]
   bw (  MiB/s): min=37248, max=45016, per=100.00%, avg=40593.29, stdev=1797.77, samples=59
   iops        : min=37248, max=45016, avg=40593.29, stdev=1797.74, samples=59
  lat (usec)   : 100=37.82%, 250=36.71%, 500=20.74%, 750=4.32%, 1000=0.41%
  lat (msec)   : 2=0.01%
  cpu          : usr=12.37%, sys=17.64%, ctx=1090252, majf=0, minf=11
  IO depths    : 1=0.1%, 2=0.1%, 4=0.1%, 8=100.0%, 16=0.0%, 32=0.0%, >=64=0.0%
     submit    : 0=0.0%, 4=100.0%, 8=0.0%, 16=0.0%, 32=0.0%, 64=0.0%, >=64=0.0%
     complete  : 0=0.0%, 4=100.0%, 8=0.1%, 16=0.0%, 32=0.0%, 64=0.0%, >=64=0.0%
     issued rwts: total=0,1217876,0,0 short=0,0,0,0 dropped=0,0,0,0
     latency   : target=0, window=0, percentile=100.00%, depth=8

Run status group 0 (all jobs):
  WRITE: bw=39.6GiB/s (42.6GB/s), 39.6GiB/s-39.6GiB/s (42.6GB/s-42.6GB/s), io=1189GiB (1277GB), run=30001-30001msec

Disk stats (read/write):
    md0: ios=0/3034010, merge=0/0, ticks=0/379195, in_queue=379195, util=99.68%, aggrios=0/380265, aggrmerge=0/0, aggrticks=0/48002, aggrin_queue=48002, aggrutil=92.16%
  nvme0n1: ios=0/380245, merge=0/0, ticks=0/46333, in_queue=46333, util=89.98%
  nvme3n1: ios=0/380245, merge=0/0, ticks=0/43311, in_queue=43311, util=90.14%
  nvme6n1: ios=0/380311, merge=0/0, ticks=0/54608, in_queue=54609, util=91.66%
  nvme2n1: ios=0/380283, merge=0/0, ticks=0/39632, in_queue=39631, util=89.46%
  nvme8n1: ios=0/380245, merge=0/0, ticks=0/51782, in_queue=51783, util=90.98%
  nvme1n1: ios=0/380247, merge=0/2, ticks=0/44100, in_queue=44099, util=89.47%
  nvme4n1: ios=0/380245, merge=0/0, ticks=0/61579, in_queue=61579, util=92.16%
  nvme7n1: ios=0/380304, merge=0/2, ticks=0/42672, in_queue=42672, util=89.90%

--- Sequential Read (1M blocks, QD=8, 30s) ---
seq_read: (g=0): rw=read, bs=(R) 1024KiB-1024KiB, (W) 1024KiB-1024KiB, (T) 1024KiB-1024KiB, ioengine=libaio, iodepth=8
fio-3.35
Starting 1 process

seq_read: (groupid=0, jobs=1): err= 0: pid=461991: Thu May 21 13:35:22 2026
  read: IOPS=16.9k, BW=16.5GiB/s (17.8GB/s)(496GiB/30002msec)
    slat (nsec): min=1512, max=308827, avg=4908.97, stdev=4406.79
    clat (usec): min=85, max=2843, avg=467.45, stdev=339.97
     lat (usec): min=88, max=2844, avg=472.36, stdev=339.90
    clat percentiles (usec):
     |  1.00th=[   93],  5.00th=[  103], 10.00th=[  106], 20.00th=[  135],
     | 30.00th=[  223], 40.00th=[  388], 50.00th=[  433], 60.00th=[  502],
     | 70.00th=[  519], 80.00th=[  594], 90.00th=[ 1012], 95.00th=[ 1237],
     | 99.00th=[ 1483], 99.50th=[ 1532], 99.90th=[ 1696], 99.95th=[ 1762],
     | 99.99th=[ 2114]
   bw (  MiB/s): min=14470, max=20190, per=100.00%, avg=16956.47, stdev=1676.30, samples=59
   iops        : min=14470, max=20190, avg=16956.47, stdev=1676.30, samples=59
  lat (usec)   : 100=3.84%, 250=28.35%, 500=27.33%, 750=24.58%, 1000=5.71%
  lat (msec)   : 2=10.18%, 4=0.02%
  cpu          : usr=0.21%, sys=8.33%, ctx=449928, majf=0, minf=525
  IO depths    : 1=0.1%, 2=0.1%, 4=0.1%, 8=100.0%, 16=0.0%, 32=0.0%, >=64=0.0%
     submit    : 0=0.0%, 4=100.0%, 8=0.0%, 16=0.0%, 32=0.0%, 64=0.0%, >=64=0.0%
     complete  : 0=0.0%, 4=100.0%, 8=0.1%, 16=0.0%, 32=0.0%, 64=0.0%, >=64=0.0%
     issued rwts: total=507952,0,0,0 short=0,0,0,0 dropped=0,0,0,0
     latency   : target=0, window=0, percentile=100.00%, depth=8

Run status group 0 (all jobs):
   READ: bw=16.5GiB/s (17.8GB/s), 16.5GiB/s-16.5GiB/s (17.8GB/s-17.8GB/s), io=496GiB (533GB), run=30002-30002msec

Disk stats (read/write):
    md0: ios=1258262/4, merge=0/0, ticks=356084/0, in_queue=356084, util=99.68%, aggrios=157709/0, aggrmerge=0/0, aggrticks=44748/0, aggrin_queue=44748, aggrutil=81.11%
  nvme0n1: ios=157708/0, merge=0/0, ticks=55225/0, in_queue=55225, util=81.11%
  nvme3n1: ios=157708/0, merge=0/0, ticks=41826/0, in_queue=41825, util=70.27%
  nvme6n1: ios=157708/1, merge=0/0, ticks=48520/0, in_queue=48521, util=79.41%
  nvme2n1: ios=157723/0, merge=0/0, ticks=37946/0, in_queue=37946, util=68.94%
  nvme8n1: ios=157708/0, merge=0/0, ticks=43884/0, in_queue=43884, util=74.35%
  nvme1n1: ios=157708/2, merge=0/1, ticks=48389/0, in_queue=48390, util=77.85%
  nvme4n1: ios=157708/0, merge=0/0, ticks=32949/0, in_queue=32949, util=64.68%
  nvme7n1: ios=157708/0, merge=0/0, ticks=49248/0, in_queue=49248, util=78.22%

--- Random 4K Read (QD=32, 30s) ---
rand_read: (g=0): rw=randread, bs=(R) 4096B-4096B, (W) 4096B-4096B, (T) 4096B-4096B, ioengine=libaio, iodepth=32
fio-3.35
Starting 1 process

rand_read: (groupid=0, jobs=1): err= 0: pid=462177: Thu May 21 13:35:52 2026
  read: IOPS=468k, BW=1828MiB/s (1917MB/s)(53.6GiB/30001msec)
    slat (nsec): min=711, max=414002, avg=1258.99, stdev=736.18
    clat (usec): min=27, max=1430, avg=66.92, stdev= 7.91
     lat (usec): min=28, max=1431, avg=68.18, stdev= 7.89
    clat percentiles (usec):
     |  1.00th=[   58],  5.00th=[   59], 10.00th=[   60], 20.00th=[   61],
     | 30.00th=[   62], 40.00th=[   64], 50.00th=[   66], 60.00th=[   69],
     | 70.00th=[   72], 80.00th=[   74], 90.00th=[   77], 95.00th=[   79],
     | 99.00th=[   87], 99.50th=[   98], 99.90th=[  117], 99.95th=[  123],
     | 99.99th=[  161]
   bw (  MiB/s): min= 1776, max= 1834, per=100.00%, avg=1828.38, stdev= 7.39, samples=59
   iops        : min=454748, max=469732, avg=468064.14, stdev=1892.92, samples=59
  lat (usec)   : 50=0.01%, 100=99.57%, 250=0.42%, 500=0.01%, 750=0.01%
  lat (usec)   : 1000=0.01%
  lat (msec)   : 2=0.01%
  cpu          : usr=12.71%, sys=47.09%, ctx=1506417, majf=0, minf=41
  IO depths    : 1=0.1%, 2=0.1%, 4=0.1%, 8=0.1%, 16=0.1%, 32=100.0%, >=64=0.0%
     submit    : 0=0.0%, 4=100.0%, 8=0.0%, 16=0.0%, 32=0.0%, 64=0.0%, >=64=0.0%
     complete  : 0=0.0%, 4=100.0%, 8=0.0%, 16=0.0%, 32=0.1%, 64=0.0%, >=64=0.0%
     issued rwts: total=14038326,0,0,0 short=0,0,0,0 dropped=0,0,0,0
     latency   : target=0, window=0, percentile=100.00%, depth=32

Run status group 0 (all jobs):
   READ: bw=1828MiB/s (1917MB/s), 1828MiB/s-1828MiB/s (1917MB/s-1917MB/s), io=53.6GiB (57.5GB), run=30001-30001msec

Disk stats (read/write):
    md0: ios=13987188/1, merge=0/0, ticks=865710/0, in_queue=865710, util=99.69%, aggrios=1754790/0, aggrmerge=0/0, aggrticks=109233/0, aggrin_queue=109233, aggrutil=97.39%
  nvme0n1: ios=1754251/0, merge=0/0, ticks=108963/0, in_queue=108963, util=97.29%
  nvme3n1: ios=1755862/0, merge=0/0, ticks=109411/0, in_queue=109412, util=97.31%
  nvme6n1: ios=1754430/0, merge=0/0, ticks=109534/0, in_queue=109534, util=97.27%
  nvme2n1: ios=1756796/1, merge=0/0, ticks=109273/0, in_queue=109273, util=97.17%
  nvme8n1: ios=1754641/0, merge=0/0, ticks=108867/0, in_queue=108866, util=97.35%
  nvme1n1: ios=1754032/0, merge=0/0, ticks=109055/0, in_queue=109054, util=97.27%
  nvme4n1: ios=1753998/0, merge=0/0, ticks=109096/0, in_queue=109096, util=97.39%
  nvme7n1: ios=1754316/0, merge=0/0, ticks=109667/0, in_queue=109667, util=97.27%

--- Random 4K Write (QD=32, 30s) ---
rand_write: (g=0): rw=randwrite, bs=(R) 4096B-4096B, (W) 4096B-4096B, (T) 4096B-4096B, ioengine=libaio, iodepth=32
fio-3.35
Starting 1 process

rand_write: (groupid=0, jobs=1): err= 0: pid=462366: Thu May 21 13:36:23 2026
  write: IOPS=390k, BW=1522MiB/s (1596MB/s)(44.6GiB/30001msec); 0 zone resets
    slat (nsec): min=741, max=78078, avg=1893.47, stdev=1445.81
    clat (usec): min=7, max=321, avg=79.90, stdev= 5.40
     lat (usec): min=12, max=322, avg=81.80, stdev= 5.56
    clat percentiles (usec):
     |  1.00th=[   71],  5.00th=[   72], 10.00th=[   73], 20.00th=[   75],
     | 30.00th=[   78], 40.00th=[   79], 50.00th=[   81], 60.00th=[   82],
     | 70.00th=[   84], 80.00th=[   86], 90.00th=[   87], 95.00th=[   88],
     | 99.00th=[   91], 99.50th=[   93], 99.90th=[   99], 99.95th=[  105],
     | 99.99th=[  141]
   bw (  MiB/s): min= 1476, max= 1573, per=100.00%, avg=1522.24, stdev=25.61, samples=59
   iops        : min=377898, max=402740, avg=389693.25, stdev=6554.79, samples=59
  lat (usec)   : 10=0.01%, 20=0.01%, 50=0.01%, 100=99.91%, 250=0.08%
  lat (usec)   : 500=0.01%
  cpu          : usr=11.35%, sys=62.17%, ctx=9209352, majf=0, minf=10
  IO depths    : 1=0.1%, 2=0.1%, 4=0.1%, 8=0.1%, 16=0.1%, 32=100.0%, >=64=0.0%
     submit    : 0=0.0%, 4=100.0%, 8=0.0%, 16=0.0%, 32=0.0%, 64=0.0%, >=64=0.0%
     complete  : 0=0.0%, 4=100.0%, 8=0.0%, 16=0.0%, 32=0.1%, 64=0.0%, >=64=0.0%
     issued rwts: total=0,11687362,0,0 short=0,0,0,0 dropped=0,0,0,0
     latency   : target=0, window=0, percentile=100.00%, depth=32

Run status group 0 (all jobs):
  WRITE: bw=1522MiB/s (1596MB/s), 1522MiB/s-1522MiB/s (1596MB/s-1596MB/s), io=44.6GiB (47.9GB), run=30001-30001msec

Disk stats (read/write):
    md0: ios=0/11644955, merge=0/0, ticks=0/77016, in_queue=77016, util=97.25%, aggrios=0/1460920, aggrmerge=0/0, aggrticks=0/10317, aggrin_queue=10316, aggrutil=28.12%
  nvme0n1: ios=0/1460160, merge=0/0, ticks=0/10047, in_queue=10047, util=26.85%
  nvme3n1: ios=0/1461781, merge=0/0, ticks=0/10599, in_queue=10599, util=27.99%
  nvme6n1: ios=0/1460497, merge=0/0, ticks=0/10503, in_queue=10502, util=28.00%
  nvme2n1: ios=0/1462514, merge=0/0, ticks=0/10111, in_queue=10112, util=26.89%
  nvme8n1: ios=0/1460690, merge=0/0, ticks=0/10033, in_queue=10032, util=26.64%
  nvme1n1: ios=0/1460315, merge=0/0, ticks=0/10099, in_queue=10099, util=26.80%
  nvme4n1: ios=0/1460810, merge=0/0, ticks=0/10552, in_queue=10552, util=28.12%
  nvme7n1: ios=0/1460596, merge=0/0, ticks=0/10593, in_queue=10592, util=28.08%

--- Cleanup ---
Test file removed.

Finished: 2026-05-21T09:36:23
