===== lfscratch Disk Benchmark =====
Job:     lfscratch_benchmark (26179)
Host:    b0008
Started: 2026-05-21T09:34:21

--- RAID Health ---
mdadm: must be super-user to perform this action

--- Disk Layout ---
nvme0n1       3.5T disk  
└─md0        27.9T raid0 /lfscratch
nvme7n1       3.5T disk  
└─md0        27.9T raid0 /lfscratch
nvme5n1       3.5T disk  
└─md0        27.9T raid0 /lfscratch
nvme6n1       3.5T disk  
└─md0        27.9T raid0 /lfscratch
nvme2n1       3.5T disk  
└─md0        27.9T raid0 /lfscratch
nvme8n1       3.5T disk  
└─md0        27.9T raid0 /lfscratch
nvme4n1       3.5T disk  
└─md0        27.9T raid0 /lfscratch
nvme3n1       3.5T disk  
└─md0        27.9T raid0 /lfscratch
nvme1n1     894.2G disk  
├─nvme1n1p1   200M part  
└─nvme1n1p2     2G part  

--- /lfscratch Usage ---
Filesystem      Size  Used Avail Use% Mounted on
/dev/md0         28T 1005G   27T   4% /lfscratch

--- Sequential Write (1M blocks, QD=8, 30s) ---
seq_write: (g=0): rw=write, bs=(R) 1024KiB-1024KiB, (W) 1024KiB-1024KiB, (T) 1024KiB-1024KiB, ioengine=libaio, iodepth=8
fio-3.35
Starting 1 process
seq_write: Laying out IO file (1 file / 32768MiB)

seq_write: (groupid=0, jobs=1): err= 0: pid=1348938: Thu May 21 13:34:52 2026
  write: IOPS=40.8k, BW=39.9GiB/s (42.8GB/s)(1196GiB/30001msec); 0 zone resets
    slat (usec): min=3, max=253, avg= 6.70, stdev= 3.69
    clat (usec): min=85, max=1288, avg=189.07, stdev=142.12
     lat (usec): min=95, max=1292, avg=195.77, stdev=142.09
    clat percentiles (usec):
     |  1.00th=[   93],  5.00th=[   93], 10.00th=[   94], 20.00th=[   96],
     | 30.00th=[   98], 40.00th=[  101], 50.00th=[  106], 60.00th=[  125],
     | 70.00th=[  206], 80.00th=[  310], 90.00th=[  408], 95.00th=[  490],
     | 99.00th=[  660], 99.50th=[  717], 99.90th=[  832], 99.95th=[  873],
     | 99.99th=[  963]
   bw (  MiB/s): min=37592, max=44266, per=100.00%, avg=40876.71, stdev=1698.07, samples=59
   iops        : min=37592, max=44266, avg=40876.75, stdev=1698.07, samples=59
  lat (usec)   : 100=37.97%, 250=36.30%, 500=21.24%, 750=4.16%, 1000=0.32%
  lat (msec)   : 2=0.01%
  cpu          : usr=12.32%, sys=16.07%, ctx=1128420, majf=0, minf=12
  IO depths    : 1=0.1%, 2=0.1%, 4=0.1%, 8=100.0%, 16=0.0%, 32=0.0%, >=64=0.0%
     submit    : 0=0.0%, 4=100.0%, 8=0.0%, 16=0.0%, 32=0.0%, 64=0.0%, >=64=0.0%
     complete  : 0=0.0%, 4=100.0%, 8=0.1%, 16=0.0%, 32=0.0%, 64=0.0%, >=64=0.0%
     issued rwts: total=0,1224838,0,0 short=0,0,0,0 dropped=0,0,0,0
     latency   : target=0, window=0, percentile=100.00%, depth=8

Run status group 0 (all jobs):
  WRITE: bw=39.9GiB/s (42.8GB/s), 39.9GiB/s-39.9GiB/s (42.8GB/s-42.8GB/s), io=1196GiB (1284GB), run=30001-30001msec

Disk stats (read/write):
    md0: ios=0/2441484, merge=0/0, ticks=0/348691, in_queue=348691, util=99.68%, aggrios=0/306216, aggrmerge=0/0, aggrticks=0/44013, aggrin_queue=44013, aggrutil=92.02%
  nvme0n1: ios=0/306211, merge=0/1, ticks=0/46945, in_queue=46946, util=92.02%
  nvme3n1: ios=0/306220, merge=0/0, ticks=0/39720, in_queue=39720, util=90.29%
  nvme6n1: ios=0/306210, merge=0/0, ticks=0/46302, in_queue=46303, util=91.35%
  nvme2n1: ios=0/306210, merge=0/0, ticks=0/44377, in_queue=44378, util=91.13%
  nvme5n1: ios=0/306209, merge=0/4, ticks=0/42352, in_queue=42352, util=91.07%
  nvme8n1: ios=0/306210, merge=0/0, ticks=0/46003, in_queue=46002, util=91.76%
  nvme4n1: ios=0/306253, merge=0/0, ticks=0/43664, in_queue=43665, util=91.41%
  nvme7n1: ios=0/306210, merge=0/0, ticks=0/42741, in_queue=42741, util=90.91%

--- Sequential Read (1M blocks, QD=8, 30s) ---
seq_read: (g=0): rw=read, bs=(R) 1024KiB-1024KiB, (W) 1024KiB-1024KiB, (T) 1024KiB-1024KiB, ioengine=libaio, iodepth=8
fio-3.35
Starting 1 process

seq_read: (groupid=0, jobs=1): err= 0: pid=1349152: Thu May 21 13:35:22 2026
  read: IOPS=15.9k, BW=15.5GiB/s (16.7GB/s)(466GiB/30002msec)
    slat (nsec): min=1612, max=306372, avg=4683.21, stdev=4572.75
    clat (usec): min=86, max=1870, avg=498.15, stdev=336.74
     lat (usec): min=88, max=1882, avg=502.83, stdev=336.74
    clat percentiles (usec):
     |  1.00th=[   93],  5.00th=[  102], 10.00th=[  106], 20.00th=[  139],
     | 30.00th=[  383], 40.00th=[  424], 50.00th=[  478], 60.00th=[  510],
     | 70.00th=[  523], 80.00th=[  619], 90.00th=[ 1045], 95.00th=[ 1254],
     | 99.00th=[ 1467], 99.50th=[ 1516], 99.90th=[ 1631], 99.95th=[ 1680],
     | 99.99th=[ 1745]
   bw (  MiB/s): min=13148, max=18960, per=99.94%, avg=15894.51, stdev=1055.15, samples=59
   iops        : min=13148, max=18960, avg=15894.51, stdev=1055.15, samples=59
  lat (usec)   : 100=4.17%, 250=21.74%, 500=27.96%, 750=29.27%, 1000=5.80%
  lat (msec)   : 2=11.06%
  cpu          : usr=0.29%, sys=7.52%, ctx=427562, majf=0, minf=525
  IO depths    : 1=0.1%, 2=0.1%, 4=0.1%, 8=100.0%, 16=0.0%, 32=0.0%, >=64=0.0%
     submit    : 0=0.0%, 4=100.0%, 8=0.0%, 16=0.0%, 32=0.0%, 64=0.0%, >=64=0.0%
     complete  : 0=0.0%, 4=100.0%, 8=0.1%, 16=0.0%, 32=0.0%, 64=0.0%, >=64=0.0%
     issued rwts: total=477165,0,0,0 short=0,0,0,0 dropped=0,0,0,0
     latency   : target=0, window=0, percentile=100.00%, depth=8

Run status group 0 (all jobs):
   READ: bw=15.5GiB/s (16.7GB/s), 15.5GiB/s-15.5GiB/s (16.7GB/s-16.7GB/s), io=466GiB (500GB), run=30002-30002msec

Disk stats (read/write):
    md0: ios=950628/4, merge=0/0, ticks=335151/0, in_queue=335151, util=99.69%, aggrios=119291/0, aggrmerge=0/0, aggrticks=42086/0, aggrin_queue=42086, aggrutil=92.51%
  nvme0n1: ios=119291/2, merge=0/1, ticks=38500/1, in_queue=38500, util=70.13%
  nvme3n1: ios=119291/1, merge=0/0, ticks=21873/0, in_queue=21873, util=54.56%
  nvme6n1: ios=119292/0, merge=0/0, ticks=49486/0, in_queue=49486, util=79.98%
  nvme2n1: ios=119292/0, merge=0/0, ticks=22817/0, in_queue=22817, util=53.98%
  nvme5n1: ios=119291/0, merge=0/0, ticks=52786/0, in_queue=52786, util=82.33%
  nvme8n1: ios=119291/0, merge=0/0, ticks=60096/0, in_queue=60096, util=89.65%
  nvme4n1: ios=119291/0, merge=0/0, ticks=27303/0, in_queue=27304, util=57.86%
  nvme7n1: ios=119291/0, merge=0/0, ticks=63830/0, in_queue=63830, util=92.51%

--- Random 4K Read (QD=32, 30s) ---
rand_read: (g=0): rw=randread, bs=(R) 4096B-4096B, (W) 4096B-4096B, (T) 4096B-4096B, ioengine=libaio, iodepth=32
fio-3.35
Starting 1 process

rand_read: (groupid=0, jobs=1): err= 0: pid=1349339: Thu May 21 13:35:52 2026
  read: IOPS=468k, BW=1830MiB/s (1919MB/s)(53.6GiB/30001msec)
    slat (nsec): min=711, max=118895, avg=1264.82, stdev=731.12
    clat (usec): min=7, max=1353, avg=66.84, stdev= 8.39
     lat (usec): min=8, max=1355, avg=68.11, stdev= 8.38
    clat percentiles (usec):
     |  1.00th=[   58],  5.00th=[   59], 10.00th=[   60], 20.00th=[   61],
     | 30.00th=[   62], 40.00th=[   64], 50.00th=[   66], 60.00th=[   69],
     | 70.00th=[   71], 80.00th=[   74], 90.00th=[   77], 95.00th=[   79],
     | 99.00th=[   87], 99.50th=[   97], 99.90th=[  116], 99.95th=[  122],
     | 99.99th=[  155]
   bw (  MiB/s): min= 1763, max= 1837, per=100.00%, avg=1830.18, stdev= 9.11, samples=59
   iops        : min=451554, max=470280, avg=468527.19, stdev=2332.17, samples=59
  lat (usec)   : 10=0.01%, 20=0.01%, 50=0.01%, 100=99.59%, 250=0.41%
  lat (usec)   : 500=0.01%, 750=0.01%, 1000=0.01%
  lat (msec)   : 2=0.01%
  cpu          : usr=12.75%, sys=47.24%, ctx=1486606, majf=0, minf=43
  IO depths    : 1=0.1%, 2=0.1%, 4=0.1%, 8=0.1%, 16=0.1%, 32=100.0%, >=64=0.0%
     submit    : 0=0.0%, 4=100.0%, 8=0.0%, 16=0.0%, 32=0.0%, 64=0.0%, >=64=0.0%
     complete  : 0=0.0%, 4=100.0%, 8=0.0%, 16=0.0%, 32=0.1%, 64=0.0%, >=64=0.0%
     issued rwts: total=14052985,0,0,0 short=0,0,0,0 dropped=0,0,0,0
     latency   : target=0, window=0, percentile=100.00%, depth=32

Run status group 0 (all jobs):
   READ: bw=1830MiB/s (1919MB/s), 1830MiB/s-1830MiB/s (1919MB/s-1919MB/s), io=53.6GiB (57.6GB), run=30001-30001msec

Disk stats (read/write):
    md0: ios=14001451/1, merge=0/0, ticks=866126/0, in_queue=866126, util=99.69%, aggrios=1756623/0, aggrmerge=0/0, aggrticks=109163/0, aggrin_queue=109163, aggrutil=97.41%
  nvme0n1: ios=1757043/0, merge=0/0, ticks=108909/0, in_queue=108909, util=97.15%
  nvme3n1: ios=1758178/0, merge=0/0, ticks=109655/0, in_queue=109655, util=97.41%
  nvme6n1: ios=1756581/0, merge=0/0, ticks=109486/0, in_queue=109485, util=97.22%
  nvme2n1: ios=1756890/0, merge=0/0, ticks=108851/0, in_queue=108851, util=97.14%
  nvme5n1: ios=1754934/0, merge=0/0, ticks=108860/0, in_queue=108859, util=97.16%
  nvme8n1: ios=1756488/0, merge=0/0, ticks=108964/0, in_queue=108964, util=97.33%
  nvme4n1: ios=1757163/0, merge=0/0, ticks=109361/0, in_queue=109361, util=97.21%
  nvme7n1: ios=1755708/1, merge=0/0, ticks=109224/0, in_queue=109224, util=97.29%

--- Random 4K Write (QD=32, 30s) ---
rand_write: (g=0): rw=randwrite, bs=(R) 4096B-4096B, (W) 4096B-4096B, (T) 4096B-4096B, ioengine=libaio, iodepth=32
fio-3.35
Starting 1 process

rand_write: (groupid=0, jobs=1): err= 0: pid=1349525: Thu May 21 13:36:23 2026
  write: IOPS=394k, BW=1539MiB/s (1614MB/s)(45.1GiB/30001msec); 0 zone resets
    slat (nsec): min=741, max=50890, avg=1902.06, stdev=1509.67
    clat (usec): min=16, max=305, avg=79.01, stdev= 5.32
     lat (usec): min=16, max=309, avg=80.91, stdev= 5.48
    clat percentiles (usec):
     |  1.00th=[   70],  5.00th=[   72], 10.00th=[   73], 20.00th=[   75],
     | 30.00th=[   76], 40.00th=[   78], 50.00th=[   79], 60.00th=[   81],
     | 70.00th=[   83], 80.00th=[   85], 90.00th=[   87], 95.00th=[   88],
     | 99.00th=[   90], 99.50th=[   92], 99.90th=[   97], 99.95th=[  101],
     | 99.99th=[  128]
   bw (  MiB/s): min= 1477, max= 1560, per=100.00%, avg=1539.51, stdev=16.87, samples=59
   iops        : min=378196, max=399588, avg=394113.29, stdev=4317.48, samples=59
  lat (usec)   : 20=0.01%, 50=0.01%, 100=99.94%, 250=0.06%, 500=0.01%
  cpu          : usr=10.79%, sys=62.27%, ctx=9037824, majf=0, minf=12
  IO depths    : 1=0.1%, 2=0.1%, 4=0.1%, 8=0.1%, 16=0.1%, 32=100.0%, >=64=0.0%
     submit    : 0=0.0%, 4=100.0%, 8=0.0%, 16=0.0%, 32=0.0%, 64=0.0%, >=64=0.0%
     complete  : 0=0.0%, 4=100.0%, 8=0.0%, 16=0.0%, 32=0.1%, 64=0.0%, >=64=0.0%
     issued rwts: total=0,11820161,0,0 short=0,0,0,0 dropped=0,0,0,0
     latency   : target=0, window=0, percentile=100.00%, depth=32

Run status group 0 (all jobs):
  WRITE: bw=1539MiB/s (1614MB/s), 1539MiB/s-1539MiB/s (1614MB/s-1614MB/s), io=45.1GiB (48.4GB), run=30001-30001msec

Disk stats (read/write):
    md0: ios=0/11777696, merge=0/0, ticks=0/77629, in_queue=77629, util=97.06%, aggrios=0/1477520, aggrmerge=0/0, aggrticks=0/10450, aggrin_queue=10450, aggrutil=28.86%
  nvme0n1: ios=0/1477945, merge=0/0, ticks=0/10192, in_queue=10192, util=27.11%
  nvme3n1: ios=0/1478405, merge=0/0, ticks=0/10759, in_queue=10759, util=27.92%
  nvme6n1: ios=0/1477757, merge=0/0, ticks=0/10797, in_queue=10797, util=28.30%
  nvme2n1: ios=0/1477186, merge=0/0, ticks=0/10167, in_queue=10166, util=26.81%
  nvme5n1: ios=0/1476557, merge=0/0, ticks=0/10131, in_queue=10131, util=26.66%
  nvme8n1: ios=0/1477777, merge=0/0, ticks=0/10107, in_queue=10107, util=26.53%
  nvme4n1: ios=0/1477710, merge=0/0, ticks=0/10743, in_queue=10742, util=28.86%
  nvme7n1: ios=0/1476825, merge=0/0, ticks=0/10711, in_queue=10711, util=28.11%

--- Cleanup ---
Test file removed.

Finished: 2026-05-21T09:36:23
