===== lfscratch Disk Benchmark =====
Job:     lfscratch_benchmark (26182)
Host:    b0011
Started: 2026-05-21T09:34:21

--- RAID Health ---
mdadm: must be super-user to perform this action

--- Disk Layout ---
nvme0n1       3.5T disk  
└─md0        27.9T raid0 /lfscratch
nvme4n1       3.5T disk  
└─md0        27.9T raid0 /lfscratch
nvme5n1       3.5T disk  
└─md0        27.9T raid0 /lfscratch
nvme7n1       3.5T disk  
└─md0        27.9T raid0 /lfscratch
nvme2n1       3.5T disk  
└─md0        27.9T raid0 /lfscratch
nvme6n1       3.5T disk  
└─md0        27.9T raid0 /lfscratch
nvme3n1       3.5T disk  
└─md0        27.9T raid0 /lfscratch
nvme8n1       3.5T disk  
└─md0        27.9T raid0 /lfscratch
nvme1n1     894.2G disk  
├─nvme1n1p1   200M part  
└─nvme1n1p2     2G part  

--- /lfscratch Usage ---
Filesystem      Size  Used Avail Use% Mounted on
/dev/md0         28T 1005G   27T   4% /lfscratch

--- Sequential Write (1M blocks, QD=8, 30s) ---
seq_write: (g=0): rw=write, bs=(R) 1024KiB-1024KiB, (W) 1024KiB-1024KiB, (T) 1024KiB-1024KiB, ioengine=libaio, iodepth=8
fio-3.35
Starting 1 process
seq_write: Laying out IO file (1 file / 32768MiB)

seq_write: (groupid=0, jobs=1): err= 0: pid=1152977: Thu May 21 13:34:52 2026
  write: IOPS=40.1k, BW=39.2GiB/s (42.1GB/s)(1176GiB/30001msec); 0 zone resets
    slat (usec): min=3, max=434, avg= 6.91, stdev= 3.73
    clat (usec): min=52, max=2321, avg=192.26, stdev=153.28
     lat (usec): min=95, max=2326, avg=199.17, stdev=153.27
    clat percentiles (usec):
     |  1.00th=[   93],  5.00th=[   93], 10.00th=[   94], 20.00th=[   95],
     | 30.00th=[   97], 40.00th=[  100], 50.00th=[  104], 60.00th=[  112],
     | 70.00th=[  200], 80.00th=[  326], 90.00th=[  433], 95.00th=[  523],
     | 99.00th=[  693], 99.50th=[  758], 99.90th=[  865], 99.95th=[  906],
     | 99.99th=[  988]
   bw (  MiB/s): min=37014, max=43080, per=99.97%, avg=40116.34, stdev=1768.87, samples=59
   iops        : min=37014, max=43080, avg=40116.37, stdev=1768.90, samples=59
  lat (usec)   : 100=41.80%, 250=32.10%, 500=20.21%, 750=5.36%, 1000=0.52%
  lat (msec)   : 2=0.01%, 4=0.01%
  cpu          : usr=12.01%, sys=16.68%, ctx=1114591, majf=0, minf=10
  IO depths    : 1=0.1%, 2=0.1%, 4=0.1%, 8=100.0%, 16=0.0%, 32=0.0%, >=64=0.0%
     submit    : 0=0.0%, 4=100.0%, 8=0.0%, 16=0.0%, 32=0.0%, 64=0.0%, >=64=0.0%
     complete  : 0=0.0%, 4=100.0%, 8=0.1%, 16=0.0%, 32=0.0%, 64=0.0%, >=64=0.0%
     issued rwts: total=0,1203874,0,0 short=0,0,0,0 dropped=0,0,0,0
     latency   : target=0, window=0, percentile=100.00%, depth=8

Run status group 0 (all jobs):
  WRITE: bw=39.2GiB/s (42.1GB/s), 39.2GiB/s-39.2GiB/s (42.1GB/s-42.1GB/s), io=1176GiB (1262GB), run=30001-30001msec

Disk stats (read/write):
    md0: ios=0/2398433, merge=0/0, ticks=0/347195, in_queue=347195, util=99.68%, aggrios=0/300973, aggrmerge=0/0, aggrticks=0/43884, aggrin_queue=43884, aggrutil=92.18%
  nvme0n1: ios=0/301005, merge=0/1, ticks=0/42289, in_queue=42290, util=90.11%
  nvme3n1: ios=0/300968, merge=0/0, ticks=0/57350, in_queue=57350, util=92.18%
  nvme6n1: ios=0/300969, merge=0/0, ticks=0/42384, in_queue=42384, util=89.49%
  nvme2n1: ios=0/300969, merge=0/0, ticks=0/48249, in_queue=48248, util=90.66%
  nvme5n1: ios=0/300969, merge=0/0, ticks=0/42922, in_queue=42922, util=90.28%
  nvme8n1: ios=0/300968, merge=0/0, ticks=0/41071, in_queue=41070, util=89.61%
  nvme4n1: ios=0/300969, merge=0/4, ticks=0/40614, in_queue=40615, util=89.71%
  nvme7n1: ios=0/300969, merge=0/0, ticks=0/36198, in_queue=36198, util=88.95%

--- Sequential Read (1M blocks, QD=8, 30s) ---
seq_read: (g=0): rw=read, bs=(R) 1024KiB-1024KiB, (W) 1024KiB-1024KiB, (T) 1024KiB-1024KiB, ioengine=libaio, iodepth=8
fio-3.35
Starting 1 process

seq_read: (groupid=0, jobs=1): err= 0: pid=1153188: Thu May 21 13:35:22 2026
  read: IOPS=15.4k, BW=15.0GiB/s (16.1GB/s)(451GiB/30002msec)
    slat (nsec): min=1602, max=309217, avg=4668.98, stdev=4143.87
    clat (usec): min=59, max=1862, avg=515.25, stdev=343.30
     lat (usec): min=88, max=1868, avg=519.92, stdev=343.32
    clat percentiles (usec):
     |  1.00th=[   93],  5.00th=[  101], 10.00th=[  106], 20.00th=[  139],
     | 30.00th=[  392], 40.00th=[  441], 50.00th=[  502], 60.00th=[  515],
     | 70.00th=[  529], 80.00th=[  685], 90.00th=[ 1074], 95.00th=[ 1270],
     | 99.00th=[ 1467], 99.50th=[ 1516], 99.90th=[ 1598], 99.95th=[ 1663],
     | 99.99th=[ 1729]
   bw (  MiB/s): min=14106, max=18782, per=100.00%, avg=15388.88, stdev=801.23, samples=59
   iops        : min=14106, max=18782, avg=15388.88, stdev=801.23, samples=59
  lat (usec)   : 100=4.39%, 250=20.72%, 500=24.31%, 750=32.22%, 1000=6.23%
  lat (msec)   : 2=12.12%
  cpu          : usr=0.29%, sys=7.29%, ctx=414100, majf=0, minf=526
  IO depths    : 1=0.1%, 2=0.1%, 4=0.1%, 8=100.0%, 16=0.0%, 32=0.0%, >=64=0.0%
     submit    : 0=0.0%, 4=100.0%, 8=0.0%, 16=0.0%, 32=0.0%, 64=0.0%, >=64=0.0%
     complete  : 0=0.0%, 4=100.0%, 8=0.1%, 16=0.0%, 32=0.0%, 64=0.0%, >=64=0.0%
     issued rwts: total=461466,0,0,0 short=0,0,0,0 dropped=0,0,0,0
     latency   : target=0, window=0, percentile=100.00%, depth=8

Run status group 0 (all jobs):
   READ: bw=15.0GiB/s (16.1GB/s), 15.0GiB/s-15.0GiB/s (16.1GB/s-16.1GB/s), io=451GiB (484GB), run=30002-30002msec

Disk stats (read/write):
    md0: ios=919826/4, merge=0/0, ticks=346862/0, in_queue=346862, util=99.68%, aggrios=115366/0, aggrmerge=0/0, aggrticks=43554/0, aggrin_queue=43554, aggrutil=94.52%
  nvme0n1: ios=115366/3, merge=0/1, ticks=59183/0, in_queue=59183, util=90.36%
  nvme3n1: ios=115366/0, merge=0/0, ticks=60435/0, in_queue=60435, util=90.40%
  nvme6n1: ios=115367/0, merge=0/0, ticks=19949/0, in_queue=19949, util=50.90%
  nvme2n1: ios=115367/0, merge=0/0, ticks=16514/0, in_queue=16514, util=47.58%
  nvme5n1: ios=115367/0, merge=0/0, ticks=58075/0, in_queue=58076, util=88.99%
  nvme8n1: ios=115366/0, merge=0/0, ticks=63456/0, in_queue=63456, util=94.52%
  nvme4n1: ios=115366/0, merge=0/0, ticks=23951/0, in_queue=23951, util=53.90%
  nvme7n1: ios=115367/0, merge=0/0, ticks=46872/0, in_queue=46872, util=76.77%

--- Random 4K Read (QD=32, 30s) ---
rand_read: (g=0): rw=randread, bs=(R) 4096B-4096B, (W) 4096B-4096B, (T) 4096B-4096B, ioengine=libaio, iodepth=32
fio-3.35
Starting 1 process

rand_read: (groupid=0, jobs=1): err= 0: pid=1153373: Thu May 21 13:35:52 2026
  read: IOPS=467k, BW=1823MiB/s (1912MB/s)(53.4GiB/30001msec)
    slat (nsec): min=711, max=127146, avg=1261.83, stdev=728.32
    clat (usec): min=8, max=1356, avg=67.08, stdev= 8.49
     lat (usec): min=9, max=1357, avg=68.34, stdev= 8.48
    clat percentiles (usec):
     |  1.00th=[   58],  5.00th=[   59], 10.00th=[   60], 20.00th=[   61],
     | 30.00th=[   62], 40.00th=[   64], 50.00th=[   66], 60.00th=[   69],
     | 70.00th=[   72], 80.00th=[   74], 90.00th=[   77], 95.00th=[   79],
     | 99.00th=[   87], 99.50th=[   98], 99.90th=[  118], 99.95th=[  126],
     | 99.99th=[  180]
   bw (  MiB/s): min= 1765, max= 1829, per=100.00%, avg=1823.89, stdev= 8.02, samples=59
   iops        : min=452048, max=468410, avg=466916.78, stdev=2052.29, samples=59
  lat (usec)   : 10=0.01%, 20=0.01%, 50=0.01%, 100=99.55%, 250=0.44%
  lat (usec)   : 500=0.01%, 750=0.01%, 1000=0.01%
  lat (msec)   : 2=0.01%
  cpu          : usr=13.19%, sys=46.68%, ctx=1487419, majf=0, minf=42
  IO depths    : 1=0.1%, 2=0.1%, 4=0.1%, 8=0.1%, 16=0.1%, 32=100.0%, >=64=0.0%
     submit    : 0=0.0%, 4=100.0%, 8=0.0%, 16=0.0%, 32=0.0%, 64=0.0%, >=64=0.0%
     complete  : 0=0.0%, 4=100.0%, 8=0.0%, 16=0.0%, 32=0.1%, 64=0.0%, >=64=0.0%
     issued rwts: total=14004232,0,0,0 short=0,0,0,0 dropped=0,0,0,0
     latency   : target=0, window=0, percentile=100.00%, depth=32

Run status group 0 (all jobs):
   READ: bw=1823MiB/s (1912MB/s), 1823MiB/s-1823MiB/s (1912MB/s-1912MB/s), io=53.4GiB (57.4GB), run=30001-30001msec

Disk stats (read/write):
    md0: ios=13953692/1, merge=0/0, ticks=866305/0, in_queue=866305, util=99.69%, aggrios=1750529/0, aggrmerge=0/0, aggrticks=109179/0, aggrin_queue=109179, aggrutil=97.34%
  nvme0n1: ios=1749525/1, merge=0/0, ticks=108823/0, in_queue=108823, util=97.19%
  nvme3n1: ios=1752076/0, merge=0/0, ticks=109484/0, in_queue=109484, util=97.22%
  nvme6n1: ios=1751111/0, merge=0/0, ticks=109425/0, in_queue=109424, util=97.28%
  nvme2n1: ios=1750375/0, merge=0/0, ticks=108830/0, in_queue=108830, util=97.17%
  nvme5n1: ios=1750525/0, merge=0/0, ticks=109462/0, in_queue=109461, util=97.34%
  nvme8n1: ios=1751027/0, merge=0/0, ticks=109204/0, in_queue=109204, util=97.16%
  nvme4n1: ios=1748801/0, merge=0/0, ticks=109360/0, in_queue=109360, util=97.27%
  nvme7n1: ios=1750792/0, merge=0/0, ticks=108849/0, in_queue=108849, util=97.14%

--- Random 4K Write (QD=32, 30s) ---
rand_write: (g=0): rw=randwrite, bs=(R) 4096B-4096B, (W) 4096B-4096B, (T) 4096B-4096B, ioengine=libaio, iodepth=32
fio-3.35
Starting 1 process

rand_write: (groupid=0, jobs=1): err= 0: pid=1153562: Thu May 21 13:36:23 2026
  write: IOPS=396k, BW=1548MiB/s (1623MB/s)(45.4GiB/30001msec); 0 zone resets
    slat (nsec): min=741, max=93910, avg=1890.96, stdev=1530.77
    clat (usec): min=9, max=344, avg=78.54, stdev= 5.39
     lat (usec): min=11, max=345, avg=80.43, stdev= 5.55
    clat percentiles (usec):
     |  1.00th=[   70],  5.00th=[   72], 10.00th=[   73], 20.00th=[   74],
     | 30.00th=[   76], 40.00th=[   77], 50.00th=[   79], 60.00th=[   80],
     | 70.00th=[   82], 80.00th=[   84], 90.00th=[   86], 95.00th=[   87],
     | 99.00th=[   91], 99.50th=[   92], 99.90th=[   98], 99.95th=[  105],
     | 99.99th=[  145]
   bw (  MiB/s): min= 1491, max= 1590, per=100.00%, avg=1548.46, stdev=23.14, samples=59
   iops        : min=381722, max=407088, avg=396404.92, stdev=5923.56, samples=59
  lat (usec)   : 10=0.01%, 20=0.01%, 50=0.01%, 100=99.92%, 250=0.08%
  lat (usec)   : 500=0.01%
  cpu          : usr=10.99%, sys=61.89%, ctx=8979725, majf=0, minf=10
  IO depths    : 1=0.1%, 2=0.1%, 4=0.1%, 8=0.1%, 16=0.1%, 32=100.0%, >=64=0.0%
     submit    : 0=0.0%, 4=100.0%, 8=0.0%, 16=0.0%, 32=0.0%, 64=0.0%, >=64=0.0%
     complete  : 0=0.0%, 4=100.0%, 8=0.0%, 16=0.0%, 32=0.1%, 64=0.0%, >=64=0.0%
     issued rwts: total=0,11889440,0,0 short=0,0,0,0 dropped=0,0,0,0
     latency   : target=0, window=0, percentile=100.00%, depth=32

Run status group 0 (all jobs):
  WRITE: bw=1548MiB/s (1623MB/s), 1548MiB/s-1548MiB/s (1623MB/s-1623MB/s), io=45.4GiB (48.7GB), run=30001-30001msec

Disk stats (read/write):
    md0: ios=0/11846464, merge=0/0, ticks=0/78224, in_queue=78224, util=96.79%, aggrios=0/1486180, aggrmerge=0/0, aggrticks=0/10529, aggrin_queue=10529, aggrutil=28.92%
  nvme0n1: ios=0/1485535, merge=0/0, ticks=0/10295, in_queue=10295, util=26.84%
  nvme3n1: ios=0/1487209, merge=0/0, ticks=0/10823, in_queue=10823, util=28.92%
  nvme6n1: ios=0/1486375, merge=0/0, ticks=0/10749, in_queue=10749, util=27.86%
  nvme2n1: ios=0/1486385, merge=0/0, ticks=0/10284, in_queue=10285, util=26.94%
  nvme5n1: ios=0/1486453, merge=0/0, ticks=0/10827, in_queue=10827, util=28.72%
  nvme8n1: ios=0/1486525, merge=0/0, ticks=0/10244, in_queue=10245, util=27.41%
  nvme4n1: ios=0/1485125, merge=0/0, ticks=0/10796, in_queue=10795, util=28.02%
  nvme7n1: ios=0/1485834, merge=0/0, ticks=0/10220, in_queue=10220, util=26.83%

--- Cleanup ---
Test file removed.

Finished: 2026-05-21T09:36:23
