=== Wed May 20 19:40:07 EDT 2026 mode=write nodes=16 npernode=128 ===
[a0002 r0] base=/work/mit/datasets/test/writebench.a0002.0.2634607.f1e3574e
[a0014 r12] base=/work/mit/datasets/test/writebench.a0014.12.488276.9da3eaf0
[a0012 r10] base=/work/mit/datasets/test/writebench.a0012.10.394450.c4a4ab87
[a0009 r7] base=/work/mit/datasets/test/writebench.a0009.7.1111808.c81a87bd
[a0005 r3] base=/work/mit/datasets/test/writebench.a0005.3.1301785.69e3df45
[a0006 r4] base=/work/mit/datasets/test/writebench.a0006.4.504712.fe0c8850
[a0008 r6] base=/work/mit/datasets/test/writebench.a0008.6.736462.ad357d6f
[a0010 r8] base=/work/mit/datasets/test/writebench.a0010.8.899834.7e33928e
[a0011 r9] base=/work/mit/datasets/test/writebench.a0011.9.474080.d814390a
[a0007 r5] base=/work/mit/datasets/test/writebench.a0007.5.724627.90122f16
[a0013 r11] base=/work/mit/datasets/test/writebench.a0013.11.505389.3caf9d36
[a0015 r13] base=/work/mit/datasets/test/writebench.a0015.13.397211.8d819551
[a0017 r15] base=/work/mit/datasets/test/writebench.a0017.15.74719.3bddbb5c
[a0016 r14] base=/work/mit/datasets/test/writebench.a0016.14.329085.accba243
[a0004 r2] base=/work/mit/datasets/test/writebench.a0004.2.165248.bc57e519
[a0003 r1] base=/work/mit/datasets/test/writebench.a0003.1.854347.c802fa0b
[a0012 r10] mode=raw size=102400 fpp=8 iter=0 bytes=104857600 t=1.27s 0.077 GB/s
[a0002 r0] mode=raw size=102400 fpp=8 iter=0 bytes=104857600 t=1.30s 0.075 GB/s
[a0010 r8] mode=raw size=102400 fpp=8 iter=0 bytes=104857600 t=1.31s 0.074 GB/s
[a0007 r5] mode=raw size=102400 fpp=8 iter=0 bytes=104857600 t=1.28s 0.077 GB/s
[a0014 r12] mode=raw size=102400 fpp=8 iter=0 bytes=104857600 t=1.37s 0.071 GB/s
[a0005 r3] mode=raw size=102400 fpp=8 iter=0 bytes=104857600 t=1.39s 0.070 GB/s
[a0015 r13] mode=raw size=102400 fpp=8 iter=0 bytes=104857600 t=1.41s 0.069 GB/s
[a0009 r7] mode=raw size=102400 fpp=8 iter=0 bytes=104857600 t=1.32s 0.074 GB/s
[a0006 r4] mode=raw size=102400 fpp=8 iter=0 bytes=104857600 t=1.40s 0.070 GB/s
[a0016 r14] mode=raw size=102400 fpp=8 iter=0 bytes=104857600 t=1.27s 0.077 GB/s
[a0011 r9] mode=raw size=102400 fpp=8 iter=0 bytes=104857600 t=1.46s 0.067 GB/s
[a0017 r15] mode=raw size=102400 fpp=8 iter=0 bytes=104857600 t=1.42s 0.069 GB/s
[a0013 r11] mode=raw size=102400 fpp=8 iter=0 bytes=104857600 t=1.41s 0.069 GB/s
[a0008 r6] mode=raw size=102400 fpp=8 iter=0 bytes=104857600 t=1.42s 0.069 GB/s
[a0003 r1] mode=raw size=102400 fpp=8 iter=0 bytes=104857600 t=1.27s 0.077 GB/s
[a0004 r2] mode=raw size=102400 fpp=8 iter=0 bytes=104857600 t=1.40s 0.070 GB/s
[a0002 r0] mode=raw size=102400 fpp=8 iter=1 bytes=104857600 t=1.27s 0.077 GB/s
[a0012 r10] mode=raw size=102400 fpp=8 iter=1 bytes=104857600 t=1.33s 0.073 GB/s
[a0010 r8] mode=raw size=102400 fpp=8 iter=1 bytes=104857600 t=1.30s 0.075 GB/s
[a0007 r5] mode=raw size=102400 fpp=8 iter=1 bytes=104857600 t=1.40s 0.070 GB/s
[a0005 r3] mode=raw size=102400 fpp=8 iter=1 bytes=104857600 t=1.28s 0.076 GB/s
[a0014 r12] mode=raw size=102400 fpp=8 iter=1 bytes=104857600 t=1.37s 0.071 GB/s
[a0016 r14] mode=raw size=102400 fpp=8 iter=1 bytes=104857600 t=1.32s 0.074 GB/s
[a0009 r7] mode=raw size=102400 fpp=8 iter=1 bytes=104857600 t=1.34s 0.073 GB/s
[a0015 r13] mode=raw size=102400 fpp=8 iter=1 bytes=104857600 t=1.48s 0.066 GB/s
[a0006 r4] mode=raw size=102400 fpp=8 iter=1 bytes=104857600 t=1.44s 0.068 GB/s
[a0017 r15] mode=raw size=102400 fpp=8 iter=1 bytes=104857600 t=1.37s 0.071 GB/s
[a0003 r1] mode=raw size=102400 fpp=8 iter=1 bytes=104857600 t=1.26s 0.078 GB/s
[a0013 r11] mode=raw size=102400 fpp=8 iter=1 bytes=104857600 t=1.39s 0.070 GB/s
[a0011 r9] mode=raw size=102400 fpp=8 iter=1 bytes=104857600 t=1.48s 0.066 GB/s
[a0008 r6] mode=raw size=102400 fpp=8 iter=1 bytes=104857600 t=1.45s 0.067 GB/s
[a0004 r2] mode=raw size=102400 fpp=8 iter=1 bytes=104857600 t=1.40s 0.070 GB/s
[a0002 r0] mode=raw size=102400 fpp=8 iter=2 bytes=104857600 t=1.25s 0.078 GB/s
[a0012 r10] mode=raw size=102400 fpp=8 iter=2 bytes=104857600 t=1.24s 0.079 GB/s
[a0010 r8] mode=raw size=102400 fpp=8 iter=2 bytes=104857600 t=1.24s 0.079 GB/s
[a0005 r3] mode=raw size=102400 fpp=8 iter=2 bytes=104857600 t=1.25s 0.078 GB/s
[a0007 r5] mode=raw size=102400 fpp=8 iter=2 bytes=104857600 t=1.41s 0.069 GB/s
[a0016 r14] mode=raw size=102400 fpp=8 iter=2 bytes=104857600 t=1.28s 0.076 GB/s
[a0014 r12] mode=raw size=102400 fpp=8 iter=2 bytes=104857600 t=1.43s 0.068 GB/s
[a0003 r1] mode=raw size=102400 fpp=8 iter=2 bytes=104857600 t=1.30s 0.075 GB/s
[a0015 r13] mode=raw size=102400 fpp=8 iter=2 bytes=104857600 t=1.36s 0.072 GB/s
[a0009 r7] mode=raw size=102400 fpp=8 iter=2 bytes=104857600 t=1.36s 0.072 GB/s
[a0017 r15] mode=raw size=102400 fpp=8 iter=2 bytes=104857600 t=1.39s 0.070 GB/s
[a0006 r4] mode=raw size=102400 fpp=8 iter=2 bytes=104857600 t=1.36s 0.072 GB/s
[a0011 r9] mode=raw size=102400 fpp=8 iter=2 bytes=104857600 t=1.35s 0.072 GB/s
[a0013 r11] mode=raw size=102400 fpp=8 iter=2 bytes=104857600 t=1.42s 0.069 GB/s
[a0004 r2] mode=raw size=102400 fpp=8 iter=2 bytes=104857600 t=1.35s 0.072 GB/s
[a0008 r6] mode=raw size=102400 fpp=8 iter=2 bytes=104857600 t=1.43s 0.068 GB/s
[a0012 r10] mode=torch_save size=102400 fpp=8 iter=0 bytes=106472448 t=1.32s 0.075 GB/s
[a0002 r0] mode=torch_save size=102400 fpp=8 iter=0 bytes=106472448 t=1.28s 0.077 GB/s
[a0010 r8] mode=torch_save size=102400 fpp=8 iter=0 bytes=106472448 t=1.30s 0.076 GB/s
[a0005 r3] mode=torch_save size=102400 fpp=8 iter=0 bytes=106472448 t=1.25s 0.079 GB/s
[a0016 r14] mode=torch_save size=102400 fpp=8 iter=0 bytes=106472448 t=1.25s 0.080 GB/s
[a0007 r5] mode=torch_save size=102400 fpp=8 iter=0 bytes=106472448 t=1.33s 0.075 GB/s
[a0003 r1] mode=torch_save size=102400 fpp=8 iter=0 bytes=106472448 t=1.22s 0.081 GB/s
[a0014 r12] mode=torch_save size=102400 fpp=8 iter=0 bytes=106472448 t=1.33s 0.075 GB/s
[a0009 r7] mode=torch_save size=102400 fpp=8 iter=0 bytes=106472448 t=1.29s 0.077 GB/s
[a0015 r13] mode=torch_save size=102400 fpp=8 iter=0 bytes=106472448 t=1.37s 0.073 GB/s
[a0017 r15] mode=torch_save size=102400 fpp=8 iter=0 bytes=106472448 t=1.37s 0.072 GB/s
[a0006 r4] mode=torch_save size=102400 fpp=8 iter=0 bytes=106472448 t=1.39s 0.072 GB/s
[a0013 r11] mode=torch_save size=102400 fpp=8 iter=0 bytes=106472448 t=1.36s 0.073 GB/s
[a0004 r2] mode=torch_save size=102400 fpp=8 iter=0 bytes=106472448 t=1.46s 0.068 GB/s
[a0011 r9] mode=torch_save size=102400 fpp=8 iter=0 bytes=106472448 t=1.43s 0.069 GB/s
[a0008 r6] mode=torch_save size=102400 fpp=8 iter=0 bytes=106472448 t=1.39s 0.071 GB/s
[a0002 r0] mode=torch_save size=102400 fpp=8 iter=1 bytes=106472448 t=1.26s 0.079 GB/s
[a0012 r10] mode=torch_save size=102400 fpp=8 iter=1 bytes=106472448 t=1.27s 0.078 GB/s
[a0005 r3] mode=torch_save size=102400 fpp=8 iter=1 bytes=106472448 t=1.27s 0.078 GB/s
[a0010 r8] mode=torch_save size=102400 fpp=8 iter=1 bytes=106472448 t=1.37s 0.072 GB/s
[a0016 r14] mode=torch_save size=102400 fpp=8 iter=1 bytes=106472448 t=1.35s 0.073 GB/s
[a0003 r1] mode=torch_save size=102400 fpp=8 iter=1 bytes=106472448 t=1.26s 0.079 GB/s
[a0007 r5] mode=torch_save size=102400 fpp=8 iter=1 bytes=106472448 t=1.37s 0.072 GB/s
[a0014 r12] mode=torch_save size=102400 fpp=8 iter=1 bytes=106472448 t=1.39s 0.071 GB/s
[a0015 r13] mode=torch_save size=102400 fpp=8 iter=1 bytes=106472448 t=1.39s 0.072 GB/s
[a0009 r7] mode=torch_save size=102400 fpp=8 iter=1 bytes=106472448 t=1.44s 0.069 GB/s
[a0017 r15] mode=torch_save size=102400 fpp=8 iter=1 bytes=106472448 t=1.47s 0.067 GB/s
[a0006 r4] mode=torch_save size=102400 fpp=8 iter=1 bytes=106472448 t=1.41s 0.070 GB/s
[a0013 r11] mode=torch_save size=102400 fpp=8 iter=1 bytes=106472448 t=1.50s 0.066 GB/s
[a0004 r2] mode=torch_save size=102400 fpp=8 iter=1 bytes=106472448 t=1.41s 0.071 GB/s
[a0011 r9] mode=torch_save size=102400 fpp=8 iter=1 bytes=106472448 t=1.39s 0.072 GB/s
[a0008 r6] mode=torch_save size=102400 fpp=8 iter=1 bytes=106472448 t=1.41s 0.070 GB/s
[a0002 r0] mode=torch_save size=102400 fpp=8 iter=2 bytes=106472448 t=1.23s 0.080 GB/s
[a0012 r10] mode=torch_save size=102400 fpp=8 iter=2 bytes=106472448 t=1.24s 0.080 GB/s
[a0005 r3] mode=torch_save size=102400 fpp=8 iter=2 bytes=106472448 t=1.20s 0.083 GB/s
[a0010 r8] mode=torch_save size=102400 fpp=8 iter=2 bytes=106472448 t=1.28s 0.078 GB/s
[a0016 r14] mode=torch_save size=102400 fpp=8 iter=2 bytes=106472448 t=1.28s 0.077 GB/s
[a0003 r1] mode=torch_save size=102400 fpp=8 iter=2 bytes=106472448 t=1.33s 0.075 GB/s
[a0007 r5] mode=torch_save size=102400 fpp=8 iter=2 bytes=106472448 t=1.43s 0.069 GB/s
[a0014 r12] mode=torch_save size=102400 fpp=8 iter=2 bytes=106472448 t=1.45s 0.068 GB/s
[a0015 r13] mode=torch_save size=102400 fpp=8 iter=2 bytes=106472448 t=1.33s 0.075 GB/s
[a0009 r7] mode=torch_save size=102400 fpp=8 iter=2 bytes=106472448 t=1.28s 0.077 GB/s
[a0006 r4] mode=torch_save size=102400 fpp=8 iter=2 bytes=106472448 t=1.37s 0.072 GB/s
[a0017 r15] mode=torch_save size=102400 fpp=8 iter=2 bytes=106472448 t=1.45s 0.069 GB/s
[a0004 r2] mode=torch_save size=102400 fpp=8 iter=2 bytes=106472448 t=1.35s 0.074 GB/s
[a0013 r11] mode=torch_save size=102400 fpp=8 iter=2 bytes=106472448 t=1.42s 0.070 GB/s
[a0011 r9] mode=torch_save size=102400 fpp=8 iter=2 bytes=106472448 t=1.35s 0.074 GB/s
[a0008 r6] mode=torch_save size=102400 fpp=8 iter=2 bytes=106472448 t=1.36s 0.073 GB/s
[a0002 r0] mode=dcp size=102400 fpp=8 iter=0 bytes=107419792 t=1.32s 0.076 GB/s
[a0005 r3] mode=dcp size=102400 fpp=8 iter=0 bytes=107419792 t=1.35s 0.074 GB/s
[a0012 r10] mode=dcp size=102400 fpp=8 iter=0 bytes=107419792 t=1.40s 0.072 GB/s
[a0010 r8] mode=dcp size=102400 fpp=8 iter=0 bytes=107418768 t=1.30s 0.077 GB/s
[a0016 r14] mode=dcp size=102400 fpp=8 iter=0 bytes=107419792 t=1.42s 0.070 GB/s
[a0003 r1] mode=dcp size=102400 fpp=8 iter=0 bytes=107418768 t=1.38s 0.072 GB/s
[a0007 r5] mode=dcp size=102400 fpp=8 iter=0 bytes=107418768 t=1.52s 0.066 GB/s
[a0014 r12] mode=dcp size=102400 fpp=8 iter=0 bytes=107419792 t=1.50s 0.067 GB/s
[a0015 r13] mode=dcp size=102400 fpp=8 iter=0 bytes=107419792 t=1.42s 0.070 GB/s
[a0009 r7] mode=dcp size=102400 fpp=8 iter=0 bytes=107419792 t=1.42s 0.071 GB/s
[a0017 r15] mode=dcp size=102400 fpp=8 iter=0 bytes=107418768 t=1.42s 0.071 GB/s
[a0006 r4] mode=dcp size=102400 fpp=8 iter=0 bytes=107418768 t=1.50s 0.067 GB/s
[a0004 r2] mode=dcp size=102400 fpp=8 iter=0 bytes=107418768 t=1.42s 0.071 GB/s
[a0011 r9] mode=dcp size=102400 fpp=8 iter=0 bytes=107418768 t=1.42s 0.070 GB/s
[a0013 r11] mode=dcp size=102400 fpp=8 iter=0 bytes=107419792 t=1.48s 0.068 GB/s
[a0008 r6] mode=dcp size=102400 fpp=8 iter=0 bytes=107418768 t=1.51s 0.066 GB/s
[a0002 r0] mode=dcp size=102400 fpp=8 iter=1 bytes=107419792 t=1.34s 0.074 GB/s
[a0012 r10] mode=dcp size=102400 fpp=8 iter=1 bytes=107419792 t=1.33s 0.075 GB/s
[a0005 r3] mode=dcp size=102400 fpp=8 iter=1 bytes=107419792 t=1.36s 0.074 GB/s
[a0010 r8] mode=dcp size=102400 fpp=8 iter=1 bytes=107418768 t=1.34s 0.075 GB/s
[a0016 r14] mode=dcp size=102400 fpp=8 iter=1 bytes=107419792 t=1.36s 0.073 GB/s
[a0003 r1] mode=dcp size=102400 fpp=8 iter=1 bytes=107418768 t=1.41s 0.071 GB/s
[a0007 r5] mode=dcp size=102400 fpp=8 iter=1 bytes=107418768 t=1.44s 0.069 GB/s
[a0009 r7] mode=dcp size=102400 fpp=8 iter=1 bytes=107419792 t=1.42s 0.070 GB/s
[a0014 r12] mode=dcp size=102400 fpp=8 iter=1 bytes=107419792 t=1.46s 0.068 GB/s
[a0015 r13] mode=dcp size=102400 fpp=8 iter=1 bytes=107419792 t=1.52s 0.066 GB/s
[a0017 r15] mode=dcp size=102400 fpp=8 iter=1 bytes=107418768 t=1.47s 0.068 GB/s
[a0006 r4] mode=dcp size=102400 fpp=8 iter=1 bytes=107418768 t=1.45s 0.069 GB/s
[a0011 r9] mode=dcp size=102400 fpp=8 iter=1 bytes=107418768 t=1.43s 0.070 GB/s
[a0004 r2] mode=dcp size=102400 fpp=8 iter=1 bytes=107418768 t=1.54s 0.065 GB/s
[a0013 r11] mode=dcp size=102400 fpp=8 iter=1 bytes=107419792 t=1.49s 0.067 GB/s
[a0008 r6] mode=dcp size=102400 fpp=8 iter=1 bytes=107418768 t=1.52s 0.066 GB/s
[a0002 r0] mode=dcp size=102400 fpp=8 iter=2 bytes=107419792 t=1.33s 0.075 GB/s
[a0012 r10] mode=dcp size=102400 fpp=8 iter=2 bytes=107419792 t=1.32s 0.076 GB/s
[a0010 r8] mode=dcp size=102400 fpp=8 iter=2 bytes=107418768 t=1.36s 0.074 GB/s
[a0005 r3] mode=dcp size=102400 fpp=8 iter=2 bytes=107419792 t=1.36s 0.074 GB/s
[a0016 r14] mode=dcp size=102400 fpp=8 iter=2 bytes=107419792 t=1.37s 0.073 GB/s
[a0003 r1] mode=dcp size=102400 fpp=8 iter=2 bytes=107418768 t=1.54s 0.065 GB/s
[a0009 r7] mode=dcp size=102400 fpp=8 iter=2 bytes=107419792 t=1.47s 0.068 GB/s
[a0007 r5] mode=dcp size=102400 fpp=8 iter=2 bytes=107418768 t=1.55s 0.064 GB/s
[a0014 r12] mode=dcp size=102400 fpp=8 iter=2 bytes=107419792 t=1.46s 0.068 GB/s
[a0015 r13] mode=dcp size=102400 fpp=8 iter=2 bytes=107419792 t=1.45s 0.069 GB/s
[a0017 r15] mode=dcp size=102400 fpp=8 iter=2 bytes=107418768 t=1.45s 0.069 GB/s
[a0006 r4] mode=dcp size=102400 fpp=8 iter=2 bytes=107418768 t=1.47s 0.068 GB/s
[a0011 r9] mode=dcp size=102400 fpp=8 iter=2 bytes=107418768 t=1.37s 0.073 GB/s
[a0004 r2] mode=dcp size=102400 fpp=8 iter=2 bytes=107418768 t=1.47s 0.068 GB/s
[a0008 r6] mode=dcp size=102400 fpp=8 iter=2 bytes=107418768 t=1.42s 0.070 GB/s
[a0013 r11] mode=dcp size=102400 fpp=8 iter=2 bytes=107419792 t=1.48s 0.068 GB/s
[a0002 r0] mode=raw size=1048576 fpp=8 iter=0 bytes=1073741824 t=1.26s 0.791 GB/s
[a0005 r3] mode=raw size=1048576 fpp=8 iter=0 bytes=1073741824 t=1.22s 0.818 GB/s
[a0012 r10] mode=raw size=1048576 fpp=8 iter=0 bytes=1073741824 t=1.26s 0.792 GB/s
[a0010 r8] mode=raw size=1048576 fpp=8 iter=0 bytes=1073741824 t=1.37s 0.732 GB/s
[a0016 r14] mode=raw size=1048576 fpp=8 iter=0 bytes=1073741824 t=1.21s 0.826 GB/s
[a0003 r1] mode=raw size=1048576 fpp=8 iter=0 bytes=1073741824 t=1.17s 0.854 GB/s
[a0009 r7] mode=raw size=1048576 fpp=8 iter=0 bytes=1073741824 t=1.26s 0.794 GB/s
[a0007 r5] mode=raw size=1048576 fpp=8 iter=0 bytes=1073741824 t=1.32s 0.755 GB/s
[a0015 r13] mode=raw size=1048576 fpp=8 iter=0 bytes=1073741824 t=1.27s 0.789 GB/s
[a0014 r12] mode=raw size=1048576 fpp=8 iter=0 bytes=1073741824 t=1.35s 0.742 GB/s
[a0002 r0] mode=raw size=1048576 fpp=8 iter=1 bytes=1073741824 t=1.28s 0.780 GB/s
[a0017 r15] mode=raw size=1048576 fpp=8 iter=0 bytes=1073741824 t=1.32s 0.758 GB/s
[a0012 r10] mode=raw size=1048576 fpp=8 iter=1 bytes=1073741824 t=1.24s 0.806 GB/s
[a0005 r3] mode=raw size=1048576 fpp=8 iter=1 bytes=1073741824 t=1.29s 0.776 GB/s
[a0010 r8] mode=raw size=1048576 fpp=8 iter=1 bytes=1073741824 t=1.24s 0.804 GB/s
[a0011 r9] mode=raw size=1048576 fpp=8 iter=0 bytes=1073741824 t=1.28s 0.783 GB/s
[a0006 r4] mode=raw size=1048576 fpp=8 iter=0 bytes=1073741824 t=1.71s 0.584 GB/s
[a0004 r2] mode=raw size=1048576 fpp=8 iter=0 bytes=1073741824 t=1.28s 0.782 GB/s
[a0016 r14] mode=raw size=1048576 fpp=8 iter=1 bytes=1073741824 t=1.20s 0.831 GB/s
[a0008 r6] mode=raw size=1048576 fpp=8 iter=0 bytes=1073741824 t=1.28s 0.783 GB/s
[a0013 r11] mode=raw size=1048576 fpp=8 iter=0 bytes=1073741824 t=1.21s 0.824 GB/s
[a0003 r1] mode=raw size=1048576 fpp=8 iter=1 bytes=1073741824 t=1.24s 0.806 GB/s
[a0009 r7] mode=raw size=1048576 fpp=8 iter=1 bytes=1073741824 t=1.29s 0.772 GB/s
[a0007 r5] mode=raw size=1048576 fpp=8 iter=1 bytes=1073741824 t=1.23s 0.810 GB/s
[a0015 r13] mode=raw size=1048576 fpp=8 iter=1 bytes=1073741824 t=1.24s 0.805 GB/s
[a0002 r0] mode=raw size=1048576 fpp=8 iter=2 bytes=1073741824 t=1.22s 0.819 GB/s
[a0014 r12] mode=raw size=1048576 fpp=8 iter=1 bytes=1073741824 t=1.28s 0.780 GB/s
[a0012 r10] mode=raw size=1048576 fpp=8 iter=2 bytes=1073741824 t=1.22s 0.818 GB/s
[a0005 r3] mode=raw size=1048576 fpp=8 iter=2 bytes=1073741824 t=1.25s 0.800 GB/s
[a0010 r8] mode=raw size=1048576 fpp=8 iter=2 bytes=1073741824 t=1.26s 0.793 GB/s
[a0017 r15] mode=raw size=1048576 fpp=8 iter=1 bytes=1073741824 t=1.35s 0.741 GB/s
[a0011 r9] mode=raw size=1048576 fpp=8 iter=1 bytes=1073741824 t=1.32s 0.759 GB/s
[a0016 r14] mode=raw size=1048576 fpp=8 iter=2 bytes=1073741824 t=1.22s 0.822 GB/s
[a0004 r2] mode=raw size=1048576 fpp=8 iter=1 bytes=1073741824 t=1.36s 0.736 GB/s
[a0006 r4] mode=raw size=1048576 fpp=8 iter=1 bytes=1073741824 t=1.24s 0.806 GB/s
[a0008 r6] mode=raw size=1048576 fpp=8 iter=1 bytes=1073741824 t=1.31s 0.764 GB/s
[a0013 r11] mode=raw size=1048576 fpp=8 iter=1 bytes=1073741824 t=1.26s 0.793 GB/s
[a0003 r1] mode=raw size=1048576 fpp=8 iter=2 bytes=1073741824 t=1.26s 0.795 GB/s
[a0007 r5] mode=raw size=1048576 fpp=8 iter=2 bytes=1073741824 t=1.39s 0.720 GB/s
[a0009 r7] mode=raw size=1048576 fpp=8 iter=2 bytes=1073741824 t=1.43s 0.701 GB/s
[a0015 r13] mode=raw size=1048576 fpp=8 iter=2 bytes=1073741824 t=1.38s 0.722 GB/s
[a0014 r12] mode=raw size=1048576 fpp=8 iter=2 bytes=1073741824 t=1.53s 0.654 GB/s
[a0017 r15] mode=raw size=1048576 fpp=8 iter=2 bytes=1073741824 t=1.44s 0.692 GB/s
[a0011 r9] mode=raw size=1048576 fpp=8 iter=2 bytes=1073741824 t=1.47s 0.681 GB/s
[a0008 r6] mode=raw size=1048576 fpp=8 iter=2 bytes=1073741824 t=1.34s 0.748 GB/s
[a0006 r4] mode=raw size=1048576 fpp=8 iter=2 bytes=1073741824 t=1.37s 0.731 GB/s
[a0004 r2] mode=raw size=1048576 fpp=8 iter=2 bytes=1073741824 t=1.56s 0.640 GB/s
[a0013 r11] mode=raw size=1048576 fpp=8 iter=2 bytes=1073741824 t=1.32s 0.758 GB/s
[a0002 r0] mode=torch_save size=1048576 fpp=8 iter=0 bytes=1075356672 t=1.21s 0.826 GB/s
[a0005 r3] mode=torch_save size=1048576 fpp=8 iter=0 bytes=1075356672 t=1.24s 0.808 GB/s
[a0012 r10] mode=torch_save size=1048576 fpp=8 iter=0 bytes=1075356672 t=1.26s 0.793 GB/s
[a0010 r8] mode=torch_save size=1048576 fpp=8 iter=0 bytes=1075356672 t=1.30s 0.771 GB/s
[a0016 r14] mode=torch_save size=1048576 fpp=8 iter=0 bytes=1075356672 t=1.30s 0.768 GB/s
[a0003 r1] mode=torch_save size=1048576 fpp=8 iter=0 bytes=1075356672 t=1.25s 0.801 GB/s
[a0002 r0] mode=torch_save size=1048576 fpp=8 iter=1 bytes=1075356672 t=1.25s 0.801 GB/s
[a0007 r5] mode=torch_save size=1048576 fpp=8 iter=0 bytes=1075356672 t=1.27s 0.787 GB/s
[a0009 r7] mode=torch_save size=1048576 fpp=8 iter=0 bytes=1075356672 t=1.21s 0.829 GB/s
[a0012 r10] mode=torch_save size=1048576 fpp=8 iter=1 bytes=1075356672 t=1.21s 0.829 GB/s
[a0005 r3] mode=torch_save size=1048576 fpp=8 iter=1 bytes=1075356672 t=1.22s 0.821 GB/s
[a0010 r8] mode=torch_save size=1048576 fpp=8 iter=1 bytes=1075356672 t=1.26s 0.795 GB/s
[a0016 r14] mode=torch_save size=1048576 fpp=8 iter=1 bytes=1075356672 t=1.15s 0.873 GB/s
[a0014 r12] mode=torch_save size=1048576 fpp=8 iter=0 bytes=1075356672 t=1.31s 0.766 GB/s
[a0015 r13] mode=torch_save size=1048576 fpp=8 iter=0 bytes=1075356672 t=1.37s 0.733 GB/s
[a0017 r15] mode=torch_save size=1048576 fpp=8 iter=0 bytes=1075356672 t=1.31s 0.767 GB/s
[a0008 r6] mode=torch_save size=1048576 fpp=8 iter=0 bytes=1075356672 t=1.26s 0.794 GB/s
[a0011 r9] mode=torch_save size=1048576 fpp=8 iter=0 bytes=1075356672 t=1.29s 0.776 GB/s
[a0006 r4] mode=torch_save size=1048576 fpp=8 iter=0 bytes=1075356672 t=1.26s 0.793 GB/s
[a0004 r2] mode=torch_save size=1048576 fpp=8 iter=0 bytes=1075356672 t=1.30s 0.772 GB/s
[a0013 r11] mode=torch_save size=1048576 fpp=8 iter=0 bytes=1075356672 t=1.26s 0.796 GB/s
[a0003 r1] mode=torch_save size=1048576 fpp=8 iter=1 bytes=1075356672 t=1.38s 0.725 GB/s
[a0002 r0] mode=torch_save size=1048576 fpp=8 iter=2 bytes=1075356672 t=1.19s 0.840 GB/s
[a0007 r5] mode=torch_save size=1048576 fpp=8 iter=1 bytes=1075356672 t=1.19s 0.839 GB/s
[a0005 r3] mode=torch_save size=1048576 fpp=8 iter=2 bytes=1075356672 t=1.19s 0.840 GB/s
[a0009 r7] mode=torch_save size=1048576 fpp=8 iter=1 bytes=1075356672 t=1.30s 0.771 GB/s
[a0012 r10] mode=torch_save size=1048576 fpp=8 iter=2 bytes=1075356672 t=1.24s 0.805 GB/s
[a0010 r8] mode=torch_save size=1048576 fpp=8 iter=2 bytes=1075356672 t=1.26s 0.793 GB/s
[a0016 r14] mode=torch_save size=1048576 fpp=8 iter=2 bytes=1075356672 t=1.23s 0.811 GB/s
[a0014 r12] mode=torch_save size=1048576 fpp=8 iter=1 bytes=1075356672 t=1.31s 0.763 GB/s
[a0017 r15] mode=torch_save size=1048576 fpp=8 iter=1 bytes=1075356672 t=1.27s 0.790 GB/s
[a0015 r13] mode=torch_save size=1048576 fpp=8 iter=1 bytes=1075356672 t=1.34s 0.748 GB/s
[a0006 r4] mode=torch_save size=1048576 fpp=8 iter=1 bytes=1075356672 t=1.24s 0.810 GB/s
[a0008 r6] mode=torch_save size=1048576 fpp=8 iter=1 bytes=1075356672 t=1.28s 0.780 GB/s
[a0011 r9] mode=torch_save size=1048576 fpp=8 iter=1 bytes=1075356672 t=1.28s 0.782 GB/s
[a0013 r11] mode=torch_save size=1048576 fpp=8 iter=1 bytes=1075356672 t=1.18s 0.848 GB/s
[a0004 r2] mode=torch_save size=1048576 fpp=8 iter=1 bytes=1075356672 t=1.26s 0.793 GB/s
[a0003 r1] mode=torch_save size=1048576 fpp=8 iter=2 bytes=1075356672 t=1.23s 0.813 GB/s
[a0009 r7] mode=torch_save size=1048576 fpp=8 iter=2 bytes=1075356672 t=1.29s 0.777 GB/s
[a0007 r5] mode=torch_save size=1048576 fpp=8 iter=2 bytes=1075356672 t=1.34s 0.748 GB/s
[a0017 r15] mode=torch_save size=1048576 fpp=8 iter=2 bytes=1075356672 t=1.23s 0.812 GB/s
[a0014 r12] mode=torch_save size=1048576 fpp=8 iter=2 bytes=1075356672 t=1.33s 0.754 GB/s
[a0015 r13] mode=torch_save size=1048576 fpp=8 iter=2 bytes=1075356672 t=1.33s 0.754 GB/s
[a0006 r4] mode=torch_save size=1048576 fpp=8 iter=2 bytes=1075356672 t=1.27s 0.791 GB/s
[a0008 r6] mode=torch_save size=1048576 fpp=8 iter=2 bytes=1075356672 t=1.30s 0.773 GB/s
[a0011 r9] mode=torch_save size=1048576 fpp=8 iter=2 bytes=1075356672 t=1.28s 0.781 GB/s
[a0013 r11] mode=torch_save size=1048576 fpp=8 iter=2 bytes=1075356672 t=1.23s 0.815 GB/s
[a0004 r2] mode=torch_save size=1048576 fpp=8 iter=2 bytes=1075356672 t=1.24s 0.805 GB/s
[a0002 r0] mode=dcp size=1048576 fpp=8 iter=0 bytes=1076308112 t=1.40s 0.716 GB/s
[a0005 r3] mode=dcp size=1048576 fpp=8 iter=0 bytes=1076308112 t=1.49s 0.672 GB/s
[a0012 r10] mode=dcp size=1048576 fpp=8 iter=0 bytes=1076308112 t=1.47s 0.684 GB/s
[a0016 r14] mode=dcp size=1048576 fpp=8 iter=0 bytes=1076308112 t=1.46s 0.684 GB/s
[a0010 r8] mode=dcp size=1048576 fpp=8 iter=0 bytes=1076307088 t=1.47s 0.683 GB/s
[a0009 r7] mode=dcp size=1048576 fpp=8 iter=0 bytes=1076308112 t=1.53s 0.655 GB/s
[a0007 r5] mode=dcp size=1048576 fpp=8 iter=0 bytes=1076307088 t=1.56s 0.642 GB/s
[a0003 r1] mode=dcp size=1048576 fpp=8 iter=0 bytes=1076307088 t=1.66s 0.602 GB/s
[a0017 r15] mode=dcp size=1048576 fpp=8 iter=0 bytes=1076307088 t=1.59s 0.630 GB/s
[a0015 r13] mode=dcp size=1048576 fpp=8 iter=0 bytes=1076308112 t=1.61s 0.624 GB/s
[a0006 r4] mode=dcp size=1048576 fpp=8 iter=0 bytes=1076307088 t=1.59s 0.629 GB/s
[a0014 r12] mode=dcp size=1048576 fpp=8 iter=0 bytes=1076308112 t=1.65s 0.607 GB/s
[a0011 r9] mode=dcp size=1048576 fpp=8 iter=0 bytes=1076307088 t=1.56s 0.642 GB/s
[a0008 r6] mode=dcp size=1048576 fpp=8 iter=0 bytes=1076307088 t=1.59s 0.631 GB/s
[a0013 r11] mode=dcp size=1048576 fpp=8 iter=0 bytes=1076308112 t=1.57s 0.636 GB/s
[a0004 r2] mode=dcp size=1048576 fpp=8 iter=0 bytes=1076307088 t=1.57s 0.639 GB/s
[a0002 r0] mode=dcp size=1048576 fpp=8 iter=1 bytes=1076308112 t=1.47s 0.680 GB/s
[a0005 r3] mode=dcp size=1048576 fpp=8 iter=1 bytes=1076308112 t=1.56s 0.645 GB/s
[a0016 r14] mode=dcp size=1048576 fpp=8 iter=1 bytes=1076308112 t=1.55s 0.646 GB/s
[a0012 r10] mode=dcp size=1048576 fpp=8 iter=1 bytes=1076308112 t=1.55s 0.646 GB/s
[a0010 r8] mode=dcp size=1048576 fpp=8 iter=1 bytes=1076307088 t=1.51s 0.665 GB/s
[a0009 r7] mode=dcp size=1048576 fpp=8 iter=1 bytes=1076308112 t=1.62s 0.618 GB/s
[a0007 r5] mode=dcp size=1048576 fpp=8 iter=1 bytes=1076307088 t=1.57s 0.639 GB/s
[a0003 r1] mode=dcp size=1048576 fpp=8 iter=1 bytes=1076307088 t=1.58s 0.636 GB/s
[a0017 r15] mode=dcp size=1048576 fpp=8 iter=1 bytes=1076307088 t=1.57s 0.638 GB/s
[a0015 r13] mode=dcp size=1048576 fpp=8 iter=1 bytes=1076308112 t=1.61s 0.622 GB/s
[a0006 r4] mode=dcp size=1048576 fpp=8 iter=1 bytes=1076307088 t=1.67s 0.602 GB/s
[a0014 r12] mode=dcp size=1048576 fpp=8 iter=1 bytes=1076308112 t=1.66s 0.602 GB/s
[a0011 r9] mode=dcp size=1048576 fpp=8 iter=1 bytes=1076307088 t=1.74s 0.577 GB/s
[a0008 r6] mode=dcp size=1048576 fpp=8 iter=1 bytes=1076307088 t=1.63s 0.616 GB/s
[a0013 r11] mode=dcp size=1048576 fpp=8 iter=1 bytes=1076308112 t=1.57s 0.639 GB/s
[a0004 r2] mode=dcp size=1048576 fpp=8 iter=1 bytes=1076307088 t=1.56s 0.644 GB/s
[a0002 r0] mode=dcp size=1048576 fpp=8 iter=2 bytes=1076308112 t=1.46s 0.686 GB/s
[a0005 r3] mode=dcp size=1048576 fpp=8 iter=2 bytes=1076308112 t=1.49s 0.674 GB/s
[a0016 r14] mode=dcp size=1048576 fpp=8 iter=2 bytes=1076308112 t=1.45s 0.691 GB/s
[a0012 r10] mode=dcp size=1048576 fpp=8 iter=2 bytes=1076308112 t=1.49s 0.675 GB/s
[a0010 r8] mode=dcp size=1048576 fpp=8 iter=2 bytes=1076307088 t=1.53s 0.653 GB/s
[a0009 r7] mode=dcp size=1048576 fpp=8 iter=2 bytes=1076308112 t=1.50s 0.666 GB/s
[a0007 r5] mode=dcp size=1048576 fpp=8 iter=2 bytes=1076307088 t=1.61s 0.624 GB/s
[a0003 r1] mode=dcp size=1048576 fpp=8 iter=2 bytes=1076307088 t=1.54s 0.652 GB/s
[a0017 r15] mode=dcp size=1048576 fpp=8 iter=2 bytes=1076307088 t=1.54s 0.650 GB/s
[a0015 r13] mode=dcp size=1048576 fpp=8 iter=2 bytes=1076308112 t=1.58s 0.636 GB/s
[a0006 r4] mode=dcp size=1048576 fpp=8 iter=2 bytes=1076307088 t=1.59s 0.628 GB/s
[a0011 r9] mode=dcp size=1048576 fpp=8 iter=2 bytes=1076307088 t=1.59s 0.629 GB/s
[a0014 r12] mode=dcp size=1048576 fpp=8 iter=2 bytes=1076308112 t=1.60s 0.625 GB/s
[a0008 r6] mode=dcp size=1048576 fpp=8 iter=2 bytes=1076307088 t=1.56s 0.644 GB/s
[a0013 r11] mode=dcp size=1048576 fpp=8 iter=2 bytes=1076308112 t=1.59s 0.630 GB/s
[a0004 r2] mode=dcp size=1048576 fpp=8 iter=2 bytes=1076307088 t=1.79s 0.560 GB/s
[a0002 r0] mode=raw size=10485760 fpp=8 iter=0 bytes=10737418240 t=2.06s 4.853 GB/s
[a0005 r3] mode=raw size=10485760 fpp=8 iter=0 bytes=10737418240 t=2.13s 4.692 GB/s
[a0016 r14] mode=raw size=10485760 fpp=8 iter=0 bytes=10737418240 t=2.25s 4.435 GB/s
[a0012 r10] mode=raw size=10485760 fpp=8 iter=0 bytes=10737418240 t=2.31s 4.320 GB/s
[a0010 r8] mode=raw size=10485760 fpp=8 iter=0 bytes=10737418240 t=2.30s 4.348 GB/s
[a0002 r0] mode=raw size=10485760 fpp=8 iter=1 bytes=10737418240 t=2.01s 4.984 GB/s
[a0005 r3] mode=raw size=10485760 fpp=8 iter=1 bytes=10737418240 t=1.91s 5.235 GB/s
[a0016 r14] mode=raw size=10485760 fpp=8 iter=1 bytes=10737418240 t=2.01s 4.976 GB/s
[a0012 r10] mode=raw size=10485760 fpp=8 iter=1 bytes=10737418240 t=2.11s 4.750 GB/s
[a0010 r8] mode=raw size=10485760 fpp=8 iter=1 bytes=10737418240 t=1.99s 5.038 GB/s
[a0009 r7] mode=raw size=10485760 fpp=8 iter=0 bytes=10737418240 t=1.91s 5.225 GB/s
[a0003 r1] mode=raw size=10485760 fpp=8 iter=0 bytes=10737418240 t=2.10s 4.773 GB/s
[a0017 r15] mode=raw size=10485760 fpp=8 iter=0 bytes=10737418240 t=1.81s 5.511 GB/s
[a0007 r5] mode=raw size=10485760 fpp=8 iter=0 bytes=10737418240 t=1.97s 5.064 GB/s
[a0015 r13] mode=raw size=10485760 fpp=8 iter=0 bytes=10737418240 t=1.84s 5.421 GB/s
[a0014 r12] mode=raw size=10485760 fpp=8 iter=0 bytes=10737418240 t=1.98s 5.062 GB/s
[a0013 r11] mode=raw size=10485760 fpp=8 iter=0 bytes=10737418240 t=2.04s 4.895 GB/s
[a0006 r4] mode=raw size=10485760 fpp=8 iter=0 bytes=10737418240 t=2.09s 4.784 GB/s
[a0011 r9] mode=raw size=10485760 fpp=8 iter=0 bytes=10737418240 t=2.35s 4.250 GB/s
[a0008 r6] mode=raw size=10485760 fpp=8 iter=0 bytes=10737418240 t=1.99s 5.015 GB/s
[a0004 r2] mode=raw size=10485760 fpp=8 iter=0 bytes=10737418240 t=1.97s 5.064 GB/s
[a0005 r3] mode=raw size=10485760 fpp=8 iter=2 bytes=10737418240 t=1.81s 5.522 GB/s
[a0002 r0] mode=raw size=10485760 fpp=8 iter=2 bytes=10737418240 t=2.10s 4.759 GB/s
[a0016 r14] mode=raw size=10485760 fpp=8 iter=2 bytes=10737418240 t=1.92s 5.201 GB/s
[a0012 r10] mode=raw size=10485760 fpp=8 iter=2 bytes=10737418240 t=1.93s 5.189 GB/s
[a0010 r8] mode=raw size=10485760 fpp=8 iter=2 bytes=10737418240 t=1.93s 5.194 GB/s
[a0009 r7] mode=raw size=10485760 fpp=8 iter=1 bytes=10737418240 t=1.80s 5.550 GB/s
[a0003 r1] mode=raw size=10485760 fpp=8 iter=1 bytes=10737418240 t=1.98s 5.055 GB/s
[a0007 r5] mode=raw size=10485760 fpp=8 iter=1 bytes=10737418240 t=1.82s 5.486 GB/s
[a0017 r15] mode=raw size=10485760 fpp=8 iter=1 bytes=10737418240 t=1.98s 5.049 GB/s
[a0015 r13] mode=raw size=10485760 fpp=8 iter=1 bytes=10737418240 t=1.79s 5.586 GB/s
[a0004 r2] mode=raw size=10485760 fpp=8 iter=1 bytes=10737418240 t=1.79s 5.584 GB/s
[a0014 r12] mode=raw size=10485760 fpp=8 iter=1 bytes=10737418240 t=2.23s 4.484 GB/s
[a0006 r4] mode=raw size=10485760 fpp=8 iter=1 bytes=10737418240 t=2.07s 4.822 GB/s
[a0011 r9] mode=raw size=10485760 fpp=8 iter=1 bytes=10737418240 t=2.03s 4.936 GB/s
[a0008 r6] mode=raw size=10485760 fpp=8 iter=1 bytes=10737418240 t=2.12s 4.714 GB/s
[a0013 r11] mode=raw size=10485760 fpp=8 iter=1 bytes=10737418240 t=2.35s 4.258 GB/s
[a0009 r7] mode=raw size=10485760 fpp=8 iter=2 bytes=10737418240 t=2.12s 4.720 GB/s
[a0017 r15] mode=raw size=10485760 fpp=8 iter=2 bytes=10737418240 t=1.91s 5.239 GB/s
[a0003 r1] mode=raw size=10485760 fpp=8 iter=2 bytes=10737418240 t=1.87s 5.344 GB/s
[a0007 r5] mode=raw size=10485760 fpp=8 iter=2 bytes=10737418240 t=2.09s 4.795 GB/s
[a0015 r13] mode=raw size=10485760 fpp=8 iter=2 bytes=10737418240 t=1.96s 5.104 GB/s
[a0004 r2] mode=raw size=10485760 fpp=8 iter=2 bytes=10737418240 t=2.07s 4.826 GB/s
[a0005 r3] mode=torch_save size=10485760 fpp=8 iter=0 bytes=10739033088 t=1.91s 5.248 GB/s
[a0006 r4] mode=raw size=10485760 fpp=8 iter=2 bytes=10737418240 t=2.00s 5.004 GB/s
[a0013 r11] mode=raw size=10485760 fpp=8 iter=2 bytes=10737418240 t=1.97s 5.069 GB/s
[a0011 r9] mode=raw size=10485760 fpp=8 iter=2 bytes=10737418240 t=2.30s 4.357 GB/s
[a0002 r0] mode=torch_save size=10485760 fpp=8 iter=0 bytes=10739033088 t=2.17s 4.616 GB/s
[a0008 r6] mode=raw size=10485760 fpp=8 iter=2 bytes=10737418240 t=2.40s 4.174 GB/s
[a0014 r12] mode=raw size=10485760 fpp=8 iter=2 bytes=10737418240 t=2.56s 3.902 GB/s
[a0016 r14] mode=torch_save size=10485760 fpp=8 iter=0 bytes=10739033088 t=1.98s 5.046 GB/s
[a0010 r8] mode=torch_save size=10485760 fpp=8 iter=0 bytes=10739033088 t=2.02s 4.962 GB/s
[a0012 r10] mode=torch_save size=10485760 fpp=8 iter=0 bytes=10739033088 t=2.28s 4.382 GB/s
[a0005 r3] mode=torch_save size=10485760 fpp=8 iter=1 bytes=10739033088 t=1.78s 5.628 GB/s
[a0002 r0] mode=torch_save size=10485760 fpp=8 iter=1 bytes=10739033088 t=2.08s 4.803 GB/s
[a0010 r8] mode=torch_save size=10485760 fpp=8 iter=1 bytes=10739033088 t=2.07s 4.833 GB/s
[a0016 r14] mode=torch_save size=10485760 fpp=8 iter=1 bytes=10739033088 t=2.11s 4.747 GB/s
[a0012 r10] mode=torch_save size=10485760 fpp=8 iter=1 bytes=10739033088 t=2.07s 4.827 GB/s
[a0009 r7] mode=torch_save size=10485760 fpp=8 iter=0 bytes=10739033088 t=1.82s 5.480 GB/s
[a0007 r5] mode=torch_save size=10485760 fpp=8 iter=0 bytes=10739033088 t=2.24s 4.471 GB/s
[a0003 r1] mode=torch_save size=10485760 fpp=8 iter=0 bytes=10739033088 t=2.90s 3.451 GB/s
[a0017 r15] mode=torch_save size=10485760 fpp=8 iter=0 bytes=10739033088 t=2.61s 3.832 GB/s
[a0005 r3] mode=torch_save size=10485760 fpp=8 iter=2 bytes=10739033088 t=1.85s 5.399 GB/s
[a0004 r2] mode=torch_save size=10485760 fpp=8 iter=0 bytes=10739033088 t=1.98s 5.061 GB/s
[a0015 r13] mode=torch_save size=10485760 fpp=8 iter=0 bytes=10739033088 t=2.52s 3.976 GB/s
[a0002 r0] mode=torch_save size=10485760 fpp=8 iter=2 bytes=10739033088 t=1.94s 5.164 GB/s
[a0006 r4] mode=torch_save size=10485760 fpp=8 iter=0 bytes=10739033088 t=2.17s 4.611 GB/s
[a0013 r11] mode=torch_save size=10485760 fpp=8 iter=0 bytes=10739033088 t=2.12s 4.726 GB/s
[a0011 r9] mode=torch_save size=10485760 fpp=8 iter=0 bytes=10739033088 t=2.26s 4.421 GB/s
[a0010 r8] mode=torch_save size=10485760 fpp=8 iter=2 bytes=10739033088 t=2.00s 4.991 GB/s
[a0016 r14] mode=torch_save size=10485760 fpp=8 iter=2 bytes=10739033088 t=2.15s 4.656 GB/s
[a0008 r6] mode=torch_save size=10485760 fpp=8 iter=0 bytes=10739033088 t=2.47s 4.050 GB/s
[a0012 r10] mode=torch_save size=10485760 fpp=8 iter=2 bytes=10739033088 t=1.93s 5.194 GB/s
[a0014 r12] mode=torch_save size=10485760 fpp=8 iter=0 bytes=10739033088 t=2.34s 4.278 GB/s
[a0009 r7] mode=torch_save size=10485760 fpp=8 iter=1 bytes=10739033088 t=2.07s 4.831 GB/s
[a0007 r5] mode=torch_save size=10485760 fpp=8 iter=1 bytes=10739033088 t=2.26s 4.422 GB/s
[a0003 r1] mode=torch_save size=10485760 fpp=8 iter=1 bytes=10739033088 t=2.48s 4.037 GB/s
[a0017 r15] mode=torch_save size=10485760 fpp=8 iter=1 bytes=10739033088 t=2.18s 4.584 GB/s
[a0004 r2] mode=torch_save size=10485760 fpp=8 iter=1 bytes=10739033088 t=1.96s 5.108 GB/s
[a0015 r13] mode=torch_save size=10485760 fpp=8 iter=1 bytes=10739033088 t=2.15s 4.641 GB/s
[a0006 r4] mode=torch_save size=10485760 fpp=8 iter=1 bytes=10739033088 t=2.20s 4.542 GB/s
[a0013 r11] mode=torch_save size=10485760 fpp=8 iter=1 bytes=10739033088 t=2.34s 4.273 GB/s
[a0011 r9] mode=torch_save size=10485760 fpp=8 iter=1 bytes=10739033088 t=2.47s 4.056 GB/s
[a0008 r6] mode=torch_save size=10485760 fpp=8 iter=1 bytes=10739033088 t=2.17s 4.605 GB/s
[a0014 r12] mode=torch_save size=10485760 fpp=8 iter=1 bytes=10739033088 t=2.42s 4.136 GB/s
[a0009 r7] mode=torch_save size=10485760 fpp=8 iter=2 bytes=10739033088 t=2.00s 4.998 GB/s
[a0017 r15] mode=torch_save size=10485760 fpp=8 iter=2 bytes=10739033088 t=1.81s 5.530 GB/s
[a0004 r2] mode=torch_save size=10485760 fpp=8 iter=2 bytes=10739033088 t=1.72s 5.819 GB/s
[a0015 r13] mode=torch_save size=10485760 fpp=8 iter=2 bytes=10739033088 t=1.84s 5.423 GB/s
[a0007 r5] mode=torch_save size=10485760 fpp=8 iter=2 bytes=10739033088 t=2.17s 4.603 GB/s
[a0003 r1] mode=torch_save size=10485760 fpp=8 iter=2 bytes=10739033088 t=2.03s 4.932 GB/s
[a0006 r4] mode=torch_save size=10485760 fpp=8 iter=2 bytes=10739033088 t=1.76s 5.688 GB/s
[a0013 r11] mode=torch_save size=10485760 fpp=8 iter=2 bytes=10739033088 t=1.60s 6.253 GB/s
[a0011 r9] mode=torch_save size=10485760 fpp=8 iter=2 bytes=10739033088 t=2.05s 4.889 GB/s
[a0008 r6] mode=torch_save size=10485760 fpp=8 iter=2 bytes=10739033088 t=1.60s 6.240 GB/s
[a0014 r12] mode=torch_save size=10485760 fpp=8 iter=2 bytes=10739033088 t=1.70s 5.881 GB/s
[a0005 r3] mode=dcp size=10485760 fpp=8 iter=0 bytes=10739984528 t=2.39s 4.191 GB/s
[a0002 r0] mode=dcp size=10485760 fpp=8 iter=0 bytes=10739984528 t=2.36s 4.235 GB/s
[a0010 r8] mode=dcp size=10485760 fpp=8 iter=0 bytes=10739983504 t=2.40s 4.164 GB/s
[a0016 r14] mode=dcp size=10485760 fpp=8 iter=0 bytes=10739984528 t=2.25s 4.443 GB/s
[a0012 r10] mode=dcp size=10485760 fpp=8 iter=0 bytes=10739984528 t=2.13s 4.706 GB/s
[a0009 r7] mode=dcp size=10485760 fpp=8 iter=0 bytes=10739984528 t=2.40s 4.163 GB/s
[a0017 r15] mode=dcp size=10485760 fpp=8 iter=0 bytes=10739983504 t=2.78s 3.593 GB/s
[a0007 r5] mode=dcp size=10485760 fpp=8 iter=0 bytes=10739983504 t=2.48s 4.032 GB/s
[a0004 r2] mode=dcp size=10485760 fpp=8 iter=0 bytes=10739983504 t=2.74s 3.648 GB/s
[a0015 r13] mode=dcp size=10485760 fpp=8 iter=0 bytes=10739984528 t=2.72s 3.683 GB/s
[a0003 r1] mode=dcp size=10485760 fpp=8 iter=0 bytes=10739983504 t=2.78s 3.599 GB/s
[a0013 r11] mode=dcp size=10485760 fpp=8 iter=0 bytes=10739984528 t=2.69s 3.721 GB/s
[a0005 r3] mode=dcp size=10485760 fpp=8 iter=1 bytes=10739984528 t=2.41s 4.145 GB/s
[a0006 r4] mode=dcp size=10485760 fpp=8 iter=0 bytes=10739983504 t=2.87s 3.486 GB/s
[a0011 r9] mode=dcp size=10485760 fpp=8 iter=0 bytes=10739983504 t=2.75s 3.643 GB/s
[a0008 r6] mode=dcp size=10485760 fpp=8 iter=0 bytes=10739983504 t=2.56s 3.902 GB/s
[a0002 r0] mode=dcp size=10485760 fpp=8 iter=1 bytes=10739984528 t=2.46s 4.073 GB/s
[a0016 r14] mode=dcp size=10485760 fpp=8 iter=1 bytes=10739984528 t=2.30s 4.343 GB/s
[a0010 r8] mode=dcp size=10485760 fpp=8 iter=1 bytes=10739983504 t=2.48s 4.036 GB/s
[a0014 r12] mode=dcp size=10485760 fpp=8 iter=0 bytes=10739984528 t=2.46s 4.069 GB/s
[a0012 r10] mode=dcp size=10485760 fpp=8 iter=1 bytes=10739984528 t=2.16s 4.640 GB/s
[a0009 r7] mode=dcp size=10485760 fpp=8 iter=1 bytes=10739984528 t=2.49s 4.009 GB/s
[a0017 r15] mode=dcp size=10485760 fpp=8 iter=1 bytes=10739983504 t=2.57s 3.893 GB/s
[a0004 r2] mode=dcp size=10485760 fpp=8 iter=1 bytes=10739983504 t=2.43s 4.109 GB/s
[a0015 r13] mode=dcp size=10485760 fpp=8 iter=1 bytes=10739984528 t=2.46s 4.069 GB/s
[a0007 r5] mode=dcp size=10485760 fpp=8 iter=1 bytes=10739983504 t=2.74s 3.653 GB/s
[a0003 r1] mode=dcp size=10485760 fpp=8 iter=1 bytes=10739983504 t=2.91s 3.439 GB/s
[a0013 r11] mode=dcp size=10485760 fpp=8 iter=1 bytes=10739984528 t=2.45s 4.090 GB/s
[a0005 r3] mode=dcp size=10485760 fpp=8 iter=2 bytes=10739984528 t=2.38s 4.211 GB/s
[a0006 r4] mode=dcp size=10485760 fpp=8 iter=1 bytes=10739983504 t=2.53s 3.957 GB/s
[a0011 r9] mode=dcp size=10485760 fpp=8 iter=1 bytes=10739983504 t=2.76s 3.631 GB/s
[a0008 r6] mode=dcp size=10485760 fpp=8 iter=1 bytes=10739983504 t=2.68s 3.738 GB/s
[a0002 r0] mode=dcp size=10485760 fpp=8 iter=2 bytes=10739984528 t=2.38s 4.195 GB/s
[a0016 r14] mode=dcp size=10485760 fpp=8 iter=2 bytes=10739984528 t=2.41s 4.150 GB/s
[a0010 r8] mode=dcp size=10485760 fpp=8 iter=2 bytes=10739983504 t=2.40s 4.168 GB/s
[a0014 r12] mode=dcp size=10485760 fpp=8 iter=1 bytes=10739984528 t=2.51s 3.991 GB/s
[a0012 r10] mode=dcp size=10485760 fpp=8 iter=2 bytes=10739984528 t=2.19s 4.564 GB/s
[a0009 r7] mode=dcp size=10485760 fpp=8 iter=2 bytes=10739984528 t=2.36s 4.232 GB/s
[a0004 r2] mode=dcp size=10485760 fpp=8 iter=2 bytes=10739983504 t=2.48s 4.034 GB/s
[a0017 r15] mode=dcp size=10485760 fpp=8 iter=2 bytes=10739983504 t=3.13s 3.200 GB/s
[a0015 r13] mode=dcp size=10485760 fpp=8 iter=2 bytes=10739984528 t=3.52s 2.842 GB/s
[a0007 r5] mode=dcp size=10485760 fpp=8 iter=2 bytes=10739983504 t=3.65s 2.744 GB/s
[a0013 r11] mode=dcp size=10485760 fpp=8 iter=2 bytes=10739984528 t=4.17s 2.398 GB/s
[a0003 r1] mode=dcp size=10485760 fpp=8 iter=2 bytes=10739983504 t=4.74s 2.110 GB/s
[a0008 r6] mode=dcp size=10485760 fpp=8 iter=2 bytes=10739983504 t=5.48s 1.826 GB/s
[a0006 r4] mode=dcp size=10485760 fpp=8 iter=2 bytes=10739983504 t=8.03s 1.246 GB/s
[a0011 r9] mode=dcp size=10485760 fpp=8 iter=2 bytes=10739983504 t=9.15s 1.093 GB/s
[a0014 r12] mode=dcp size=10485760 fpp=8 iter=2 bytes=10739984528 t=5.30s 1.887 GB/s
[a0002 r0] mode=raw size=104857600 fpp=8 iter=0 bytes=107374182400 t=13.02s 7.682 GB/s
[a0005 r3] mode=raw size=104857600 fpp=8 iter=0 bytes=107374182400 t=13.96s 7.165 GB/s
[a0016 r14] mode=raw size=104857600 fpp=8 iter=0 bytes=107374182400 t=18.20s 5.495 GB/s
[a0010 r8] mode=raw size=104857600 fpp=8 iter=0 bytes=107374182400 t=21.10s 4.739 GB/s
[a0012 r10] mode=raw size=104857600 fpp=8 iter=0 bytes=107374182400 t=30.25s 3.306 GB/s
[a0002 r0] mode=raw size=104857600 fpp=8 iter=1 bytes=107374182400 t=22.53s 4.439 GB/s
[a0005 r3] mode=raw size=104857600 fpp=8 iter=1 bytes=107374182400 t=23.57s 4.242 GB/s
[a0016 r14] mode=raw size=104857600 fpp=8 iter=1 bytes=107374182400 t=16.71s 5.983 GB/s
[a0010 r8] mode=raw size=104857600 fpp=8 iter=1 bytes=107374182400 t=18.00s 5.556 GB/s
[a0009 r7] mode=raw size=104857600 fpp=8 iter=0 bytes=107374182400 t=25.82s 3.873 GB/s
[a0015 r13] mode=raw size=104857600 fpp=8 iter=0 bytes=107374182400 t=23.88s 4.187 GB/s
[a0017 r15] mode=raw size=104857600 fpp=8 iter=0 bytes=107374182400 t=27.76s 3.602 GB/s
[a0012 r10] mode=raw size=104857600 fpp=8 iter=1 bytes=107374182400 t=26.31s 3.801 GB/s
[a0007 r5] mode=raw size=104857600 fpp=8 iter=0 bytes=107374182400 t=24.63s 4.060 GB/s
[a0013 r11] mode=raw size=104857600 fpp=8 iter=0 bytes=107374182400 t=26.25s 3.809 GB/s
[a0006 r4] mode=raw size=104857600 fpp=8 iter=0 bytes=107374182400 t=25.67s 3.896 GB/s
[a0005 r3] mode=raw size=104857600 fpp=8 iter=2 bytes=107374182400 t=28.87s 3.463 GB/s
[a0004 r2] mode=raw size=104857600 fpp=8 iter=0 bytes=107374182400 t=33.39s 2.995 GB/s
[a0002 r0] mode=raw size=104857600 fpp=8 iter=2 bytes=107374182400 t=26.69s 3.746 GB/s
[a0016 r14] mode=raw size=104857600 fpp=8 iter=2 bytes=107374182400 t=26.04s 3.840 GB/s
[a0008 r6] mode=raw size=104857600 fpp=8 iter=0 bytes=107374182400 t=28.05s 3.565 GB/s
[a0010 r8] mode=raw size=104857600 fpp=8 iter=2 bytes=107374182400 t=23.55s 4.246 GB/s
[a0003 r1] mode=raw size=104857600 fpp=8 iter=0 bytes=107374182400 t=28.44s 3.516 GB/s
[a0011 r9] mode=raw size=104857600 fpp=8 iter=0 bytes=107374182400 t=26.76s 3.737 GB/s
[a0014 r12] mode=raw size=104857600 fpp=8 iter=0 bytes=107374182400 t=30.64s 3.264 GB/s
[a0009 r7] mode=raw size=104857600 fpp=8 iter=1 bytes=107374182400 t=24.36s 4.106 GB/s
[a0015 r13] mode=raw size=104857600 fpp=8 iter=1 bytes=107374182400 t=20.80s 4.807 GB/s
[a0012 r10] mode=raw size=104857600 fpp=8 iter=2 bytes=107374182400 t=22.37s 4.470 GB/s
[a0017 r15] mode=raw size=104857600 fpp=8 iter=1 bytes=107374182400 t=25.62s 3.903 GB/s
[a0013 r11] mode=raw size=104857600 fpp=8 iter=1 bytes=107374182400 t=23.65s 4.228 GB/s
[a0006 r4] mode=raw size=104857600 fpp=8 iter=1 bytes=107374182400 t=27.66s 3.616 GB/s
[a0008 r6] mode=raw size=104857600 fpp=8 iter=1 bytes=107374182400 t=21.83s 4.580 GB/s
[a0004 r2] mode=raw size=104857600 fpp=8 iter=1 bytes=107374182400 t=27.73s 3.606 GB/s
[a0007 r5] mode=raw size=104857600 fpp=8 iter=1 bytes=107374182400 t=25.14s 3.977 GB/s
[a0014 r12] mode=raw size=104857600 fpp=8 iter=1 bytes=107374182400 t=24.91s 4.014 GB/s
[a0003 r1] mode=raw size=104857600 fpp=8 iter=1 bytes=107374182400 t=27.90s 3.585 GB/s
[a0011 r9] mode=raw size=104857600 fpp=8 iter=1 bytes=107374182400 t=26.01s 3.844 GB/s
[a0009 r7] mode=raw size=104857600 fpp=8 iter=2 bytes=107374182400 t=24.93s 4.011 GB/s
[a0015 r13] mode=raw size=104857600 fpp=8 iter=2 bytes=107374182400 t=28.43s 3.518 GB/s
[a0017 r15] mode=raw size=104857600 fpp=8 iter=2 bytes=107374182400 t=23.72s 4.215 GB/s
[a0016 r14] mode=torch_save size=104857600 fpp=8 iter=0 bytes=107375797248 t=21.37s 4.679 GB/s
[a0006 r4] mode=raw size=104857600 fpp=8 iter=2 bytes=107374182400 t=21.76s 4.596 GB/s
[a0005 r3] mode=torch_save size=104857600 fpp=8 iter=0 bytes=107375797248 t=21.19s 4.719 GB/s
[a0010 r8] mode=torch_save size=104857600 fpp=8 iter=0 bytes=107375797248 t=17.70s 5.649 GB/s
[a0013 r11] mode=raw size=104857600 fpp=8 iter=2 bytes=107374182400 t=26.71s 3.744 GB/s
[a0004 r2] mode=raw size=104857600 fpp=8 iter=2 bytes=107374182400 t=22.51s 4.442 GB/s
[a0008 r6] mode=raw size=104857600 fpp=8 iter=2 bytes=107374182400 t=22.25s 4.494 GB/s
[a0002 r0] mode=torch_save size=104857600 fpp=8 iter=0 bytes=107375797248 t=18.41s 5.433 GB/s
[a0007 r5] mode=raw size=104857600 fpp=8 iter=2 bytes=107374182400 t=18.05s 5.540 GB/s
[a0014 r12] mode=raw size=104857600 fpp=8 iter=2 bytes=107374182400 t=21.63s 4.624 GB/s
[a0003 r1] mode=raw size=104857600 fpp=8 iter=2 bytes=107374182400 t=21.43s 4.667 GB/s
[a0011 r9] mode=raw size=104857600 fpp=8 iter=2 bytes=107374182400 t=20.79s 4.810 GB/s
[a0012 r10] mode=torch_save size=104857600 fpp=8 iter=0 bytes=107375797248 t=25.74s 3.885 GB/s
[a0016 r14] mode=torch_save size=104857600 fpp=8 iter=1 bytes=107375797248 t=22.00s 4.546 GB/s
[a0005 r3] mode=torch_save size=104857600 fpp=8 iter=1 bytes=107375797248 t=22.44s 4.456 GB/s
[a0010 r8] mode=torch_save size=104857600 fpp=8 iter=1 bytes=107375797248 t=25.02s 3.997 GB/s
[a0015 r13] mode=torch_save size=104857600 fpp=8 iter=0 bytes=107375797248 t=15.18s 6.588 GB/s
[a0002 r0] mode=torch_save size=104857600 fpp=8 iter=1 bytes=107375797248 t=16.47s 6.073 GB/s
[a0005 r3] mode=torch_save size=104857600 fpp=8 iter=2 bytes=107375797248 t=21.84s 4.580 GB/s
[a0009 r7] mode=torch_save size=104857600 fpp=8 iter=0 bytes=107375797248 t=24.03s 4.162 GB/s
[a0012 r10] mode=torch_save size=104857600 fpp=8 iter=1 bytes=107375797248 t=22.42s 4.460 GB/s
[a0016 r14] mode=torch_save size=104857600 fpp=8 iter=2 bytes=107375797248 t=23.78s 4.205 GB/s
[a0004 r2] mode=torch_save size=104857600 fpp=8 iter=0 bytes=107375797248 t=21.73s 4.603 GB/s
[a0017 r15] mode=torch_save size=104857600 fpp=8 iter=0 bytes=107375797248 t=24.40s 4.098 GB/s
[a0010 r8] mode=torch_save size=104857600 fpp=8 iter=2 bytes=107375797248 t=17.35s 5.763 GB/s
[a0013 r11] mode=torch_save size=104857600 fpp=8 iter=0 bytes=107375797248 t=17.48s 5.720 GB/s
[a0015 r13] mode=torch_save size=104857600 fpp=8 iter=1 bytes=107375797248 t=18.81s 5.317 GB/s
[a0006 r4] mode=torch_save size=104857600 fpp=8 iter=0 bytes=107375797248 t=15.99s 6.255 GB/s
[a0007 r5] mode=torch_save size=104857600 fpp=8 iter=0 bytes=107375797248 t=16.02s 6.240 GB/s
[a0002 r0] mode=torch_save size=104857600 fpp=8 iter=2 bytes=107375797248 t=16.34s 6.121 GB/s
[a0008 r6] mode=torch_save size=104857600 fpp=8 iter=0 bytes=107375797248 t=23.70s 4.219 GB/s
[a0003 r1] mode=torch_save size=104857600 fpp=8 iter=0 bytes=107375797248 t=24.00s 4.166 GB/s
[a0007 r5] mode=torch_save size=104857600 fpp=8 iter=1 bytes=107375797248 t=12.55s 7.967 GB/s
[a0012 r10] mode=torch_save size=104857600 fpp=8 iter=2 bytes=107375797248 t=26.08s 3.835 GB/s
[a0013 r11] mode=torch_save size=104857600 fpp=8 iter=1 bytes=107375797248 t=15.50s 6.453 GB/s
[a0004 r2] mode=torch_save size=104857600 fpp=8 iter=1 bytes=107375797248 t=27.20s 3.676 GB/s
[a0011 r9] mode=torch_save size=104857600 fpp=8 iter=0 bytes=107375797248 t=24.01s 4.164 GB/s
[a0014 r12] mode=torch_save size=104857600 fpp=8 iter=0 bytes=107375797248 t=29.22s 3.422 GB/s
[a0009 r7] mode=torch_save size=104857600 fpp=8 iter=1 bytes=107375797248 t=24.68s 4.051 GB/s
[a0017 r15] mode=torch_save size=104857600 fpp=8 iter=1 bytes=107375797248 t=21.72s 4.604 GB/s
[a0015 r13] mode=torch_save size=104857600 fpp=8 iter=2 bytes=107375797248 t=22.79s 4.388 GB/s
[a0006 r4] mode=torch_save size=104857600 fpp=8 iter=1 bytes=107375797248 t=23.16s 4.319 GB/s
[a0003 r1] mode=torch_save size=104857600 fpp=8 iter=1 bytes=107375797248 t=10.53s 9.495 GB/s
[a0008 r6] mode=torch_save size=104857600 fpp=8 iter=1 bytes=107375797248 t=17.91s 5.585 GB/s
[a0007 r5] mode=torch_save size=104857600 fpp=8 iter=2 bytes=107375797248 t=19.04s 5.251 GB/s
[a0004 r2] mode=torch_save size=104857600 fpp=8 iter=2 bytes=107375797248 t=17.93s 5.578 GB/s
[a0013 r11] mode=torch_save size=104857600 fpp=8 iter=2 bytes=107375797248 t=19.80s 5.051 GB/s
[a0011 r9] mode=torch_save size=104857600 fpp=8 iter=1 bytes=107375797248 t=20.19s 4.953 GB/s
[a0006 r4] mode=torch_save size=104857600 fpp=8 iter=2 bytes=107375797248 t=15.46s 6.467 GB/s
[a0014 r12] mode=torch_save size=104857600 fpp=8 iter=1 bytes=107375797248 t=19.85s 5.038 GB/s
[a0009 r7] mode=torch_save size=104857600 fpp=8 iter=2 bytes=107375797248 t=20.92s 4.780 GB/s
[a0017 r15] mode=torch_save size=104857600 fpp=8 iter=2 bytes=107375797248 t=20.47s 4.885 GB/s
[a0003 r1] mode=torch_save size=104857600 fpp=8 iter=2 bytes=107375797248 t=14.51s 6.893 GB/s
[a0005 r3] mode=dcp size=104857600 fpp=8 iter=0 bytes=107376748688 t=14.53s 6.883 GB/s
[a0016 r14] mode=dcp size=104857600 fpp=8 iter=0 bytes=107376748688 t=12.28s 8.145 GB/s
[a0008 r6] mode=torch_save size=104857600 fpp=8 iter=2 bytes=107375797248 t=12.42s 8.049 GB/s
[a0010 r8] mode=dcp size=104857600 fpp=8 iter=0 bytes=107376747664 t=14.48s 6.907 GB/s
[a0011 r9] mode=torch_save size=104857600 fpp=8 iter=2 bytes=107375797248 t=16.31s 6.132 GB/s
[a0014 r12] mode=torch_save size=104857600 fpp=8 iter=2 bytes=107375797248 t=14.45s 6.923 GB/s
[a0002 r0] mode=dcp size=104857600 fpp=8 iter=0 bytes=107376748688 t=11.94s 8.378 GB/s
[a0015 r13] mode=dcp size=104857600 fpp=8 iter=0 bytes=107376748688 t=10.57s 9.458 GB/s
[a0012 r10] mode=dcp size=104857600 fpp=8 iter=0 bytes=107376748688 t=9.94s 10.061 GB/s
[a0005 r3] mode=dcp size=104857600 fpp=8 iter=1 bytes=107376748688 t=7.45s 13.418 GB/s
[a0016 r14] mode=dcp size=104857600 fpp=8 iter=1 bytes=107376748688 t=8.99s 11.124 GB/s
[a0004 r2] mode=dcp size=104857600 fpp=8 iter=0 bytes=107376747664 t=8.24s 12.142 GB/s
[a0013 r11] mode=dcp size=104857600 fpp=8 iter=0 bytes=107376748688 t=9.60s 10.413 GB/s
[a0010 r8] mode=dcp size=104857600 fpp=8 iter=1 bytes=107376747664 t=9.37s 10.672 GB/s
[a0017 r15] mode=dcp size=104857600 fpp=8 iter=0 bytes=107376747664 t=6.79s 14.737 GB/s
[a0007 r5] mode=dcp size=104857600 fpp=8 iter=0 bytes=107376747664 t=8.82s 11.335 GB/s
[a0006 r4] mode=dcp size=104857600 fpp=8 iter=0 bytes=107376747664 t=7.32s 13.664 GB/s
[a0003 r1] mode=dcp size=104857600 fpp=8 iter=0 bytes=107376747664 t=8.56s 11.677 GB/s
[a0009 r7] mode=dcp size=104857600 fpp=8 iter=0 bytes=107376748688 t=8.92s 11.210 GB/s
[a0002 r0] mode=dcp size=104857600 fpp=8 iter=1 bytes=107376748688 t=11.57s 8.645 GB/s
[a0015 r13] mode=dcp size=104857600 fpp=8 iter=1 bytes=107376748688 t=8.87s 11.273 GB/s
[a0011 r9] mode=dcp size=104857600 fpp=8 iter=0 bytes=107376747664 t=8.95s 11.178 GB/s
[a0012 r10] mode=dcp size=104857600 fpp=8 iter=1 bytes=107376748688 t=9.79s 10.212 GB/s
[a0008 r6] mode=dcp size=104857600 fpp=8 iter=0 bytes=107376747664 t=12.33s 8.110 GB/s
[a0014 r12] mode=dcp size=104857600 fpp=8 iter=0 bytes=107376748688 t=10.68s 9.364 GB/s
[a0016 r14] mode=dcp size=104857600 fpp=8 iter=2 bytes=107376748688 t=9.87s 10.127 GB/s
[a0005 r3] mode=dcp size=104857600 fpp=8 iter=2 bytes=107376748688 t=9.88s 10.126 GB/s
[a0004 r2] mode=dcp size=104857600 fpp=8 iter=1 bytes=107376747664 t=8.65s 11.559 GB/s
[a0013 r11] mode=dcp size=104857600 fpp=8 iter=1 bytes=107376748688 t=8.51s 11.753 GB/s
[a0010 r8] mode=dcp size=104857600 fpp=8 iter=2 bytes=107376747664 t=9.09s 10.998 GB/s
[a0017 r15] mode=dcp size=104857600 fpp=8 iter=1 bytes=107376747664 t=7.03s 14.227 GB/s
[a0007 r5] mode=dcp size=104857600 fpp=8 iter=1 bytes=107376747664 t=7.53s 13.289 GB/s
[a0006 r4] mode=dcp size=104857600 fpp=8 iter=1 bytes=107376747664 t=5.73s 17.464 GB/s
[a0003 r1] mode=dcp size=104857600 fpp=8 iter=1 bytes=107376747664 t=10.50s 9.523 GB/s
[a0009 r7] mode=dcp size=104857600 fpp=8 iter=1 bytes=107376748688 t=12.18s 8.212 GB/s
[a0012 r10] mode=dcp size=104857600 fpp=8 iter=2 bytes=107376748688 t=10.69s 9.355 GB/s
[a0011 r9] mode=dcp size=104857600 fpp=8 iter=1 bytes=107376747664 t=9.49s 10.537 GB/s
[a0015 r13] mode=dcp size=104857600 fpp=8 iter=2 bytes=107376748688 t=11.52s 8.680 GB/s
[a0002 r0] mode=dcp size=104857600 fpp=8 iter=2 bytes=107376748688 t=13.42s 7.453 GB/s
[a0008 r6] mode=dcp size=104857600 fpp=8 iter=1 bytes=107376747664 t=12.98s 7.705 GB/s
[a0004 r2] mode=dcp size=104857600 fpp=8 iter=2 bytes=107376747664 t=7.80s 12.815 GB/s
[a0014 r12] mode=dcp size=104857600 fpp=8 iter=1 bytes=107376748688 t=7.80s 12.814 GB/s
[a0013 r11] mode=dcp size=104857600 fpp=8 iter=2 bytes=107376748688 t=8.75s 11.427 GB/s
[a0017 r15] mode=dcp size=104857600 fpp=8 iter=2 bytes=107376747664 t=7.70s 12.982 GB/s
[a0007 r5] mode=dcp size=104857600 fpp=8 iter=2 bytes=107376747664 t=8.25s 12.120 GB/s
[a0006 r4] mode=dcp size=104857600 fpp=8 iter=2 bytes=107376747664 t=5.65s 17.698 GB/s
[a0009 r7] mode=dcp size=104857600 fpp=8 iter=2 bytes=107376748688 t=6.72s 14.888 GB/s
[a0003 r1] mode=dcp size=104857600 fpp=8 iter=2 bytes=107376747664 t=7.64s 13.094 GB/s
[a0011 r9] mode=dcp size=104857600 fpp=8 iter=2 bytes=107376747664 t=5.97s 16.738 GB/s
[a0008 r6] mode=dcp size=104857600 fpp=8 iter=2 bytes=107376747664 t=6.21s 16.109 GB/s
[a0014 r12] mode=dcp size=104857600 fpp=8 iter=2 bytes=107376748688 t=5.42s 18.444 GB/s
Done. Results: results/16node_128cpu_rtx-batch_26112/all.csv
