=== Wed May 20 17:58:48 EDT 2026 mode=write nodes=8 npernode=64 ===
[b0001 r0] base=/work/mit/datasets/test/writebench.b0001.0.1971896.1c78f5f7
[b0004 r3] base=/work/mit/datasets/test/writebench.b0004.3.947246.fe57b952
[b0006 r5] base=/work/mit/datasets/test/writebench.b0006.5.1332953.2e76b28a
[b0002 r1] base=/work/mit/datasets/test/writebench.b0002.1.2821838.9cfca27b
[b0005 r4] base=/work/mit/datasets/test/writebench.b0005.4.1676216.f2089ca1
[b0003 r2] base=/work/mit/datasets/test/writebench.b0003.2.2534297.b88317fd
[b0008 r7] base=/work/mit/datasets/test/writebench.b0008.7.1335132.ba8da85e
[b0007 r6] base=/work/mit/datasets/test/writebench.b0007.6.499502.474c6041
[b0002 r1] mode=raw size=102400 fpp=8 iter=0 bytes=52428800 t=0.59s 0.082 GB/s
[b0001 r0] mode=raw size=102400 fpp=8 iter=0 bytes=52428800 t=0.64s 0.076 GB/s
[b0006 r5] mode=raw size=102400 fpp=8 iter=0 bytes=52428800 t=0.67s 0.073 GB/s
[b0003 r2] mode=raw size=102400 fpp=8 iter=0 bytes=52428800 t=0.63s 0.077 GB/s
[b0005 r4] mode=raw size=102400 fpp=8 iter=0 bytes=52428800 t=0.70s 0.070 GB/s
[b0007 r6] mode=raw size=102400 fpp=8 iter=0 bytes=52428800 t=0.67s 0.073 GB/s
[b0008 r7] mode=raw size=102400 fpp=8 iter=0 bytes=52428800 t=0.73s 0.067 GB/s
[b0004 r3] mode=raw size=102400 fpp=8 iter=0 bytes=52428800 t=0.71s 0.068 GB/s
[b0002 r1] mode=raw size=102400 fpp=8 iter=1 bytes=52428800 t=0.60s 0.081 GB/s
[b0001 r0] mode=raw size=102400 fpp=8 iter=1 bytes=52428800 t=0.62s 0.079 GB/s
[b0006 r5] mode=raw size=102400 fpp=8 iter=1 bytes=52428800 t=0.75s 0.065 GB/s
[b0003 r2] mode=raw size=102400 fpp=8 iter=1 bytes=52428800 t=0.68s 0.072 GB/s
[b0005 r4] mode=raw size=102400 fpp=8 iter=1 bytes=52428800 t=0.68s 0.072 GB/s
[b0007 r6] mode=raw size=102400 fpp=8 iter=1 bytes=52428800 t=0.73s 0.067 GB/s
[b0008 r7] mode=raw size=102400 fpp=8 iter=1 bytes=52428800 t=0.68s 0.072 GB/s
[b0004 r3] mode=raw size=102400 fpp=8 iter=1 bytes=52428800 t=0.71s 0.069 GB/s
[b0002 r1] mode=raw size=102400 fpp=8 iter=2 bytes=52428800 t=0.65s 0.076 GB/s
[b0001 r0] mode=raw size=102400 fpp=8 iter=2 bytes=52428800 t=0.62s 0.079 GB/s
[b0003 r2] mode=raw size=102400 fpp=8 iter=2 bytes=52428800 t=0.66s 0.074 GB/s
[b0005 r4] mode=raw size=102400 fpp=8 iter=2 bytes=52428800 t=0.67s 0.073 GB/s
[b0007 r6] mode=raw size=102400 fpp=8 iter=2 bytes=52428800 t=0.65s 0.075 GB/s
[b0006 r5] mode=raw size=102400 fpp=8 iter=2 bytes=52428800 t=0.78s 0.062 GB/s
[b0008 r7] mode=raw size=102400 fpp=8 iter=2 bytes=52428800 t=0.71s 0.069 GB/s
[b0004 r3] mode=raw size=102400 fpp=8 iter=2 bytes=52428800 t=0.70s 0.070 GB/s
[b0002 r1] mode=torch_save size=102400 fpp=8 iter=0 bytes=53236224 t=0.60s 0.082 GB/s
[b0001 r0] mode=torch_save size=102400 fpp=8 iter=0 bytes=53236224 t=0.61s 0.081 GB/s
[b0003 r2] mode=torch_save size=102400 fpp=8 iter=0 bytes=53236224 t=0.66s 0.075 GB/s
[b0005 r4] mode=torch_save size=102400 fpp=8 iter=0 bytes=53236224 t=0.66s 0.075 GB/s
[b0007 r6] mode=torch_save size=102400 fpp=8 iter=0 bytes=53236224 t=0.64s 0.077 GB/s
[b0006 r5] mode=torch_save size=102400 fpp=8 iter=0 bytes=53236224 t=0.67s 0.074 GB/s
[b0008 r7] mode=torch_save size=102400 fpp=8 iter=0 bytes=53236224 t=0.65s 0.076 GB/s
[b0004 r3] mode=torch_save size=102400 fpp=8 iter=0 bytes=53236224 t=0.70s 0.071 GB/s
[b0002 r1] mode=torch_save size=102400 fpp=8 iter=1 bytes=53236224 t=0.61s 0.082 GB/s
[b0001 r0] mode=torch_save size=102400 fpp=8 iter=1 bytes=53236224 t=0.60s 0.083 GB/s
[b0003 r2] mode=torch_save size=102400 fpp=8 iter=1 bytes=53236224 t=0.65s 0.076 GB/s
[b0007 r6] mode=torch_save size=102400 fpp=8 iter=1 bytes=53236224 t=0.66s 0.075 GB/s
[b0005 r4] mode=torch_save size=102400 fpp=8 iter=1 bytes=53236224 t=0.66s 0.075 GB/s
[b0006 r5] mode=torch_save size=102400 fpp=8 iter=1 bytes=53236224 t=0.66s 0.075 GB/s
[b0008 r7] mode=torch_save size=102400 fpp=8 iter=1 bytes=53236224 t=0.67s 0.074 GB/s
[b0002 r1] mode=torch_save size=102400 fpp=8 iter=2 bytes=53236224 t=0.60s 0.082 GB/s
[b0001 r0] mode=torch_save size=102400 fpp=8 iter=2 bytes=53236224 t=0.61s 0.081 GB/s
[b0004 r3] mode=torch_save size=102400 fpp=8 iter=1 bytes=53236224 t=0.69s 0.072 GB/s
[b0003 r2] mode=torch_save size=102400 fpp=8 iter=2 bytes=53236224 t=0.64s 0.078 GB/s
[b0007 r6] mode=torch_save size=102400 fpp=8 iter=2 bytes=53236224 t=0.64s 0.078 GB/s
[b0005 r4] mode=torch_save size=102400 fpp=8 iter=2 bytes=53236224 t=0.65s 0.076 GB/s
[b0006 r5] mode=torch_save size=102400 fpp=8 iter=2 bytes=53236224 t=0.68s 0.073 GB/s
[b0008 r7] mode=torch_save size=102400 fpp=8 iter=2 bytes=53236224 t=0.66s 0.075 GB/s
[b0004 r3] mode=torch_save size=102400 fpp=8 iter=2 bytes=53236224 t=0.69s 0.072 GB/s
[b0002 r1] mode=dcp size=102400 fpp=8 iter=0 bytes=53709744 t=0.67s 0.075 GB/s
[b0001 r0] mode=dcp size=102400 fpp=8 iter=0 bytes=53709744 t=0.63s 0.079 GB/s
[b0003 r2] mode=dcp size=102400 fpp=8 iter=0 bytes=53709744 t=0.67s 0.074 GB/s
[b0005 r4] mode=dcp size=102400 fpp=8 iter=0 bytes=53709744 t=0.68s 0.073 GB/s
[b0007 r6] mode=dcp size=102400 fpp=8 iter=0 bytes=53709232 t=0.66s 0.076 GB/s
[b0008 r7] mode=dcp size=102400 fpp=8 iter=0 bytes=53709744 t=0.70s 0.071 GB/s
[b0006 r5] mode=dcp size=102400 fpp=8 iter=0 bytes=53709744 t=0.72s 0.070 GB/s
[b0004 r3] mode=dcp size=102400 fpp=8 iter=0 bytes=53709232 t=0.77s 0.065 GB/s
[b0001 r0] mode=dcp size=102400 fpp=8 iter=1 bytes=53709744 t=0.63s 0.080 GB/s
[b0002 r1] mode=dcp size=102400 fpp=8 iter=1 bytes=53709744 t=0.65s 0.077 GB/s
[b0003 r2] mode=dcp size=102400 fpp=8 iter=1 bytes=53709744 t=0.67s 0.074 GB/s
[b0005 r4] mode=dcp size=102400 fpp=8 iter=1 bytes=53709744 t=0.69s 0.073 GB/s
[b0007 r6] mode=dcp size=102400 fpp=8 iter=1 bytes=53709232 t=0.69s 0.072 GB/s
[b0008 r7] mode=dcp size=102400 fpp=8 iter=1 bytes=53709744 t=0.67s 0.075 GB/s
[b0006 r5] mode=dcp size=102400 fpp=8 iter=1 bytes=53709744 t=0.77s 0.065 GB/s
[b0004 r3] mode=dcp size=102400 fpp=8 iter=1 bytes=53709232 t=0.68s 0.074 GB/s
[b0001 r0] mode=dcp size=102400 fpp=8 iter=2 bytes=53709744 t=0.66s 0.076 GB/s
[b0002 r1] mode=dcp size=102400 fpp=8 iter=2 bytes=53709744 t=0.66s 0.076 GB/s
[b0003 r2] mode=dcp size=102400 fpp=8 iter=2 bytes=53709744 t=0.70s 0.072 GB/s
[b0005 r4] mode=dcp size=102400 fpp=8 iter=2 bytes=53709744 t=0.71s 0.071 GB/s
[b0007 r6] mode=dcp size=102400 fpp=8 iter=2 bytes=53709232 t=0.70s 0.072 GB/s
[b0008 r7] mode=dcp size=102400 fpp=8 iter=2 bytes=53709744 t=0.71s 0.071 GB/s
[b0004 r3] mode=dcp size=102400 fpp=8 iter=2 bytes=53709232 t=0.66s 0.075 GB/s
[b0006 r5] mode=dcp size=102400 fpp=8 iter=2 bytes=53709744 t=0.75s 0.067 GB/s
[b0001 r0] mode=raw size=1048576 fpp=8 iter=0 bytes=536870912 t=0.56s 0.890 GB/s
[b0002 r1] mode=raw size=1048576 fpp=8 iter=0 bytes=536870912 t=0.59s 0.844 GB/s
[b0001 r0] mode=raw size=1048576 fpp=8 iter=1 bytes=536870912 t=0.57s 0.879 GB/s
[b0003 r2] mode=raw size=1048576 fpp=8 iter=0 bytes=536870912 t=0.62s 0.805 GB/s
[b0002 r1] mode=raw size=1048576 fpp=8 iter=1 bytes=536870912 t=0.58s 0.860 GB/s
[b0005 r4] mode=raw size=1048576 fpp=8 iter=0 bytes=536870912 t=0.64s 0.777 GB/s
[b0007 r6] mode=raw size=1048576 fpp=8 iter=0 bytes=536870912 t=0.59s 0.850 GB/s
[b0008 r7] mode=raw size=1048576 fpp=8 iter=0 bytes=536870912 t=0.63s 0.792 GB/s
[b0001 r0] mode=raw size=1048576 fpp=8 iter=2 bytes=536870912 t=0.59s 0.850 GB/s
[b0004 r3] mode=raw size=1048576 fpp=8 iter=0 bytes=536870912 t=0.62s 0.802 GB/s
[b0003 r2] mode=raw size=1048576 fpp=8 iter=1 bytes=536870912 t=0.62s 0.800 GB/s
[b0002 r1] mode=raw size=1048576 fpp=8 iter=2 bytes=536870912 t=0.58s 0.859 GB/s
[b0006 r5] mode=raw size=1048576 fpp=8 iter=0 bytes=536870912 t=0.70s 0.718 GB/s
[b0005 r4] mode=raw size=1048576 fpp=8 iter=1 bytes=536870912 t=0.61s 0.824 GB/s
[b0007 r6] mode=raw size=1048576 fpp=8 iter=1 bytes=536870912 t=0.60s 0.838 GB/s
[b0008 r7] mode=raw size=1048576 fpp=8 iter=1 bytes=536870912 t=0.59s 0.843 GB/s
[b0004 r3] mode=raw size=1048576 fpp=8 iter=1 bytes=536870912 t=0.62s 0.810 GB/s
[b0003 r2] mode=raw size=1048576 fpp=8 iter=2 bytes=536870912 t=0.65s 0.765 GB/s
[b0005 r4] mode=raw size=1048576 fpp=8 iter=2 bytes=536870912 t=0.60s 0.836 GB/s
[b0006 r5] mode=raw size=1048576 fpp=8 iter=1 bytes=536870912 t=0.67s 0.745 GB/s
[b0007 r6] mode=raw size=1048576 fpp=8 iter=2 bytes=536870912 t=0.61s 0.820 GB/s
[b0008 r7] mode=raw size=1048576 fpp=8 iter=2 bytes=536870912 t=0.60s 0.828 GB/s
[b0001 r0] mode=torch_save size=1048576 fpp=8 iter=0 bytes=537678336 t=0.52s 0.962 GB/s
[b0004 r3] mode=raw size=1048576 fpp=8 iter=2 bytes=536870912 t=0.60s 0.829 GB/s
[b0002 r1] mode=torch_save size=1048576 fpp=8 iter=0 bytes=537678336 t=0.57s 0.883 GB/s
[b0006 r5] mode=raw size=1048576 fpp=8 iter=2 bytes=536870912 t=0.64s 0.782 GB/s
[b0001 r0] mode=torch_save size=1048576 fpp=8 iter=1 bytes=537678336 t=0.54s 0.920 GB/s
[b0002 r1] mode=torch_save size=1048576 fpp=8 iter=1 bytes=537678336 t=0.56s 0.893 GB/s
[b0003 r2] mode=torch_save size=1048576 fpp=8 iter=0 bytes=537678336 t=0.61s 0.819 GB/s
[b0007 r6] mode=torch_save size=1048576 fpp=8 iter=0 bytes=537678336 t=0.59s 0.844 GB/s
[b0005 r4] mode=torch_save size=1048576 fpp=8 iter=0 bytes=537678336 t=0.59s 0.850 GB/s
[b0001 r0] mode=torch_save size=1048576 fpp=8 iter=2 bytes=537678336 t=0.53s 0.946 GB/s
[b0008 r7] mode=torch_save size=1048576 fpp=8 iter=0 bytes=537678336 t=0.62s 0.811 GB/s
[b0002 r1] mode=torch_save size=1048576 fpp=8 iter=2 bytes=537678336 t=0.56s 0.889 GB/s
[b0004 r3] mode=torch_save size=1048576 fpp=8 iter=0 bytes=537678336 t=0.62s 0.814 GB/s
[b0003 r2] mode=torch_save size=1048576 fpp=8 iter=1 bytes=537678336 t=0.60s 0.829 GB/s
[b0007 r6] mode=torch_save size=1048576 fpp=8 iter=1 bytes=537678336 t=0.61s 0.823 GB/s
[b0005 r4] mode=torch_save size=1048576 fpp=8 iter=1 bytes=537678336 t=0.58s 0.860 GB/s
[b0006 r5] mode=torch_save size=1048576 fpp=8 iter=0 bytes=537678336 t=0.61s 0.827 GB/s
[b0008 r7] mode=torch_save size=1048576 fpp=8 iter=1 bytes=537678336 t=0.60s 0.833 GB/s
[b0004 r3] mode=torch_save size=1048576 fpp=8 iter=1 bytes=537678336 t=0.61s 0.825 GB/s
[b0003 r2] mode=torch_save size=1048576 fpp=8 iter=2 bytes=537678336 t=0.59s 0.846 GB/s
[b0005 r4] mode=torch_save size=1048576 fpp=8 iter=2 bytes=537678336 t=0.59s 0.846 GB/s
[b0007 r6] mode=torch_save size=1048576 fpp=8 iter=2 bytes=537678336 t=0.62s 0.813 GB/s
[b0006 r5] mode=torch_save size=1048576 fpp=8 iter=1 bytes=537678336 t=0.59s 0.850 GB/s
[b0008 r7] mode=torch_save size=1048576 fpp=8 iter=2 bytes=537678336 t=0.62s 0.804 GB/s
[b0004 r3] mode=torch_save size=1048576 fpp=8 iter=2 bytes=537678336 t=0.59s 0.843 GB/s
[b0006 r5] mode=torch_save size=1048576 fpp=8 iter=2 bytes=537678336 t=0.62s 0.805 GB/s
[b0001 r0] mode=dcp size=1048576 fpp=8 iter=0 bytes=538153904 t=0.73s 0.689 GB/s
[b0002 r1] mode=dcp size=1048576 fpp=8 iter=0 bytes=538153904 t=0.70s 0.716 GB/s
[b0003 r2] mode=dcp size=1048576 fpp=8 iter=0 bytes=538153904 t=0.74s 0.682 GB/s
[b0005 r4] mode=dcp size=1048576 fpp=8 iter=0 bytes=538153904 t=0.72s 0.694 GB/s
[b0007 r6] mode=dcp size=1048576 fpp=8 iter=0 bytes=538153392 t=0.74s 0.680 GB/s
[b0008 r7] mode=dcp size=1048576 fpp=8 iter=0 bytes=538153904 t=0.77s 0.655 GB/s
[b0001 r0] mode=dcp size=1048576 fpp=8 iter=1 bytes=538153904 t=0.70s 0.715 GB/s
[b0004 r3] mode=dcp size=1048576 fpp=8 iter=0 bytes=538153392 t=0.74s 0.675 GB/s
[b0002 r1] mode=dcp size=1048576 fpp=8 iter=1 bytes=538153904 t=0.69s 0.724 GB/s
[b0006 r5] mode=dcp size=1048576 fpp=8 iter=0 bytes=538153904 t=0.70s 0.715 GB/s
[b0003 r2] mode=dcp size=1048576 fpp=8 iter=1 bytes=538153904 t=0.79s 0.638 GB/s
[b0007 r6] mode=dcp size=1048576 fpp=8 iter=1 bytes=538153392 t=0.74s 0.674 GB/s
[b0005 r4] mode=dcp size=1048576 fpp=8 iter=1 bytes=538153904 t=0.73s 0.690 GB/s
[b0001 r0] mode=dcp size=1048576 fpp=8 iter=2 bytes=538153904 t=0.71s 0.709 GB/s
[b0008 r7] mode=dcp size=1048576 fpp=8 iter=1 bytes=538153904 t=0.77s 0.651 GB/s
[b0002 r1] mode=dcp size=1048576 fpp=8 iter=2 bytes=538153904 t=0.74s 0.681 GB/s
[b0004 r3] mode=dcp size=1048576 fpp=8 iter=1 bytes=538153392 t=0.75s 0.668 GB/s
[b0006 r5] mode=dcp size=1048576 fpp=8 iter=1 bytes=538153904 t=0.87s 0.574 GB/s
[b0003 r2] mode=dcp size=1048576 fpp=8 iter=2 bytes=538153904 t=0.78s 0.643 GB/s
[b0007 r6] mode=dcp size=1048576 fpp=8 iter=2 bytes=538153392 t=0.80s 0.627 GB/s
[b0005 r4] mode=dcp size=1048576 fpp=8 iter=2 bytes=538153904 t=0.83s 0.605 GB/s
[b0008 r7] mode=dcp size=1048576 fpp=8 iter=2 bytes=538153904 t=1.12s 0.448 GB/s
[b0004 r3] mode=dcp size=1048576 fpp=8 iter=2 bytes=538153392 t=0.97s 0.516 GB/s
[b0001 r0] mode=raw size=10485760 fpp=8 iter=0 bytes=5368709120 t=0.83s 6.039 GB/s
[b0002 r1] mode=raw size=10485760 fpp=8 iter=0 bytes=5368709120 t=0.84s 5.921 GB/s
[b0006 r5] mode=dcp size=1048576 fpp=8 iter=2 bytes=538153904 t=1.24s 0.406 GB/s
[b0001 r0] mode=raw size=10485760 fpp=8 iter=1 bytes=5368709120 t=0.84s 5.971 GB/s
[b0002 r1] mode=raw size=10485760 fpp=8 iter=1 bytes=5368709120 t=0.74s 6.792 GB/s
[b0003 r2] mode=raw size=10485760 fpp=8 iter=0 bytes=5368709120 t=0.85s 5.853 GB/s
[b0007 r6] mode=raw size=10485760 fpp=8 iter=0 bytes=5368709120 t=0.84s 5.984 GB/s
[b0005 r4] mode=raw size=10485760 fpp=8 iter=0 bytes=5368709120 t=0.81s 6.139 GB/s
[b0001 r0] mode=raw size=10485760 fpp=8 iter=2 bytes=5368709120 t=0.79s 6.318 GB/s
[b0002 r1] mode=raw size=10485760 fpp=8 iter=2 bytes=5368709120 t=0.73s 6.804 GB/s
[b0008 r7] mode=raw size=10485760 fpp=8 iter=0 bytes=5368709120 t=0.72s 6.935 GB/s
[b0004 r3] mode=raw size=10485760 fpp=8 iter=0 bytes=5368709120 t=0.80s 6.258 GB/s
[b0003 r2] mode=raw size=10485760 fpp=8 iter=1 bytes=5368709120 t=0.81s 6.141 GB/s
[b0005 r4] mode=raw size=10485760 fpp=8 iter=1 bytes=5368709120 t=0.86s 5.799 GB/s
[b0007 r6] mode=raw size=10485760 fpp=8 iter=1 bytes=5368709120 t=1.00s 4.980 GB/s
[b0008 r7] mode=raw size=10485760 fpp=8 iter=1 bytes=5368709120 t=1.08s 4.645 GB/s
[b0003 r2] mode=raw size=10485760 fpp=8 iter=2 bytes=5368709120 t=0.79s 6.306 GB/s
[b0004 r3] mode=raw size=10485760 fpp=8 iter=1 bytes=5368709120 t=0.81s 6.179 GB/s
[b0005 r4] mode=raw size=10485760 fpp=8 iter=2 bytes=5368709120 t=0.87s 5.726 GB/s
[b0001 r0] mode=torch_save size=10485760 fpp=8 iter=0 bytes=5369516544 t=0.84s 5.933 GB/s
[b0006 r5] mode=raw size=10485760 fpp=8 iter=0 bytes=5368709120 t=0.85s 5.912 GB/s
[b0007 r6] mode=raw size=10485760 fpp=8 iter=2 bytes=5368709120 t=0.93s 5.375 GB/s
[b0002 r1] mode=torch_save size=10485760 fpp=8 iter=0 bytes=5369516544 t=0.80s 6.240 GB/s
[b0008 r7] mode=raw size=10485760 fpp=8 iter=2 bytes=5368709120 t=0.90s 5.581 GB/s
[b0004 r3] mode=raw size=10485760 fpp=8 iter=2 bytes=5368709120 t=0.85s 5.884 GB/s
[b0001 r0] mode=torch_save size=10485760 fpp=8 iter=1 bytes=5369516544 t=0.85s 5.862 GB/s
[b0006 r5] mode=raw size=10485760 fpp=8 iter=1 bytes=5368709120 t=0.88s 5.706 GB/s
[b0002 r1] mode=torch_save size=10485760 fpp=8 iter=1 bytes=5369516544 t=0.76s 6.596 GB/s
[b0003 r2] mode=torch_save size=10485760 fpp=8 iter=0 bytes=5369516544 t=0.77s 6.524 GB/s
[b0001 r0] mode=torch_save size=10485760 fpp=8 iter=2 bytes=5369516544 t=0.82s 6.083 GB/s
[b0005 r4] mode=torch_save size=10485760 fpp=8 iter=0 bytes=5369516544 t=0.84s 5.988 GB/s
[b0002 r1] mode=torch_save size=10485760 fpp=8 iter=2 bytes=5369516544 t=0.78s 6.398 GB/s
[b0007 r6] mode=torch_save size=10485760 fpp=8 iter=0 bytes=5369516544 t=0.80s 6.212 GB/s
[b0006 r5] mode=raw size=10485760 fpp=8 iter=2 bytes=5368709120 t=1.07s 4.688 GB/s
[b0003 r2] mode=torch_save size=10485760 fpp=8 iter=1 bytes=5369516544 t=0.89s 5.634 GB/s
[b0008 r7] mode=torch_save size=10485760 fpp=8 iter=0 bytes=5369516544 t=0.84s 5.934 GB/s
[b0004 r3] mode=torch_save size=10485760 fpp=8 iter=0 bytes=5369516544 t=0.84s 5.976 GB/s
[b0005 r4] mode=torch_save size=10485760 fpp=8 iter=1 bytes=5369516544 t=1.22s 4.111 GB/s
[b0007 r6] mode=torch_save size=10485760 fpp=8 iter=1 bytes=5369516544 t=0.79s 6.329 GB/s
[b0003 r2] mode=torch_save size=10485760 fpp=8 iter=2 bytes=5369516544 t=0.85s 5.917 GB/s
[b0008 r7] mode=torch_save size=10485760 fpp=8 iter=1 bytes=5369516544 t=0.79s 6.320 GB/s
[b0004 r3] mode=torch_save size=10485760 fpp=8 iter=1 bytes=5369516544 t=0.79s 6.293 GB/s
[b0007 r6] mode=torch_save size=10485760 fpp=8 iter=2 bytes=5369516544 t=0.76s 6.611 GB/s
[b0005 r4] mode=torch_save size=10485760 fpp=8 iter=2 bytes=5369516544 t=0.77s 6.461 GB/s
[b0006 r5] mode=torch_save size=10485760 fpp=8 iter=0 bytes=5369516544 t=0.70s 7.183 GB/s
[b0008 r7] mode=torch_save size=10485760 fpp=8 iter=2 bytes=5369516544 t=0.75s 6.625 GB/s
[b0004 r3] mode=torch_save size=10485760 fpp=8 iter=2 bytes=5369516544 t=0.72s 6.971 GB/s
[b0006 r5] mode=torch_save size=10485760 fpp=8 iter=1 bytes=5369516544 t=0.79s 6.369 GB/s
[b0001 r0] mode=dcp size=10485760 fpp=8 iter=0 bytes=5369992112 t=0.96s 5.189 GB/s
[b0002 r1] mode=dcp size=10485760 fpp=8 iter=0 bytes=5369992112 t=0.95s 5.241 GB/s
[b0006 r5] mode=torch_save size=10485760 fpp=8 iter=2 bytes=5369516544 t=0.72s 6.939 GB/s
[b0003 r2] mode=dcp size=10485760 fpp=8 iter=0 bytes=5369992112 t=1.27s 3.944 GB/s
[b0007 r6] mode=dcp size=10485760 fpp=8 iter=0 bytes=5369991600 t=1.28s 3.910 GB/s
[b0005 r4] mode=dcp size=10485760 fpp=8 iter=0 bytes=5369992112 t=1.18s 4.246 GB/s
[b0001 r0] mode=dcp size=10485760 fpp=8 iter=1 bytes=5369992112 t=1.16s 4.302 GB/s
[b0002 r1] mode=dcp size=10485760 fpp=8 iter=1 bytes=5369992112 t=0.90s 5.530 GB/s
[b0004 r3] mode=dcp size=10485760 fpp=8 iter=0 bytes=5369991600 t=0.91s 5.470 GB/s
[b0008 r7] mode=dcp size=10485760 fpp=8 iter=0 bytes=5369992112 t=0.94s 5.311 GB/s
[b0006 r5] mode=dcp size=10485760 fpp=8 iter=0 bytes=5369992112 t=1.14s 4.378 GB/s
[b0003 r2] mode=dcp size=10485760 fpp=8 iter=1 bytes=5369992112 t=1.23s 4.069 GB/s
[b0007 r6] mode=dcp size=10485760 fpp=8 iter=1 bytes=5369991600 t=1.29s 3.873 GB/s
[b0001 r0] mode=dcp size=10485760 fpp=8 iter=2 bytes=5369992112 t=1.23s 4.067 GB/s
[b0005 r4] mode=dcp size=10485760 fpp=8 iter=1 bytes=5369992112 t=1.16s 4.294 GB/s
[b0002 r1] mode=dcp size=10485760 fpp=8 iter=2 bytes=5369992112 t=1.00s 5.017 GB/s
[b0004 r3] mode=dcp size=10485760 fpp=8 iter=1 bytes=5369991600 t=0.96s 5.236 GB/s
[b0008 r7] mode=dcp size=10485760 fpp=8 iter=1 bytes=5369992112 t=0.94s 5.316 GB/s
[b0006 r5] mode=dcp size=10485760 fpp=8 iter=1 bytes=5369992112 t=1.49s 3.352 GB/s
[b0007 r6] mode=dcp size=10485760 fpp=8 iter=2 bytes=5369991600 t=1.86s 2.688 GB/s
[b0003 r2] mode=dcp size=10485760 fpp=8 iter=2 bytes=5369992112 t=1.91s 2.619 GB/s
[b0005 r4] mode=dcp size=10485760 fpp=8 iter=2 bytes=5369992112 t=1.84s 2.712 GB/s
[b0008 r7] mode=dcp size=10485760 fpp=8 iter=2 bytes=5369992112 t=1.43s 3.488 GB/s
[b0004 r3] mode=dcp size=10485760 fpp=8 iter=2 bytes=5369991600 t=1.50s 3.345 GB/s
[b0001 r0] mode=raw size=104857600 fpp=8 iter=0 bytes=53687091200 t=2.47s 20.282 GB/s
[b0002 r1] mode=raw size=104857600 fpp=8 iter=0 bytes=53687091200 t=2.88s 17.376 GB/s
[b0006 r5] mode=dcp size=10485760 fpp=8 iter=2 bytes=5369992112 t=2.14s 2.340 GB/s
[b0001 r0] mode=raw size=104857600 fpp=8 iter=1 bytes=53687091200 t=4.76s 10.499 GB/s
[b0002 r1] mode=raw size=104857600 fpp=8 iter=1 bytes=53687091200 t=3.49s 14.322 GB/s
[b0003 r2] mode=raw size=104857600 fpp=8 iter=0 bytes=53687091200 t=4.87s 10.256 GB/s
[b0007 r6] mode=raw size=104857600 fpp=8 iter=0 bytes=53687091200 t=5.08s 9.839 GB/s
[b0008 r7] mode=raw size=104857600 fpp=8 iter=0 bytes=53687091200 t=5.04s 9.915 GB/s
[b0005 r4] mode=raw size=104857600 fpp=8 iter=0 bytes=53687091200 t=5.63s 8.880 GB/s
[b0004 r3] mode=raw size=104857600 fpp=8 iter=0 bytes=53687091200 t=5.14s 9.721 GB/s
[b0001 r0] mode=raw size=104857600 fpp=8 iter=2 bytes=53687091200 t=6.06s 8.256 GB/s
[b0002 r1] mode=raw size=104857600 fpp=8 iter=2 bytes=53687091200 t=4.25s 11.756 GB/s
[b0003 r2] mode=raw size=104857600 fpp=8 iter=1 bytes=53687091200 t=4.62s 10.822 GB/s
[b0007 r6] mode=raw size=104857600 fpp=8 iter=1 bytes=53687091200 t=5.24s 9.541 GB/s
[b0008 r7] mode=raw size=104857600 fpp=8 iter=1 bytes=53687091200 t=5.43s 9.200 GB/s
[b0005 r4] mode=raw size=104857600 fpp=8 iter=1 bytes=53687091200 t=5.33s 9.372 GB/s
[b0004 r3] mode=raw size=104857600 fpp=8 iter=1 bytes=53687091200 t=5.24s 9.540 GB/s
[b0006 r5] mode=raw size=104857600 fpp=8 iter=0 bytes=53687091200 t=4.04s 12.377 GB/s
[b0003 r2] mode=raw size=104857600 fpp=8 iter=2 bytes=53687091200 t=5.18s 9.650 GB/s
[b0007 r6] mode=raw size=104857600 fpp=8 iter=2 bytes=53687091200 t=5.26s 9.501 GB/s
[b0008 r7] mode=raw size=104857600 fpp=8 iter=2 bytes=53687091200 t=5.13s 9.749 GB/s
[b0005 r4] mode=raw size=104857600 fpp=8 iter=2 bytes=53687091200 t=5.18s 9.650 GB/s
[b0004 r3] mode=raw size=104857600 fpp=8 iter=2 bytes=53687091200 t=5.26s 9.501 GB/s
[b0002 r1] mode=torch_save size=104857600 fpp=8 iter=0 bytes=53687898624 t=4.98s 10.037 GB/s
[b0001 r0] mode=torch_save size=104857600 fpp=8 iter=0 bytes=53687898624 t=3.53s 14.164 GB/s
[b0006 r5] mode=raw size=104857600 fpp=8 iter=1 bytes=53687091200 t=4.00s 12.499 GB/s
[b0002 r1] mode=torch_save size=104857600 fpp=8 iter=1 bytes=53687898624 t=5.20s 9.616 GB/s
[b0001 r0] mode=torch_save size=104857600 fpp=8 iter=1 bytes=53687898624 t=5.43s 9.208 GB/s
[b0003 r2] mode=torch_save size=104857600 fpp=8 iter=0 bytes=53687898624 t=4.72s 10.599 GB/s
[b0006 r5] mode=raw size=104857600 fpp=8 iter=2 bytes=53687091200 t=4.65s 10.751 GB/s
[b0008 r7] mode=torch_save size=104857600 fpp=8 iter=0 bytes=53687898624 t=5.65s 8.850 GB/s
[b0005 r4] mode=torch_save size=104857600 fpp=8 iter=0 bytes=53687898624 t=5.65s 8.846 GB/s
[b0007 r6] mode=torch_save size=104857600 fpp=8 iter=0 bytes=53687898624 t=6.07s 8.240 GB/s
[b0004 r3] mode=torch_save size=104857600 fpp=8 iter=0 bytes=53687898624 t=6.40s 7.808 GB/s
[b0003 r2] mode=torch_save size=104857600 fpp=8 iter=1 bytes=53687898624 t=5.43s 9.205 GB/s
[b0002 r1] mode=torch_save size=104857600 fpp=8 iter=2 bytes=53687898624 t=5.62s 8.895 GB/s
[b0001 r0] mode=torch_save size=104857600 fpp=8 iter=2 bytes=53687898624 t=4.93s 10.133 GB/s
[b0008 r7] mode=torch_save size=104857600 fpp=8 iter=1 bytes=53687898624 t=4.78s 10.467 GB/s
[b0005 r4] mode=torch_save size=104857600 fpp=8 iter=1 bytes=53687898624 t=5.10s 9.801 GB/s
[b0004 r3] mode=torch_save size=104857600 fpp=8 iter=1 bytes=53687898624 t=5.13s 9.743 GB/s
[b0007 r6] mode=torch_save size=104857600 fpp=8 iter=1 bytes=53687898624 t=6.09s 8.204 GB/s
[b0003 r2] mode=torch_save size=104857600 fpp=8 iter=2 bytes=53687898624 t=5.25s 9.531 GB/s
[b0006 r5] mode=torch_save size=104857600 fpp=8 iter=0 bytes=53687898624 t=3.79s 13.184 GB/s
[b0008 r7] mode=torch_save size=104857600 fpp=8 iter=2 bytes=53687898624 t=4.18s 11.959 GB/s
[b0005 r4] mode=torch_save size=104857600 fpp=8 iter=2 bytes=53687898624 t=4.56s 10.977 GB/s
[b0004 r3] mode=torch_save size=104857600 fpp=8 iter=2 bytes=53687898624 t=3.93s 12.735 GB/s
[b0007 r6] mode=torch_save size=104857600 fpp=8 iter=2 bytes=53687898624 t=4.67s 10.709 GB/s
[b0006 r5] mode=torch_save size=104857600 fpp=8 iter=1 bytes=53687898624 t=2.92s 17.110 GB/s
[b0006 r5] mode=torch_save size=104857600 fpp=8 iter=2 bytes=53687898624 t=3.58s 13.970 GB/s
[b0002 r1] mode=dcp size=104857600 fpp=8 iter=0 bytes=53688374192 t=4.28s 11.690 GB/s
[b0001 r0] mode=dcp size=104857600 fpp=8 iter=0 bytes=53688374192 t=3.67s 13.642 GB/s
[b0003 r2] mode=dcp size=104857600 fpp=8 iter=0 bytes=53688374192 t=2.83s 17.661 GB/s
[b0008 r7] mode=dcp size=104857600 fpp=8 iter=0 bytes=53688374192 t=4.03s 12.396 GB/s
[b0004 r3] mode=dcp size=104857600 fpp=8 iter=0 bytes=53688373680 t=4.07s 12.274 GB/s
[b0005 r4] mode=dcp size=104857600 fpp=8 iter=0 bytes=53688374192 t=4.53s 11.035 GB/s
[b0002 r1] mode=dcp size=104857600 fpp=8 iter=1 bytes=53688374192 t=4.20s 11.916 GB/s
[b0001 r0] mode=dcp size=104857600 fpp=8 iter=1 bytes=53688374192 t=3.74s 13.354 GB/s
[b0007 r6] mode=dcp size=104857600 fpp=8 iter=0 bytes=53688373680 t=4.27s 11.718 GB/s
[b0006 r5] mode=dcp size=104857600 fpp=8 iter=0 bytes=53688374192 t=2.87s 17.433 GB/s
[b0003 r2] mode=dcp size=104857600 fpp=8 iter=1 bytes=53688374192 t=3.01s 16.613 GB/s
[b0008 r7] mode=dcp size=104857600 fpp=8 iter=1 bytes=53688374192 t=5.13s 9.739 GB/s
[b0004 r3] mode=dcp size=104857600 fpp=8 iter=1 bytes=53688373680 t=4.86s 10.282 GB/s
[b0005 r4] mode=dcp size=104857600 fpp=8 iter=1 bytes=53688374192 t=5.21s 9.604 GB/s
[b0002 r1] mode=dcp size=104857600 fpp=8 iter=2 bytes=53688374192 t=5.69s 8.789 GB/s
[b0001 r0] mode=dcp size=104857600 fpp=8 iter=2 bytes=53688374192 t=4.99s 10.022 GB/s
[b0007 r6] mode=dcp size=104857600 fpp=8 iter=1 bytes=53688373680 t=5.05s 9.906 GB/s
[b0006 r5] mode=dcp size=104857600 fpp=8 iter=1 bytes=53688374192 t=2.96s 16.901 GB/s
[b0003 r2] mode=dcp size=104857600 fpp=8 iter=2 bytes=53688374192 t=3.26s 15.335 GB/s
[b0008 r7] mode=dcp size=104857600 fpp=8 iter=2 bytes=53688374192 t=3.77s 13.267 GB/s
[b0004 r3] mode=dcp size=104857600 fpp=8 iter=2 bytes=53688373680 t=3.56s 14.033 GB/s
[b0005 r4] mode=dcp size=104857600 fpp=8 iter=2 bytes=53688374192 t=3.38s 14.812 GB/s
[b0007 r6] mode=dcp size=104857600 fpp=8 iter=2 bytes=53688373680 t=3.77s 13.268 GB/s
[b0006 r5] mode=dcp size=104857600 fpp=8 iter=2 bytes=53688374192 t=2.69s 18.621 GB/s
Done. Results: results/8node_64cpu_b200-batch_26093/all.csv
