hostname: a0005
timestamp: 2026-05-19T18:46:26.427021+00:00
openmm_version: 8.4.0.dev-Unknown
cpuinfo: AMD EPYC 9575F 64-Core Processor
cpuarch: x86_64
system: Linux
nvidia_driver: 580.105.08
gpu: NVIDIA RTX PRO 6000 Blackwell Server Edition
test: apoa1pme
constraints: HBonds
hydrogen_mass: 1.5
cutoff: 0.9
ensemble: NVT
precision: single
timestep_in_fs: 4.0
platform: CUDA
platform_properties: {'DeviceIndex': '0', 'DeviceName': 'NVIDIA RTX PRO 6000 Blackwell Server Edition', 'UseBlockingSync': 'false', 'Precision': 'single', 'UseCpuPme': 'false', 'CudaCompiler': '', 'TempDirectory': '/tmp', 'CudaHostCompiler': '', 'DisablePmeStream': 'false', 'DeterministicForces': 'false'}
steps: 540741
elapsed_time: 186.878933
ns_per_day: 1000.0061890336242

hostname: a0005
timestamp: 2026-05-19T18:46:25.979082+00:00
openmm_version: 8.4.0.dev-Unknown
cpuinfo: AMD EPYC 9575F 64-Core Processor
cpuarch: x86_64
system: Linux
nvidia_driver: 580.105.08
gpu: NVIDIA RTX PRO 6000 Blackwell Server Edition
test: apoa1pme
constraints: HBonds
hydrogen_mass: 1.5
cutoff: 0.9
ensemble: NVT
precision: single
timestep_in_fs: 4.0
platform: CUDA
platform_properties: {'DeviceIndex': '0', 'DeviceName': 'NVIDIA RTX PRO 6000 Blackwell Server Edition', 'UseBlockingSync': 'false', 'Precision': 'single', 'UseCpuPme': 'false', 'CudaCompiler': '', 'TempDirectory': '/tmp', 'CudaHostCompiler': '', 'DisablePmeStream': 'false', 'DeterministicForces': 'false'}
steps: 543625
elapsed_time: 188.020205
ns_per_day: 999.2372894179111

hostname: a0005
timestamp: 2026-05-19T18:46:26.656544+00:00
openmm_version: 8.4.0.dev-Unknown
cpuinfo: AMD EPYC 9575F 64-Core Processor
cpuarch: x86_64
system: Linux
nvidia_driver: 580.105.08
gpu: NVIDIA RTX PRO 6000 Blackwell Server Edition
test: apoa1pme
constraints: HBonds
hydrogen_mass: 1.5
cutoff: 0.9
ensemble: NVT
precision: single
timestep_in_fs: 4.0
platform: CUDA
platform_properties: {'DeviceIndex': '0', 'DeviceName': 'NVIDIA RTX PRO 6000 Blackwell Server Edition', 'UseBlockingSync': 'false', 'Precision': 'single', 'UseCpuPme': 'false', 'CudaCompiler': '', 'TempDirectory': '/tmp', 'CudaHostCompiler': '', 'DisablePmeStream': 'false', 'DeterministicForces': 'false'}
steps: 546755
elapsed_time: 189.124785
ns_per_day: 999.1209137395713

hostname: a0005
timestamp: 2026-05-19T18:46:26.316292+00:00
openmm_version: 8.4.0.dev-Unknown
cpuinfo: AMD EPYC 9575F 64-Core Processor
cpuarch: x86_64
system: Linux
nvidia_driver: 580.105.08
gpu: NVIDIA RTX PRO 6000 Blackwell Server Edition
test: apoa1pme
constraints: HBonds
hydrogen_mass: 1.5
cutoff: 0.9
ensemble: NVT
precision: single
timestep_in_fs: 4.0
platform: CUDA
platform_properties: {'DeviceIndex': '0', 'DeviceName': 'NVIDIA RTX PRO 6000 Blackwell Server Edition', 'UseBlockingSync': 'false', 'Precision': 'single', 'UseCpuPme': 'false', 'CudaCompiler': '', 'TempDirectory': '/tmp', 'CudaHostCompiler': '', 'DisablePmeStream': 'false', 'DeterministicForces': 'false'}
steps: 547879
elapsed_time: 189.411701
ns_per_day: 999.6583178353906

hostname: a0005
timestamp: 2026-05-19T18:46:25.958380+00:00
openmm_version: 8.4.0.dev-Unknown
cpuinfo: AMD EPYC 9575F 64-Core Processor
cpuarch: x86_64
system: Linux
nvidia_driver: 580.105.08
gpu: NVIDIA RTX PRO 6000 Blackwell Server Edition
test: apoa1pme
constraints: HBonds
hydrogen_mass: 1.5
cutoff: 0.9
ensemble: NVT
precision: single
timestep_in_fs: 4.0
platform: CUDA
platform_properties: {'DeviceIndex': '0', 'DeviceName': 'NVIDIA RTX PRO 6000 Blackwell Server Edition', 'UseBlockingSync': 'false', 'Precision': 'single', 'UseCpuPme': 'false', 'CudaCompiler': '', 'TempDirectory': '/tmp', 'CudaHostCompiler': '', 'DisablePmeStream': 'false', 'DeterministicForces': 'false'}
steps: 549831
elapsed_time: 189.836672
ns_per_day: 1000.9741089435025

hostname: a0005
timestamp: 2026-05-19T18:46:26.087909+00:00
openmm_version: 8.4.0.dev-Unknown
cpuinfo: AMD EPYC 9575F 64-Core Processor
cpuarch: x86_64
system: Linux
nvidia_driver: 580.105.08
gpu: NVIDIA RTX PRO 6000 Blackwell Server Edition
test: apoa1pme
constraints: HBonds
hydrogen_mass: 1.5
cutoff: 0.9
ensemble: NVT
precision: single
timestep_in_fs: 4.0
platform: CUDA
platform_properties: {'DeviceIndex': '0', 'DeviceName': 'NVIDIA RTX PRO 6000 Blackwell Server Edition', 'UseBlockingSync': 'false', 'Precision': 'single', 'UseCpuPme': 'false', 'CudaCompiler': '', 'TempDirectory': '/tmp', 'CudaHostCompiler': '', 'DisablePmeStream': 'false', 'DeterministicForces': 'false'}
steps: 549159
elapsed_time: 190.124967
ns_per_day: 998.2347578790109

hostname: a0005
timestamp: 2026-05-19T18:46:26.538817+00:00
openmm_version: 8.4.0.dev-Unknown
cpuinfo: AMD EPYC 9575F 64-Core Processor
cpuarch: x86_64
system: Linux
nvidia_driver: 580.105.08
gpu: NVIDIA RTX PRO 6000 Blackwell Server Edition
test: apoa1pme
constraints: HBonds
hydrogen_mass: 1.5
cutoff: 0.9
ensemble: NVT
precision: single
timestep_in_fs: 4.0
platform: CUDA
platform_properties: {'DeviceIndex': '0', 'DeviceName': 'NVIDIA RTX PRO 6000 Blackwell Server Edition', 'UseBlockingSync': 'false', 'Precision': 'single', 'UseCpuPme': 'false', 'CudaCompiler': '', 'TempDirectory': '/tmp', 'CudaHostCompiler': '', 'DisablePmeStream': 'false', 'DeterministicForces': 'false'}
steps: 550949
elapsed_time: 190.318978
ns_per_day: 1000.4676170549842

hostname: a0005
timestamp: 2026-05-19T18:46:26.199509+00:00
openmm_version: 8.4.0.dev-Unknown
cpuinfo: AMD EPYC 9575F 64-Core Processor
cpuarch: x86_64
system: Linux
nvidia_driver: 580.105.08
gpu: NVIDIA RTX PRO 6000 Blackwell Server Edition
test: apoa1pme
constraints: HBonds
hydrogen_mass: 1.5
cutoff: 0.9
ensemble: NVT
precision: single
timestep_in_fs: 4.0
platform: CUDA
platform_properties: {'DeviceIndex': '0', 'DeviceName': 'NVIDIA RTX PRO 6000 Blackwell Server Edition', 'UseBlockingSync': 'false', 'Precision': 'single', 'UseCpuPme': 'false', 'CudaCompiler': '', 'TempDirectory': '/tmp', 'CudaHostCompiler': '', 'DisablePmeStream': 'false', 'DeterministicForces': 'false'}
steps: 552843
elapsed_time: 190.482621
ns_per_day: 1003.0444761677232

