hostname: a0002
timestamp: 2026-05-19T18:46:51.205727+00:00
openmm_version: 8.4.0.dev-Unknown
cpuinfo: AMD EPYC 9575F 64-Core Processor
cpuarch: x86_64
system: Linux
nvidia_driver: 580.105.08
gpu: NVIDIA RTX PRO 6000 Blackwell Server Edition
test: apoa1pme
constraints: HBonds
hydrogen_mass: 1.5
cutoff: 0.9
ensemble: NVT
precision: single
timestep_in_fs: 4.0
platform: CUDA
platform_properties: {'DeviceIndex': '0', 'DeviceName': 'NVIDIA RTX PRO 6000 Blackwell Server Edition', 'UseBlockingSync': 'false', 'Precision': 'single', 'UseCpuPme': 'false', 'CudaCompiler': '', 'TempDirectory': '/tmp', 'CudaHostCompiler': '', 'DisablePmeStream': 'false', 'DeterministicForces': 'false'}
steps: 542278
elapsed_time: 187.576517
ns_per_day: 999.1190784292044

hostname: a0002
timestamp: 2026-05-19T18:46:51.519130+00:00
openmm_version: 8.4.0.dev-Unknown
cpuinfo: AMD EPYC 9575F 64-Core Processor
cpuarch: x86_64
system: Linux
nvidia_driver: 580.105.08
gpu: NVIDIA RTX PRO 6000 Blackwell Server Edition
test: apoa1pme
constraints: HBonds
hydrogen_mass: 1.5
cutoff: 0.9
ensemble: NVT
precision: single
timestep_in_fs: 4.0
platform: CUDA
platform_properties: {'DeviceIndex': '0', 'DeviceName': 'NVIDIA RTX PRO 6000 Blackwell Server Edition', 'UseBlockingSync': 'false', 'Precision': 'single', 'UseCpuPme': 'false', 'CudaCompiler': '', 'TempDirectory': '/tmp', 'CudaHostCompiler': '', 'DisablePmeStream': 'false', 'DeterministicForces': 'false'}
steps: 549074
elapsed_time: 189.350649
ns_per_day: 1002.1617322262254

hostname: a0002
timestamp: 2026-05-19T18:46:51.205740+00:00
openmm_version: 8.4.0.dev-Unknown
cpuinfo: AMD EPYC 9575F 64-Core Processor
cpuarch: x86_64
system: Linux
nvidia_driver: 580.105.08
gpu: NVIDIA RTX PRO 6000 Blackwell Server Edition
test: apoa1pme
constraints: HBonds
hydrogen_mass: 1.5
cutoff: 0.9
ensemble: NVT
precision: single
timestep_in_fs: 4.0
platform: CUDA
platform_properties: {'DeviceIndex': '0', 'DeviceName': 'NVIDIA RTX PRO 6000 Blackwell Server Edition', 'UseBlockingSync': 'false', 'Precision': 'single', 'UseCpuPme': 'false', 'CudaCompiler': '', 'TempDirectory': '/tmp', 'CudaHostCompiler': '', 'DisablePmeStream': 'false', 'DeterministicForces': 'false'}
steps: 554027
elapsed_time: 190.967834
ns_per_day: 1002.6386496062995

hostname: a0002
timestamp: 2026-05-19T18:46:51.479605+00:00
openmm_version: 8.4.0.dev-Unknown
cpuinfo: AMD EPYC 9575F 64-Core Processor
cpuarch: x86_64
system: Linux
nvidia_driver: 580.105.08
gpu: NVIDIA RTX PRO 6000 Blackwell Server Edition
test: apoa1pme
constraints: HBonds
hydrogen_mass: 1.5
cutoff: 0.9
ensemble: NVT
precision: single
timestep_in_fs: 4.0
platform: CUDA
platform_properties: {'DeviceIndex': '0', 'DeviceName': 'NVIDIA RTX PRO 6000 Blackwell Server Edition', 'UseBlockingSync': 'false', 'Precision': 'single', 'UseCpuPme': 'false', 'CudaCompiler': '', 'TempDirectory': '/tmp', 'CudaHostCompiler': '', 'DisablePmeStream': 'false', 'DeterministicForces': 'false'}
steps: 553932
elapsed_time: 191.150768
ns_per_day: 1001.5073504700748

hostname: a0002
timestamp: 2026-05-19T18:46:51.687454+00:00
openmm_version: 8.4.0.dev-Unknown
cpuinfo: AMD EPYC 9575F 64-Core Processor
cpuarch: x86_64
system: Linux
nvidia_driver: 580.105.08
gpu: NVIDIA RTX PRO 6000 Blackwell Server Edition
test: apoa1pme
constraints: HBonds
hydrogen_mass: 1.5
cutoff: 0.9
ensemble: NVT
precision: single
timestep_in_fs: 4.0
platform: CUDA
platform_properties: {'DeviceIndex': '0', 'DeviceName': 'NVIDIA RTX PRO 6000 Blackwell Server Edition', 'UseBlockingSync': 'false', 'Precision': 'single', 'UseCpuPme': 'false', 'CudaCompiler': '', 'TempDirectory': '/tmp', 'CudaHostCompiler': '', 'DisablePmeStream': 'false', 'DeterministicForces': 'false'}
steps: 554227
elapsed_time: 191.211018
ns_per_day: 1001.7249696353792

hostname: a0002
timestamp: 2026-05-19T18:46:51.600964+00:00
openmm_version: 8.4.0.dev-Unknown
cpuinfo: AMD EPYC 9575F 64-Core Processor
cpuarch: x86_64
system: Linux
nvidia_driver: 580.105.08
gpu: NVIDIA RTX PRO 6000 Blackwell Server Edition
test: apoa1pme
constraints: HBonds
hydrogen_mass: 1.5
cutoff: 0.9
ensemble: NVT
precision: single
timestep_in_fs: 4.0
platform: CUDA
platform_properties: {'DeviceIndex': '0', 'DeviceName': 'NVIDIA RTX PRO 6000 Blackwell Server Edition', 'UseBlockingSync': 'false', 'Precision': 'single', 'UseCpuPme': 'false', 'CudaCompiler': '', 'TempDirectory': '/tmp', 'CudaHostCompiler': '', 'DisablePmeStream': 'false', 'DeterministicForces': 'false'}
steps: 554127
elapsed_time: 191.237811
ns_per_day: 1001.4039075149211

hostname: a0002
timestamp: 2026-05-19T18:46:51.261823+00:00
openmm_version: 8.4.0.dev-Unknown
cpuinfo: AMD EPYC 9575F 64-Core Processor
cpuarch: x86_64
system: Linux
nvidia_driver: 580.105.08
gpu: NVIDIA RTX PRO 6000 Blackwell Server Edition
test: apoa1pme
constraints: HBonds
hydrogen_mass: 1.5
cutoff: 0.9
ensemble: NVT
precision: single
timestep_in_fs: 4.0
platform: CUDA
platform_properties: {'DeviceIndex': '0', 'DeviceName': 'NVIDIA RTX PRO 6000 Blackwell Server Edition', 'UseBlockingSync': 'false', 'Precision': 'single', 'UseCpuPme': 'false', 'CudaCompiler': '', 'TempDirectory': '/tmp', 'CudaHostCompiler': '', 'DisablePmeStream': 'false', 'DeterministicForces': 'false'}
steps: 555704
elapsed_time: 192.010061
ns_per_day: 1000.2147877032336

hostname: a0002
timestamp: 2026-05-19T18:46:51.352456+00:00
openmm_version: 8.4.0.dev-Unknown
cpuinfo: AMD EPYC 9575F 64-Core Processor
cpuarch: x86_64
system: Linux
nvidia_driver: 580.105.08
gpu: NVIDIA RTX PRO 6000 Blackwell Server Edition
test: apoa1pme
constraints: HBonds
hydrogen_mass: 1.5
cutoff: 0.9
ensemble: NVT
precision: single
timestep_in_fs: 4.0
platform: CUDA
platform_properties: {'DeviceIndex': '0', 'DeviceName': 'NVIDIA RTX PRO 6000 Blackwell Server Edition', 'UseBlockingSync': 'false', 'Precision': 'single', 'UseCpuPme': 'false', 'CudaCompiler': '', 'TempDirectory': '/tmp', 'CudaHostCompiler': '', 'DisablePmeStream': 'false', 'DeterministicForces': 'false'}
steps: 555432
elapsed_time: 192.343577
ns_per_day: 997.9917301839507

