Job started at: 2026-04-18T00:28:34
Running on hosts: a0012
Command line: /workspace/stream-gpu-linux-x86_64/stream_test -d 0 -n 1000000000 -t CSAT

======================================================================================
NVIDIA-STREAM 25.9.0  -- NVIDIA accelerated STREAM benchmark -- NVIDIA
======================================================================================
There are 8 devices supporting CUDA
Device 0: "NVIDIA RTX PRO 6000 Blackwell Server Edition" 	 188 SMs(12.0)	Memory: 405MHz x 512-bit = 51.8 GB/s PEAK	 ECC is ON
Device 1: "NVIDIA RTX PRO 6000 Blackwell Server Edition" 	 188 SMs(12.0)	Memory: 405MHz x 512-bit = 51.8 GB/s PEAK	 ECC is ON
Device 2: "NVIDIA RTX PRO 6000 Blackwell Server Edition" 	 188 SMs(12.0)	Memory: 405MHz x 512-bit = 51.8 GB/s PEAK	 ECC is ON
Device 3: "NVIDIA RTX PRO 6000 Blackwell Server Edition" 	 188 SMs(12.0)	Memory: 405MHz x 512-bit = 51.8 GB/s PEAK	 ECC is ON
Device 4: "NVIDIA RTX PRO 6000 Blackwell Server Edition" 	 188 SMs(12.0)	Memory: 405MHz x 512-bit = 51.8 GB/s PEAK	 ECC is ON
Device 5: "NVIDIA RTX PRO 6000 Blackwell Server Edition" 	 188 SMs(12.0)	Memory: 405MHz x 512-bit = 51.8 GB/s PEAK	 ECC is ON
Device 6: "NVIDIA RTX PRO 6000 Blackwell Server Edition" 	 188 SMs(12.0)	Memory: 405MHz x 512-bit = 51.8 GB/s PEAK	 ECC is ON
Device 7: "NVIDIA RTX PRO 6000 Blackwell Server Edition" 	 188 SMs(12.0)	Memory: 405MHz x 512-bit = 51.8 GB/s PEAK	 ECC is ON

Device Selected 0: "NVIDIA RTX PRO 6000 Blackwell Server Edition"
 STREAM Benchmark implementation in CUDA
 Array size (double)=1000000000*8*8 (61035 MB)

STREAM tests: COPY SCALE ADD TRIAD

Optimizing...


Function      Rate (MB/s)   Avg time     Min time     Max time
Copy:      1477327.4498       0.0108       0.0108       0.0108
Scale:     1475631.3747       0.0108       0.0108       0.0109
Add:       1500423.1037       0.0160       0.0160       0.0160
Triad:     1500036.0319       0.0160       0.0160       0.0160
Job finished at: 2026-04-18T00:29:19
