Job started at: 2026-04-18T00:25:03
Running on hosts: a0002
Command line: /workspace/stream-gpu-linux-x86_64/stream_test_fp32 -d 0 -n 1000000000 -t CSAT

======================================================================================
NVIDIA-STREAM 25.9.0  -- NVIDIA accelerated STREAM benchmark -- NVIDIA
======================================================================================
There are 8 devices supporting CUDA
Device 0: "NVIDIA RTX PRO 6000 Blackwell Server Edition" 	 188 SMs(12.0)	Memory: 405MHz x 512-bit = 51.8 GB/s PEAK	 ECC is ON
Device 1: "NVIDIA RTX PRO 6000 Blackwell Server Edition" 	 188 SMs(12.0)	Memory: 405MHz x 512-bit = 51.8 GB/s PEAK	 ECC is ON
Device 2: "NVIDIA RTX PRO 6000 Blackwell Server Edition" 	 188 SMs(12.0)	Memory: 405MHz x 512-bit = 51.8 GB/s PEAK	 ECC is ON
Device 3: "NVIDIA RTX PRO 6000 Blackwell Server Edition" 	 188 SMs(12.0)	Memory: 405MHz x 512-bit = 51.8 GB/s PEAK	 ECC is ON
Device 4: "NVIDIA RTX PRO 6000 Blackwell Server Edition" 	 188 SMs(12.0)	Memory: 405MHz x 512-bit = 51.8 GB/s PEAK	 ECC is ON
Device 5: "NVIDIA RTX PRO 6000 Blackwell Server Edition" 	 188 SMs(12.0)	Memory: 405MHz x 512-bit = 51.8 GB/s PEAK	 ECC is ON
Device 6: "NVIDIA RTX PRO 6000 Blackwell Server Edition" 	 188 SMs(12.0)	Memory: 405MHz x 512-bit = 51.8 GB/s PEAK	 ECC is ON
Device 7: "NVIDIA RTX PRO 6000 Blackwell Server Edition" 	 188 SMs(12.0)	Memory: 405MHz x 512-bit = 51.8 GB/s PEAK	 ECC is ON

Device Selected 0: "NVIDIA RTX PRO 6000 Blackwell Server Edition"
 STREAM Benchmark implementation in CUDA
 Array size (float)=1000000000*4*8 (30517 MB)

STREAM tests: COPY SCALE ADD TRIAD

Optimizing...


Function      Rate (MB/s)   Avg time     Min time     Max time
Copy:      1468972.3962       0.0055       0.0054       0.0055
Scale:     1463666.0082       0.0055       0.0055       0.0055
Add:       1481194.7108       0.0081       0.0081       0.0081
Triad:     1483462.3969       0.0081       0.0081       0.0081
Job finished at: 2026-04-18T00:25:24
