=== Job info ===
Job ID    : 17250
Node      : a0009
GPUs      : 1
name, driver_version, memory.total [MiB]
NVIDIA RTX PRO 6000 Blackwell Server Edition, 580.105.08, 97887 MiB
NVIDIA RTX PRO 6000 Blackwell Server Edition, 580.105.08, 97887 MiB
NVIDIA RTX PRO 6000 Blackwell Server Edition, 580.105.08, 97887 MiB
NVIDIA RTX PRO 6000 Blackwell Server Edition, 580.105.08, 97887 MiB
NVIDIA RTX PRO 6000 Blackwell Server Edition, 580.105.08, 97887 MiB
NVIDIA RTX PRO 6000 Blackwell Server Edition, 580.105.08, 97887 MiB
NVIDIA RTX PRO 6000 Blackwell Server Edition, 580.105.08, 97887 MiB
NVIDIA RTX PRO 6000 Blackwell Server Edition, 580.105.08, 97887 MiB
torch: 2.11.0+cu130
arch_list: ['sm_75', 'sm_80', 'sm_86', 'sm_90', 'sm_100', 'sm_120']
================
[rank 0] host=a0009 local_rank=0 world_size=1 device=NVIDIA RTX PRO 6000 Blackwell Server Edition
[rank0] scaling=weak per_gpu=128 global=128
NCCL version 2.28.9+cuda13.0
[rank0] Warmup: target 60.0s, min 20 steps
[rank0] Warmup done: 1234 steps in 58.9s
[rank0] Benchmark: target 600.0s, min 50 steps
[rank0] Bench target: 12723 steps (estimated 600s)

================================================================
RESULTS [1gpu_weak_resnet50_a0009_17250]
================================================================
Scaling mode         : weak
World size / nodes   : 1 / 1
Device               : NVIDIA RTX PRO 6000 Blackwell Server Edition
Compute capability   : [12, 0]
Model                : resnet50
Per-GPU / global bs  : 128 / 128
Precision            : bf16
Steps measured       : 12723 in 595.8s
Mean step (s)        : 0.0468 (stdev 0.0000)
p50 / p95 / p99 (s)  : 0.0468 / 0.0469 / 0.0469
Images/sec per GPU   : 2733.4
Images/sec global    : 2733.4
Peak mem (GB)        : min=5.72 mean=5.72 max=5.72 spread=0.0%
Straggler ratio      : 1.000 (slowest/fastest rank)
GPU activity rank0   : min=13% mean=97% max=97% (522 samples)
Power rank0 (W)      : mean=402 max=411
SM clock rank0 (MHz) : mean=2400 max=2400
================================================================
[rank0] Wrote results/1gpu_weak_resnet50_a0009_17250.json
