=== Job info ===
Job ID    : 17256
Node      : a0011
GPUs      : 1
name, driver_version, memory.total [MiB]
NVIDIA RTX PRO 6000 Blackwell Server Edition, 580.105.08, 97887 MiB
NVIDIA RTX PRO 6000 Blackwell Server Edition, 580.105.08, 97887 MiB
NVIDIA RTX PRO 6000 Blackwell Server Edition, 580.105.08, 97887 MiB
NVIDIA RTX PRO 6000 Blackwell Server Edition, 580.105.08, 97887 MiB
NVIDIA RTX PRO 6000 Blackwell Server Edition, 580.105.08, 97887 MiB
NVIDIA RTX PRO 6000 Blackwell Server Edition, 580.105.08, 97887 MiB
NVIDIA RTX PRO 6000 Blackwell Server Edition, 580.105.08, 97887 MiB
NVIDIA RTX PRO 6000 Blackwell Server Edition, 580.105.08, 97887 MiB
torch: 2.11.0+cu130
arch_list: ['sm_75', 'sm_80', 'sm_86', 'sm_90', 'sm_100', 'sm_120']
================
[rank 0] host=a0011 local_rank=0 world_size=1 device=NVIDIA RTX PRO 6000 Blackwell Server Edition
[rank0] scaling=strong per_gpu=2048 global=2048
NCCL version 2.28.9+cuda13.0
[rank0] Warmup: target 60.0s, min 20 steps
[rank0] Warmup done: 69 steps in 60.2s
[rank0] Benchmark: target 600.0s, min 50 steps
[rank0] Bench target: 745 steps (estimated 601s)

================================================================
RESULTS [1gpu_strong_resnet50_a0011_17256]
================================================================
Scaling mode         : strong
World size / nodes   : 1 / 1
Device               : NVIDIA RTX PRO 6000 Blackwell Server Edition
Compute capability   : [12, 0]
Model                : resnet50
Per-GPU / global bs  : 2048 / 2048
Precision            : bf16
Steps measured       : 745 in 601.5s
Mean step (s)        : 0.8073 (stdev 0.0002)
p50 / p95 / p99 (s)  : 0.8073 / 0.8077 / 0.8078
Images/sec per GPU   : 2536.7
Images/sec global    : 2536.7
Peak mem (GB)        : min=85.73 mean=85.73 max=85.73 spread=0.0%
Straggler ratio      : 1.000 (slowest/fastest rank)
GPU activity rank0   : min=0% mean=100% max=100% (525 samples)
Power rank0 (W)      : mean=429 max=457
SM clock rank0 (MHz) : mean=2414 max=2422
================================================================
[rank0] Wrote results/1gpu_strong_resnet50_a0011_17256.json
