=== Wed May 20 17:19:28 EDT 2026 mode=write nodes=2 npernode=128 ===
[b0002 r1] base=/work/mit/datasets/test/writebench.b0002.1.2817222.0b01e076
[b0001 r0] base=/work/mit/datasets/test/writebench.b0001.0.1967026.5376a6c0
[b0002 r1] mode=raw size=102400 fpp=8 iter=0 bytes=104857600 t=1.29s 0.076 GB/s
[b0001 r0] mode=raw size=102400 fpp=8 iter=0 bytes=104857600 t=1.21s 0.080 GB/s
[b0002 r1] mode=raw size=102400 fpp=8 iter=1 bytes=104857600 t=1.30s 0.075 GB/s
[b0001 r0] mode=raw size=102400 fpp=8 iter=1 bytes=104857600 t=1.27s 0.077 GB/s
[b0002 r1] mode=raw size=102400 fpp=8 iter=2 bytes=104857600 t=1.28s 0.076 GB/s
[b0001 r0] mode=raw size=102400 fpp=8 iter=2 bytes=104857600 t=1.26s 0.078 GB/s
[b0002 r1] mode=torch_save size=102400 fpp=8 iter=0 bytes=106472448 t=1.27s 0.078 GB/s
[b0001 r0] mode=torch_save size=102400 fpp=8 iter=0 bytes=106472448 t=1.27s 0.078 GB/s
[b0002 r1] mode=torch_save size=102400 fpp=8 iter=1 bytes=106472448 t=1.32s 0.075 GB/s
[b0001 r0] mode=torch_save size=102400 fpp=8 iter=1 bytes=106472448 t=1.31s 0.076 GB/s
[b0002 r1] mode=torch_save size=102400 fpp=8 iter=2 bytes=106472448 t=1.27s 0.078 GB/s
[b0001 r0] mode=torch_save size=102400 fpp=8 iter=2 bytes=106472448 t=1.36s 0.073 GB/s
[b0002 r1] mode=dcp size=102400 fpp=8 iter=0 bytes=107419792 t=1.37s 0.073 GB/s
[b0001 r0] mode=dcp size=102400 fpp=8 iter=0 bytes=107419792 t=1.49s 0.067 GB/s
[b0002 r1] mode=dcp size=102400 fpp=8 iter=1 bytes=107419792 t=1.41s 0.071 GB/s
[b0001 r0] mode=dcp size=102400 fpp=8 iter=1 bytes=107419792 t=1.37s 0.073 GB/s
[b0002 r1] mode=dcp size=102400 fpp=8 iter=2 bytes=107419792 t=1.46s 0.069 GB/s
[b0001 r0] mode=dcp size=102400 fpp=8 iter=2 bytes=107419792 t=1.38s 0.073 GB/s
[b0002 r1] mode=raw size=1048576 fpp=8 iter=0 bytes=1073741824 t=1.08s 0.927 GB/s
[b0001 r0] mode=raw size=1048576 fpp=8 iter=0 bytes=1073741824 t=1.09s 0.919 GB/s
[b0002 r1] mode=raw size=1048576 fpp=8 iter=1 bytes=1073741824 t=1.09s 0.915 GB/s
[b0001 r0] mode=raw size=1048576 fpp=8 iter=1 bytes=1073741824 t=1.11s 0.905 GB/s
[b0002 r1] mode=raw size=1048576 fpp=8 iter=2 bytes=1073741824 t=1.16s 0.862 GB/s
[b0001 r0] mode=raw size=1048576 fpp=8 iter=2 bytes=1073741824 t=1.12s 0.892 GB/s
[b0002 r1] mode=torch_save size=1048576 fpp=8 iter=0 bytes=1075356672 t=1.12s 0.890 GB/s
[b0002 r1] mode=torch_save size=1048576 fpp=8 iter=1 bytes=1075356672 t=1.19s 0.841 GB/s
[b0001 r0] mode=torch_save size=1048576 fpp=8 iter=0 bytes=1075356672 t=1.11s 0.905 GB/s
[b0002 r1] mode=torch_save size=1048576 fpp=8 iter=2 bytes=1075356672 t=1.13s 0.889 GB/s
[b0001 r0] mode=torch_save size=1048576 fpp=8 iter=1 bytes=1075356672 t=1.11s 0.899 GB/s
[b0001 r0] mode=torch_save size=1048576 fpp=8 iter=2 bytes=1075356672 t=1.16s 0.863 GB/s
[b0002 r1] mode=dcp size=1048576 fpp=8 iter=0 bytes=1076308112 t=1.47s 0.681 GB/s
[b0001 r0] mode=dcp size=1048576 fpp=8 iter=0 bytes=1076308112 t=1.48s 0.676 GB/s
[b0002 r1] mode=dcp size=1048576 fpp=8 iter=1 bytes=1076308112 t=1.46s 0.689 GB/s
[b0001 r0] mode=dcp size=1048576 fpp=8 iter=1 bytes=1076308112 t=1.41s 0.710 GB/s
[b0002 r1] mode=dcp size=1048576 fpp=8 iter=2 bytes=1076308112 t=1.36s 0.737 GB/s
[b0001 r0] mode=dcp size=1048576 fpp=8 iter=2 bytes=1076308112 t=1.38s 0.725 GB/s
[b0002 r1] mode=raw size=10485760 fpp=8 iter=0 bytes=10737418240 t=1.64s 6.084 GB/s
[b0002 r1] mode=raw size=10485760 fpp=8 iter=1 bytes=10737418240 t=1.55s 6.439 GB/s
[b0001 r0] mode=raw size=10485760 fpp=8 iter=0 bytes=10737418240 t=1.74s 5.753 GB/s
[b0002 r1] mode=raw size=10485760 fpp=8 iter=2 bytes=10737418240 t=1.56s 6.409 GB/s
[b0001 r0] mode=raw size=10485760 fpp=8 iter=1 bytes=10737418240 t=1.75s 5.724 GB/s
[b0001 r0] mode=raw size=10485760 fpp=8 iter=2 bytes=10737418240 t=1.68s 5.966 GB/s
[b0002 r1] mode=torch_save size=10485760 fpp=8 iter=0 bytes=10739033088 t=1.52s 6.579 GB/s
[b0002 r1] mode=torch_save size=10485760 fpp=8 iter=1 bytes=10739033088 t=1.55s 6.433 GB/s
[b0001 r0] mode=torch_save size=10485760 fpp=8 iter=0 bytes=10739033088 t=1.69s 5.935 GB/s
[b0002 r1] mode=torch_save size=10485760 fpp=8 iter=2 bytes=10739033088 t=1.60s 6.264 GB/s
[b0001 r0] mode=torch_save size=10485760 fpp=8 iter=1 bytes=10739033088 t=1.54s 6.477 GB/s
[b0001 r0] mode=torch_save size=10485760 fpp=8 iter=2 bytes=10739033088 t=2.05s 4.874 GB/s
[b0002 r1] mode=dcp size=10485760 fpp=8 iter=0 bytes=10739984528 t=1.84s 5.438 GB/s
[b0001 r0] mode=dcp size=10485760 fpp=8 iter=0 bytes=10739984528 t=1.95s 5.124 GB/s
[b0002 r1] mode=dcp size=10485760 fpp=8 iter=1 bytes=10739984528 t=1.87s 5.335 GB/s
[b0001 r0] mode=dcp size=10485760 fpp=8 iter=1 bytes=10739984528 t=1.85s 5.396 GB/s
[b0002 r1] mode=dcp size=10485760 fpp=8 iter=2 bytes=10739984528 t=1.91s 5.237 GB/s
[b0001 r0] mode=dcp size=10485760 fpp=8 iter=2 bytes=10739984528 t=1.89s 5.292 GB/s
[b0002 r1] mode=raw size=104857600 fpp=8 iter=0 bytes=107374182400 t=4.77s 20.944 GB/s
[b0002 r1] mode=raw size=104857600 fpp=8 iter=1 bytes=107374182400 t=4.70s 21.270 GB/s
[b0001 r0] mode=raw size=104857600 fpp=8 iter=0 bytes=107374182400 t=4.67s 21.400 GB/s
[b0002 r1] mode=raw size=104857600 fpp=8 iter=2 bytes=107374182400 t=4.75s 21.031 GB/s
[b0001 r0] mode=raw size=104857600 fpp=8 iter=1 bytes=107374182400 t=4.63s 21.608 GB/s
[b0001 r0] mode=raw size=104857600 fpp=8 iter=2 bytes=107374182400 t=4.67s 21.398 GB/s
[b0002 r1] mode=torch_save size=104857600 fpp=8 iter=0 bytes=107375797248 t=4.90s 20.397 GB/s
[b0002 r1] mode=torch_save size=104857600 fpp=8 iter=1 bytes=107375797248 t=4.63s 21.585 GB/s
[b0001 r0] mode=torch_save size=104857600 fpp=8 iter=0 bytes=107375797248 t=4.93s 20.283 GB/s
[b0002 r1] mode=torch_save size=104857600 fpp=8 iter=2 bytes=107375797248 t=4.71s 21.212 GB/s
[b0001 r0] mode=torch_save size=104857600 fpp=8 iter=1 bytes=107375797248 t=4.64s 21.542 GB/s
[b0001 r0] mode=torch_save size=104857600 fpp=8 iter=2 bytes=107375797248 t=4.57s 21.904 GB/s
[b0002 r1] mode=dcp size=104857600 fpp=8 iter=0 bytes=107376748688 t=5.11s 19.558 GB/s
[b0001 r0] mode=dcp size=104857600 fpp=8 iter=0 bytes=107376748688 t=5.29s 18.919 GB/s
[b0002 r1] mode=dcp size=104857600 fpp=8 iter=1 bytes=107376748688 t=5.05s 19.790 GB/s
[b0001 r0] mode=dcp size=104857600 fpp=8 iter=1 bytes=107376748688 t=5.06s 19.772 GB/s
[b0002 r1] mode=dcp size=104857600 fpp=8 iter=2 bytes=107376748688 t=4.97s 20.113 GB/s
[b0001 r0] mode=dcp size=104857600 fpp=8 iter=2 bytes=107376748688 t=5.07s 19.711 GB/s
Done. Results: results/2node_128cpu_b200-batch_26059/all.csv
