=== Wed May 20 19:12:05 EDT 2026 mode=write nodes=16 npernode=32 ===
[b0001 r0] base=/work/mit/datasets/test/writebench.b0001.0.1978594.5930cffb
[b0010 r9] base=/work/mit/datasets/test/writebench.b0010.9.1188964.3ac89d12
[b0006 r5] base=/work/mit/datasets/test/writebench.b0006.5.1339256.89c2d811
[b0007 r6] base=/work/mit/datasets/test/writebench.b0007.6.505914.07fc81b3
[b0012 r11] base=/work/mit/datasets/test/writebench.b0012.11.174500.1bf827df
[b0009 r8] base=/work/mit/datasets/test/writebench.b0009.8.1081155.c3e61dac
[b0005 r4] base=/work/mit/datasets/test/writebench.b0005.4.1682450.41150989
[b0003 r2] base=/work/mit/datasets/test/writebench.b0003.2.2540533.dab83e33
[b0004 r3] base=/work/mit/datasets/test/writebench.b0004.3.953494.1edc90e7
[b0011 r10] base=/work/mit/datasets/test/writebench.b0011.10.1145409.17ce12a5
[b0008 r7] base=/work/mit/datasets/test/writebench.b0008.7.1341413.d89ae705
[b0014 r13] base=/work/mit/datasets/test/writebench.b0014.13.776358.18a54824
[b0016 r15] base=/work/mit/datasets/test/writebench.b0016.15.453900.7785f8c5
[b0013 r12] base=/work/mit/datasets/test/writebench.b0013.12.774815.cb74eba1
[b0015 r14] base=/work/mit/datasets/test/writebench.b0015.14.729874.56c68a0b
[b0002 r1] base=/work/mit/datasets/test/writebench.b0002.1.2828378.eab8a382
[b0001 r0] mode=raw size=102400 fpp=8 iter=0 bytes=26214400 t=0.30s 0.080 GB/s
[b0009 r8] mode=raw size=102400 fpp=8 iter=0 bytes=26214400 t=0.30s 0.080 GB/s
[b0004 r3] mode=raw size=102400 fpp=8 iter=0 bytes=26214400 t=0.31s 0.079 GB/s
[b0006 r5] mode=raw size=102400 fpp=8 iter=0 bytes=26214400 t=0.32s 0.077 GB/s
[b0014 r13] mode=raw size=102400 fpp=8 iter=0 bytes=26214400 t=0.32s 0.077 GB/s
[b0011 r10] mode=raw size=102400 fpp=8 iter=0 bytes=26214400 t=0.33s 0.074 GB/s
[b0010 r9] mode=raw size=102400 fpp=8 iter=0 bytes=26214400 t=0.31s 0.079 GB/s
[b0007 r6] mode=raw size=102400 fpp=8 iter=0 bytes=26214400 t=0.36s 0.069 GB/s
[b0003 r2] mode=raw size=102400 fpp=8 iter=0 bytes=26214400 t=0.36s 0.067 GB/s
[b0016 r15] mode=raw size=102400 fpp=8 iter=0 bytes=26214400 t=0.33s 0.074 GB/s
[b0005 r4] mode=raw size=102400 fpp=8 iter=0 bytes=26214400 t=0.33s 0.074 GB/s
[b0013 r12] mode=raw size=102400 fpp=8 iter=0 bytes=26214400 t=0.35s 0.070 GB/s
[b0008 r7] mode=raw size=102400 fpp=8 iter=0 bytes=26214400 t=0.34s 0.072 GB/s
[b0002 r1] mode=raw size=102400 fpp=8 iter=0 bytes=26214400 t=0.33s 0.073 GB/s
[b0012 r11] mode=raw size=102400 fpp=8 iter=0 bytes=26214400 t=0.29s 0.084 GB/s
[b0015 r14] mode=raw size=102400 fpp=8 iter=0 bytes=26214400 t=0.35s 0.070 GB/s
[b0001 r0] mode=raw size=102400 fpp=8 iter=1 bytes=26214400 t=0.30s 0.082 GB/s
[b0009 r8] mode=raw size=102400 fpp=8 iter=1 bytes=26214400 t=0.31s 0.079 GB/s
[b0004 r3] mode=raw size=102400 fpp=8 iter=1 bytes=26214400 t=0.31s 0.080 GB/s
[b0006 r5] mode=raw size=102400 fpp=8 iter=1 bytes=26214400 t=0.31s 0.078 GB/s
[b0014 r13] mode=raw size=102400 fpp=8 iter=1 bytes=26214400 t=0.31s 0.078 GB/s
[b0010 r9] mode=raw size=102400 fpp=8 iter=1 bytes=26214400 t=0.31s 0.078 GB/s
[b0011 r10] mode=raw size=102400 fpp=8 iter=1 bytes=26214400 t=0.34s 0.071 GB/s
[b0012 r11] mode=raw size=102400 fpp=8 iter=1 bytes=26214400 t=0.30s 0.081 GB/s
[b0005 r4] mode=raw size=102400 fpp=8 iter=1 bytes=26214400 t=0.32s 0.075 GB/s
[b0003 r2] mode=raw size=102400 fpp=8 iter=1 bytes=26214400 t=0.34s 0.072 GB/s
[b0007 r6] mode=raw size=102400 fpp=8 iter=1 bytes=26214400 t=0.37s 0.066 GB/s
[b0016 r15] mode=raw size=102400 fpp=8 iter=1 bytes=26214400 t=0.33s 0.073 GB/s
[b0002 r1] mode=raw size=102400 fpp=8 iter=1 bytes=26214400 t=0.34s 0.073 GB/s
[b0008 r7] mode=raw size=102400 fpp=8 iter=1 bytes=26214400 t=0.33s 0.074 GB/s
[b0013 r12] mode=raw size=102400 fpp=8 iter=1 bytes=26214400 t=0.35s 0.069 GB/s
[b0015 r14] mode=raw size=102400 fpp=8 iter=1 bytes=26214400 t=0.35s 0.069 GB/s
[b0001 r0] mode=raw size=102400 fpp=8 iter=2 bytes=26214400 t=0.29s 0.083 GB/s
[b0009 r8] mode=raw size=102400 fpp=8 iter=2 bytes=26214400 t=0.30s 0.082 GB/s
[b0004 r3] mode=raw size=102400 fpp=8 iter=2 bytes=26214400 t=0.32s 0.077 GB/s
[b0006 r5] mode=raw size=102400 fpp=8 iter=2 bytes=26214400 t=0.30s 0.080 GB/s
[b0014 r13] mode=raw size=102400 fpp=8 iter=2 bytes=26214400 t=0.32s 0.077 GB/s
[b0010 r9] mode=raw size=102400 fpp=8 iter=2 bytes=26214400 t=0.32s 0.075 GB/s
[b0012 r11] mode=raw size=102400 fpp=8 iter=2 bytes=26214400 t=0.30s 0.081 GB/s
[b0011 r10] mode=raw size=102400 fpp=8 iter=2 bytes=26214400 t=0.35s 0.070 GB/s
[b0005 r4] mode=raw size=102400 fpp=8 iter=2 bytes=26214400 t=0.32s 0.076 GB/s
[b0003 r2] mode=raw size=102400 fpp=8 iter=2 bytes=26214400 t=0.33s 0.074 GB/s
[b0002 r1] mode=raw size=102400 fpp=8 iter=2 bytes=26214400 t=0.34s 0.072 GB/s
[b0016 r15] mode=raw size=102400 fpp=8 iter=2 bytes=26214400 t=0.35s 0.070 GB/s
[b0013 r12] mode=raw size=102400 fpp=8 iter=2 bytes=26214400 t=0.34s 0.072 GB/s
[b0007 r6] mode=raw size=102400 fpp=8 iter=2 bytes=26214400 t=0.36s 0.068 GB/s
[b0015 r14] mode=raw size=102400 fpp=8 iter=2 bytes=26214400 t=0.34s 0.072 GB/s
[b0008 r7] mode=raw size=102400 fpp=8 iter=2 bytes=26214400 t=0.39s 0.062 GB/s
[b0001 r0] mode=torch_save size=102400 fpp=8 iter=0 bytes=26618112 t=0.33s 0.074 GB/s
[b0009 r8] mode=torch_save size=102400 fpp=8 iter=0 bytes=26618112 t=0.30s 0.083 GB/s
[b0006 r5] mode=torch_save size=102400 fpp=8 iter=0 bytes=26618112 t=0.31s 0.080 GB/s
[b0004 r3] mode=torch_save size=102400 fpp=8 iter=0 bytes=26618112 t=0.31s 0.080 GB/s
[b0010 r9] mode=torch_save size=102400 fpp=8 iter=0 bytes=26618112 t=0.32s 0.078 GB/s
[b0014 r13] mode=torch_save size=102400 fpp=8 iter=0 bytes=26618112 t=0.33s 0.076 GB/s
[b0012 r11] mode=torch_save size=102400 fpp=8 iter=0 bytes=26618112 t=0.31s 0.079 GB/s
[b0005 r4] mode=torch_save size=102400 fpp=8 iter=0 bytes=26618112 t=0.32s 0.077 GB/s
[b0003 r2] mode=torch_save size=102400 fpp=8 iter=0 bytes=26618112 t=0.33s 0.075 GB/s
[b0002 r1] mode=torch_save size=102400 fpp=8 iter=0 bytes=26618112 t=0.35s 0.072 GB/s
[b0011 r10] mode=torch_save size=102400 fpp=8 iter=0 bytes=26618112 t=0.35s 0.071 GB/s
[b0007 r6] mode=torch_save size=102400 fpp=8 iter=0 bytes=26618112 t=0.33s 0.074 GB/s
[b0008 r7] mode=torch_save size=102400 fpp=8 iter=0 bytes=26618112 t=0.33s 0.075 GB/s
[b0013 r12] mode=torch_save size=102400 fpp=8 iter=0 bytes=26618112 t=0.38s 0.066 GB/s
[b0016 r15] mode=torch_save size=102400 fpp=8 iter=0 bytes=26618112 t=0.36s 0.069 GB/s
[b0015 r14] mode=torch_save size=102400 fpp=8 iter=0 bytes=26618112 t=0.36s 0.069 GB/s
[b0009 r8] mode=torch_save size=102400 fpp=8 iter=1 bytes=26618112 t=0.30s 0.081 GB/s
[b0001 r0] mode=torch_save size=102400 fpp=8 iter=1 bytes=26618112 t=0.32s 0.077 GB/s
[b0006 r5] mode=torch_save size=102400 fpp=8 iter=1 bytes=26618112 t=0.31s 0.080 GB/s
[b0004 r3] mode=torch_save size=102400 fpp=8 iter=1 bytes=26618112 t=0.32s 0.077 GB/s
[b0010 r9] mode=torch_save size=102400 fpp=8 iter=1 bytes=26618112 t=0.33s 0.076 GB/s
[b0014 r13] mode=torch_save size=102400 fpp=8 iter=1 bytes=26618112 t=0.33s 0.074 GB/s
[b0012 r11] mode=torch_save size=102400 fpp=8 iter=1 bytes=26618112 t=0.33s 0.075 GB/s
[b0005 r4] mode=torch_save size=102400 fpp=8 iter=1 bytes=26618112 t=0.32s 0.078 GB/s
[b0003 r2] mode=torch_save size=102400 fpp=8 iter=1 bytes=26618112 t=0.34s 0.074 GB/s
[b0002 r1] mode=torch_save size=102400 fpp=8 iter=1 bytes=26618112 t=0.34s 0.074 GB/s
[b0011 r10] mode=torch_save size=102400 fpp=8 iter=1 bytes=26618112 t=0.37s 0.068 GB/s
[b0007 r6] mode=torch_save size=102400 fpp=8 iter=1 bytes=26618112 t=0.35s 0.072 GB/s
[b0008 r7] mode=torch_save size=102400 fpp=8 iter=1 bytes=26618112 t=0.34s 0.073 GB/s
[b0016 r15] mode=torch_save size=102400 fpp=8 iter=1 bytes=26618112 t=0.34s 0.073 GB/s
[b0009 r8] mode=torch_save size=102400 fpp=8 iter=2 bytes=26618112 t=0.31s 0.081 GB/s
[b0013 r12] mode=torch_save size=102400 fpp=8 iter=1 bytes=26618112 t=0.38s 0.065 GB/s
[b0015 r14] mode=torch_save size=102400 fpp=8 iter=1 bytes=26618112 t=0.38s 0.065 GB/s
[b0001 r0] mode=torch_save size=102400 fpp=8 iter=2 bytes=26618112 t=0.32s 0.078 GB/s
[b0006 r5] mode=torch_save size=102400 fpp=8 iter=2 bytes=26618112 t=0.31s 0.079 GB/s
[b0004 r3] mode=torch_save size=102400 fpp=8 iter=2 bytes=26618112 t=0.32s 0.076 GB/s
[b0010 r9] mode=torch_save size=102400 fpp=8 iter=2 bytes=26618112 t=0.33s 0.076 GB/s
[b0014 r13] mode=torch_save size=102400 fpp=8 iter=2 bytes=26618112 t=0.33s 0.074 GB/s
[b0012 r11] mode=torch_save size=102400 fpp=8 iter=2 bytes=26618112 t=0.32s 0.076 GB/s
[b0005 r4] mode=torch_save size=102400 fpp=8 iter=2 bytes=26618112 t=0.33s 0.076 GB/s
[b0002 r1] mode=torch_save size=102400 fpp=8 iter=2 bytes=26618112 t=0.34s 0.073 GB/s
[b0011 r10] mode=torch_save size=102400 fpp=8 iter=2 bytes=26618112 t=0.35s 0.071 GB/s
[b0007 r6] mode=torch_save size=102400 fpp=8 iter=2 bytes=26618112 t=0.35s 0.070 GB/s
[b0016 r15] mode=torch_save size=102400 fpp=8 iter=2 bytes=26618112 t=0.32s 0.077 GB/s
[b0008 r7] mode=torch_save size=102400 fpp=8 iter=2 bytes=26618112 t=0.34s 0.074 GB/s
[b0003 r2] mode=torch_save size=102400 fpp=8 iter=2 bytes=26618112 t=0.65s 0.038 GB/s
[b0015 r14] mode=torch_save size=102400 fpp=8 iter=2 bytes=26618112 t=0.38s 0.065 GB/s
[b0013 r12] mode=torch_save size=102400 fpp=8 iter=2 bytes=26618112 t=0.38s 0.065 GB/s
[b0009 r8] mode=dcp size=102400 fpp=8 iter=0 bytes=26854832 t=0.33s 0.075 GB/s
[b0001 r0] mode=dcp size=102400 fpp=8 iter=0 bytes=26854832 t=0.35s 0.071 GB/s
[b0006 r5] mode=dcp size=102400 fpp=8 iter=0 bytes=26854832 t=0.35s 0.072 GB/s
[b0004 r3] mode=dcp size=102400 fpp=8 iter=0 bytes=26854576 t=0.35s 0.072 GB/s
[b0010 r9] mode=dcp size=102400 fpp=8 iter=0 bytes=26854832 t=0.34s 0.073 GB/s
[b0012 r11] mode=dcp size=102400 fpp=8 iter=0 bytes=26854832 t=0.35s 0.071 GB/s
[b0014 r13] mode=dcp size=102400 fpp=8 iter=0 bytes=26854832 t=0.36s 0.069 GB/s
[b0005 r4] mode=dcp size=102400 fpp=8 iter=0 bytes=26854832 t=0.36s 0.069 GB/s
[b0011 r10] mode=dcp size=102400 fpp=8 iter=0 bytes=26855088 t=0.37s 0.067 GB/s
[b0007 r6] mode=dcp size=102400 fpp=8 iter=0 bytes=26854576 t=0.36s 0.070 GB/s
[b0016 r15] mode=dcp size=102400 fpp=8 iter=0 bytes=26854832 t=0.37s 0.068 GB/s
[b0008 r7] mode=dcp size=102400 fpp=8 iter=0 bytes=26854832 t=0.37s 0.068 GB/s
[b0015 r14] mode=dcp size=102400 fpp=8 iter=0 bytes=26854832 t=0.37s 0.068 GB/s
[b0013 r12] mode=dcp size=102400 fpp=8 iter=0 bytes=26854832 t=0.37s 0.067 GB/s
[b0003 r2] mode=dcp size=102400 fpp=8 iter=0 bytes=26854832 t=0.37s 0.068 GB/s
[b0002 r1] mode=dcp size=102400 fpp=8 iter=0 bytes=26854832 t=0.34s 0.073 GB/s
[b0009 r8] mode=dcp size=102400 fpp=8 iter=1 bytes=26854832 t=0.34s 0.073 GB/s
[b0001 r0] mode=dcp size=102400 fpp=8 iter=1 bytes=26854832 t=0.34s 0.074 GB/s
[b0006 r5] mode=dcp size=102400 fpp=8 iter=1 bytes=26854832 t=0.34s 0.073 GB/s
[b0004 r3] mode=dcp size=102400 fpp=8 iter=1 bytes=26854576 t=0.35s 0.072 GB/s
[b0010 r9] mode=dcp size=102400 fpp=8 iter=1 bytes=26854832 t=0.34s 0.073 GB/s
[b0012 r11] mode=dcp size=102400 fpp=8 iter=1 bytes=26854832 t=0.34s 0.074 GB/s
[b0014 r13] mode=dcp size=102400 fpp=8 iter=1 bytes=26854832 t=0.35s 0.072 GB/s
[b0005 r4] mode=dcp size=102400 fpp=8 iter=1 bytes=26854832 t=0.35s 0.071 GB/s
[b0011 r10] mode=dcp size=102400 fpp=8 iter=1 bytes=26855088 t=0.38s 0.066 GB/s
[b0007 r6] mode=dcp size=102400 fpp=8 iter=1 bytes=26854576 t=0.35s 0.071 GB/s
[b0016 r15] mode=dcp size=102400 fpp=8 iter=1 bytes=26854832 t=0.36s 0.070 GB/s
[b0008 r7] mode=dcp size=102400 fpp=8 iter=1 bytes=26854832 t=0.38s 0.066 GB/s
[b0015 r14] mode=dcp size=102400 fpp=8 iter=1 bytes=26854832 t=0.36s 0.069 GB/s
[b0013 r12] mode=dcp size=102400 fpp=8 iter=1 bytes=26854832 t=0.35s 0.072 GB/s
[b0003 r2] mode=dcp size=102400 fpp=8 iter=1 bytes=26854832 t=0.36s 0.070 GB/s
[b0002 r1] mode=dcp size=102400 fpp=8 iter=1 bytes=26854832 t=0.33s 0.076 GB/s
[b0009 r8] mode=dcp size=102400 fpp=8 iter=2 bytes=26854832 t=0.35s 0.072 GB/s
[b0001 r0] mode=dcp size=102400 fpp=8 iter=2 bytes=26854832 t=0.33s 0.076 GB/s
[b0006 r5] mode=dcp size=102400 fpp=8 iter=2 bytes=26854832 t=0.35s 0.071 GB/s
[b0004 r3] mode=dcp size=102400 fpp=8 iter=2 bytes=26854576 t=0.33s 0.076 GB/s
[b0010 r9] mode=dcp size=102400 fpp=8 iter=2 bytes=26854832 t=0.34s 0.074 GB/s
[b0012 r11] mode=dcp size=102400 fpp=8 iter=2 bytes=26854832 t=0.33s 0.075 GB/s
[b0014 r13] mode=dcp size=102400 fpp=8 iter=2 bytes=26854832 t=0.34s 0.073 GB/s
[b0005 r4] mode=dcp size=102400 fpp=8 iter=2 bytes=26854832 t=0.35s 0.072 GB/s
[b0011 r10] mode=dcp size=102400 fpp=8 iter=2 bytes=26855088 t=0.35s 0.072 GB/s
[b0007 r6] mode=dcp size=102400 fpp=8 iter=2 bytes=26854576 t=0.35s 0.071 GB/s
[b0016 r15] mode=dcp size=102400 fpp=8 iter=2 bytes=26854832 t=0.37s 0.068 GB/s
[b0008 r7] mode=dcp size=102400 fpp=8 iter=2 bytes=26854832 t=0.35s 0.072 GB/s
[b0015 r14] mode=dcp size=102400 fpp=8 iter=2 bytes=26854832 t=0.36s 0.069 GB/s
[b0013 r12] mode=dcp size=102400 fpp=8 iter=2 bytes=26854832 t=0.35s 0.071 GB/s
[b0003 r2] mode=dcp size=102400 fpp=8 iter=2 bytes=26854832 t=0.35s 0.071 GB/s
[b0002 r1] mode=dcp size=102400 fpp=8 iter=2 bytes=26854832 t=0.34s 0.074 GB/s
[b0001 r0] mode=raw size=1048576 fpp=8 iter=0 bytes=268435456 t=0.27s 0.923 GB/s
[b0009 r8] mode=raw size=1048576 fpp=8 iter=0 bytes=268435456 t=0.29s 0.865 GB/s
[b0004 r3] mode=raw size=1048576 fpp=8 iter=0 bytes=268435456 t=0.30s 0.828 GB/s
[b0010 r9] mode=raw size=1048576 fpp=8 iter=0 bytes=268435456 t=0.28s 0.879 GB/s
[b0006 r5] mode=raw size=1048576 fpp=8 iter=0 bytes=268435456 t=0.31s 0.812 GB/s
[b0012 r11] mode=raw size=1048576 fpp=8 iter=0 bytes=268435456 t=0.29s 0.851 GB/s
[b0001 r0] mode=raw size=1048576 fpp=8 iter=1 bytes=268435456 t=0.29s 0.868 GB/s
[b0014 r13] mode=raw size=1048576 fpp=8 iter=0 bytes=268435456 t=0.31s 0.808 GB/s
[b0005 r4] mode=raw size=1048576 fpp=8 iter=0 bytes=268435456 t=0.32s 0.784 GB/s
[b0009 r8] mode=raw size=1048576 fpp=8 iter=1 bytes=268435456 t=0.30s 0.828 GB/s
[b0011 r10] mode=raw size=1048576 fpp=8 iter=0 bytes=268435456 t=0.31s 0.819 GB/s
[b0007 r6] mode=raw size=1048576 fpp=8 iter=0 bytes=268435456 t=0.33s 0.765 GB/s
[b0004 r3] mode=raw size=1048576 fpp=8 iter=1 bytes=268435456 t=0.32s 0.789 GB/s
[b0010 r9] mode=raw size=1048576 fpp=8 iter=1 bytes=268435456 t=0.30s 0.838 GB/s
[b0016 r15] mode=raw size=1048576 fpp=8 iter=0 bytes=268435456 t=0.32s 0.775 GB/s
[b0006 r5] mode=raw size=1048576 fpp=8 iter=1 bytes=268435456 t=0.31s 0.815 GB/s
[b0015 r14] mode=raw size=1048576 fpp=8 iter=0 bytes=268435456 t=0.31s 0.816 GB/s
[b0008 r7] mode=raw size=1048576 fpp=8 iter=0 bytes=268435456 t=0.30s 0.831 GB/s
[b0012 r11] mode=raw size=1048576 fpp=8 iter=1 bytes=268435456 t=0.30s 0.842 GB/s
[b0001 r0] mode=raw size=1048576 fpp=8 iter=2 bytes=268435456 t=0.28s 0.893 GB/s
[b0003 r2] mode=raw size=1048576 fpp=8 iter=0 bytes=268435456 t=0.31s 0.816 GB/s
[b0002 r1] mode=raw size=1048576 fpp=8 iter=0 bytes=268435456 t=0.31s 0.799 GB/s
[b0013 r12] mode=raw size=1048576 fpp=8 iter=0 bytes=268435456 t=0.32s 0.774 GB/s
[b0014 r13] mode=raw size=1048576 fpp=8 iter=1 bytes=268435456 t=0.31s 0.807 GB/s
[b0009 r8] mode=raw size=1048576 fpp=8 iter=2 bytes=268435456 t=0.30s 0.822 GB/s
[b0011 r10] mode=raw size=1048576 fpp=8 iter=1 bytes=268435456 t=0.31s 0.801 GB/s
[b0004 r3] mode=raw size=1048576 fpp=8 iter=2 bytes=268435456 t=0.30s 0.827 GB/s
[b0007 r6] mode=raw size=1048576 fpp=8 iter=1 bytes=268435456 t=0.31s 0.794 GB/s
[b0010 r9] mode=raw size=1048576 fpp=8 iter=2 bytes=268435456 t=0.30s 0.830 GB/s
[b0005 r4] mode=raw size=1048576 fpp=8 iter=1 bytes=268435456 t=0.42s 0.592 GB/s
[b0006 r5] mode=raw size=1048576 fpp=8 iter=2 bytes=268435456 t=0.30s 0.835 GB/s
[b0015 r14] mode=raw size=1048576 fpp=8 iter=1 bytes=268435456 t=0.31s 0.795 GB/s
[b0008 r7] mode=raw size=1048576 fpp=8 iter=1 bytes=268435456 t=0.32s 0.770 GB/s
[b0016 r15] mode=raw size=1048576 fpp=8 iter=1 bytes=268435456 t=0.33s 0.756 GB/s
[b0012 r11] mode=raw size=1048576 fpp=8 iter=2 bytes=268435456 t=0.31s 0.794 GB/s
[b0003 r2] mode=raw size=1048576 fpp=8 iter=1 bytes=268435456 t=0.29s 0.858 GB/s
[b0002 r1] mode=raw size=1048576 fpp=8 iter=1 bytes=268435456 t=0.34s 0.739 GB/s
[b0014 r13] mode=raw size=1048576 fpp=8 iter=2 bytes=268435456 t=0.32s 0.773 GB/s
[b0013 r12] mode=raw size=1048576 fpp=8 iter=1 bytes=268435456 t=0.34s 0.735 GB/s
[b0011 r10] mode=raw size=1048576 fpp=8 iter=2 bytes=268435456 t=0.33s 0.763 GB/s
[b0007 r6] mode=raw size=1048576 fpp=8 iter=2 bytes=268435456 t=0.32s 0.770 GB/s
[b0008 r7] mode=raw size=1048576 fpp=8 iter=2 bytes=268435456 t=0.30s 0.836 GB/s
[b0015 r14] mode=raw size=1048576 fpp=8 iter=2 bytes=268435456 t=0.35s 0.715 GB/s
[b0016 r15] mode=raw size=1048576 fpp=8 iter=2 bytes=268435456 t=0.31s 0.796 GB/s
[b0005 r4] mode=raw size=1048576 fpp=8 iter=2 bytes=268435456 t=0.43s 0.578 GB/s
[b0001 r0] mode=torch_save size=1048576 fpp=8 iter=0 bytes=268839168 t=0.30s 0.832 GB/s
[b0003 r2] mode=raw size=1048576 fpp=8 iter=2 bytes=268435456 t=0.30s 0.835 GB/s
[b0009 r8] mode=torch_save size=1048576 fpp=8 iter=0 bytes=268839168 t=0.30s 0.838 GB/s
[b0002 r1] mode=raw size=1048576 fpp=8 iter=2 bytes=268435456 t=0.31s 0.805 GB/s
[b0013 r12] mode=raw size=1048576 fpp=8 iter=2 bytes=268435456 t=0.34s 0.733 GB/s
[b0004 r3] mode=torch_save size=1048576 fpp=8 iter=0 bytes=268839168 t=0.30s 0.840 GB/s
[b0010 r9] mode=torch_save size=1048576 fpp=8 iter=0 bytes=268839168 t=0.30s 0.831 GB/s
[b0006 r5] mode=torch_save size=1048576 fpp=8 iter=0 bytes=268839168 t=0.30s 0.825 GB/s
[b0012 r11] mode=torch_save size=1048576 fpp=8 iter=0 bytes=268839168 t=0.30s 0.823 GB/s
[b0001 r0] mode=torch_save size=1048576 fpp=8 iter=1 bytes=268839168 t=0.30s 0.826 GB/s
[b0009 r8] mode=torch_save size=1048576 fpp=8 iter=1 bytes=268839168 t=0.31s 0.813 GB/s
[b0014 r13] mode=torch_save size=1048576 fpp=8 iter=0 bytes=268839168 t=0.31s 0.795 GB/s
[b0004 r3] mode=torch_save size=1048576 fpp=8 iter=1 bytes=268839168 t=0.31s 0.816 GB/s
[b0011 r10] mode=torch_save size=1048576 fpp=8 iter=0 bytes=268839168 t=0.34s 0.733 GB/s
[b0010 r9] mode=torch_save size=1048576 fpp=8 iter=1 bytes=268839168 t=0.31s 0.819 GB/s
[b0007 r6] mode=torch_save size=1048576 fpp=8 iter=0 bytes=268839168 t=0.35s 0.725 GB/s
[b0006 r5] mode=torch_save size=1048576 fpp=8 iter=1 bytes=268839168 t=0.33s 0.764 GB/s
[b0008 r7] mode=torch_save size=1048576 fpp=8 iter=0 bytes=268839168 t=0.33s 0.766 GB/s
[b0012 r11] mode=torch_save size=1048576 fpp=8 iter=1 bytes=268839168 t=0.30s 0.827 GB/s
[b0016 r15] mode=torch_save size=1048576 fpp=8 iter=0 bytes=268839168 t=0.34s 0.746 GB/s
[b0003 r2] mode=torch_save size=1048576 fpp=8 iter=0 bytes=268839168 t=0.31s 0.804 GB/s
[b0015 r14] mode=torch_save size=1048576 fpp=8 iter=0 bytes=268839168 t=0.35s 0.710 GB/s
[b0001 r0] mode=torch_save size=1048576 fpp=8 iter=2 bytes=268839168 t=0.32s 0.786 GB/s
[b0005 r4] mode=torch_save size=1048576 fpp=8 iter=0 bytes=268839168 t=0.33s 0.759 GB/s
[b0009 r8] mode=torch_save size=1048576 fpp=8 iter=2 bytes=268839168 t=0.30s 0.844 GB/s
[b0014 r13] mode=torch_save size=1048576 fpp=8 iter=1 bytes=268839168 t=0.32s 0.790 GB/s
[b0002 r1] mode=torch_save size=1048576 fpp=8 iter=0 bytes=268839168 t=0.34s 0.740 GB/s
[b0004 r3] mode=torch_save size=1048576 fpp=8 iter=2 bytes=268839168 t=0.30s 0.821 GB/s
[b0010 r9] mode=torch_save size=1048576 fpp=8 iter=2 bytes=268839168 t=0.32s 0.790 GB/s
[b0011 r10] mode=torch_save size=1048576 fpp=8 iter=1 bytes=268839168 t=0.33s 0.754 GB/s
[b0013 r12] mode=torch_save size=1048576 fpp=8 iter=0 bytes=268839168 t=0.35s 0.716 GB/s
[b0006 r5] mode=torch_save size=1048576 fpp=8 iter=2 bytes=268839168 t=0.31s 0.803 GB/s
[b0007 r6] mode=torch_save size=1048576 fpp=8 iter=1 bytes=268839168 t=0.33s 0.752 GB/s
[b0012 r11] mode=torch_save size=1048576 fpp=8 iter=2 bytes=268839168 t=0.31s 0.819 GB/s
[b0008 r7] mode=torch_save size=1048576 fpp=8 iter=1 bytes=268839168 t=0.35s 0.722 GB/s
[b0003 r2] mode=torch_save size=1048576 fpp=8 iter=1 bytes=268839168 t=0.30s 0.832 GB/s
[b0016 r15] mode=torch_save size=1048576 fpp=8 iter=1 bytes=268839168 t=0.33s 0.768 GB/s
[b0015 r14] mode=torch_save size=1048576 fpp=8 iter=1 bytes=268839168 t=0.34s 0.730 GB/s
[b0005 r4] mode=torch_save size=1048576 fpp=8 iter=1 bytes=268839168 t=0.33s 0.763 GB/s
[b0014 r13] mode=torch_save size=1048576 fpp=8 iter=2 bytes=268839168 t=0.32s 0.787 GB/s
[b0002 r1] mode=torch_save size=1048576 fpp=8 iter=1 bytes=268839168 t=0.32s 0.792 GB/s
[b0011 r10] mode=torch_save size=1048576 fpp=8 iter=2 bytes=268839168 t=0.32s 0.774 GB/s
[b0013 r12] mode=torch_save size=1048576 fpp=8 iter=1 bytes=268839168 t=0.33s 0.748 GB/s
[b0007 r6] mode=torch_save size=1048576 fpp=8 iter=2 bytes=268839168 t=0.34s 0.743 GB/s
[b0003 r2] mode=torch_save size=1048576 fpp=8 iter=2 bytes=268839168 t=0.32s 0.775 GB/s
[b0008 r7] mode=torch_save size=1048576 fpp=8 iter=2 bytes=268839168 t=0.35s 0.706 GB/s
[b0016 r15] mode=torch_save size=1048576 fpp=8 iter=2 bytes=268839168 t=0.32s 0.790 GB/s
[b0015 r14] mode=torch_save size=1048576 fpp=8 iter=2 bytes=268839168 t=0.32s 0.790 GB/s
[b0005 r4] mode=torch_save size=1048576 fpp=8 iter=2 bytes=268839168 t=0.32s 0.772 GB/s
[b0002 r1] mode=torch_save size=1048576 fpp=8 iter=2 bytes=268839168 t=0.29s 0.855 GB/s
[b0013 r12] mode=torch_save size=1048576 fpp=8 iter=2 bytes=268839168 t=0.31s 0.809 GB/s
[b0001 r0] mode=dcp size=1048576 fpp=8 iter=0 bytes=269076912 t=0.38s 0.655 GB/s
[b0009 r8] mode=dcp size=1048576 fpp=8 iter=0 bytes=269076912 t=0.40s 0.623 GB/s
[b0004 r3] mode=dcp size=1048576 fpp=8 iter=0 bytes=269076656 t=0.39s 0.637 GB/s
[b0010 r9] mode=dcp size=1048576 fpp=8 iter=0 bytes=269076912 t=0.39s 0.648 GB/s
[b0006 r5] mode=dcp size=1048576 fpp=8 iter=0 bytes=269076912 t=0.38s 0.661 GB/s
[b0012 r11] mode=dcp size=1048576 fpp=8 iter=0 bytes=269076912 t=0.38s 0.657 GB/s
[b0014 r13] mode=dcp size=1048576 fpp=8 iter=0 bytes=269076912 t=0.38s 0.664 GB/s
[b0011 r10] mode=dcp size=1048576 fpp=8 iter=0 bytes=269077168 t=0.42s 0.596 GB/s
[b0007 r6] mode=dcp size=1048576 fpp=8 iter=0 bytes=269076656 t=0.41s 0.610 GB/s
[b0003 r2] mode=dcp size=1048576 fpp=8 iter=0 bytes=269076912 t=0.41s 0.610 GB/s
[b0016 r15] mode=dcp size=1048576 fpp=8 iter=0 bytes=269076912 t=0.42s 0.601 GB/s
[b0008 r7] mode=dcp size=1048576 fpp=8 iter=0 bytes=269076912 t=0.42s 0.590 GB/s
[b0015 r14] mode=dcp size=1048576 fpp=8 iter=0 bytes=269076912 t=0.42s 0.596 GB/s
[b0002 r1] mode=dcp size=1048576 fpp=8 iter=0 bytes=269076912 t=0.38s 0.654 GB/s
[b0005 r4] mode=dcp size=1048576 fpp=8 iter=0 bytes=269076912 t=0.42s 0.592 GB/s
[b0001 r0] mode=dcp size=1048576 fpp=8 iter=1 bytes=269076912 t=0.39s 0.643 GB/s
[b0009 r8] mode=dcp size=1048576 fpp=8 iter=1 bytes=269076912 t=0.40s 0.634 GB/s
[b0013 r12] mode=dcp size=1048576 fpp=8 iter=0 bytes=269076912 t=0.42s 0.592 GB/s
[b0004 r3] mode=dcp size=1048576 fpp=8 iter=1 bytes=269076656 t=0.40s 0.625 GB/s
[b0010 r9] mode=dcp size=1048576 fpp=8 iter=1 bytes=269076912 t=0.39s 0.646 GB/s
[b0006 r5] mode=dcp size=1048576 fpp=8 iter=1 bytes=269076912 t=0.40s 0.625 GB/s
[b0012 r11] mode=dcp size=1048576 fpp=8 iter=1 bytes=269076912 t=0.38s 0.658 GB/s
[b0014 r13] mode=dcp size=1048576 fpp=8 iter=1 bytes=269076912 t=0.37s 0.680 GB/s
[b0011 r10] mode=dcp size=1048576 fpp=8 iter=1 bytes=269077168 t=0.48s 0.518 GB/s
[b0007 r6] mode=dcp size=1048576 fpp=8 iter=1 bytes=269076656 t=0.40s 0.631 GB/s
[b0003 r2] mode=dcp size=1048576 fpp=8 iter=1 bytes=269076912 t=0.39s 0.649 GB/s
[b0008 r7] mode=dcp size=1048576 fpp=8 iter=1 bytes=269076912 t=0.41s 0.619 GB/s
[b0016 r15] mode=dcp size=1048576 fpp=8 iter=1 bytes=269076912 t=0.44s 0.571 GB/s
[b0015 r14] mode=dcp size=1048576 fpp=8 iter=1 bytes=269076912 t=0.44s 0.574 GB/s
[b0002 r1] mode=dcp size=1048576 fpp=8 iter=1 bytes=269076912 t=0.39s 0.649 GB/s
[b0001 r0] mode=dcp size=1048576 fpp=8 iter=2 bytes=269076912 t=0.39s 0.649 GB/s
[b0005 r4] mode=dcp size=1048576 fpp=8 iter=1 bytes=269076912 t=0.41s 0.615 GB/s
[b0009 r8] mode=dcp size=1048576 fpp=8 iter=2 bytes=269076912 t=0.39s 0.637 GB/s
[b0004 r3] mode=dcp size=1048576 fpp=8 iter=2 bytes=269076656 t=0.39s 0.645 GB/s
[b0010 r9] mode=dcp size=1048576 fpp=8 iter=2 bytes=269076912 t=0.39s 0.647 GB/s
[b0013 r12] mode=dcp size=1048576 fpp=8 iter=1 bytes=269076912 t=0.41s 0.608 GB/s
[b0012 r11] mode=dcp size=1048576 fpp=8 iter=2 bytes=269076912 t=0.38s 0.654 GB/s
[b0006 r5] mode=dcp size=1048576 fpp=8 iter=2 bytes=269076912 t=0.40s 0.633 GB/s
[b0014 r13] mode=dcp size=1048576 fpp=8 iter=2 bytes=269076912 t=0.36s 0.697 GB/s
[b0011 r10] mode=dcp size=1048576 fpp=8 iter=2 bytes=269077168 t=0.43s 0.579 GB/s
[b0007 r6] mode=dcp size=1048576 fpp=8 iter=2 bytes=269076656 t=0.47s 0.532 GB/s
[b0003 r2] mode=dcp size=1048576 fpp=8 iter=2 bytes=269076912 t=0.44s 0.573 GB/s
[b0008 r7] mode=dcp size=1048576 fpp=8 iter=2 bytes=269076912 t=0.60s 0.418 GB/s
[b0015 r14] mode=dcp size=1048576 fpp=8 iter=2 bytes=269076912 t=0.60s 0.417 GB/s
[b0016 r15] mode=dcp size=1048576 fpp=8 iter=2 bytes=269076912 t=0.60s 0.416 GB/s
[b0002 r1] mode=dcp size=1048576 fpp=8 iter=2 bytes=269076912 t=0.63s 0.395 GB/s
[b0005 r4] mode=dcp size=1048576 fpp=8 iter=2 bytes=269076912 t=0.68s 0.370 GB/s
[b0013 r12] mode=dcp size=1048576 fpp=8 iter=2 bytes=269076912 t=0.68s 0.368 GB/s
[b0001 r0] mode=raw size=10485760 fpp=8 iter=0 bytes=2684354560 t=0.42s 6.002 GB/s
[b0009 r8] mode=raw size=10485760 fpp=8 iter=0 bytes=2684354560 t=0.38s 6.653 GB/s
[b0004 r3] mode=raw size=10485760 fpp=8 iter=0 bytes=2684354560 t=0.40s 6.238 GB/s
[b0010 r9] mode=raw size=10485760 fpp=8 iter=0 bytes=2684354560 t=0.42s 5.950 GB/s
[b0006 r5] mode=raw size=10485760 fpp=8 iter=0 bytes=2684354560 t=0.43s 5.799 GB/s
[b0012 r11] mode=raw size=10485760 fpp=8 iter=0 bytes=2684354560 t=0.47s 5.293 GB/s
[b0001 r0] mode=raw size=10485760 fpp=8 iter=1 bytes=2684354560 t=0.51s 4.937 GB/s
[b0009 r8] mode=raw size=10485760 fpp=8 iter=1 bytes=2684354560 t=0.46s 5.473 GB/s
[b0014 r13] mode=raw size=10485760 fpp=8 iter=0 bytes=2684354560 t=0.49s 5.093 GB/s
[b0004 r3] mode=raw size=10485760 fpp=8 iter=1 bytes=2684354560 t=0.51s 4.894 GB/s
[b0010 r9] mode=raw size=10485760 fpp=8 iter=1 bytes=2684354560 t=0.47s 5.308 GB/s
[b0006 r5] mode=raw size=10485760 fpp=8 iter=1 bytes=2684354560 t=0.44s 5.660 GB/s
[b0012 r11] mode=raw size=10485760 fpp=8 iter=1 bytes=2684354560 t=0.44s 5.620 GB/s
[b0007 r6] mode=raw size=10485760 fpp=8 iter=0 bytes=2684354560 t=0.45s 5.590 GB/s
[b0003 r2] mode=raw size=10485760 fpp=8 iter=0 bytes=2684354560 t=0.45s 5.547 GB/s
[b0011 r10] mode=raw size=10485760 fpp=8 iter=0 bytes=2684354560 t=0.48s 5.169 GB/s
[b0001 r0] mode=raw size=10485760 fpp=8 iter=2 bytes=2684354560 t=0.52s 4.811 GB/s
[b0009 r8] mode=raw size=10485760 fpp=8 iter=2 bytes=2684354560 t=0.47s 5.301 GB/s
[b0015 r14] mode=raw size=10485760 fpp=8 iter=0 bytes=2684354560 t=0.49s 5.062 GB/s
[b0002 r1] mode=raw size=10485760 fpp=8 iter=0 bytes=2684354560 t=0.50s 5.006 GB/s
[b0016 r15] mode=raw size=10485760 fpp=8 iter=0 bytes=2684354560 t=0.51s 4.892 GB/s
[b0008 r7] mode=raw size=10485760 fpp=8 iter=0 bytes=2684354560 t=0.48s 5.161 GB/s
[b0005 r4] mode=raw size=10485760 fpp=8 iter=0 bytes=2684354560 t=0.48s 5.258 GB/s
[b0014 r13] mode=raw size=10485760 fpp=8 iter=1 bytes=2684354560 t=0.46s 5.477 GB/s
[b0004 r3] mode=raw size=10485760 fpp=8 iter=2 bytes=2684354560 t=0.46s 5.457 GB/s
[b0010 r9] mode=raw size=10485760 fpp=8 iter=2 bytes=2684354560 t=0.53s 4.752 GB/s
[b0006 r5] mode=raw size=10485760 fpp=8 iter=2 bytes=2684354560 t=0.48s 5.211 GB/s
[b0007 r6] mode=raw size=10485760 fpp=8 iter=1 bytes=2684354560 t=0.49s 5.082 GB/s
[b0003 r2] mode=raw size=10485760 fpp=8 iter=1 bytes=2684354560 t=0.46s 5.424 GB/s
[b0012 r11] mode=raw size=10485760 fpp=8 iter=2 bytes=2684354560 t=0.56s 4.443 GB/s
[b0011 r10] mode=raw size=10485760 fpp=8 iter=1 bytes=2684354560 t=0.51s 4.880 GB/s
[b0013 r12] mode=raw size=10485760 fpp=8 iter=0 bytes=2684354560 t=0.60s 4.147 GB/s
[b0008 r7] mode=raw size=10485760 fpp=8 iter=1 bytes=2684354560 t=0.47s 5.376 GB/s
[b0016 r15] mode=raw size=10485760 fpp=8 iter=1 bytes=2684354560 t=0.52s 4.816 GB/s
[b0005 r4] mode=raw size=10485760 fpp=8 iter=1 bytes=2684354560 t=0.50s 5.022 GB/s
[b0002 r1] mode=raw size=10485760 fpp=8 iter=1 bytes=2684354560 t=0.55s 4.579 GB/s
[b0014 r13] mode=raw size=10485760 fpp=8 iter=2 bytes=2684354560 t=0.46s 5.466 GB/s
[b0015 r14] mode=raw size=10485760 fpp=8 iter=1 bytes=2684354560 t=0.65s 3.831 GB/s
[b0003 r2] mode=raw size=10485760 fpp=8 iter=2 bytes=2684354560 t=0.47s 5.295 GB/s
[b0007 r6] mode=raw size=10485760 fpp=8 iter=2 bytes=2684354560 t=0.48s 5.173 GB/s
[b0011 r10] mode=raw size=10485760 fpp=8 iter=2 bytes=2684354560 t=0.56s 4.471 GB/s
[b0009 r8] mode=torch_save size=10485760 fpp=8 iter=0 bytes=2684758272 t=0.50s 4.965 GB/s
[b0001 r0] mode=torch_save size=10485760 fpp=8 iter=0 bytes=2684758272 t=0.50s 4.970 GB/s
[b0008 r7] mode=raw size=10485760 fpp=8 iter=2 bytes=2684354560 t=0.49s 5.147 GB/s
[b0013 r12] mode=raw size=10485760 fpp=8 iter=1 bytes=2684354560 t=0.64s 3.895 GB/s
[b0005 r4] mode=raw size=10485760 fpp=8 iter=2 bytes=2684354560 t=0.53s 4.686 GB/s
[b0002 r1] mode=raw size=10485760 fpp=8 iter=2 bytes=2684354560 t=0.51s 4.893 GB/s
[b0016 r15] mode=raw size=10485760 fpp=8 iter=2 bytes=2684354560 t=0.67s 3.758 GB/s
[b0004 r3] mode=torch_save size=10485760 fpp=8 iter=0 bytes=2684758272 t=0.44s 5.622 GB/s
[b0015 r14] mode=raw size=10485760 fpp=8 iter=2 bytes=2684354560 t=0.74s 3.379 GB/s
[b0012 r11] mode=torch_save size=10485760 fpp=8 iter=0 bytes=2684758272 t=0.51s 4.874 GB/s
[b0010 r9] mode=torch_save size=10485760 fpp=8 iter=0 bytes=2684758272 t=0.62s 4.030 GB/s
[b0006 r5] mode=torch_save size=10485760 fpp=8 iter=0 bytes=2684758272 t=0.60s 4.157 GB/s
[b0001 r0] mode=torch_save size=10485760 fpp=8 iter=1 bytes=2684758272 t=0.49s 5.082 GB/s
[b0009 r8] mode=torch_save size=10485760 fpp=8 iter=1 bytes=2684758272 t=0.54s 4.652 GB/s
[b0013 r12] mode=raw size=10485760 fpp=8 iter=2 bytes=2684354560 t=0.53s 4.743 GB/s
[b0014 r13] mode=torch_save size=10485760 fpp=8 iter=0 bytes=2684758272 t=0.50s 5.009 GB/s
[b0004 r3] mode=torch_save size=10485760 fpp=8 iter=1 bytes=2684758272 t=0.44s 5.743 GB/s
[b0003 r2] mode=torch_save size=10485760 fpp=8 iter=0 bytes=2684758272 t=0.47s 5.374 GB/s
[b0012 r11] mode=torch_save size=10485760 fpp=8 iter=1 bytes=2684758272 t=0.50s 5.041 GB/s
[b0007 r6] mode=torch_save size=10485760 fpp=8 iter=0 bytes=2684758272 t=0.50s 5.007 GB/s
[b0010 r9] mode=torch_save size=10485760 fpp=8 iter=1 bytes=2684758272 t=0.58s 4.302 GB/s
[b0001 r0] mode=torch_save size=10485760 fpp=8 iter=2 bytes=2684758272 t=0.53s 4.697 GB/s
[b0009 r8] mode=torch_save size=10485760 fpp=8 iter=2 bytes=2684758272 t=0.51s 4.946 GB/s
[b0006 r5] mode=torch_save size=10485760 fpp=8 iter=1 bytes=2684758272 t=0.58s 4.297 GB/s
[b0008 r7] mode=torch_save size=10485760 fpp=8 iter=0 bytes=2684758272 t=0.52s 4.811 GB/s
[b0005 r4] mode=torch_save size=10485760 fpp=8 iter=0 bytes=2684758272 t=0.46s 5.396 GB/s
[b0002 r1] mode=torch_save size=10485760 fpp=8 iter=0 bytes=2684758272 t=0.49s 5.089 GB/s
[b0011 r10] mode=torch_save size=10485760 fpp=8 iter=0 bytes=2684758272 t=0.69s 3.616 GB/s
[b0014 r13] mode=torch_save size=10485760 fpp=8 iter=1 bytes=2684758272 t=0.47s 5.372 GB/s
[b0004 r3] mode=torch_save size=10485760 fpp=8 iter=2 bytes=2684758272 t=0.54s 4.640 GB/s
[b0003 r2] mode=torch_save size=10485760 fpp=8 iter=1 bytes=2684758272 t=0.47s 5.337 GB/s
[b0012 r11] mode=torch_save size=10485760 fpp=8 iter=2 bytes=2684758272 t=0.45s 5.523 GB/s
[b0015 r14] mode=torch_save size=10485760 fpp=8 iter=0 bytes=2684758272 t=0.48s 5.238 GB/s
[b0016 r15] mode=torch_save size=10485760 fpp=8 iter=0 bytes=2684758272 t=0.54s 4.591 GB/s
[b0007 r6] mode=torch_save size=10485760 fpp=8 iter=1 bytes=2684758272 t=0.53s 4.717 GB/s
[b0008 r7] mode=torch_save size=10485760 fpp=8 iter=1 bytes=2684758272 t=0.45s 5.552 GB/s
[b0010 r9] mode=torch_save size=10485760 fpp=8 iter=2 bytes=2684758272 t=0.52s 4.771 GB/s
[b0006 r5] mode=torch_save size=10485760 fpp=8 iter=2 bytes=2684758272 t=0.57s 4.424 GB/s
[b0002 r1] mode=torch_save size=10485760 fpp=8 iter=1 bytes=2684758272 t=0.50s 5.046 GB/s
[b0005 r4] mode=torch_save size=10485760 fpp=8 iter=1 bytes=2684758272 t=0.55s 4.550 GB/s
[b0011 r10] mode=torch_save size=10485760 fpp=8 iter=1 bytes=2684758272 t=0.49s 5.154 GB/s
[b0014 r13] mode=torch_save size=10485760 fpp=8 iter=2 bytes=2684758272 t=0.49s 5.135 GB/s
[b0003 r2] mode=torch_save size=10485760 fpp=8 iter=2 bytes=2684758272 t=0.48s 5.218 GB/s
[b0015 r14] mode=torch_save size=10485760 fpp=8 iter=1 bytes=2684758272 t=0.49s 5.092 GB/s
[b0013 r12] mode=torch_save size=10485760 fpp=8 iter=0 bytes=2684758272 t=0.54s 4.629 GB/s
[b0016 r15] mode=torch_save size=10485760 fpp=8 iter=1 bytes=2684758272 t=0.49s 5.116 GB/s
[b0008 r7] mode=torch_save size=10485760 fpp=8 iter=2 bytes=2684758272 t=0.43s 5.850 GB/s
[b0007 r6] mode=torch_save size=10485760 fpp=8 iter=2 bytes=2684758272 t=0.50s 4.975 GB/s
[b0002 r1] mode=torch_save size=10485760 fpp=8 iter=2 bytes=2684758272 t=0.43s 5.834 GB/s
[b0005 r4] mode=torch_save size=10485760 fpp=8 iter=2 bytes=2684758272 t=0.45s 5.520 GB/s
[b0011 r10] mode=torch_save size=10485760 fpp=8 iter=2 bytes=2684758272 t=0.48s 5.230 GB/s
[b0015 r14] mode=torch_save size=10485760 fpp=8 iter=2 bytes=2684758272 t=0.44s 5.672 GB/s
[b0013 r12] mode=torch_save size=10485760 fpp=8 iter=1 bytes=2684758272 t=0.49s 5.126 GB/s
[b0016 r15] mode=torch_save size=10485760 fpp=8 iter=2 bytes=2684758272 t=0.46s 5.494 GB/s
[b0009 r8] mode=dcp size=10485760 fpp=8 iter=0 bytes=2684996016 t=0.58s 4.336 GB/s
[b0001 r0] mode=dcp size=10485760 fpp=8 iter=0 bytes=2684996016 t=0.56s 4.428 GB/s
[b0013 r12] mode=torch_save size=10485760 fpp=8 iter=2 bytes=2684758272 t=0.53s 4.750 GB/s
[b0004 r3] mode=dcp size=10485760 fpp=8 iter=0 bytes=2684995760 t=0.56s 4.434 GB/s
[b0012 r11] mode=dcp size=10485760 fpp=8 iter=0 bytes=2684996016 t=0.55s 4.557 GB/s
[b0010 r9] mode=dcp size=10485760 fpp=8 iter=0 bytes=2684996016 t=0.57s 4.391 GB/s
[b0014 r13] mode=dcp size=10485760 fpp=8 iter=0 bytes=2684996016 t=0.49s 5.054 GB/s
[b0006 r5] mode=dcp size=10485760 fpp=8 iter=0 bytes=2684996016 t=0.53s 4.682 GB/s
[b0003 r2] mode=dcp size=10485760 fpp=8 iter=0 bytes=2684996016 t=0.49s 5.077 GB/s
[b0002 r1] mode=dcp size=10485760 fpp=8 iter=0 bytes=2684996016 t=0.49s 5.063 GB/s
[b0007 r6] mode=dcp size=10485760 fpp=8 iter=0 bytes=2684995760 t=0.52s 4.780 GB/s
[b0008 r7] mode=dcp size=10485760 fpp=8 iter=0 bytes=2684996016 t=0.54s 4.605 GB/s
[b0001 r0] mode=dcp size=10485760 fpp=8 iter=1 bytes=2684996016 t=0.52s 4.806 GB/s
[b0009 r8] mode=dcp size=10485760 fpp=8 iter=1 bytes=2684996016 t=0.54s 4.589 GB/s
[b0005 r4] mode=dcp size=10485760 fpp=8 iter=0 bytes=2684996016 t=0.77s 3.263 GB/s
[b0011 r10] mode=dcp size=10485760 fpp=8 iter=0 bytes=2684996272 t=0.61s 4.111 GB/s
[b0015 r14] mode=dcp size=10485760 fpp=8 iter=0 bytes=2684996016 t=0.59s 4.227 GB/s
[b0016 r15] mode=dcp size=10485760 fpp=8 iter=0 bytes=2684996016 t=0.52s 4.805 GB/s
[b0004 r3] mode=dcp size=10485760 fpp=8 iter=1 bytes=2684995760 t=0.51s 4.939 GB/s
[b0012 r11] mode=dcp size=10485760 fpp=8 iter=1 bytes=2684996016 t=0.49s 5.147 GB/s
[b0010 r9] mode=dcp size=10485760 fpp=8 iter=1 bytes=2684996016 t=0.60s 4.162 GB/s
[b0013 r12] mode=dcp size=10485760 fpp=8 iter=0 bytes=2684996016 t=0.53s 4.708 GB/s
[b0014 r13] mode=dcp size=10485760 fpp=8 iter=1 bytes=2684996016 t=0.51s 4.915 GB/s
[b0006 r5] mode=dcp size=10485760 fpp=8 iter=1 bytes=2684996016 t=0.58s 4.301 GB/s
[b0003 r2] mode=dcp size=10485760 fpp=8 iter=1 bytes=2684996016 t=0.51s 4.916 GB/s
[b0002 r1] mode=dcp size=10485760 fpp=8 iter=1 bytes=2684996016 t=0.48s 5.226 GB/s
[b0008 r7] mode=dcp size=10485760 fpp=8 iter=1 bytes=2684996016 t=0.53s 4.710 GB/s
[b0009 r8] mode=dcp size=10485760 fpp=8 iter=2 bytes=2684996016 t=0.53s 4.724 GB/s
[b0001 r0] mode=dcp size=10485760 fpp=8 iter=2 bytes=2684996016 t=0.57s 4.387 GB/s
[b0007 r6] mode=dcp size=10485760 fpp=8 iter=1 bytes=2684995760 t=0.67s 3.727 GB/s
[b0011 r10] mode=dcp size=10485760 fpp=8 iter=1 bytes=2684996272 t=0.56s 4.427 GB/s
[b0005 r4] mode=dcp size=10485760 fpp=8 iter=1 bytes=2684996016 t=0.55s 4.561 GB/s
[b0016 r15] mode=dcp size=10485760 fpp=8 iter=1 bytes=2684996016 t=0.59s 4.269 GB/s
[b0015 r14] mode=dcp size=10485760 fpp=8 iter=1 bytes=2684996016 t=0.56s 4.500 GB/s
[b0004 r3] mode=dcp size=10485760 fpp=8 iter=2 bytes=2684995760 t=0.50s 4.997 GB/s
[b0012 r11] mode=dcp size=10485760 fpp=8 iter=2 bytes=2684996016 t=0.48s 5.209 GB/s
[b0010 r9] mode=dcp size=10485760 fpp=8 iter=2 bytes=2684996016 t=0.53s 4.731 GB/s
[b0014 r13] mode=dcp size=10485760 fpp=8 iter=2 bytes=2684996016 t=0.51s 4.899 GB/s
[b0013 r12] mode=dcp size=10485760 fpp=8 iter=1 bytes=2684996016 t=0.54s 4.664 GB/s
[b0006 r5] mode=dcp size=10485760 fpp=8 iter=2 bytes=2684996016 t=0.55s 4.538 GB/s
[b0003 r2] mode=dcp size=10485760 fpp=8 iter=2 bytes=2684996016 t=0.52s 4.796 GB/s
[b0002 r1] mode=dcp size=10485760 fpp=8 iter=2 bytes=2684996016 t=0.56s 4.497 GB/s
[b0008 r7] mode=dcp size=10485760 fpp=8 iter=2 bytes=2684996016 t=0.54s 4.666 GB/s
[b0011 r10] mode=dcp size=10485760 fpp=8 iter=2 bytes=2684996272 t=0.75s 3.354 GB/s
[b0007 r6] mode=dcp size=10485760 fpp=8 iter=2 bytes=2684995760 t=0.78s 3.224 GB/s
[b0005 r4] mode=dcp size=10485760 fpp=8 iter=2 bytes=2684996016 t=1.15s 2.172 GB/s
[b0016 r15] mode=dcp size=10485760 fpp=8 iter=2 bytes=2684996016 t=1.28s 1.958 GB/s
[b0015 r14] mode=dcp size=10485760 fpp=8 iter=2 bytes=2684996016 t=1.20s 2.092 GB/s
[b0013 r12] mode=dcp size=10485760 fpp=8 iter=2 bytes=2684996016 t=2.30s 1.089 GB/s
[b0001 r0] mode=raw size=104857600 fpp=8 iter=0 bytes=26843545600 t=4.68s 5.337 GB/s
[b0009 r8] mode=raw size=104857600 fpp=8 iter=0 bytes=26843545600 t=5.15s 4.858 GB/s
[b0012 r11] mode=raw size=104857600 fpp=8 iter=0 bytes=26843545600 t=6.77s 3.695 GB/s
[b0014 r13] mode=raw size=104857600 fpp=8 iter=0 bytes=26843545600 t=6.09s 4.103 GB/s
[b0004 r3] mode=raw size=104857600 fpp=8 iter=0 bytes=26843545600 t=7.84s 3.188 GB/s
[b0010 r9] mode=raw size=104857600 fpp=8 iter=0 bytes=26843545600 t=6.69s 3.739 GB/s
[b0006 r5] mode=raw size=104857600 fpp=8 iter=0 bytes=26843545600 t=6.64s 3.766 GB/s
[b0001 r0] mode=raw size=104857600 fpp=8 iter=1 bytes=26843545600 t=5.12s 4.887 GB/s
[b0009 r8] mode=raw size=104857600 fpp=8 iter=1 bytes=26843545600 t=7.27s 3.441 GB/s
[b0003 r2] mode=raw size=104857600 fpp=8 iter=0 bytes=26843545600 t=6.65s 3.761 GB/s
[b0002 r1] mode=raw size=104857600 fpp=8 iter=0 bytes=26843545600 t=10.61s 2.356 GB/s
[b0015 r14] mode=raw size=104857600 fpp=8 iter=0 bytes=26843545600 t=7.60s 3.288 GB/s
[b0014 r13] mode=raw size=104857600 fpp=8 iter=1 bytes=26843545600 t=8.59s 2.912 GB/s
[b0011 r10] mode=raw size=104857600 fpp=8 iter=0 bytes=26843545600 t=9.19s 2.719 GB/s
[b0008 r7] mode=raw size=104857600 fpp=8 iter=0 bytes=26843545600 t=9.20s 2.717 GB/s
[b0012 r11] mode=raw size=104857600 fpp=8 iter=1 bytes=26843545600 t=9.61s 2.602 GB/s
[b0001 r0] mode=raw size=104857600 fpp=8 iter=2 bytes=26843545600 t=7.84s 3.188 GB/s
[b0010 r9] mode=raw size=104857600 fpp=8 iter=1 bytes=26843545600 t=8.11s 3.081 GB/s
[b0006 r5] mode=raw size=104857600 fpp=8 iter=1 bytes=26843545600 t=10.07s 2.483 GB/s
[b0004 r3] mode=raw size=104857600 fpp=8 iter=1 bytes=26843545600 t=11.81s 2.118 GB/s
[b0007 r6] mode=raw size=104857600 fpp=8 iter=0 bytes=26843545600 t=11.52s 2.170 GB/s
[b0009 r8] mode=raw size=104857600 fpp=8 iter=2 bytes=26843545600 t=12.06s 2.074 GB/s
[b0016 r15] mode=raw size=104857600 fpp=8 iter=0 bytes=26843545600 t=9.96s 2.510 GB/s
[b0005 r4] mode=raw size=104857600 fpp=8 iter=0 bytes=26843545600 t=8.52s 2.934 GB/s
[b0013 r12] mode=raw size=104857600 fpp=8 iter=0 bytes=26843545600 t=7.99s 3.129 GB/s
[b0014 r13] mode=raw size=104857600 fpp=8 iter=2 bytes=26843545600 t=10.22s 2.446 GB/s
[b0003 r2] mode=raw size=104857600 fpp=8 iter=1 bytes=26843545600 t=11.38s 2.196 GB/s
[b0010 r9] mode=raw size=104857600 fpp=8 iter=2 bytes=26843545600 t=8.37s 2.988 GB/s
[b0002 r1] mode=raw size=104857600 fpp=8 iter=1 bytes=26843545600 t=11.69s 2.139 GB/s
[b0015 r14] mode=raw size=104857600 fpp=8 iter=1 bytes=26843545600 t=10.09s 2.478 GB/s
[b0011 r10] mode=raw size=104857600 fpp=8 iter=1 bytes=26843545600 t=10.71s 2.334 GB/s
[b0012 r11] mode=raw size=104857600 fpp=8 iter=2 bytes=26843545600 t=10.62s 2.354 GB/s
[b0006 r5] mode=raw size=104857600 fpp=8 iter=2 bytes=26843545600 t=7.99s 3.129 GB/s
[b0008 r7] mode=raw size=104857600 fpp=8 iter=1 bytes=26843545600 t=7.47s 3.348 GB/s
[b0004 r3] mode=raw size=104857600 fpp=8 iter=2 bytes=26843545600 t=6.10s 4.098 GB/s
[b0007 r6] mode=raw size=104857600 fpp=8 iter=1 bytes=26843545600 t=5.94s 4.209 GB/s
[b0013 r12] mode=raw size=104857600 fpp=8 iter=1 bytes=26843545600 t=5.24s 4.774 GB/s
[b0005 r4] mode=raw size=104857600 fpp=8 iter=1 bytes=26843545600 t=6.80s 3.677 GB/s
[b0016 r15] mode=raw size=104857600 fpp=8 iter=1 bytes=26843545600 t=7.54s 3.317 GB/s
[b0003 r2] mode=raw size=104857600 fpp=8 iter=2 bytes=26843545600 t=5.83s 4.286 GB/s
[b0015 r14] mode=raw size=104857600 fpp=8 iter=2 bytes=26843545600 t=5.69s 4.391 GB/s
[b0011 r10] mode=raw size=104857600 fpp=8 iter=2 bytes=26843545600 t=7.56s 3.305 GB/s
[b0002 r1] mode=raw size=104857600 fpp=8 iter=2 bytes=26843545600 t=7.75s 3.227 GB/s
[b0009 r8] mode=torch_save size=104857600 fpp=8 iter=0 bytes=26843949312 t=7.38s 3.388 GB/s
[b0001 r0] mode=torch_save size=104857600 fpp=8 iter=0 bytes=26843949312 t=7.08s 3.531 GB/s
[b0008 r7] mode=raw size=104857600 fpp=8 iter=2 bytes=26843545600 t=7.92s 3.155 GB/s
[b0013 r12] mode=raw size=104857600 fpp=8 iter=2 bytes=26843545600 t=5.76s 4.343 GB/s
[b0007 r6] mode=raw size=104857600 fpp=8 iter=2 bytes=26843545600 t=7.10s 3.519 GB/s
[b0010 r9] mode=torch_save size=104857600 fpp=8 iter=0 bytes=26843949312 t=3.76s 6.651 GB/s
[b0005 r4] mode=raw size=104857600 fpp=8 iter=2 bytes=26843545600 t=5.78s 4.323 GB/s
[b0014 r13] mode=torch_save size=104857600 fpp=8 iter=0 bytes=26843949312 t=6.70s 3.734 GB/s
[b0016 r15] mode=raw size=104857600 fpp=8 iter=2 bytes=26843545600 t=7.63s 3.277 GB/s
[b0001 r0] mode=torch_save size=104857600 fpp=8 iter=1 bytes=26843949312 t=7.81s 3.200 GB/s
[b0012 r11] mode=torch_save size=104857600 fpp=8 iter=0 bytes=26843949312 t=8.66s 2.887 GB/s
[b0009 r8] mode=torch_save size=104857600 fpp=8 iter=1 bytes=26843949312 t=9.07s 2.755 GB/s
[b0010 r9] mode=torch_save size=104857600 fpp=8 iter=1 bytes=26843949312 t=5.85s 4.272 GB/s
[b0006 r5] mode=torch_save size=104857600 fpp=8 iter=0 bytes=26843949312 t=7.37s 3.392 GB/s
[b0004 r3] mode=torch_save size=104857600 fpp=8 iter=0 bytes=26843949312 t=7.22s 3.465 GB/s
[b0015 r14] mode=torch_save size=104857600 fpp=8 iter=0 bytes=26843949312 t=7.03s 3.557 GB/s
[b0003 r2] mode=torch_save size=104857600 fpp=8 iter=0 bytes=26843949312 t=4.85s 5.158 GB/s
[b0014 r13] mode=torch_save size=104857600 fpp=8 iter=1 bytes=26843949312 t=6.91s 3.620 GB/s
[b0001 r0] mode=torch_save size=104857600 fpp=8 iter=2 bytes=26843949312 t=4.13s 6.055 GB/s
[b0012 r11] mode=torch_save size=104857600 fpp=8 iter=1 bytes=26843949312 t=4.27s 5.852 GB/s
[b0002 r1] mode=torch_save size=104857600 fpp=8 iter=0 bytes=26843949312 t=6.71s 3.723 GB/s
[b0009 r8] mode=torch_save size=104857600 fpp=8 iter=2 bytes=26843949312 t=6.84s 3.654 GB/s
[b0011 r10] mode=torch_save size=104857600 fpp=8 iter=0 bytes=26843949312 t=7.26s 3.443 GB/s
[b0008 r7] mode=torch_save size=104857600 fpp=8 iter=0 bytes=26843949312 t=8.09s 3.089 GB/s
[b0004 r3] mode=torch_save size=104857600 fpp=8 iter=1 bytes=26843949312 t=8.01s 3.121 GB/s
[b0013 r12] mode=torch_save size=104857600 fpp=8 iter=0 bytes=26843949312 t=8.71s 2.869 GB/s
[b0006 r5] mode=torch_save size=104857600 fpp=8 iter=1 bytes=26843949312 t=7.65s 3.267 GB/s
[b0010 r9] mode=torch_save size=104857600 fpp=8 iter=2 bytes=26843949312 t=8.53s 2.930 GB/s
[b0005 r4] mode=torch_save size=104857600 fpp=8 iter=0 bytes=26843949312 t=7.27s 3.441 GB/s
[b0014 r13] mode=torch_save size=104857600 fpp=8 iter=2 bytes=26843949312 t=6.67s 3.750 GB/s
[b0003 r2] mode=torch_save size=104857600 fpp=8 iter=1 bytes=26843949312 t=4.76s 5.254 GB/s
[b0015 r14] mode=torch_save size=104857600 fpp=8 iter=1 bytes=26843949312 t=7.44s 3.360 GB/s
[b0012 r11] mode=torch_save size=104857600 fpp=8 iter=2 bytes=26843949312 t=6.27s 3.986 GB/s
[b0016 r15] mode=torch_save size=104857600 fpp=8 iter=0 bytes=26843949312 t=6.70s 3.729 GB/s
[b0007 r6] mode=torch_save size=104857600 fpp=8 iter=0 bytes=26843949312 t=7.91s 3.161 GB/s
[b0002 r1] mode=torch_save size=104857600 fpp=8 iter=1 bytes=26843949312 t=4.07s 6.141 GB/s
[b0008 r7] mode=torch_save size=104857600 fpp=8 iter=1 bytes=26843949312 t=4.99s 5.009 GB/s
[b0011 r10] mode=torch_save size=104857600 fpp=8 iter=1 bytes=26843949312 t=6.45s 3.875 GB/s
[b0004 r3] mode=torch_save size=104857600 fpp=8 iter=2 bytes=26843949312 t=5.66s 4.417 GB/s
[b0005 r4] mode=torch_save size=104857600 fpp=8 iter=1 bytes=26843949312 t=6.30s 3.967 GB/s
[b0013 r12] mode=torch_save size=104857600 fpp=8 iter=1 bytes=26843949312 t=6.53s 3.831 GB/s
[b0015 r14] mode=torch_save size=104857600 fpp=8 iter=2 bytes=26843949312 t=5.76s 4.344 GB/s
[b0006 r5] mode=torch_save size=104857600 fpp=8 iter=2 bytes=26843949312 t=6.48s 3.859 GB/s
[b0002 r1] mode=torch_save size=104857600 fpp=8 iter=2 bytes=26843949312 t=3.49s 7.170 GB/s
[b0003 r2] mode=torch_save size=104857600 fpp=8 iter=2 bytes=26843949312 t=6.91s 3.618 GB/s
[b0016 r15] mode=torch_save size=104857600 fpp=8 iter=1 bytes=26843949312 t=5.14s 4.861 GB/s
[b0007 r6] mode=torch_save size=104857600 fpp=8 iter=1 bytes=26843949312 t=6.56s 3.812 GB/s
[b0008 r7] mode=torch_save size=104857600 fpp=8 iter=2 bytes=26843949312 t=4.07s 6.144 GB/s
[b0013 r12] mode=torch_save size=104857600 fpp=8 iter=2 bytes=26843949312 t=4.81s 5.192 GB/s
[b0001 r0] mode=dcp size=104857600 fpp=8 iter=0 bytes=26844187056 t=5.72s 4.371 GB/s
[b0005 r4] mode=torch_save size=104857600 fpp=8 iter=2 bytes=26843949312 t=5.32s 4.699 GB/s
[b0011 r10] mode=torch_save size=104857600 fpp=8 iter=2 bytes=26843949312 t=5.15s 4.852 GB/s
[b0016 r15] mode=torch_save size=104857600 fpp=8 iter=2 bytes=26843949312 t=4.02s 6.224 GB/s
[b0009 r8] mode=dcp size=104857600 fpp=8 iter=0 bytes=26844187056 t=4.07s 6.149 GB/s
[b0007 r6] mode=torch_save size=104857600 fpp=8 iter=2 bytes=26843949312 t=3.48s 7.194 GB/s
[b0012 r11] mode=dcp size=104857600 fpp=8 iter=0 bytes=26844187056 t=4.09s 6.112 GB/s
[b0010 r9] mode=dcp size=104857600 fpp=8 iter=0 bytes=26844187056 t=4.56s 5.488 GB/s
[b0014 r13] mode=dcp size=104857600 fpp=8 iter=0 bytes=26844187056 t=3.78s 6.607 GB/s
[b0004 r3] mode=dcp size=104857600 fpp=8 iter=0 bytes=26844186800 t=2.97s 8.413 GB/s
[b0002 r1] mode=dcp size=104857600 fpp=8 iter=0 bytes=26844187056 t=2.84s 8.791 GB/s
[b0009 r8] mode=dcp size=104857600 fpp=8 iter=1 bytes=26844187056 t=3.12s 8.024 GB/s
[b0001 r0] mode=dcp size=104857600 fpp=8 iter=1 bytes=26844187056 t=3.26s 7.668 GB/s
[b0003 r2] mode=dcp size=104857600 fpp=8 iter=0 bytes=26844187056 t=3.02s 8.272 GB/s
[b0015 r14] mode=dcp size=104857600 fpp=8 iter=0 bytes=26844187056 t=3.04s 8.231 GB/s
[b0006 r5] mode=dcp size=104857600 fpp=8 iter=0 bytes=26844187056 t=2.86s 8.756 GB/s
[b0008 r7] mode=dcp size=104857600 fpp=8 iter=0 bytes=26844187056 t=3.08s 8.116 GB/s
[b0012 r11] mode=dcp size=104857600 fpp=8 iter=1 bytes=26844187056 t=3.12s 8.021 GB/s
[b0005 r4] mode=dcp size=104857600 fpp=8 iter=0 bytes=26844187056 t=4.33s 5.772 GB/s
[b0013 r12] mode=dcp size=104857600 fpp=8 iter=0 bytes=26844187056 t=4.96s 5.037 GB/s
[b0016 r15] mode=dcp size=104857600 fpp=8 iter=0 bytes=26844187056 t=4.99s 5.012 GB/s
[b0004 r3] mode=dcp size=104857600 fpp=8 iter=1 bytes=26844186800 t=4.01s 6.228 GB/s
[b0010 r9] mode=dcp size=104857600 fpp=8 iter=1 bytes=26844187056 t=5.56s 4.496 GB/s
[b0011 r10] mode=dcp size=104857600 fpp=8 iter=0 bytes=26844187312 t=5.57s 4.490 GB/s
[b0007 r6] mode=dcp size=104857600 fpp=8 iter=0 bytes=26844186800 t=5.26s 4.755 GB/s
[b0002 r1] mode=dcp size=104857600 fpp=8 iter=1 bytes=26844187056 t=3.46s 7.221 GB/s
[b0014 r13] mode=dcp size=104857600 fpp=8 iter=1 bytes=26844187056 t=5.27s 4.741 GB/s
[b0009 r8] mode=dcp size=104857600 fpp=8 iter=2 bytes=26844187056 t=3.73s 6.711 GB/s
[b0001 r0] mode=dcp size=104857600 fpp=8 iter=2 bytes=26844187056 t=3.18s 7.860 GB/s
[b0015 r14] mode=dcp size=104857600 fpp=8 iter=1 bytes=26844187056 t=3.02s 8.281 GB/s
[b0003 r2] mode=dcp size=104857600 fpp=8 iter=1 bytes=26844187056 t=2.58s 9.688 GB/s
[b0008 r7] mode=dcp size=104857600 fpp=8 iter=1 bytes=26844187056 t=2.53s 9.868 GB/s
[b0006 r5] mode=dcp size=104857600 fpp=8 iter=1 bytes=26844187056 t=2.40s 10.437 GB/s
[b0012 r11] mode=dcp size=104857600 fpp=8 iter=2 bytes=26844187056 t=2.24s 11.167 GB/s
[b0002 r1] mode=dcp size=104857600 fpp=8 iter=2 bytes=26844187056 t=3.66s 6.833 GB/s
[b0005 r4] mode=dcp size=104857600 fpp=8 iter=1 bytes=26844187056 t=4.41s 5.674 GB/s
[b0007 r6] mode=dcp size=104857600 fpp=8 iter=1 bytes=26844186800 t=4.09s 6.118 GB/s
[b0010 r9] mode=dcp size=104857600 fpp=8 iter=2 bytes=26844187056 t=4.66s 5.361 GB/s
[b0011 r10] mode=dcp size=104857600 fpp=8 iter=1 bytes=26844187312 t=4.16s 6.014 GB/s
[b0013 r12] mode=dcp size=104857600 fpp=8 iter=1 bytes=26844187056 t=4.75s 5.262 GB/s
[b0004 r3] mode=dcp size=104857600 fpp=8 iter=2 bytes=26844186800 t=4.95s 5.055 GB/s
[b0014 r13] mode=dcp size=104857600 fpp=8 iter=2 bytes=26844187056 t=4.16s 6.014 GB/s
[b0016 r15] mode=dcp size=104857600 fpp=8 iter=1 bytes=26844187056 t=5.03s 4.966 GB/s
[b0015 r14] mode=dcp size=104857600 fpp=8 iter=2 bytes=26844187056 t=2.50s 9.993 GB/s
[b0003 r2] mode=dcp size=104857600 fpp=8 iter=2 bytes=26844187056 t=2.22s 11.236 GB/s
[b0008 r7] mode=dcp size=104857600 fpp=8 iter=2 bytes=26844187056 t=2.08s 12.010 GB/s
[b0006 r5] mode=dcp size=104857600 fpp=8 iter=2 bytes=26844187056 t=2.15s 11.618 GB/s
[b0007 r6] mode=dcp size=104857600 fpp=8 iter=2 bytes=26844186800 t=2.50s 9.986 GB/s
[b0005 r4] mode=dcp size=104857600 fpp=8 iter=2 bytes=26844187056 t=2.48s 10.096 GB/s
[b0011 r10] mode=dcp size=104857600 fpp=8 iter=2 bytes=26844187312 t=2.62s 9.537 GB/s
[b0016 r15] mode=dcp size=104857600 fpp=8 iter=2 bytes=26844187056 t=2.36s 10.599 GB/s
[b0013 r12] mode=dcp size=104857600 fpp=8 iter=2 bytes=26844187056 t=2.41s 10.374 GB/s
Done. Results: results/16node_32cpu_b200-batch_26107/all.csv
