=== Wed May 20 18:34:48 EDT 2026 mode=write nodes=12 npernode=64 ===
[b0001 r0] base=/work/mit/datasets/test/writebench.b0001.0.1975395.a2cf1882
[b0005 r4] base=/work/mit/datasets/test/writebench.b0005.4.1679412.4878cdd2
[b0006 r5] base=/work/mit/datasets/test/writebench.b0006.5.1336172.2b075b65
[b0012 r11] base=/work/mit/datasets/test/writebench.b0012.11.171335.9f8b69e2
[b0011 r10] base=/work/mit/datasets/test/writebench.b0011.10.1142417.2d7c13ce
[b0002 r1] base=/work/mit/datasets/test/writebench.b0002.1.2825161.28a3a4ca
[b0007 r6] base=/work/mit/datasets/test/writebench.b0007.6.502806.6fda99b6
[b0008 r7] base=/work/mit/datasets/test/writebench.b0008.7.1338403.97a5cd75
[b0003 r2] base=/work/mit/datasets/test/writebench.b0003.2.2537509.1d650ab9
[b0010 r9] base=/work/mit/datasets/test/writebench.b0010.9.1185905.e0a0dd35
[b0004 r3] base=/work/mit/datasets/test/writebench.b0004.3.950447.97a21267
[b0009 r8] base=/work/mit/datasets/test/writebench.b0009.8.1078097.affc51f5
[b0001 r0] mode=raw size=102400 fpp=8 iter=0 bytes=52428800 t=0.64s 0.077 GB/s
[b0011 r10] mode=raw size=102400 fpp=8 iter=0 bytes=52428800 t=0.64s 0.077 GB/s
[b0002 r1] mode=raw size=102400 fpp=8 iter=0 bytes=52428800 t=0.64s 0.076 GB/s
[b0006 r5] mode=raw size=102400 fpp=8 iter=0 bytes=52428800 t=0.67s 0.073 GB/s
[b0012 r11] mode=raw size=102400 fpp=8 iter=0 bytes=52428800 t=0.69s 0.071 GB/s
[b0003 r2] mode=raw size=102400 fpp=8 iter=0 bytes=52428800 t=0.68s 0.072 GB/s
[b0008 r7] mode=raw size=102400 fpp=8 iter=0 bytes=52428800 t=0.70s 0.070 GB/s
[b0010 r9] mode=raw size=102400 fpp=8 iter=0 bytes=52428800 t=0.64s 0.076 GB/s
[b0007 r6] mode=raw size=102400 fpp=8 iter=0 bytes=52428800 t=0.67s 0.073 GB/s
[b0005 r4] mode=raw size=102400 fpp=8 iter=0 bytes=52428800 t=0.72s 0.068 GB/s
[b0004 r3] mode=raw size=102400 fpp=8 iter=0 bytes=52428800 t=0.65s 0.075 GB/s
[b0009 r8] mode=raw size=102400 fpp=8 iter=0 bytes=52428800 t=0.70s 0.070 GB/s
[b0001 r0] mode=raw size=102400 fpp=8 iter=1 bytes=52428800 t=0.64s 0.077 GB/s
[b0011 r10] mode=raw size=102400 fpp=8 iter=1 bytes=52428800 t=0.64s 0.077 GB/s
[b0002 r1] mode=raw size=102400 fpp=8 iter=1 bytes=52428800 t=0.65s 0.076 GB/s
[b0003 r2] mode=raw size=102400 fpp=8 iter=1 bytes=52428800 t=0.64s 0.076 GB/s
[b0012 r11] mode=raw size=102400 fpp=8 iter=1 bytes=52428800 t=0.66s 0.075 GB/s
[b0010 r9] mode=raw size=102400 fpp=8 iter=1 bytes=52428800 t=0.64s 0.077 GB/s
[b0006 r5] mode=raw size=102400 fpp=8 iter=1 bytes=52428800 t=0.68s 0.072 GB/s
[b0008 r7] mode=raw size=102400 fpp=8 iter=1 bytes=52428800 t=0.69s 0.070 GB/s
[b0007 r6] mode=raw size=102400 fpp=8 iter=1 bytes=52428800 t=0.68s 0.072 GB/s
[b0004 r3] mode=raw size=102400 fpp=8 iter=1 bytes=52428800 t=0.64s 0.076 GB/s
[b0005 r4] mode=raw size=102400 fpp=8 iter=1 bytes=52428800 t=0.72s 0.068 GB/s
[b0009 r8] mode=raw size=102400 fpp=8 iter=1 bytes=52428800 t=0.68s 0.072 GB/s
[b0001 r0] mode=raw size=102400 fpp=8 iter=2 bytes=52428800 t=0.65s 0.075 GB/s
[b0011 r10] mode=raw size=102400 fpp=8 iter=2 bytes=52428800 t=0.62s 0.078 GB/s
[b0002 r1] mode=raw size=102400 fpp=8 iter=2 bytes=52428800 t=0.63s 0.078 GB/s
[b0003 r2] mode=raw size=102400 fpp=8 iter=2 bytes=52428800 t=0.64s 0.077 GB/s
[b0010 r9] mode=raw size=102400 fpp=8 iter=2 bytes=52428800 t=0.63s 0.078 GB/s
[b0012 r11] mode=raw size=102400 fpp=8 iter=2 bytes=52428800 t=0.65s 0.075 GB/s
[b0004 r3] mode=raw size=102400 fpp=8 iter=2 bytes=52428800 t=0.63s 0.078 GB/s
[b0006 r5] mode=raw size=102400 fpp=8 iter=2 bytes=52428800 t=0.70s 0.070 GB/s
[b0008 r7] mode=raw size=102400 fpp=8 iter=2 bytes=52428800 t=0.68s 0.072 GB/s
[b0007 r6] mode=raw size=102400 fpp=8 iter=2 bytes=52428800 t=0.71s 0.069 GB/s
[b0005 r4] mode=raw size=102400 fpp=8 iter=2 bytes=52428800 t=0.69s 0.071 GB/s
[b0009 r8] mode=raw size=102400 fpp=8 iter=2 bytes=52428800 t=0.67s 0.073 GB/s
[b0001 r0] mode=torch_save size=102400 fpp=8 iter=0 bytes=53236224 t=0.62s 0.080 GB/s
[b0011 r10] mode=torch_save size=102400 fpp=8 iter=0 bytes=53236224 t=0.63s 0.078 GB/s
[b0002 r1] mode=torch_save size=102400 fpp=8 iter=0 bytes=53236224 t=0.64s 0.077 GB/s
[b0003 r2] mode=torch_save size=102400 fpp=8 iter=0 bytes=53236224 t=0.63s 0.079 GB/s
[b0010 r9] mode=torch_save size=102400 fpp=8 iter=0 bytes=53236224 t=0.62s 0.079 GB/s
[b0004 r3] mode=torch_save size=102400 fpp=8 iter=0 bytes=53236224 t=0.63s 0.079 GB/s
[b0012 r11] mode=torch_save size=102400 fpp=8 iter=0 bytes=53236224 t=0.67s 0.074 GB/s
[b0006 r5] mode=torch_save size=102400 fpp=8 iter=0 bytes=53236224 t=0.66s 0.076 GB/s
[b0008 r7] mode=torch_save size=102400 fpp=8 iter=0 bytes=53236224 t=0.65s 0.076 GB/s
[b0007 r6] mode=torch_save size=102400 fpp=8 iter=0 bytes=53236224 t=0.65s 0.076 GB/s
[b0005 r4] mode=torch_save size=102400 fpp=8 iter=0 bytes=53236224 t=0.65s 0.076 GB/s
[b0009 r8] mode=torch_save size=102400 fpp=8 iter=0 bytes=53236224 t=0.69s 0.072 GB/s
[b0001 r0] mode=torch_save size=102400 fpp=8 iter=1 bytes=53236224 t=0.62s 0.080 GB/s
[b0011 r10] mode=torch_save size=102400 fpp=8 iter=1 bytes=53236224 t=0.66s 0.075 GB/s
[b0003 r2] mode=torch_save size=102400 fpp=8 iter=1 bytes=53236224 t=0.62s 0.080 GB/s
[b0010 r9] mode=torch_save size=102400 fpp=8 iter=1 bytes=53236224 t=0.62s 0.080 GB/s
[b0002 r1] mode=torch_save size=102400 fpp=8 iter=1 bytes=53236224 t=0.66s 0.076 GB/s
[b0004 r3] mode=torch_save size=102400 fpp=8 iter=1 bytes=53236224 t=0.63s 0.079 GB/s
[b0012 r11] mode=torch_save size=102400 fpp=8 iter=1 bytes=53236224 t=0.65s 0.076 GB/s
[b0006 r5] mode=torch_save size=102400 fpp=8 iter=1 bytes=53236224 t=0.65s 0.076 GB/s
[b0008 r7] mode=torch_save size=102400 fpp=8 iter=1 bytes=53236224 t=0.66s 0.075 GB/s
[b0007 r6] mode=torch_save size=102400 fpp=8 iter=1 bytes=53236224 t=0.65s 0.076 GB/s
[b0005 r4] mode=torch_save size=102400 fpp=8 iter=1 bytes=53236224 t=0.65s 0.076 GB/s
[b0009 r8] mode=torch_save size=102400 fpp=8 iter=1 bytes=53236224 t=0.66s 0.075 GB/s
[b0001 r0] mode=torch_save size=102400 fpp=8 iter=2 bytes=53236224 t=0.61s 0.081 GB/s
[b0011 r10] mode=torch_save size=102400 fpp=8 iter=2 bytes=53236224 t=0.61s 0.081 GB/s
[b0003 r2] mode=torch_save size=102400 fpp=8 iter=2 bytes=53236224 t=0.61s 0.081 GB/s
[b0010 r9] mode=torch_save size=102400 fpp=8 iter=2 bytes=53236224 t=0.64s 0.077 GB/s
[b0002 r1] mode=torch_save size=102400 fpp=8 iter=2 bytes=53236224 t=0.63s 0.079 GB/s
[b0004 r3] mode=torch_save size=102400 fpp=8 iter=2 bytes=53236224 t=0.64s 0.078 GB/s
[b0012 r11] mode=torch_save size=102400 fpp=8 iter=2 bytes=53236224 t=0.63s 0.078 GB/s
[b0006 r5] mode=torch_save size=102400 fpp=8 iter=2 bytes=53236224 t=0.65s 0.077 GB/s
[b0007 r6] mode=torch_save size=102400 fpp=8 iter=2 bytes=53236224 t=0.65s 0.076 GB/s
[b0008 r7] mode=torch_save size=102400 fpp=8 iter=2 bytes=53236224 t=0.66s 0.075 GB/s
[b0005 r4] mode=torch_save size=102400 fpp=8 iter=2 bytes=53236224 t=0.65s 0.076 GB/s
[b0009 r8] mode=torch_save size=102400 fpp=8 iter=2 bytes=53236224 t=0.66s 0.075 GB/s
[b0001 r0] mode=dcp size=102400 fpp=8 iter=0 bytes=53709744 t=0.70s 0.071 GB/s
[b0011 r10] mode=dcp size=102400 fpp=8 iter=0 bytes=53710256 t=0.65s 0.076 GB/s
[b0002 r1] mode=dcp size=102400 fpp=8 iter=0 bytes=53709744 t=0.66s 0.076 GB/s
[b0003 r2] mode=dcp size=102400 fpp=8 iter=0 bytes=53709744 t=0.65s 0.077 GB/s
[b0010 r9] mode=dcp size=102400 fpp=8 iter=0 bytes=53709744 t=0.67s 0.075 GB/s
[b0004 r3] mode=dcp size=102400 fpp=8 iter=0 bytes=53709232 t=0.66s 0.076 GB/s
[b0012 r11] mode=dcp size=102400 fpp=8 iter=0 bytes=53709744 t=0.70s 0.071 GB/s
[b0006 r5] mode=dcp size=102400 fpp=8 iter=0 bytes=53709744 t=0.72s 0.069 GB/s
[b0005 r4] mode=dcp size=102400 fpp=8 iter=0 bytes=53709744 t=0.69s 0.072 GB/s
[b0007 r6] mode=dcp size=102400 fpp=8 iter=0 bytes=53709232 t=0.74s 0.068 GB/s
[b0008 r7] mode=dcp size=102400 fpp=8 iter=0 bytes=53709744 t=0.73s 0.069 GB/s
[b0009 r8] mode=dcp size=102400 fpp=8 iter=0 bytes=53709744 t=0.69s 0.073 GB/s
[b0011 r10] mode=dcp size=102400 fpp=8 iter=1 bytes=53710256 t=0.64s 0.078 GB/s
[b0001 r0] mode=dcp size=102400 fpp=8 iter=1 bytes=53709744 t=0.67s 0.074 GB/s
[b0003 r2] mode=dcp size=102400 fpp=8 iter=1 bytes=53709744 t=0.68s 0.074 GB/s
[b0002 r1] mode=dcp size=102400 fpp=8 iter=1 bytes=53709744 t=0.67s 0.075 GB/s
[b0010 r9] mode=dcp size=102400 fpp=8 iter=1 bytes=53709744 t=0.68s 0.074 GB/s
[b0004 r3] mode=dcp size=102400 fpp=8 iter=1 bytes=53709232 t=0.67s 0.075 GB/s
[b0012 r11] mode=dcp size=102400 fpp=8 iter=1 bytes=53709744 t=0.69s 0.072 GB/s
[b0006 r5] mode=dcp size=102400 fpp=8 iter=1 bytes=53709744 t=0.68s 0.073 GB/s
[b0007 r6] mode=dcp size=102400 fpp=8 iter=1 bytes=53709232 t=0.71s 0.071 GB/s
[b0005 r4] mode=dcp size=102400 fpp=8 iter=1 bytes=53709744 t=0.73s 0.068 GB/s
[b0008 r7] mode=dcp size=102400 fpp=8 iter=1 bytes=53709744 t=0.71s 0.070 GB/s
[b0009 r8] mode=dcp size=102400 fpp=8 iter=1 bytes=53709744 t=0.68s 0.074 GB/s
[b0011 r10] mode=dcp size=102400 fpp=8 iter=2 bytes=53710256 t=0.63s 0.079 GB/s
[b0001 r0] mode=dcp size=102400 fpp=8 iter=2 bytes=53709744 t=0.67s 0.074 GB/s
[b0003 r2] mode=dcp size=102400 fpp=8 iter=2 bytes=53709744 t=0.66s 0.075 GB/s
[b0002 r1] mode=dcp size=102400 fpp=8 iter=2 bytes=53709744 t=0.68s 0.074 GB/s
[b0010 r9] mode=dcp size=102400 fpp=8 iter=2 bytes=53709744 t=0.68s 0.074 GB/s
[b0004 r3] mode=dcp size=102400 fpp=8 iter=2 bytes=53709232 t=0.70s 0.072 GB/s
[b0012 r11] mode=dcp size=102400 fpp=8 iter=2 bytes=53709744 t=0.69s 0.073 GB/s
[b0006 r5] mode=dcp size=102400 fpp=8 iter=2 bytes=53709744 t=0.71s 0.070 GB/s
[b0007 r6] mode=dcp size=102400 fpp=8 iter=2 bytes=53709232 t=0.71s 0.071 GB/s
[b0005 r4] mode=dcp size=102400 fpp=8 iter=2 bytes=53709744 t=0.71s 0.071 GB/s
[b0008 r7] mode=dcp size=102400 fpp=8 iter=2 bytes=53709744 t=0.70s 0.072 GB/s
[b0009 r8] mode=dcp size=102400 fpp=8 iter=2 bytes=53709744 t=0.74s 0.068 GB/s
[b0011 r10] mode=raw size=1048576 fpp=8 iter=0 bytes=536870912 t=0.59s 0.850 GB/s
[b0001 r0] mode=raw size=1048576 fpp=8 iter=0 bytes=536870912 t=0.60s 0.832 GB/s
[b0003 r2] mode=raw size=1048576 fpp=8 iter=0 bytes=536870912 t=0.60s 0.832 GB/s
[b0002 r1] mode=raw size=1048576 fpp=8 iter=0 bytes=536870912 t=0.61s 0.819 GB/s
[b0010 r9] mode=raw size=1048576 fpp=8 iter=0 bytes=536870912 t=0.61s 0.822 GB/s
[b0004 r3] mode=raw size=1048576 fpp=8 iter=0 bytes=536870912 t=0.59s 0.854 GB/s
[b0012 r11] mode=raw size=1048576 fpp=8 iter=0 bytes=536870912 t=0.57s 0.874 GB/s
[b0011 r10] mode=raw size=1048576 fpp=8 iter=1 bytes=536870912 t=0.58s 0.855 GB/s
[b0006 r5] mode=raw size=1048576 fpp=8 iter=0 bytes=536870912 t=0.63s 0.797 GB/s
[b0005 r4] mode=raw size=1048576 fpp=8 iter=0 bytes=536870912 t=0.63s 0.791 GB/s
[b0007 r6] mode=raw size=1048576 fpp=8 iter=0 bytes=536870912 t=0.65s 0.765 GB/s
[b0001 r0] mode=raw size=1048576 fpp=8 iter=1 bytes=536870912 t=0.60s 0.832 GB/s
[b0008 r7] mode=raw size=1048576 fpp=8 iter=0 bytes=536870912 t=0.64s 0.784 GB/s
[b0003 r2] mode=raw size=1048576 fpp=8 iter=1 bytes=536870912 t=0.59s 0.842 GB/s
[b0010 r9] mode=raw size=1048576 fpp=8 iter=1 bytes=536870912 t=0.61s 0.820 GB/s
[b0002 r1] mode=raw size=1048576 fpp=8 iter=1 bytes=536870912 t=0.63s 0.788 GB/s
[b0004 r3] mode=raw size=1048576 fpp=8 iter=1 bytes=536870912 t=0.59s 0.852 GB/s
[b0012 r11] mode=raw size=1048576 fpp=8 iter=1 bytes=536870912 t=0.57s 0.874 GB/s
[b0011 r10] mode=raw size=1048576 fpp=8 iter=2 bytes=536870912 t=0.59s 0.846 GB/s
[b0006 r5] mode=raw size=1048576 fpp=8 iter=1 bytes=536870912 t=0.63s 0.791 GB/s
[b0001 r0] mode=raw size=1048576 fpp=8 iter=2 bytes=536870912 t=0.60s 0.828 GB/s
[b0005 r4] mode=raw size=1048576 fpp=8 iter=1 bytes=536870912 t=0.68s 0.740 GB/s
[b0008 r7] mode=raw size=1048576 fpp=8 iter=1 bytes=536870912 t=0.65s 0.773 GB/s
[b0003 r2] mode=raw size=1048576 fpp=8 iter=2 bytes=536870912 t=0.61s 0.814 GB/s
[b0007 r6] mode=raw size=1048576 fpp=8 iter=1 bytes=536870912 t=0.66s 0.761 GB/s
[b0010 r9] mode=raw size=1048576 fpp=8 iter=2 bytes=536870912 t=0.62s 0.802 GB/s
[b0004 r3] mode=raw size=1048576 fpp=8 iter=2 bytes=536870912 t=0.60s 0.827 GB/s
[b0002 r1] mode=raw size=1048576 fpp=8 iter=2 bytes=536870912 t=0.63s 0.797 GB/s
[b0012 r11] mode=raw size=1048576 fpp=8 iter=2 bytes=536870912 t=0.58s 0.863 GB/s
[b0009 r8] mode=raw size=1048576 fpp=8 iter=0 bytes=536870912 t=0.61s 0.824 GB/s
[b0006 r5] mode=raw size=1048576 fpp=8 iter=2 bytes=536870912 t=0.64s 0.780 GB/s
[b0008 r7] mode=raw size=1048576 fpp=8 iter=2 bytes=536870912 t=0.65s 0.768 GB/s
[b0005 r4] mode=raw size=1048576 fpp=8 iter=2 bytes=536870912 t=0.73s 0.684 GB/s
[b0007 r6] mode=raw size=1048576 fpp=8 iter=2 bytes=536870912 t=0.64s 0.782 GB/s
[b0009 r8] mode=raw size=1048576 fpp=8 iter=1 bytes=536870912 t=0.65s 0.772 GB/s
[b0011 r10] mode=torch_save size=1048576 fpp=8 iter=0 bytes=537678336 t=0.57s 0.874 GB/s
[b0001 r0] mode=torch_save size=1048576 fpp=8 iter=0 bytes=537678336 t=0.57s 0.873 GB/s
[b0003 r2] mode=torch_save size=1048576 fpp=8 iter=0 bytes=537678336 t=0.61s 0.826 GB/s
[b0002 r1] mode=torch_save size=1048576 fpp=8 iter=0 bytes=537678336 t=0.61s 0.816 GB/s
[b0010 r9] mode=torch_save size=1048576 fpp=8 iter=0 bytes=537678336 t=0.61s 0.819 GB/s
[b0004 r3] mode=torch_save size=1048576 fpp=8 iter=0 bytes=537678336 t=0.62s 0.804 GB/s
[b0012 r11] mode=torch_save size=1048576 fpp=8 iter=0 bytes=537678336 t=0.56s 0.892 GB/s
[b0011 r10] mode=torch_save size=1048576 fpp=8 iter=1 bytes=537678336 t=0.56s 0.888 GB/s
[b0009 r8] mode=raw size=1048576 fpp=8 iter=2 bytes=536870912 t=0.60s 0.834 GB/s
[b0001 r0] mode=torch_save size=1048576 fpp=8 iter=1 bytes=537678336 t=0.56s 0.887 GB/s
[b0003 r2] mode=torch_save size=1048576 fpp=8 iter=1 bytes=537678336 t=0.60s 0.829 GB/s
[b0002 r1] mode=torch_save size=1048576 fpp=8 iter=1 bytes=537678336 t=0.60s 0.838 GB/s
[b0007 r6] mode=torch_save size=1048576 fpp=8 iter=0 bytes=537678336 t=0.62s 0.810 GB/s
[b0008 r7] mode=torch_save size=1048576 fpp=8 iter=0 bytes=537678336 t=0.66s 0.756 GB/s
[b0005 r4] mode=torch_save size=1048576 fpp=8 iter=0 bytes=537678336 t=0.63s 0.790 GB/s
[b0004 r3] mode=torch_save size=1048576 fpp=8 iter=1 bytes=537678336 t=0.60s 0.836 GB/s
[b0010 r9] mode=torch_save size=1048576 fpp=8 iter=1 bytes=537678336 t=0.61s 0.820 GB/s
[b0012 r11] mode=torch_save size=1048576 fpp=8 iter=1 bytes=537678336 t=0.59s 0.848 GB/s
[b0006 r5] mode=torch_save size=1048576 fpp=8 iter=0 bytes=537678336 t=0.95s 0.528 GB/s
[b0011 r10] mode=torch_save size=1048576 fpp=8 iter=2 bytes=537678336 t=0.56s 0.898 GB/s
[b0001 r0] mode=torch_save size=1048576 fpp=8 iter=2 bytes=537678336 t=0.59s 0.854 GB/s
[b0003 r2] mode=torch_save size=1048576 fpp=8 iter=2 bytes=537678336 t=0.59s 0.856 GB/s
[b0002 r1] mode=torch_save size=1048576 fpp=8 iter=2 bytes=537678336 t=0.60s 0.837 GB/s
[b0007 r6] mode=torch_save size=1048576 fpp=8 iter=1 bytes=537678336 t=0.61s 0.823 GB/s
[b0004 r3] mode=torch_save size=1048576 fpp=8 iter=2 bytes=537678336 t=0.61s 0.827 GB/s
[b0008 r7] mode=torch_save size=1048576 fpp=8 iter=1 bytes=537678336 t=0.68s 0.738 GB/s
[b0010 r9] mode=torch_save size=1048576 fpp=8 iter=2 bytes=537678336 t=0.62s 0.809 GB/s
[b0005 r4] mode=torch_save size=1048576 fpp=8 iter=1 bytes=537678336 t=0.63s 0.790 GB/s
[b0012 r11] mode=torch_save size=1048576 fpp=8 iter=2 bytes=537678336 t=0.59s 0.854 GB/s
[b0006 r5] mode=torch_save size=1048576 fpp=8 iter=1 bytes=537678336 t=0.63s 0.789 GB/s
[b0009 r8] mode=torch_save size=1048576 fpp=8 iter=0 bytes=537678336 t=0.66s 0.764 GB/s
[b0007 r6] mode=torch_save size=1048576 fpp=8 iter=2 bytes=537678336 t=0.63s 0.800 GB/s
[b0005 r4] mode=torch_save size=1048576 fpp=8 iter=2 bytes=537678336 t=0.66s 0.762 GB/s
[b0008 r7] mode=torch_save size=1048576 fpp=8 iter=2 bytes=537678336 t=0.70s 0.712 GB/s
[b0006 r5] mode=torch_save size=1048576 fpp=8 iter=2 bytes=537678336 t=0.63s 0.791 GB/s
[b0009 r8] mode=torch_save size=1048576 fpp=8 iter=1 bytes=537678336 t=0.59s 0.845 GB/s
[b0009 r8] mode=torch_save size=1048576 fpp=8 iter=2 bytes=537678336 t=0.58s 0.867 GB/s
[b0011 r10] mode=dcp size=1048576 fpp=8 iter=0 bytes=538154416 t=0.74s 0.680 GB/s
[b0001 r0] mode=dcp size=1048576 fpp=8 iter=0 bytes=538153904 t=0.74s 0.673 GB/s
[b0002 r1] mode=dcp size=1048576 fpp=8 iter=0 bytes=538153904 t=0.75s 0.669 GB/s
[b0003 r2] mode=dcp size=1048576 fpp=8 iter=0 bytes=538153904 t=0.76s 0.659 GB/s
[b0004 r3] mode=dcp size=1048576 fpp=8 iter=0 bytes=538153392 t=0.71s 0.704 GB/s
[b0010 r9] mode=dcp size=1048576 fpp=8 iter=0 bytes=538153904 t=0.78s 0.646 GB/s
[b0012 r11] mode=dcp size=1048576 fpp=8 iter=0 bytes=538153904 t=0.73s 0.687 GB/s
[b0007 r6] mode=dcp size=1048576 fpp=8 iter=0 bytes=538153392 t=0.75s 0.666 GB/s
[b0005 r4] mode=dcp size=1048576 fpp=8 iter=0 bytes=538153904 t=0.74s 0.677 GB/s
[b0008 r7] mode=dcp size=1048576 fpp=8 iter=0 bytes=538153904 t=0.77s 0.655 GB/s
[b0006 r5] mode=dcp size=1048576 fpp=8 iter=0 bytes=538153904 t=0.77s 0.653 GB/s
[b0011 r10] mode=dcp size=1048576 fpp=8 iter=1 bytes=538154416 t=0.73s 0.683 GB/s
[b0001 r0] mode=dcp size=1048576 fpp=8 iter=1 bytes=538153904 t=0.73s 0.686 GB/s
[b0002 r1] mode=dcp size=1048576 fpp=8 iter=1 bytes=538153904 t=0.75s 0.672 GB/s
[b0003 r2] mode=dcp size=1048576 fpp=8 iter=1 bytes=538153904 t=0.75s 0.672 GB/s
[b0004 r3] mode=dcp size=1048576 fpp=8 iter=1 bytes=538153392 t=0.75s 0.668 GB/s
[b0010 r9] mode=dcp size=1048576 fpp=8 iter=1 bytes=538153904 t=0.73s 0.690 GB/s
[b0012 r11] mode=dcp size=1048576 fpp=8 iter=1 bytes=538153904 t=0.71s 0.707 GB/s
[b0009 r8] mode=dcp size=1048576 fpp=8 iter=0 bytes=538153904 t=0.75s 0.672 GB/s
[b0007 r6] mode=dcp size=1048576 fpp=8 iter=1 bytes=538153392 t=0.75s 0.665 GB/s
[b0005 r4] mode=dcp size=1048576 fpp=8 iter=1 bytes=538153904 t=0.76s 0.659 GB/s
[b0008 r7] mode=dcp size=1048576 fpp=8 iter=1 bytes=538153904 t=0.74s 0.676 GB/s
[b0006 r5] mode=dcp size=1048576 fpp=8 iter=1 bytes=538153904 t=0.77s 0.652 GB/s
[b0011 r10] mode=dcp size=1048576 fpp=8 iter=2 bytes=538154416 t=0.74s 0.674 GB/s
[b0001 r0] mode=dcp size=1048576 fpp=8 iter=2 bytes=538153904 t=0.77s 0.648 GB/s
[b0002 r1] mode=dcp size=1048576 fpp=8 iter=2 bytes=538153904 t=0.77s 0.651 GB/s
[b0003 r2] mode=dcp size=1048576 fpp=8 iter=2 bytes=538153904 t=0.75s 0.669 GB/s
[b0004 r3] mode=dcp size=1048576 fpp=8 iter=2 bytes=538153392 t=0.77s 0.651 GB/s
[b0010 r9] mode=dcp size=1048576 fpp=8 iter=2 bytes=538153904 t=0.77s 0.650 GB/s
[b0012 r11] mode=dcp size=1048576 fpp=8 iter=2 bytes=538153904 t=0.75s 0.669 GB/s
[b0009 r8] mode=dcp size=1048576 fpp=8 iter=1 bytes=538153904 t=0.90s 0.554 GB/s
[b0007 r6] mode=dcp size=1048576 fpp=8 iter=2 bytes=538153392 t=0.80s 0.627 GB/s
[b0005 r4] mode=dcp size=1048576 fpp=8 iter=2 bytes=538153904 t=0.76s 0.659 GB/s
[b0008 r7] mode=dcp size=1048576 fpp=8 iter=2 bytes=538153904 t=0.97s 0.517 GB/s
[b0006 r5] mode=dcp size=1048576 fpp=8 iter=2 bytes=538153904 t=0.86s 0.585 GB/s
[b0009 r8] mode=dcp size=1048576 fpp=8 iter=2 bytes=538153904 t=0.94s 0.533 GB/s
[b0011 r10] mode=raw size=10485760 fpp=8 iter=0 bytes=5368709120 t=0.82s 6.123 GB/s
[b0001 r0] mode=raw size=10485760 fpp=8 iter=0 bytes=5368709120 t=0.78s 6.380 GB/s
[b0002 r1] mode=raw size=10485760 fpp=8 iter=0 bytes=5368709120 t=0.81s 6.199 GB/s
[b0003 r2] mode=raw size=10485760 fpp=8 iter=0 bytes=5368709120 t=0.83s 6.039 GB/s
[b0010 r9] mode=raw size=10485760 fpp=8 iter=0 bytes=5368709120 t=0.88s 5.705 GB/s
[b0004 r3] mode=raw size=10485760 fpp=8 iter=0 bytes=5368709120 t=0.89s 5.613 GB/s
[b0012 r11] mode=raw size=10485760 fpp=8 iter=0 bytes=5368709120 t=0.81s 6.169 GB/s
[b0011 r10] mode=raw size=10485760 fpp=8 iter=1 bytes=5368709120 t=0.90s 5.534 GB/s
[b0001 r0] mode=raw size=10485760 fpp=8 iter=1 bytes=5368709120 t=0.88s 5.712 GB/s
[b0002 r1] mode=raw size=10485760 fpp=8 iter=1 bytes=5368709120 t=0.87s 5.758 GB/s
[b0003 r2] mode=raw size=10485760 fpp=8 iter=1 bytes=5368709120 t=0.91s 5.516 GB/s
[b0004 r3] mode=raw size=10485760 fpp=8 iter=1 bytes=5368709120 t=0.82s 6.066 GB/s
[b0010 r9] mode=raw size=10485760 fpp=8 iter=1 bytes=5368709120 t=0.94s 5.323 GB/s
[b0012 r11] mode=raw size=10485760 fpp=8 iter=1 bytes=5368709120 t=0.87s 5.743 GB/s
[b0007 r6] mode=raw size=10485760 fpp=8 iter=0 bytes=5368709120 t=0.83s 6.001 GB/s
[b0005 r4] mode=raw size=10485760 fpp=8 iter=0 bytes=5368709120 t=0.85s 5.858 GB/s
[b0008 r7] mode=raw size=10485760 fpp=8 iter=0 bytes=5368709120 t=0.82s 6.080 GB/s
[b0006 r5] mode=raw size=10485760 fpp=8 iter=0 bytes=5368709120 t=0.94s 5.297 GB/s
[b0001 r0] mode=raw size=10485760 fpp=8 iter=2 bytes=5368709120 t=0.90s 5.574 GB/s
[b0011 r10] mode=raw size=10485760 fpp=8 iter=2 bytes=5368709120 t=0.97s 5.156 GB/s
[b0002 r1] mode=raw size=10485760 fpp=8 iter=2 bytes=5368709120 t=0.90s 5.544 GB/s
[b0003 r2] mode=raw size=10485760 fpp=8 iter=2 bytes=5368709120 t=0.89s 5.632 GB/s
[b0004 r3] mode=raw size=10485760 fpp=8 iter=2 bytes=5368709120 t=0.89s 5.589 GB/s
[b0010 r9] mode=raw size=10485760 fpp=8 iter=2 bytes=5368709120 t=0.95s 5.287 GB/s
[b0012 r11] mode=raw size=10485760 fpp=8 iter=2 bytes=5368709120 t=0.93s 5.388 GB/s
[b0005 r4] mode=raw size=10485760 fpp=8 iter=1 bytes=5368709120 t=0.85s 5.884 GB/s
[b0007 r6] mode=raw size=10485760 fpp=8 iter=1 bytes=5368709120 t=0.97s 5.147 GB/s
[b0008 r7] mode=raw size=10485760 fpp=8 iter=1 bytes=5368709120 t=0.82s 6.090 GB/s
[b0006 r5] mode=raw size=10485760 fpp=8 iter=1 bytes=5368709120 t=0.89s 5.624 GB/s
[b0005 r4] mode=raw size=10485760 fpp=8 iter=2 bytes=5368709120 t=0.83s 6.037 GB/s
[b0007 r6] mode=raw size=10485760 fpp=8 iter=2 bytes=5368709120 t=0.92s 5.447 GB/s
[b0008 r7] mode=raw size=10485760 fpp=8 iter=2 bytes=5368709120 t=1.06s 4.704 GB/s
[b0001 r0] mode=torch_save size=10485760 fpp=8 iter=0 bytes=5369516544 t=0.89s 5.623 GB/s
[b0002 r1] mode=torch_save size=10485760 fpp=8 iter=0 bytes=5369516544 t=0.93s 5.378 GB/s
[b0011 r10] mode=torch_save size=10485760 fpp=8 iter=0 bytes=5369516544 t=0.95s 5.246 GB/s
[b0003 r2] mode=torch_save size=10485760 fpp=8 iter=0 bytes=5369516544 t=0.94s 5.339 GB/s
[b0006 r5] mode=raw size=10485760 fpp=8 iter=2 bytes=5368709120 t=0.97s 5.134 GB/s
[b0004 r3] mode=torch_save size=10485760 fpp=8 iter=0 bytes=5369516544 t=0.90s 5.584 GB/s
[b0010 r9] mode=torch_save size=10485760 fpp=8 iter=0 bytes=5369516544 t=0.88s 5.700 GB/s
[b0009 r8] mode=raw size=10485760 fpp=8 iter=0 bytes=5368709120 t=0.91s 5.473 GB/s
[b0012 r11] mode=torch_save size=10485760 fpp=8 iter=0 bytes=5369516544 t=0.86s 5.816 GB/s
[b0001 r0] mode=torch_save size=10485760 fpp=8 iter=1 bytes=5369516544 t=0.90s 5.549 GB/s
[b0002 r1] mode=torch_save size=10485760 fpp=8 iter=1 bytes=5369516544 t=0.94s 5.313 GB/s
[b0003 r2] mode=torch_save size=10485760 fpp=8 iter=1 bytes=5369516544 t=0.93s 5.403 GB/s
[b0011 r10] mode=torch_save size=10485760 fpp=8 iter=1 bytes=5369516544 t=0.96s 5.184 GB/s
[b0004 r3] mode=torch_save size=10485760 fpp=8 iter=1 bytes=5369516544 t=0.87s 5.774 GB/s
[b0010 r9] mode=torch_save size=10485760 fpp=8 iter=1 bytes=5369516544 t=0.95s 5.261 GB/s
[b0012 r11] mode=torch_save size=10485760 fpp=8 iter=1 bytes=5369516544 t=0.91s 5.509 GB/s
[b0009 r8] mode=raw size=10485760 fpp=8 iter=1 bytes=5368709120 t=1.05s 4.774 GB/s
[b0005 r4] mode=torch_save size=10485760 fpp=8 iter=0 bytes=5369516544 t=1.02s 4.921 GB/s
[b0007 r6] mode=torch_save size=10485760 fpp=8 iter=0 bytes=5369516544 t=0.90s 5.584 GB/s
[b0001 r0] mode=torch_save size=10485760 fpp=8 iter=2 bytes=5369516544 t=0.98s 5.120 GB/s
[b0003 r2] mode=torch_save size=10485760 fpp=8 iter=2 bytes=5369516544 t=0.97s 5.132 GB/s
[b0008 r7] mode=torch_save size=10485760 fpp=8 iter=0 bytes=5369516544 t=1.06s 4.732 GB/s
[b0004 r3] mode=torch_save size=10485760 fpp=8 iter=2 bytes=5369516544 t=0.94s 5.345 GB/s
[b0011 r10] mode=torch_save size=10485760 fpp=8 iter=2 bytes=5369516544 t=1.06s 4.739 GB/s
[b0002 r1] mode=torch_save size=10485760 fpp=8 iter=2 bytes=5369516544 t=0.97s 5.180 GB/s
[b0006 r5] mode=torch_save size=10485760 fpp=8 iter=0 bytes=5369516544 t=0.92s 5.462 GB/s
[b0010 r9] mode=torch_save size=10485760 fpp=8 iter=2 bytes=5369516544 t=0.83s 6.001 GB/s
[b0012 r11] mode=torch_save size=10485760 fpp=8 iter=2 bytes=5369516544 t=0.85s 5.872 GB/s
[b0007 r6] mode=torch_save size=10485760 fpp=8 iter=1 bytes=5369516544 t=0.85s 5.850 GB/s
[b0005 r4] mode=torch_save size=10485760 fpp=8 iter=1 bytes=5369516544 t=0.98s 5.103 GB/s
[b0009 r8] mode=raw size=10485760 fpp=8 iter=2 bytes=5368709120 t=0.90s 5.560 GB/s
[b0008 r7] mode=torch_save size=10485760 fpp=8 iter=1 bytes=5369516544 t=0.95s 5.283 GB/s
[b0006 r5] mode=torch_save size=10485760 fpp=8 iter=1 bytes=5369516544 t=1.12s 4.474 GB/s
[b0007 r6] mode=torch_save size=10485760 fpp=8 iter=2 bytes=5369516544 t=0.80s 6.264 GB/s
[b0005 r4] mode=torch_save size=10485760 fpp=8 iter=2 bytes=5369516544 t=0.79s 6.327 GB/s
[b0008 r7] mode=torch_save size=10485760 fpp=8 iter=2 bytes=5369516544 t=0.79s 6.343 GB/s
[b0006 r5] mode=torch_save size=10485760 fpp=8 iter=2 bytes=5369516544 t=0.68s 7.331 GB/s
[b0009 r8] mode=torch_save size=10485760 fpp=8 iter=0 bytes=5369516544 t=0.70s 7.188 GB/s
[b0003 r2] mode=dcp size=10485760 fpp=8 iter=0 bytes=5369992112 t=1.05s 4.783 GB/s
[b0001 r0] mode=dcp size=10485760 fpp=8 iter=0 bytes=5369992112 t=1.07s 4.692 GB/s
[b0004 r3] mode=dcp size=10485760 fpp=8 iter=0 bytes=5369991600 t=1.13s 4.408 GB/s
[b0009 r8] mode=torch_save size=10485760 fpp=8 iter=1 bytes=5369516544 t=0.95s 5.262 GB/s
[b0002 r1] mode=dcp size=10485760 fpp=8 iter=0 bytes=5369992112 t=1.14s 4.404 GB/s
[b0011 r10] mode=dcp size=10485760 fpp=8 iter=0 bytes=5369992624 t=1.12s 4.453 GB/s
[b0010 r9] mode=dcp size=10485760 fpp=8 iter=0 bytes=5369992112 t=1.07s 4.675 GB/s
[b0012 r11] mode=dcp size=10485760 fpp=8 iter=0 bytes=5369992112 t=0.87s 5.741 GB/s
[b0009 r8] mode=torch_save size=10485760 fpp=8 iter=2 bytes=5369516544 t=0.67s 7.420 GB/s
[b0007 r6] mode=dcp size=10485760 fpp=8 iter=0 bytes=5369991600 t=0.98s 5.128 GB/s
[b0005 r4] mode=dcp size=10485760 fpp=8 iter=0 bytes=5369992112 t=1.22s 4.110 GB/s
[b0003 r2] mode=dcp size=10485760 fpp=8 iter=1 bytes=5369992112 t=1.20s 4.183 GB/s
[b0008 r7] mode=dcp size=10485760 fpp=8 iter=0 bytes=5369992112 t=1.22s 4.116 GB/s
[b0004 r3] mode=dcp size=10485760 fpp=8 iter=1 bytes=5369991600 t=1.18s 4.221 GB/s
[b0006 r5] mode=dcp size=10485760 fpp=8 iter=0 bytes=5369992112 t=1.26s 3.968 GB/s
[b0001 r0] mode=dcp size=10485760 fpp=8 iter=1 bytes=5369992112 t=1.17s 4.278 GB/s
[b0002 r1] mode=dcp size=10485760 fpp=8 iter=1 bytes=5369992112 t=1.13s 4.410 GB/s
[b0011 r10] mode=dcp size=10485760 fpp=8 iter=1 bytes=5369992624 t=1.20s 4.168 GB/s
[b0010 r9] mode=dcp size=10485760 fpp=8 iter=1 bytes=5369992112 t=1.00s 5.009 GB/s
[b0012 r11] mode=dcp size=10485760 fpp=8 iter=1 bytes=5369992112 t=0.94s 5.322 GB/s
[b0007 r6] mode=dcp size=10485760 fpp=8 iter=1 bytes=5369991600 t=1.11s 4.514 GB/s
[b0005 r4] mode=dcp size=10485760 fpp=8 iter=1 bytes=5369992112 t=1.39s 3.588 GB/s
[b0009 r8] mode=dcp size=10485760 fpp=8 iter=0 bytes=5369992112 t=1.38s 3.627 GB/s
[b0003 r2] mode=dcp size=10485760 fpp=8 iter=2 bytes=5369992112 t=1.39s 3.586 GB/s
[b0004 r3] mode=dcp size=10485760 fpp=8 iter=2 bytes=5369991600 t=1.34s 3.745 GB/s
[b0008 r7] mode=dcp size=10485760 fpp=8 iter=1 bytes=5369992112 t=1.36s 3.687 GB/s
[b0006 r5] mode=dcp size=10485760 fpp=8 iter=1 bytes=5369992112 t=1.39s 3.594 GB/s
[b0002 r1] mode=dcp size=10485760 fpp=8 iter=2 bytes=5369992112 t=1.28s 3.906 GB/s
[b0011 r10] mode=dcp size=10485760 fpp=8 iter=2 bytes=5369992624 t=1.38s 3.614 GB/s
[b0001 r0] mode=dcp size=10485760 fpp=8 iter=2 bytes=5369992112 t=1.30s 3.861 GB/s
[b0010 r9] mode=dcp size=10485760 fpp=8 iter=2 bytes=5369992112 t=1.03s 4.838 GB/s
[b0012 r11] mode=dcp size=10485760 fpp=8 iter=2 bytes=5369992112 t=0.88s 5.682 GB/s
[b0007 r6] mode=dcp size=10485760 fpp=8 iter=2 bytes=5369991600 t=1.57s 3.193 GB/s
[b0009 r8] mode=dcp size=10485760 fpp=8 iter=1 bytes=5369992112 t=3.27s 1.528 GB/s
[b0005 r4] mode=dcp size=10485760 fpp=8 iter=2 bytes=5369992112 t=3.69s 1.354 GB/s
[b0006 r5] mode=dcp size=10485760 fpp=8 iter=2 bytes=5369992112 t=3.15s 1.588 GB/s
[b0008 r7] mode=dcp size=10485760 fpp=8 iter=2 bytes=5369992112 t=3.03s 1.651 GB/s
[b0004 r3] mode=raw size=104857600 fpp=8 iter=0 bytes=53687091200 t=3.69s 13.567 GB/s
[b0002 r1] mode=raw size=104857600 fpp=8 iter=0 bytes=53687091200 t=5.00s 10.010 GB/s
[b0003 r2] mode=raw size=104857600 fpp=8 iter=0 bytes=53687091200 t=5.93s 8.439 GB/s
[b0010 r9] mode=raw size=104857600 fpp=8 iter=0 bytes=53687091200 t=8.83s 5.664 GB/s
[b0004 r3] mode=raw size=104857600 fpp=8 iter=1 bytes=53687091200 t=6.03s 8.295 GB/s
[b0001 r0] mode=raw size=104857600 fpp=8 iter=0 bytes=53687091200 t=9.83s 5.084 GB/s
[b0011 r10] mode=raw size=104857600 fpp=8 iter=0 bytes=53687091200 t=9.95s 5.025 GB/s
[b0009 r8] mode=dcp size=10485760 fpp=8 iter=2 bytes=5369992112 t=2.48s 2.019 GB/s
[b0002 r1] mode=raw size=104857600 fpp=8 iter=1 bytes=53687091200 t=5.42s 9.222 GB/s
[b0012 r11] mode=raw size=104857600 fpp=8 iter=0 bytes=53687091200 t=7.97s 6.276 GB/s
[b0003 r2] mode=raw size=104857600 fpp=8 iter=1 bytes=53687091200 t=7.59s 6.586 GB/s
[b0010 r9] mode=raw size=104857600 fpp=8 iter=1 bytes=53687091200 t=5.66s 8.841 GB/s
[b0004 r3] mode=raw size=104857600 fpp=8 iter=2 bytes=53687091200 t=5.10s 9.807 GB/s
[b0001 r0] mode=raw size=104857600 fpp=8 iter=1 bytes=53687091200 t=7.10s 7.046 GB/s
[b0002 r1] mode=raw size=104857600 fpp=8 iter=2 bytes=53687091200 t=6.84s 7.310 GB/s
[b0008 r7] mode=raw size=104857600 fpp=8 iter=0 bytes=53687091200 t=7.53s 6.643 GB/s
[b0011 r10] mode=raw size=104857600 fpp=8 iter=1 bytes=53687091200 t=8.70s 5.747 GB/s
[b0007 r6] mode=raw size=104857600 fpp=8 iter=0 bytes=53687091200 t=9.73s 5.140 GB/s
[b0005 r4] mode=raw size=104857600 fpp=8 iter=0 bytes=53687091200 t=10.14s 4.930 GB/s
[b0006 r5] mode=raw size=104857600 fpp=8 iter=0 bytes=53687091200 t=8.63s 5.796 GB/s
[b0012 r11] mode=raw size=104857600 fpp=8 iter=1 bytes=53687091200 t=9.64s 5.186 GB/s
[b0003 r2] mode=raw size=104857600 fpp=8 iter=2 bytes=53687091200 t=9.76s 5.124 GB/s
[b0010 r9] mode=raw size=104857600 fpp=8 iter=2 bytes=53687091200 t=8.03s 6.223 GB/s
[b0008 r7] mode=raw size=104857600 fpp=8 iter=1 bytes=53687091200 t=6.58s 7.597 GB/s
[b0001 r0] mode=raw size=104857600 fpp=8 iter=2 bytes=53687091200 t=8.58s 5.828 GB/s
[b0004 r3] mode=torch_save size=104857600 fpp=8 iter=0 bytes=53687898624 t=5.03s 9.934 GB/s
[b0011 r10] mode=raw size=104857600 fpp=8 iter=2 bytes=53687091200 t=10.41s 4.802 GB/s
[b0005 r4] mode=raw size=104857600 fpp=8 iter=1 bytes=53687091200 t=9.56s 5.230 GB/s
[b0006 r5] mode=raw size=104857600 fpp=8 iter=1 bytes=53687091200 t=9.46s 5.285 GB/s
[b0007 r6] mode=raw size=104857600 fpp=8 iter=1 bytes=53687091200 t=10.61s 4.714 GB/s
[b0002 r1] mode=torch_save size=104857600 fpp=8 iter=0 bytes=53687898624 t=6.58s 7.598 GB/s
[b0008 r7] mode=raw size=104857600 fpp=8 iter=2 bytes=53687091200 t=6.40s 7.815 GB/s
[b0004 r3] mode=torch_save size=104857600 fpp=8 iter=1 bytes=53687898624 t=4.71s 10.623 GB/s
[b0009 r8] mode=raw size=104857600 fpp=8 iter=0 bytes=53687091200 t=8.90s 5.621 GB/s
[b0012 r11] mode=raw size=104857600 fpp=8 iter=2 bytes=53687091200 t=11.37s 4.397 GB/s
[b0002 r1] mode=torch_save size=104857600 fpp=8 iter=1 bytes=53687898624 t=6.17s 8.098 GB/s
[b0006 r5] mode=raw size=104857600 fpp=8 iter=2 bytes=53687091200 t=8.66s 5.771 GB/s
[b0004 r3] mode=torch_save size=104857600 fpp=8 iter=2 bytes=53687898624 t=5.90s 8.479 GB/s
[b0005 r4] mode=raw size=104857600 fpp=8 iter=2 bytes=53687091200 t=9.74s 5.135 GB/s
[b0007 r6] mode=raw size=104857600 fpp=8 iter=2 bytes=53687091200 t=9.77s 5.119 GB/s
[b0003 r2] mode=torch_save size=104857600 fpp=8 iter=0 bytes=53687898624 t=8.51s 5.877 GB/s
[b0009 r8] mode=raw size=104857600 fpp=8 iter=1 bytes=53687091200 t=6.37s 7.847 GB/s
[b0001 r0] mode=torch_save size=104857600 fpp=8 iter=0 bytes=53687898624 t=6.31s 7.923 GB/s
[b0010 r9] mode=torch_save size=104857600 fpp=8 iter=0 bytes=53687898624 t=7.41s 6.750 GB/s
[b0002 r1] mode=torch_save size=104857600 fpp=8 iter=2 bytes=53687898624 t=5.41s 9.250 GB/s
[b0008 r7] mode=torch_save size=104857600 fpp=8 iter=0 bytes=53687898624 t=5.71s 8.762 GB/s
[b0011 r10] mode=torch_save size=104857600 fpp=8 iter=0 bytes=53687898624 t=10.11s 4.947 GB/s
[b0001 r0] mode=torch_save size=104857600 fpp=8 iter=1 bytes=53687898624 t=7.06s 7.081 GB/s
[b0008 r7] mode=torch_save size=104857600 fpp=8 iter=1 bytes=53687898624 t=4.57s 10.942 GB/s
[b0009 r8] mode=raw size=104857600 fpp=8 iter=2 bytes=53687091200 t=7.16s 6.987 GB/s
[b0003 r2] mode=torch_save size=104857600 fpp=8 iter=1 bytes=53687898624 t=8.11s 6.167 GB/s
[b0010 r9] mode=torch_save size=104857600 fpp=8 iter=1 bytes=53687898624 t=8.22s 6.082 GB/s
[b0006 r5] mode=torch_save size=104857600 fpp=8 iter=0 bytes=53687898624 t=4.54s 11.016 GB/s
[b0005 r4] mode=torch_save size=104857600 fpp=8 iter=0 bytes=53687898624 t=4.24s 11.797 GB/s
[b0012 r11] mode=torch_save size=104857600 fpp=8 iter=0 bytes=53687898624 t=6.32s 7.917 GB/s
[b0007 r6] mode=torch_save size=104857600 fpp=8 iter=0 bytes=53687898624 t=7.32s 6.834 GB/s
[b0011 r10] mode=torch_save size=104857600 fpp=8 iter=1 bytes=53687898624 t=8.53s 5.865 GB/s
[b0004 r3] mode=dcp size=104857600 fpp=8 iter=0 bytes=53688373680 t=6.44s 7.764 GB/s
[b0001 r0] mode=torch_save size=104857600 fpp=8 iter=2 bytes=53687898624 t=7.88s 6.345 GB/s
[b0008 r7] mode=torch_save size=104857600 fpp=8 iter=2 bytes=53687898624 t=6.62s 7.558 GB/s
[b0010 r9] mode=torch_save size=104857600 fpp=8 iter=2 bytes=53687898624 t=8.11s 6.164 GB/s
[b0003 r2] mode=torch_save size=104857600 fpp=8 iter=2 bytes=53687898624 t=8.69s 5.751 GB/s
[b0005 r4] mode=torch_save size=104857600 fpp=8 iter=1 bytes=53687898624 t=4.97s 10.052 GB/s
[b0006 r5] mode=torch_save size=104857600 fpp=8 iter=1 bytes=53687898624 t=6.56s 7.618 GB/s
[b0012 r11] mode=torch_save size=104857600 fpp=8 iter=1 bytes=53687898624 t=6.64s 7.525 GB/s
[b0007 r6] mode=torch_save size=104857600 fpp=8 iter=1 bytes=53687898624 t=6.87s 7.280 GB/s
[b0002 r1] mode=dcp size=104857600 fpp=8 iter=0 bytes=53688374192 t=7.17s 6.976 GB/s
[b0011 r10] mode=torch_save size=104857600 fpp=8 iter=2 bytes=53687898624 t=7.39s 6.765 GB/s
[b0005 r4] mode=torch_save size=104857600 fpp=8 iter=2 bytes=53687898624 t=6.19s 8.074 GB/s
[b0006 r5] mode=torch_save size=104857600 fpp=8 iter=2 bytes=53687898624 t=5.64s 8.858 GB/s
[b0009 r8] mode=torch_save size=104857600 fpp=8 iter=0 bytes=53687898624 t=9.17s 5.451 GB/s
[b0007 r6] mode=torch_save size=104857600 fpp=8 iter=2 bytes=53687898624 t=3.68s 13.575 GB/s
[b0012 r11] mode=torch_save size=104857600 fpp=8 iter=2 bytes=53687898624 t=3.53s 14.151 GB/s
[b0004 r3] mode=dcp size=104857600 fpp=8 iter=1 bytes=53688373680 t=3.63s 13.786 GB/s
[b0009 r8] mode=torch_save size=104857600 fpp=8 iter=1 bytes=53687898624 t=5.58s 8.959 GB/s
[b0002 r1] mode=dcp size=104857600 fpp=8 iter=1 bytes=53688374192 t=5.04s 9.912 GB/s
[b0001 r0] mode=dcp size=104857600 fpp=8 iter=0 bytes=53688374192 t=4.27s 11.720 GB/s
[b0010 r9] mode=dcp size=104857600 fpp=8 iter=0 bytes=53688374192 t=3.99s 12.544 GB/s
[b0008 r7] mode=dcp size=104857600 fpp=8 iter=0 bytes=53688374192 t=3.75s 13.327 GB/s
[b0009 r8] mode=torch_save size=104857600 fpp=8 iter=2 bytes=53687898624 t=3.00s 16.643 GB/s
[b0003 r2] mode=dcp size=104857600 fpp=8 iter=0 bytes=53688374192 t=3.31s 15.099 GB/s
[b0004 r3] mode=dcp size=104857600 fpp=8 iter=2 bytes=53688373680 t=3.69s 13.550 GB/s
[b0005 r4] mode=dcp size=104857600 fpp=8 iter=0 bytes=53688374192 t=5.98s 8.365 GB/s
[b0011 r10] mode=dcp size=104857600 fpp=8 iter=0 bytes=53688374704 t=7.83s 6.382 GB/s
[b0006 r5] mode=dcp size=104857600 fpp=8 iter=0 bytes=53688374192 t=6.35s 7.879 GB/s
[b0002 r1] mode=dcp size=104857600 fpp=8 iter=2 bytes=53688374192 t=6.32s 7.907 GB/s
[b0007 r6] mode=dcp size=104857600 fpp=8 iter=0 bytes=53688373680 t=7.07s 7.072 GB/s
[b0012 r11] mode=dcp size=104857600 fpp=8 iter=0 bytes=53688374192 t=6.44s 7.770 GB/s
[b0001 r0] mode=dcp size=104857600 fpp=8 iter=1 bytes=53688374192 t=5.77s 8.670 GB/s
[b0010 r9] mode=dcp size=104857600 fpp=8 iter=1 bytes=53688374192 t=4.41s 11.332 GB/s
[b0008 r7] mode=dcp size=104857600 fpp=8 iter=1 bytes=53688374192 t=4.13s 12.100 GB/s
[b0003 r2] mode=dcp size=104857600 fpp=8 iter=1 bytes=53688374192 t=2.77s 18.026 GB/s
[b0009 r8] mode=dcp size=104857600 fpp=8 iter=0 bytes=53688374192 t=6.05s 8.265 GB/s
[b0005 r4] mode=dcp size=104857600 fpp=8 iter=1 bytes=53688374192 t=6.45s 7.757 GB/s
[b0011 r10] mode=dcp size=104857600 fpp=8 iter=1 bytes=53688374704 t=7.52s 6.653 GB/s
[b0001 r0] mode=dcp size=104857600 fpp=8 iter=2 bytes=53688374192 t=7.03s 7.111 GB/s
[b0007 r6] mode=dcp size=104857600 fpp=8 iter=1 bytes=53688373680 t=7.60s 6.579 GB/s
[b0006 r5] mode=dcp size=104857600 fpp=8 iter=1 bytes=53688374192 t=7.04s 7.098 GB/s
[b0012 r11] mode=dcp size=104857600 fpp=8 iter=1 bytes=53688374192 t=7.47s 6.695 GB/s
[b0010 r9] mode=dcp size=104857600 fpp=8 iter=2 bytes=53688374192 t=5.74s 8.717 GB/s
[b0008 r7] mode=dcp size=104857600 fpp=8 iter=2 bytes=53688374192 t=3.44s 14.533 GB/s
[b0003 r2] mode=dcp size=104857600 fpp=8 iter=2 bytes=53688374192 t=2.73s 18.320 GB/s
[b0009 r8] mode=dcp size=104857600 fpp=8 iter=1 bytes=53688374192 t=3.67s 13.609 GB/s
[b0005 r4] mode=dcp size=104857600 fpp=8 iter=2 bytes=53688374192 t=4.74s 10.541 GB/s
[b0007 r6] mode=dcp size=104857600 fpp=8 iter=2 bytes=53688373680 t=4.98s 10.034 GB/s
[b0011 r10] mode=dcp size=104857600 fpp=8 iter=2 bytes=53688374704 t=5.69s 8.788 GB/s
[b0006 r5] mode=dcp size=104857600 fpp=8 iter=2 bytes=53688374192 t=4.37s 11.454 GB/s
[b0012 r11] mode=dcp size=104857600 fpp=8 iter=2 bytes=53688374192 t=5.67s 8.821 GB/s
[b0009 r8] mode=dcp size=104857600 fpp=8 iter=2 bytes=53688374192 t=2.71s 18.454 GB/s
Done. Results: results/12node_64cpu_b200-batch_26101/all.csv
