=== Wed May 20 17:33:38 EDT 2026 mode=write nodes=4 npernode=96 ===
[a0002 r0] base=/work/mit/datasets/test/writebench.a0002.0.2623196.84e4b3ad
[a0003 r1] base=/work/mit/datasets/test/writebench.a0003.1.843401.8251b56d
[a0005 r3] base=/work/mit/datasets/test/writebench.a0005.3.1290593.d0164fbd
[a0004 r2] base=/work/mit/datasets/test/writebench.a0004.2.154342.7db3a147
[a0005 r3] mode=raw size=102400 fpp=8 iter=0 bytes=78643200 t=0.93s 0.079 GB/s
[a0004 r2] mode=raw size=102400 fpp=8 iter=0 bytes=78643200 t=0.96s 0.076 GB/s
[a0002 r0] mode=raw size=102400 fpp=8 iter=0 bytes=78643200 t=1.02s 0.072 GB/s
[a0003 r1] mode=raw size=102400 fpp=8 iter=0 bytes=78643200 t=1.00s 0.073 GB/s
[a0005 r3] mode=raw size=102400 fpp=8 iter=1 bytes=78643200 t=0.95s 0.077 GB/s
[a0004 r2] mode=raw size=102400 fpp=8 iter=1 bytes=78643200 t=0.94s 0.078 GB/s
[a0002 r0] mode=raw size=102400 fpp=8 iter=1 bytes=78643200 t=0.97s 0.076 GB/s
[a0003 r1] mode=raw size=102400 fpp=8 iter=1 bytes=78643200 t=0.98s 0.074 GB/s
[a0005 r3] mode=raw size=102400 fpp=8 iter=2 bytes=78643200 t=0.92s 0.080 GB/s
[a0004 r2] mode=raw size=102400 fpp=8 iter=2 bytes=78643200 t=0.94s 0.078 GB/s
[a0002 r0] mode=raw size=102400 fpp=8 iter=2 bytes=78643200 t=0.99s 0.074 GB/s
[a0003 r1] mode=raw size=102400 fpp=8 iter=2 bytes=78643200 t=1.01s 0.073 GB/s
[a0005 r3] mode=torch_save size=102400 fpp=8 iter=0 bytes=79854336 t=0.90s 0.082 GB/s
[a0004 r2] mode=torch_save size=102400 fpp=8 iter=0 bytes=79854336 t=0.96s 0.078 GB/s
[a0002 r0] mode=torch_save size=102400 fpp=8 iter=0 bytes=79854336 t=1.04s 0.072 GB/s
[a0003 r1] mode=torch_save size=102400 fpp=8 iter=0 bytes=79854336 t=0.98s 0.076 GB/s
[a0005 r3] mode=torch_save size=102400 fpp=8 iter=1 bytes=79854336 t=0.92s 0.081 GB/s
[a0004 r2] mode=torch_save size=102400 fpp=8 iter=1 bytes=79854336 t=0.92s 0.081 GB/s
[a0002 r0] mode=torch_save size=102400 fpp=8 iter=1 bytes=79854336 t=0.95s 0.078 GB/s
[a0003 r1] mode=torch_save size=102400 fpp=8 iter=1 bytes=79854336 t=0.97s 0.077 GB/s
[a0005 r3] mode=torch_save size=102400 fpp=8 iter=2 bytes=79854336 t=0.91s 0.082 GB/s
[a0004 r2] mode=torch_save size=102400 fpp=8 iter=2 bytes=79854336 t=0.91s 0.082 GB/s
[a0002 r0] mode=torch_save size=102400 fpp=8 iter=2 bytes=79854336 t=0.96s 0.078 GB/s
[a0003 r1] mode=torch_save size=102400 fpp=8 iter=2 bytes=79854336 t=1.02s 0.073 GB/s
[a0005 r3] mode=dcp size=102400 fpp=8 iter=0 bytes=80564656 t=0.96s 0.078 GB/s
[a0004 r2] mode=dcp size=102400 fpp=8 iter=0 bytes=80563888 t=0.98s 0.076 GB/s
[a0002 r0] mode=dcp size=102400 fpp=8 iter=0 bytes=80564656 t=1.01s 0.074 GB/s
[a0003 r1] mode=dcp size=102400 fpp=8 iter=0 bytes=80563888 t=1.00s 0.075 GB/s
[a0005 r3] mode=dcp size=102400 fpp=8 iter=1 bytes=80564656 t=0.96s 0.078 GB/s
[a0004 r2] mode=dcp size=102400 fpp=8 iter=1 bytes=80563888 t=0.99s 0.076 GB/s
[a0002 r0] mode=dcp size=102400 fpp=8 iter=1 bytes=80564656 t=0.98s 0.076 GB/s
[a0003 r1] mode=dcp size=102400 fpp=8 iter=1 bytes=80563888 t=1.14s 0.066 GB/s
[a0005 r3] mode=dcp size=102400 fpp=8 iter=2 bytes=80564656 t=1.00s 0.075 GB/s
[a0004 r2] mode=dcp size=102400 fpp=8 iter=2 bytes=80563888 t=1.03s 0.073 GB/s
[a0002 r0] mode=dcp size=102400 fpp=8 iter=2 bytes=80564656 t=1.07s 0.070 GB/s
[a0003 r1] mode=dcp size=102400 fpp=8 iter=2 bytes=80563888 t=1.06s 0.071 GB/s
[a0005 r3] mode=raw size=1048576 fpp=8 iter=0 bytes=805306368 t=0.77s 0.976 GB/s
[a0004 r2] mode=raw size=1048576 fpp=8 iter=0 bytes=805306368 t=0.79s 0.947 GB/s
[a0002 r0] mode=raw size=1048576 fpp=8 iter=0 bytes=805306368 t=0.81s 0.925 GB/s
[a0005 r3] mode=raw size=1048576 fpp=8 iter=1 bytes=805306368 t=0.78s 0.959 GB/s
[a0003 r1] mode=raw size=1048576 fpp=8 iter=0 bytes=805306368 t=0.86s 0.875 GB/s
[a0004 r2] mode=raw size=1048576 fpp=8 iter=1 bytes=805306368 t=0.77s 0.969 GB/s
[a0002 r0] mode=raw size=1048576 fpp=8 iter=1 bytes=805306368 t=0.83s 0.900 GB/s
[a0005 r3] mode=raw size=1048576 fpp=8 iter=2 bytes=805306368 t=0.81s 0.931 GB/s
[a0003 r1] mode=raw size=1048576 fpp=8 iter=1 bytes=805306368 t=0.92s 0.815 GB/s
[a0004 r2] mode=raw size=1048576 fpp=8 iter=2 bytes=805306368 t=0.85s 0.879 GB/s
[a0002 r0] mode=raw size=1048576 fpp=8 iter=2 bytes=805306368 t=0.83s 0.908 GB/s
[a0003 r1] mode=raw size=1048576 fpp=8 iter=2 bytes=805306368 t=0.88s 0.848 GB/s
[a0005 r3] mode=torch_save size=1048576 fpp=8 iter=0 bytes=806517504 t=0.79s 0.945 GB/s
[a0004 r2] mode=torch_save size=1048576 fpp=8 iter=0 bytes=806517504 t=0.81s 0.924 GB/s
[a0005 r3] mode=torch_save size=1048576 fpp=8 iter=1 bytes=806517504 t=0.77s 0.971 GB/s
[a0002 r0] mode=torch_save size=1048576 fpp=8 iter=0 bytes=806517504 t=0.84s 0.893 GB/s
[a0004 r2] mode=torch_save size=1048576 fpp=8 iter=1 bytes=806517504 t=0.78s 0.957 GB/s
[a0003 r1] mode=torch_save size=1048576 fpp=8 iter=0 bytes=806517504 t=0.86s 0.874 GB/s
[a0005 r3] mode=torch_save size=1048576 fpp=8 iter=2 bytes=806517504 t=0.80s 0.938 GB/s
[a0002 r0] mode=torch_save size=1048576 fpp=8 iter=1 bytes=806517504 t=0.85s 0.886 GB/s
[a0004 r2] mode=torch_save size=1048576 fpp=8 iter=2 bytes=806517504 t=0.79s 0.951 GB/s
[a0003 r1] mode=torch_save size=1048576 fpp=8 iter=1 bytes=806517504 t=0.84s 0.896 GB/s
[a0002 r0] mode=torch_save size=1048576 fpp=8 iter=2 bytes=806517504 t=0.86s 0.869 GB/s
[a0003 r1] mode=torch_save size=1048576 fpp=8 iter=2 bytes=806517504 t=0.85s 0.881 GB/s
[a0005 r3] mode=dcp size=1048576 fpp=8 iter=0 bytes=807230896 t=1.19s 0.634 GB/s
[a0004 r2] mode=dcp size=1048576 fpp=8 iter=0 bytes=807230128 t=1.07s 0.703 GB/s
[a0002 r0] mode=dcp size=1048576 fpp=8 iter=0 bytes=807230896 t=1.02s 0.738 GB/s
[a0003 r1] mode=dcp size=1048576 fpp=8 iter=0 bytes=807230128 t=1.05s 0.714 GB/s
[a0005 r3] mode=dcp size=1048576 fpp=8 iter=1 bytes=807230896 t=1.07s 0.706 GB/s
[a0004 r2] mode=dcp size=1048576 fpp=8 iter=1 bytes=807230128 t=1.03s 0.732 GB/s
[a0002 r0] mode=dcp size=1048576 fpp=8 iter=1 bytes=807230896 t=1.06s 0.707 GB/s
[a0003 r1] mode=dcp size=1048576 fpp=8 iter=1 bytes=807230128 t=1.15s 0.651 GB/s
[a0005 r3] mode=dcp size=1048576 fpp=8 iter=2 bytes=807230896 t=1.02s 0.735 GB/s
[a0004 r2] mode=dcp size=1048576 fpp=8 iter=2 bytes=807230128 t=0.99s 0.757 GB/s
[a0002 r0] mode=dcp size=1048576 fpp=8 iter=2 bytes=807230896 t=1.01s 0.743 GB/s
[a0003 r1] mode=dcp size=1048576 fpp=8 iter=2 bytes=807230128 t=1.07s 0.702 GB/s
[a0005 r3] mode=raw size=10485760 fpp=8 iter=0 bytes=8053063680 t=1.48s 5.066 GB/s
[a0004 r2] mode=raw size=10485760 fpp=8 iter=0 bytes=8053063680 t=1.44s 5.209 GB/s
[a0005 r3] mode=raw size=10485760 fpp=8 iter=1 bytes=8053063680 t=1.15s 6.532 GB/s
[a0002 r0] mode=raw size=10485760 fpp=8 iter=0 bytes=8053063680 t=1.16s 6.453 GB/s
[a0004 r2] mode=raw size=10485760 fpp=8 iter=1 bytes=8053063680 t=1.13s 6.643 GB/s
[a0003 r1] mode=raw size=10485760 fpp=8 iter=0 bytes=8053063680 t=1.09s 6.892 GB/s
[a0005 r3] mode=raw size=10485760 fpp=8 iter=2 bytes=8053063680 t=1.25s 6.005 GB/s
[a0002 r0] mode=raw size=10485760 fpp=8 iter=1 bytes=8053063680 t=1.24s 6.065 GB/s
[a0004 r2] mode=raw size=10485760 fpp=8 iter=2 bytes=8053063680 t=1.18s 6.362 GB/s
[a0003 r1] mode=raw size=10485760 fpp=8 iter=1 bytes=8053063680 t=1.04s 7.203 GB/s
[a0002 r0] mode=raw size=10485760 fpp=8 iter=2 bytes=8053063680 t=1.29s 5.819 GB/s
[a0003 r1] mode=raw size=10485760 fpp=8 iter=2 bytes=8053063680 t=1.06s 7.100 GB/s
[a0005 r3] mode=torch_save size=10485760 fpp=8 iter=0 bytes=8054274816 t=1.17s 6.438 GB/s
[a0004 r2] mode=torch_save size=10485760 fpp=8 iter=0 bytes=8054274816 t=1.19s 6.310 GB/s
[a0005 r3] mode=torch_save size=10485760 fpp=8 iter=1 bytes=8054274816 t=1.22s 6.130 GB/s
[a0004 r2] mode=torch_save size=10485760 fpp=8 iter=1 bytes=8054274816 t=1.17s 6.415 GB/s
[a0002 r0] mode=torch_save size=10485760 fpp=8 iter=0 bytes=8054274816 t=1.17s 6.411 GB/s
[a0003 r1] mode=torch_save size=10485760 fpp=8 iter=0 bytes=8054274816 t=1.38s 5.453 GB/s
[a0005 r3] mode=torch_save size=10485760 fpp=8 iter=2 bytes=8054274816 t=1.31s 5.730 GB/s
[a0004 r2] mode=torch_save size=10485760 fpp=8 iter=2 bytes=8054274816 t=1.19s 6.315 GB/s
[a0002 r0] mode=torch_save size=10485760 fpp=8 iter=1 bytes=8054274816 t=1.32s 5.698 GB/s
[a0003 r1] mode=torch_save size=10485760 fpp=8 iter=1 bytes=8054274816 t=1.18s 6.348 GB/s
[a0002 r0] mode=torch_save size=10485760 fpp=8 iter=2 bytes=8054274816 t=1.48s 5.082 GB/s
[a0003 r1] mode=torch_save size=10485760 fpp=8 iter=2 bytes=8054274816 t=1.09s 6.875 GB/s
[a0005 r3] mode=dcp size=10485760 fpp=8 iter=0 bytes=8054988208 t=1.50s 4.999 GB/s
[a0004 r2] mode=dcp size=10485760 fpp=8 iter=0 bytes=8054987440 t=1.37s 5.474 GB/s
[a0002 r0] mode=dcp size=10485760 fpp=8 iter=0 bytes=8054988208 t=1.45s 5.156 GB/s
[a0003 r1] mode=dcp size=10485760 fpp=8 iter=0 bytes=8054987440 t=1.40s 5.347 GB/s
[a0005 r3] mode=dcp size=10485760 fpp=8 iter=1 bytes=8054988208 t=1.41s 5.313 GB/s
[a0004 r2] mode=dcp size=10485760 fpp=8 iter=1 bytes=8054987440 t=1.49s 5.035 GB/s
[a0002 r0] mode=dcp size=10485760 fpp=8 iter=1 bytes=8054988208 t=1.45s 5.162 GB/s
[a0003 r1] mode=dcp size=10485760 fpp=8 iter=1 bytes=8054987440 t=1.53s 4.891 GB/s
[a0005 r3] mode=dcp size=10485760 fpp=8 iter=2 bytes=8054988208 t=1.47s 5.105 GB/s
[a0004 r2] mode=dcp size=10485760 fpp=8 iter=2 bytes=8054987440 t=1.39s 5.381 GB/s
[a0002 r0] mode=dcp size=10485760 fpp=8 iter=2 bytes=8054988208 t=1.46s 5.133 GB/s
[a0003 r1] mode=dcp size=10485760 fpp=8 iter=2 bytes=8054987440 t=1.59s 4.729 GB/s
[a0005 r3] mode=raw size=104857600 fpp=8 iter=0 bytes=80530636800 t=3.95s 18.997 GB/s
[a0004 r2] mode=raw size=104857600 fpp=8 iter=0 bytes=80530636800 t=3.77s 19.888 GB/s
[a0005 r3] mode=raw size=104857600 fpp=8 iter=1 bytes=80530636800 t=4.18s 17.954 GB/s
[a0004 r2] mode=raw size=104857600 fpp=8 iter=1 bytes=80530636800 t=4.15s 18.084 GB/s
[a0002 r0] mode=raw size=104857600 fpp=8 iter=0 bytes=80530636800 t=3.84s 19.548 GB/s
[a0003 r1] mode=raw size=104857600 fpp=8 iter=0 bytes=80530636800 t=4.61s 16.262 GB/s
[a0005 r3] mode=raw size=104857600 fpp=8 iter=2 bytes=80530636800 t=3.88s 19.329 GB/s
[a0004 r2] mode=raw size=104857600 fpp=8 iter=2 bytes=80530636800 t=3.99s 18.788 GB/s
[a0002 r0] mode=raw size=104857600 fpp=8 iter=1 bytes=80530636800 t=5.10s 14.719 GB/s
[a0003 r1] mode=raw size=104857600 fpp=8 iter=1 bytes=80530636800 t=5.50s 13.633 GB/s
[a0005 r3] mode=torch_save size=104857600 fpp=8 iter=0 bytes=80531847936 t=5.24s 14.322 GB/s
[a0002 r0] mode=raw size=104857600 fpp=8 iter=2 bytes=80530636800 t=6.05s 12.406 GB/s
[a0003 r1] mode=raw size=104857600 fpp=8 iter=2 bytes=80530636800 t=6.00s 12.496 GB/s
[a0004 r2] mode=torch_save size=104857600 fpp=8 iter=0 bytes=80531847936 t=5.46s 13.744 GB/s
[a0005 r3] mode=torch_save size=104857600 fpp=8 iter=1 bytes=80531847936 t=5.09s 14.727 GB/s
[a0004 r2] mode=torch_save size=104857600 fpp=8 iter=1 bytes=80531847936 t=5.33s 14.076 GB/s
[a0004 r2] mode=torch_save size=104857600 fpp=8 iter=2 bytes=80531847936 t=5.23s 14.341 GB/s
[a0005 r3] mode=torch_save size=104857600 fpp=8 iter=2 bytes=80531847936 t=5.80s 12.933 GB/s
[a0002 r0] mode=torch_save size=104857600 fpp=8 iter=0 bytes=80531847936 t=5.50s 13.649 GB/s
[a0003 r1] mode=torch_save size=104857600 fpp=8 iter=0 bytes=80531847936 t=6.19s 12.125 GB/s
[a0002 r0] mode=torch_save size=104857600 fpp=8 iter=1 bytes=80531847936 t=5.16s 14.539 GB/s
[a0003 r1] mode=torch_save size=104857600 fpp=8 iter=1 bytes=80531847936 t=4.26s 17.600 GB/s
[a0002 r0] mode=torch_save size=104857600 fpp=8 iter=2 bytes=80531847936 t=3.69s 20.329 GB/s
[a0003 r1] mode=torch_save size=104857600 fpp=8 iter=2 bytes=80531847936 t=3.63s 20.670 GB/s
[a0005 r3] mode=dcp size=104857600 fpp=8 iter=0 bytes=80532561328 t=5.43s 13.807 GB/s
[a0004 r2] mode=dcp size=104857600 fpp=8 iter=0 bytes=80532560560 t=5.82s 12.876 GB/s
[a0002 r0] mode=dcp size=104857600 fpp=8 iter=0 bytes=80532561328 t=6.11s 12.269 GB/s
[a0005 r3] mode=dcp size=104857600 fpp=8 iter=1 bytes=80532561328 t=5.31s 14.136 GB/s
[a0004 r2] mode=dcp size=104857600 fpp=8 iter=1 bytes=80532560560 t=5.69s 13.175 GB/s
[a0003 r1] mode=dcp size=104857600 fpp=8 iter=0 bytes=80532560560 t=5.65s 13.278 GB/s
[a0002 r0] mode=dcp size=104857600 fpp=8 iter=1 bytes=80532561328 t=6.61s 11.354 GB/s
[a0005 r3] mode=dcp size=104857600 fpp=8 iter=2 bytes=80532561328 t=5.56s 13.488 GB/s
[a0003 r1] mode=dcp size=104857600 fpp=8 iter=1 bytes=80532560560 t=5.37s 13.971 GB/s
[a0004 r2] mode=dcp size=104857600 fpp=8 iter=2 bytes=80532560560 t=5.44s 13.789 GB/s
[a0002 r0] mode=dcp size=104857600 fpp=8 iter=2 bytes=80532561328 t=4.35s 17.226 GB/s
[a0003 r1] mode=dcp size=104857600 fpp=8 iter=2 bytes=80532560560 t=4.05s 18.519 GB/s
Done. Results: results/4node_96cpu_rtx-batch_26073/all.csv
