=== Wed May 20 19:24:51 EDT 2026 mode=write nodes=16 npernode=96 ===
[a0002 r0] base=/work/mit/datasets/test/writebench.a0002.0.2633510.e6a47207
[a0009 r7] base=/work/mit/datasets/test/writebench.a0009.7.1110831.dd8c29a0
[a0003 r1] base=/work/mit/datasets/test/writebench.a0003.1.853303.5f53f4cd
[a0011 r9] base=/work/mit/datasets/test/writebench.a0011.9.473067.525d864b
[a0012 r10] base=/work/mit/datasets/test/writebench.a0012.10.393445.4177f633
[a0013 r11] base=/work/mit/datasets/test/writebench.a0013.11.504373.273ae28f
[a0007 r5] base=/work/mit/datasets/test/writebench.a0007.5.723608.b24b31fd
[a0006 r4] base=/work/mit/datasets/test/writebench.a0006.4.503692.916caed7
[a0015 r13] base=/work/mit/datasets/test/writebench.a0015.13.396208.dc3d2c8d
[a0005 r3] base=/work/mit/datasets/test/writebench.a0005.3.1300736.a90250a5
[a0008 r6] base=/work/mit/datasets/test/writebench.a0008.6.735420.c41e507a
[a0014 r12] base=/work/mit/datasets/test/writebench.a0014.12.487273.c3889e87
[a0010 r8] base=/work/mit/datasets/test/writebench.a0010.8.898815.23961519
[a0004 r2] base=/work/mit/datasets/test/writebench.a0004.2.164214.6817ac94
[a0016 r14] base=/work/mit/datasets/test/writebench.a0016.14.328012.25e5a6e4
[a0017 r15] base=/work/mit/datasets/test/writebench.a0017.15.73722.f64dddc6
[a0015 r13] mode=raw size=102400 fpp=8 iter=0 bytes=78643200 t=0.93s 0.078 GB/s
[a0007 r5] mode=raw size=102400 fpp=8 iter=0 bytes=78643200 t=1.01s 0.073 GB/s
[a0003 r1] mode=raw size=102400 fpp=8 iter=0 bytes=78643200 t=1.02s 0.072 GB/s
[a0009 r7] mode=raw size=102400 fpp=8 iter=0 bytes=78643200 t=1.02s 0.072 GB/s
[a0005 r3] mode=raw size=102400 fpp=8 iter=0 bytes=78643200 t=1.04s 0.070 GB/s
[a0013 r11] mode=raw size=102400 fpp=8 iter=0 bytes=78643200 t=1.03s 0.071 GB/s
[a0006 r4] mode=raw size=102400 fpp=8 iter=0 bytes=78643200 t=1.11s 0.066 GB/s
[a0011 r9] mode=raw size=102400 fpp=8 iter=0 bytes=78643200 t=1.07s 0.068 GB/s
[a0010 r8] mode=raw size=102400 fpp=8 iter=0 bytes=78643200 t=1.06s 0.069 GB/s
[a0002 r0] mode=raw size=102400 fpp=8 iter=0 bytes=78643200 t=1.11s 0.066 GB/s
[a0014 r12] mode=raw size=102400 fpp=8 iter=0 bytes=78643200 t=1.05s 0.070 GB/s
[a0012 r10] mode=raw size=102400 fpp=8 iter=0 bytes=78643200 t=1.06s 0.069 GB/s
[a0008 r6] mode=raw size=102400 fpp=8 iter=0 bytes=78643200 t=1.08s 0.068 GB/s
[a0016 r14] mode=raw size=102400 fpp=8 iter=0 bytes=78643200 t=0.97s 0.075 GB/s
[a0004 r2] mode=raw size=102400 fpp=8 iter=0 bytes=78643200 t=1.11s 0.066 GB/s
[a0017 r15] mode=raw size=102400 fpp=8 iter=0 bytes=78643200 t=1.07s 0.069 GB/s
[a0015 r13] mode=raw size=102400 fpp=8 iter=1 bytes=78643200 t=0.91s 0.081 GB/s
[a0007 r5] mode=raw size=102400 fpp=8 iter=1 bytes=78643200 t=0.99s 0.074 GB/s
[a0003 r1] mode=raw size=102400 fpp=8 iter=1 bytes=78643200 t=1.09s 0.067 GB/s
[a0009 r7] mode=raw size=102400 fpp=8 iter=1 bytes=78643200 t=1.06s 0.069 GB/s
[a0013 r11] mode=raw size=102400 fpp=8 iter=1 bytes=78643200 t=1.03s 0.071 GB/s
[a0011 r9] mode=raw size=102400 fpp=8 iter=1 bytes=78643200 t=1.03s 0.071 GB/s
[a0006 r4] mode=raw size=102400 fpp=8 iter=1 bytes=78643200 t=1.03s 0.071 GB/s
[a0016 r14] mode=raw size=102400 fpp=8 iter=1 bytes=78643200 t=0.98s 0.075 GB/s
[a0005 r3] mode=raw size=102400 fpp=8 iter=1 bytes=78643200 t=1.07s 0.069 GB/s
[a0010 r8] mode=raw size=102400 fpp=8 iter=1 bytes=78643200 t=0.95s 0.077 GB/s
[a0014 r12] mode=raw size=102400 fpp=8 iter=1 bytes=78643200 t=1.03s 0.071 GB/s
[a0002 r0] mode=raw size=102400 fpp=8 iter=1 bytes=78643200 t=1.04s 0.070 GB/s
[a0012 r10] mode=raw size=102400 fpp=8 iter=1 bytes=78643200 t=1.10s 0.067 GB/s
[a0004 r2] mode=raw size=102400 fpp=8 iter=1 bytes=78643200 t=1.03s 0.071 GB/s
[a0008 r6] mode=raw size=102400 fpp=8 iter=1 bytes=78643200 t=1.07s 0.068 GB/s
[a0017 r15] mode=raw size=102400 fpp=8 iter=1 bytes=78643200 t=1.05s 0.069 GB/s
[a0015 r13] mode=raw size=102400 fpp=8 iter=2 bytes=78643200 t=0.97s 0.076 GB/s
[a0007 r5] mode=raw size=102400 fpp=8 iter=2 bytes=78643200 t=0.96s 0.076 GB/s
[a0003 r1] mode=raw size=102400 fpp=8 iter=2 bytes=78643200 t=1.03s 0.071 GB/s
[a0016 r14] mode=raw size=102400 fpp=8 iter=2 bytes=78643200 t=0.95s 0.077 GB/s
[a0009 r7] mode=raw size=102400 fpp=8 iter=2 bytes=78643200 t=1.03s 0.071 GB/s
[a0010 r8] mode=raw size=102400 fpp=8 iter=2 bytes=78643200 t=0.93s 0.079 GB/s
[a0011 r9] mode=raw size=102400 fpp=8 iter=2 bytes=78643200 t=1.00s 0.073 GB/s
[a0006 r4] mode=raw size=102400 fpp=8 iter=2 bytes=78643200 t=1.00s 0.073 GB/s
[a0013 r11] mode=raw size=102400 fpp=8 iter=2 bytes=78643200 t=1.02s 0.072 GB/s
[a0014 r12] mode=raw size=102400 fpp=8 iter=2 bytes=78643200 t=1.01s 0.072 GB/s
[a0002 r0] mode=raw size=102400 fpp=8 iter=2 bytes=78643200 t=1.00s 0.073 GB/s
[a0005 r3] mode=raw size=102400 fpp=8 iter=2 bytes=78643200 t=1.06s 0.069 GB/s
[a0004 r2] mode=raw size=102400 fpp=8 iter=2 bytes=78643200 t=1.02s 0.072 GB/s
[a0012 r10] mode=raw size=102400 fpp=8 iter=2 bytes=78643200 t=1.05s 0.070 GB/s
[a0008 r6] mode=raw size=102400 fpp=8 iter=2 bytes=78643200 t=1.07s 0.068 GB/s
[a0017 r15] mode=raw size=102400 fpp=8 iter=2 bytes=78643200 t=1.05s 0.070 GB/s
[a0015 r13] mode=torch_save size=102400 fpp=8 iter=0 bytes=79854336 t=0.97s 0.077 GB/s
[a0007 r5] mode=torch_save size=102400 fpp=8 iter=0 bytes=79854336 t=0.94s 0.079 GB/s
[a0016 r14] mode=torch_save size=102400 fpp=8 iter=0 bytes=79854336 t=0.98s 0.076 GB/s
[a0010 r8] mode=torch_save size=102400 fpp=8 iter=0 bytes=79854336 t=0.95s 0.078 GB/s
[a0003 r1] mode=torch_save size=102400 fpp=8 iter=0 bytes=79854336 t=1.14s 0.065 GB/s
[a0006 r4] mode=torch_save size=102400 fpp=8 iter=0 bytes=79854336 t=1.09s 0.068 GB/s
[a0009 r7] mode=torch_save size=102400 fpp=8 iter=0 bytes=79854336 t=1.09s 0.068 GB/s
[a0002 r0] mode=torch_save size=102400 fpp=8 iter=0 bytes=79854336 t=1.01s 0.074 GB/s
[a0011 r9] mode=torch_save size=102400 fpp=8 iter=0 bytes=79854336 t=1.08s 0.069 GB/s
[a0005 r3] mode=torch_save size=102400 fpp=8 iter=0 bytes=79854336 t=1.01s 0.073 GB/s
[a0013 r11] mode=torch_save size=102400 fpp=8 iter=0 bytes=79854336 t=1.07s 0.069 GB/s
[a0014 r12] mode=torch_save size=102400 fpp=8 iter=0 bytes=79854336 t=1.07s 0.070 GB/s
[a0012 r10] mode=torch_save size=102400 fpp=8 iter=0 bytes=79854336 t=1.03s 0.072 GB/s
[a0004 r2] mode=torch_save size=102400 fpp=8 iter=0 bytes=79854336 t=1.09s 0.068 GB/s
[a0008 r6] mode=torch_save size=102400 fpp=8 iter=0 bytes=79854336 t=1.04s 0.071 GB/s
[a0015 r13] mode=torch_save size=102400 fpp=8 iter=1 bytes=79854336 t=0.94s 0.079 GB/s
[a0007 r5] mode=torch_save size=102400 fpp=8 iter=1 bytes=79854336 t=0.99s 0.075 GB/s
[a0017 r15] mode=torch_save size=102400 fpp=8 iter=0 bytes=79854336 t=1.06s 0.070 GB/s
[a0016 r14] mode=torch_save size=102400 fpp=8 iter=1 bytes=79854336 t=0.95s 0.078 GB/s
[a0010 r8] mode=torch_save size=102400 fpp=8 iter=1 bytes=79854336 t=1.00s 0.075 GB/s
[a0002 r0] mode=torch_save size=102400 fpp=8 iter=1 bytes=79854336 t=1.01s 0.073 GB/s
[a0009 r7] mode=torch_save size=102400 fpp=8 iter=1 bytes=79854336 t=1.07s 0.069 GB/s
[a0013 r11] mode=torch_save size=102400 fpp=8 iter=1 bytes=79854336 t=1.00s 0.074 GB/s
[a0006 r4] mode=torch_save size=102400 fpp=8 iter=1 bytes=79854336 t=1.07s 0.069 GB/s
[a0005 r3] mode=torch_save size=102400 fpp=8 iter=1 bytes=79854336 t=1.02s 0.073 GB/s
[a0014 r12] mode=torch_save size=102400 fpp=8 iter=1 bytes=79854336 t=1.00s 0.075 GB/s
[a0003 r1] mode=torch_save size=102400 fpp=8 iter=1 bytes=79854336 t=1.15s 0.065 GB/s
[a0011 r9] mode=torch_save size=102400 fpp=8 iter=1 bytes=79854336 t=1.09s 0.068 GB/s
[a0012 r10] mode=torch_save size=102400 fpp=8 iter=1 bytes=79854336 t=1.01s 0.073 GB/s
[a0004 r2] mode=torch_save size=102400 fpp=8 iter=1 bytes=79854336 t=1.02s 0.073 GB/s
[a0008 r6] mode=torch_save size=102400 fpp=8 iter=1 bytes=79854336 t=1.04s 0.072 GB/s
[a0015 r13] mode=torch_save size=102400 fpp=8 iter=2 bytes=79854336 t=0.94s 0.079 GB/s
[a0007 r5] mode=torch_save size=102400 fpp=8 iter=2 bytes=79854336 t=0.93s 0.080 GB/s
[a0016 r14] mode=torch_save size=102400 fpp=8 iter=2 bytes=79854336 t=0.93s 0.080 GB/s
[a0017 r15] mode=torch_save size=102400 fpp=8 iter=1 bytes=79854336 t=1.04s 0.072 GB/s
[a0010 r8] mode=torch_save size=102400 fpp=8 iter=2 bytes=79854336 t=0.93s 0.080 GB/s
[a0002 r0] mode=torch_save size=102400 fpp=8 iter=2 bytes=79854336 t=0.99s 0.075 GB/s
[a0013 r11] mode=torch_save size=102400 fpp=8 iter=2 bytes=79854336 t=0.98s 0.076 GB/s
[a0006 r4] mode=torch_save size=102400 fpp=8 iter=2 bytes=79854336 t=0.99s 0.075 GB/s
[a0009 r7] mode=torch_save size=102400 fpp=8 iter=2 bytes=79854336 t=1.01s 0.073 GB/s
[a0014 r12] mode=torch_save size=102400 fpp=8 iter=2 bytes=79854336 t=1.00s 0.074 GB/s
[a0003 r1] mode=torch_save size=102400 fpp=8 iter=2 bytes=79854336 t=1.00s 0.075 GB/s
[a0011 r9] mode=torch_save size=102400 fpp=8 iter=2 bytes=79854336 t=1.00s 0.075 GB/s
[a0005 r3] mode=torch_save size=102400 fpp=8 iter=2 bytes=79854336 t=1.08s 0.069 GB/s
[a0004 r2] mode=torch_save size=102400 fpp=8 iter=2 bytes=79854336 t=0.99s 0.075 GB/s
[a0012 r10] mode=torch_save size=102400 fpp=8 iter=2 bytes=79854336 t=1.08s 0.069 GB/s
[a0008 r6] mode=torch_save size=102400 fpp=8 iter=2 bytes=79854336 t=1.02s 0.073 GB/s
[a0017 r15] mode=torch_save size=102400 fpp=8 iter=2 bytes=79854336 t=1.04s 0.071 GB/s
[a0015 r13] mode=dcp size=102400 fpp=8 iter=0 bytes=80564656 t=1.02s 0.073 GB/s
[a0007 r5] mode=dcp size=102400 fpp=8 iter=0 bytes=80563888 t=1.01s 0.074 GB/s
[a0016 r14] mode=dcp size=102400 fpp=8 iter=0 bytes=80564656 t=1.00s 0.075 GB/s
[a0010 r8] mode=dcp size=102400 fpp=8 iter=0 bytes=80563888 t=1.10s 0.068 GB/s
[a0002 r0] mode=dcp size=102400 fpp=8 iter=0 bytes=80564656 t=1.11s 0.068 GB/s
[a0013 r11] mode=dcp size=102400 fpp=8 iter=0 bytes=80564656 t=1.07s 0.070 GB/s
[a0009 r7] mode=dcp size=102400 fpp=8 iter=0 bytes=80564656 t=1.10s 0.068 GB/s
[a0006 r4] mode=dcp size=102400 fpp=8 iter=0 bytes=80563888 t=1.09s 0.069 GB/s
[a0014 r12] mode=dcp size=102400 fpp=8 iter=0 bytes=80564656 t=1.16s 0.065 GB/s
[a0011 r9] mode=dcp size=102400 fpp=8 iter=0 bytes=80563888 t=1.14s 0.066 GB/s
[a0003 r1] mode=dcp size=102400 fpp=8 iter=0 bytes=80563888 t=1.12s 0.067 GB/s
[a0004 r2] mode=dcp size=102400 fpp=8 iter=0 bytes=80563888 t=1.09s 0.069 GB/s
[a0005 r3] mode=dcp size=102400 fpp=8 iter=0 bytes=80564656 t=1.05s 0.072 GB/s
[a0012 r10] mode=dcp size=102400 fpp=8 iter=0 bytes=80564656 t=1.08s 0.069 GB/s
[a0008 r6] mode=dcp size=102400 fpp=8 iter=0 bytes=80563888 t=1.08s 0.070 GB/s
[a0017 r15] mode=dcp size=102400 fpp=8 iter=0 bytes=80563888 t=1.10s 0.068 GB/s
[a0007 r5] mode=dcp size=102400 fpp=8 iter=1 bytes=80563888 t=0.98s 0.076 GB/s
[a0015 r13] mode=dcp size=102400 fpp=8 iter=1 bytes=80564656 t=0.96s 0.078 GB/s
[a0016 r14] mode=dcp size=102400 fpp=8 iter=1 bytes=80564656 t=0.98s 0.076 GB/s
[a0010 r8] mode=dcp size=102400 fpp=8 iter=1 bytes=80563888 t=1.02s 0.073 GB/s
[a0002 r0] mode=dcp size=102400 fpp=8 iter=1 bytes=80564656 t=1.03s 0.073 GB/s
[a0009 r7] mode=dcp size=102400 fpp=8 iter=1 bytes=80564656 t=1.06s 0.071 GB/s
[a0013 r11] mode=dcp size=102400 fpp=8 iter=1 bytes=80564656 t=1.07s 0.070 GB/s
[a0011 r9] mode=dcp size=102400 fpp=8 iter=1 bytes=80563888 t=1.07s 0.070 GB/s
[a0006 r4] mode=dcp size=102400 fpp=8 iter=1 bytes=80563888 t=1.15s 0.065 GB/s
[a0003 r1] mode=dcp size=102400 fpp=8 iter=1 bytes=80563888 t=1.06s 0.071 GB/s
[a0014 r12] mode=dcp size=102400 fpp=8 iter=1 bytes=80564656 t=1.10s 0.068 GB/s
[a0005 r3] mode=dcp size=102400 fpp=8 iter=1 bytes=80564656 t=1.09s 0.069 GB/s
[a0004 r2] mode=dcp size=102400 fpp=8 iter=1 bytes=80563888 t=1.09s 0.069 GB/s
[a0008 r6] mode=dcp size=102400 fpp=8 iter=1 bytes=80563888 t=1.05s 0.071 GB/s
[a0012 r10] mode=dcp size=102400 fpp=8 iter=1 bytes=80564656 t=1.10s 0.068 GB/s
[a0017 r15] mode=dcp size=102400 fpp=8 iter=1 bytes=80563888 t=1.05s 0.071 GB/s
[a0007 r5] mode=dcp size=102400 fpp=8 iter=2 bytes=80563888 t=1.00s 0.075 GB/s
[a0015 r13] mode=dcp size=102400 fpp=8 iter=2 bytes=80564656 t=1.04s 0.072 GB/s
[a0016 r14] mode=dcp size=102400 fpp=8 iter=2 bytes=80564656 t=1.00s 0.075 GB/s
[a0010 r8] mode=dcp size=102400 fpp=8 iter=2 bytes=80563888 t=1.06s 0.071 GB/s
[a0002 r0] mode=dcp size=102400 fpp=8 iter=2 bytes=80564656 t=1.09s 0.069 GB/s
[a0009 r7] mode=dcp size=102400 fpp=8 iter=2 bytes=80564656 t=1.16s 0.065 GB/s
[a0013 r11] mode=dcp size=102400 fpp=8 iter=2 bytes=80564656 t=1.11s 0.067 GB/s
[a0005 r3] mode=dcp size=102400 fpp=8 iter=2 bytes=80564656 t=1.10s 0.068 GB/s
[a0011 r9] mode=dcp size=102400 fpp=8 iter=2 bytes=80563888 t=1.15s 0.065 GB/s
[a0004 r2] mode=dcp size=102400 fpp=8 iter=2 bytes=80563888 t=1.11s 0.068 GB/s
[a0006 r4] mode=dcp size=102400 fpp=8 iter=2 bytes=80563888 t=1.18s 0.064 GB/s
[a0014 r12] mode=dcp size=102400 fpp=8 iter=2 bytes=80564656 t=1.16s 0.065 GB/s
[a0003 r1] mode=dcp size=102400 fpp=8 iter=2 bytes=80563888 t=1.17s 0.064 GB/s
[a0008 r6] mode=dcp size=102400 fpp=8 iter=2 bytes=80563888 t=1.08s 0.070 GB/s
[a0012 r10] mode=dcp size=102400 fpp=8 iter=2 bytes=80564656 t=1.09s 0.069 GB/s
[a0017 r15] mode=dcp size=102400 fpp=8 iter=2 bytes=80563888 t=1.04s 0.072 GB/s
[a0007 r5] mode=raw size=1048576 fpp=8 iter=0 bytes=805306368 t=0.93s 0.804 GB/s
[a0015 r13] mode=raw size=1048576 fpp=8 iter=0 bytes=805306368 t=0.91s 0.829 GB/s
[a0016 r14] mode=raw size=1048576 fpp=8 iter=0 bytes=805306368 t=0.86s 0.869 GB/s
[a0010 r8] mode=raw size=1048576 fpp=8 iter=0 bytes=805306368 t=0.91s 0.820 GB/s
[a0002 r0] mode=raw size=1048576 fpp=8 iter=0 bytes=805306368 t=0.92s 0.816 GB/s
[a0009 r7] mode=raw size=1048576 fpp=8 iter=0 bytes=805306368 t=0.97s 0.776 GB/s
[a0013 r11] mode=raw size=1048576 fpp=8 iter=0 bytes=805306368 t=0.96s 0.785 GB/s
[a0007 r5] mode=raw size=1048576 fpp=8 iter=1 bytes=805306368 t=1.01s 0.739 GB/s
[a0004 r2] mode=raw size=1048576 fpp=8 iter=0 bytes=805306368 t=0.99s 0.756 GB/s
[a0005 r3] mode=raw size=1048576 fpp=8 iter=0 bytes=805306368 t=0.98s 0.763 GB/s
[a0011 r9] mode=raw size=1048576 fpp=8 iter=0 bytes=805306368 t=1.02s 0.733 GB/s
[a0008 r6] mode=raw size=1048576 fpp=8 iter=0 bytes=805306368 t=0.98s 0.764 GB/s
[a0006 r4] mode=raw size=1048576 fpp=8 iter=0 bytes=805306368 t=0.98s 0.768 GB/s
[a0003 r1] mode=raw size=1048576 fpp=8 iter=0 bytes=805306368 t=1.00s 0.749 GB/s
[a0014 r12] mode=raw size=1048576 fpp=8 iter=0 bytes=805306368 t=1.17s 0.639 GB/s
[a0012 r10] mode=raw size=1048576 fpp=8 iter=0 bytes=805306368 t=0.98s 0.763 GB/s
[a0016 r14] mode=raw size=1048576 fpp=8 iter=1 bytes=805306368 t=0.91s 0.820 GB/s
[a0015 r13] mode=raw size=1048576 fpp=8 iter=1 bytes=805306368 t=0.93s 0.807 GB/s
[a0017 r15] mode=raw size=1048576 fpp=8 iter=0 bytes=805306368 t=0.89s 0.847 GB/s
[a0010 r8] mode=raw size=1048576 fpp=8 iter=1 bytes=805306368 t=0.91s 0.822 GB/s
[a0002 r0] mode=raw size=1048576 fpp=8 iter=1 bytes=805306368 t=1.00s 0.748 GB/s
[a0007 r5] mode=raw size=1048576 fpp=8 iter=2 bytes=805306368 t=0.89s 0.838 GB/s
[a0009 r7] mode=raw size=1048576 fpp=8 iter=1 bytes=805306368 t=1.00s 0.752 GB/s
[a0013 r11] mode=raw size=1048576 fpp=8 iter=1 bytes=805306368 t=1.05s 0.713 GB/s
[a0005 r3] mode=raw size=1048576 fpp=8 iter=1 bytes=805306368 t=0.99s 0.760 GB/s
[a0011 r9] mode=raw size=1048576 fpp=8 iter=1 bytes=805306368 t=1.03s 0.730 GB/s
[a0008 r6] mode=raw size=1048576 fpp=8 iter=1 bytes=805306368 t=0.99s 0.754 GB/s
[a0004 r2] mode=raw size=1048576 fpp=8 iter=1 bytes=805306368 t=1.10s 0.683 GB/s
[a0006 r4] mode=raw size=1048576 fpp=8 iter=1 bytes=805306368 t=1.01s 0.739 GB/s
[a0016 r14] mode=raw size=1048576 fpp=8 iter=2 bytes=805306368 t=0.91s 0.823 GB/s
[a0003 r1] mode=raw size=1048576 fpp=8 iter=1 bytes=805306368 t=1.01s 0.741 GB/s
[a0014 r12] mode=raw size=1048576 fpp=8 iter=1 bytes=805306368 t=0.98s 0.766 GB/s
[a0015 r13] mode=raw size=1048576 fpp=8 iter=2 bytes=805306368 t=0.97s 0.770 GB/s
[a0012 r10] mode=raw size=1048576 fpp=8 iter=1 bytes=805306368 t=0.98s 0.768 GB/s
[a0017 r15] mode=raw size=1048576 fpp=8 iter=1 bytes=805306368 t=0.91s 0.824 GB/s
[a0010 r8] mode=raw size=1048576 fpp=8 iter=2 bytes=805306368 t=0.89s 0.844 GB/s
[a0002 r0] mode=raw size=1048576 fpp=8 iter=2 bytes=805306368 t=0.99s 0.758 GB/s
[a0013 r11] mode=raw size=1048576 fpp=8 iter=2 bytes=805306368 t=0.99s 0.755 GB/s
[a0011 r9] mode=raw size=1048576 fpp=8 iter=2 bytes=805306368 t=0.98s 0.764 GB/s
[a0005 r3] mode=raw size=1048576 fpp=8 iter=2 bytes=805306368 t=1.05s 0.714 GB/s
[a0009 r7] mode=raw size=1048576 fpp=8 iter=2 bytes=805306368 t=1.23s 0.608 GB/s
[a0006 r4] mode=raw size=1048576 fpp=8 iter=2 bytes=805306368 t=0.98s 0.762 GB/s
[a0008 r6] mode=raw size=1048576 fpp=8 iter=2 bytes=805306368 t=1.01s 0.742 GB/s
[a0004 r2] mode=raw size=1048576 fpp=8 iter=2 bytes=805306368 t=1.02s 0.735 GB/s
[a0003 r1] mode=raw size=1048576 fpp=8 iter=2 bytes=805306368 t=1.01s 0.743 GB/s
[a0012 r10] mode=raw size=1048576 fpp=8 iter=2 bytes=805306368 t=1.03s 0.731 GB/s
[a0014 r12] mode=raw size=1048576 fpp=8 iter=2 bytes=805306368 t=1.03s 0.726 GB/s
[a0017 r15] mode=raw size=1048576 fpp=8 iter=2 bytes=805306368 t=0.91s 0.828 GB/s
[a0007 r5] mode=torch_save size=1048576 fpp=8 iter=0 bytes=806517504 t=0.93s 0.809 GB/s
[a0016 r14] mode=torch_save size=1048576 fpp=8 iter=0 bytes=806517504 t=0.97s 0.771 GB/s
[a0015 r13] mode=torch_save size=1048576 fpp=8 iter=0 bytes=806517504 t=0.97s 0.778 GB/s
[a0007 r5] mode=torch_save size=1048576 fpp=8 iter=1 bytes=806517504 t=0.92s 0.814 GB/s
[a0010 r8] mode=torch_save size=1048576 fpp=8 iter=0 bytes=806517504 t=1.04s 0.721 GB/s
[a0002 r0] mode=torch_save size=1048576 fpp=8 iter=0 bytes=806517504 t=0.98s 0.765 GB/s
[a0013 r11] mode=torch_save size=1048576 fpp=8 iter=0 bytes=806517504 t=0.95s 0.789 GB/s
[a0016 r14] mode=torch_save size=1048576 fpp=8 iter=1 bytes=806517504 t=0.95s 0.794 GB/s
[a0015 r13] mode=torch_save size=1048576 fpp=8 iter=1 bytes=806517504 t=0.96s 0.785 GB/s
[a0009 r7] mode=torch_save size=1048576 fpp=8 iter=0 bytes=806517504 t=1.02s 0.740 GB/s
[a0006 r4] mode=torch_save size=1048576 fpp=8 iter=0 bytes=806517504 t=1.14s 0.662 GB/s
[a0011 r9] mode=torch_save size=1048576 fpp=8 iter=0 bytes=806517504 t=1.18s 0.634 GB/s
[a0008 r6] mode=torch_save size=1048576 fpp=8 iter=0 bytes=806517504 t=1.03s 0.731 GB/s
[a0004 r2] mode=torch_save size=1048576 fpp=8 iter=0 bytes=806517504 t=1.11s 0.678 GB/s
[a0003 r1] mode=torch_save size=1048576 fpp=8 iter=0 bytes=806517504 t=1.27s 0.592 GB/s
[a0014 r12] mode=torch_save size=1048576 fpp=8 iter=0 bytes=806517504 t=0.99s 0.758 GB/s
[a0012 r10] mode=torch_save size=1048576 fpp=8 iter=0 bytes=806517504 t=0.97s 0.771 GB/s
[a0005 r3] mode=torch_save size=1048576 fpp=8 iter=0 bytes=806517504 t=1.25s 0.602 GB/s
[a0007 r5] mode=torch_save size=1048576 fpp=8 iter=2 bytes=806517504 t=0.90s 0.831 GB/s
[a0017 r15] mode=torch_save size=1048576 fpp=8 iter=0 bytes=806517504 t=0.98s 0.770 GB/s
[a0002 r0] mode=torch_save size=1048576 fpp=8 iter=1 bytes=806517504 t=0.96s 0.780 GB/s
[a0013 r11] mode=torch_save size=1048576 fpp=8 iter=1 bytes=806517504 t=0.99s 0.762 GB/s
[a0016 r14] mode=torch_save size=1048576 fpp=8 iter=2 bytes=806517504 t=0.92s 0.819 GB/s
[a0010 r8] mode=torch_save size=1048576 fpp=8 iter=1 bytes=806517504 t=0.98s 0.767 GB/s
[a0015 r13] mode=torch_save size=1048576 fpp=8 iter=2 bytes=806517504 t=0.93s 0.805 GB/s
[a0009 r7] mode=torch_save size=1048576 fpp=8 iter=1 bytes=806517504 t=1.02s 0.735 GB/s
[a0011 r9] mode=torch_save size=1048576 fpp=8 iter=1 bytes=806517504 t=1.01s 0.742 GB/s
[a0008 r6] mode=torch_save size=1048576 fpp=8 iter=1 bytes=806517504 t=1.01s 0.744 GB/s
[a0004 r2] mode=torch_save size=1048576 fpp=8 iter=1 bytes=806517504 t=0.98s 0.763 GB/s
[a0006 r4] mode=torch_save size=1048576 fpp=8 iter=1 bytes=806517504 t=1.00s 0.748 GB/s
[a0014 r12] mode=torch_save size=1048576 fpp=8 iter=1 bytes=806517504 t=0.97s 0.776 GB/s
[a0003 r1] mode=torch_save size=1048576 fpp=8 iter=1 bytes=806517504 t=1.01s 0.742 GB/s
[a0005 r3] mode=torch_save size=1048576 fpp=8 iter=1 bytes=806517504 t=0.94s 0.802 GB/s
[a0012 r10] mode=torch_save size=1048576 fpp=8 iter=1 bytes=806517504 t=0.94s 0.798 GB/s
[a0017 r15] mode=torch_save size=1048576 fpp=8 iter=1 bytes=806517504 t=0.95s 0.789 GB/s
[a0002 r0] mode=torch_save size=1048576 fpp=8 iter=2 bytes=806517504 t=0.97s 0.775 GB/s
[a0010 r8] mode=torch_save size=1048576 fpp=8 iter=2 bytes=806517504 t=0.95s 0.793 GB/s
[a0013 r11] mode=torch_save size=1048576 fpp=8 iter=2 bytes=806517504 t=1.01s 0.745 GB/s
[a0009 r7] mode=torch_save size=1048576 fpp=8 iter=2 bytes=806517504 t=1.03s 0.726 GB/s
[a0008 r6] mode=torch_save size=1048576 fpp=8 iter=2 bytes=806517504 t=0.99s 0.761 GB/s
[a0011 r9] mode=torch_save size=1048576 fpp=8 iter=2 bytes=806517504 t=1.01s 0.741 GB/s
[a0004 r2] mode=torch_save size=1048576 fpp=8 iter=2 bytes=806517504 t=0.97s 0.771 GB/s
[a0006 r4] mode=torch_save size=1048576 fpp=8 iter=2 bytes=806517504 t=1.03s 0.730 GB/s
[a0014 r12] mode=torch_save size=1048576 fpp=8 iter=2 bytes=806517504 t=0.98s 0.765 GB/s
[a0003 r1] mode=torch_save size=1048576 fpp=8 iter=2 bytes=806517504 t=0.95s 0.789 GB/s
[a0005 r3] mode=torch_save size=1048576 fpp=8 iter=2 bytes=806517504 t=0.94s 0.798 GB/s
[a0012 r10] mode=torch_save size=1048576 fpp=8 iter=2 bytes=806517504 t=0.96s 0.786 GB/s
[a0017 r15] mode=torch_save size=1048576 fpp=8 iter=2 bytes=806517504 t=0.92s 0.814 GB/s
[a0007 r5] mode=dcp size=1048576 fpp=8 iter=0 bytes=807230128 t=1.09s 0.689 GB/s
[a0016 r14] mode=dcp size=1048576 fpp=8 iter=0 bytes=807230896 t=1.03s 0.727 GB/s
[a0015 r13] mode=dcp size=1048576 fpp=8 iter=0 bytes=807230896 t=1.08s 0.693 GB/s
[a0002 r0] mode=dcp size=1048576 fpp=8 iter=0 bytes=807230896 t=1.11s 0.680 GB/s
[a0013 r11] mode=dcp size=1048576 fpp=8 iter=0 bytes=807230896 t=1.14s 0.660 GB/s
[a0010 r8] mode=dcp size=1048576 fpp=8 iter=0 bytes=807230128 t=1.16s 0.649 GB/s
[a0009 r7] mode=dcp size=1048576 fpp=8 iter=0 bytes=807230896 t=1.18s 0.636 GB/s
[a0004 r2] mode=dcp size=1048576 fpp=8 iter=0 bytes=807230128 t=1.20s 0.625 GB/s
[a0011 r9] mode=dcp size=1048576 fpp=8 iter=0 bytes=807230128 t=1.17s 0.640 GB/s
[a0008 r6] mode=dcp size=1048576 fpp=8 iter=0 bytes=807230128 t=1.23s 0.612 GB/s
[a0006 r4] mode=dcp size=1048576 fpp=8 iter=0 bytes=807230128 t=1.20s 0.629 GB/s
[a0014 r12] mode=dcp size=1048576 fpp=8 iter=0 bytes=807230896 t=1.22s 0.615 GB/s
[a0003 r1] mode=dcp size=1048576 fpp=8 iter=0 bytes=807230128 t=1.15s 0.654 GB/s
[a0005 r3] mode=dcp size=1048576 fpp=8 iter=0 bytes=807230896 t=1.18s 0.636 GB/s
[a0012 r10] mode=dcp size=1048576 fpp=8 iter=0 bytes=807230896 t=1.17s 0.645 GB/s
[a0007 r5] mode=dcp size=1048576 fpp=8 iter=1 bytes=807230128 t=1.08s 0.694 GB/s
[a0017 r15] mode=dcp size=1048576 fpp=8 iter=0 bytes=807230128 t=1.21s 0.621 GB/s
[a0016 r14] mode=dcp size=1048576 fpp=8 iter=1 bytes=807230896 t=1.04s 0.723 GB/s
[a0015 r13] mode=dcp size=1048576 fpp=8 iter=1 bytes=807230896 t=1.09s 0.690 GB/s
[a0002 r0] mode=dcp size=1048576 fpp=8 iter=1 bytes=807230896 t=1.14s 0.659 GB/s
[a0010 r8] mode=dcp size=1048576 fpp=8 iter=1 bytes=807230128 t=1.20s 0.626 GB/s
[a0009 r7] mode=dcp size=1048576 fpp=8 iter=1 bytes=807230896 t=1.13s 0.664 GB/s
[a0013 r11] mode=dcp size=1048576 fpp=8 iter=1 bytes=807230896 t=1.17s 0.644 GB/s
[a0004 r2] mode=dcp size=1048576 fpp=8 iter=1 bytes=807230128 t=1.17s 0.640 GB/s
[a0011 r9] mode=dcp size=1048576 fpp=8 iter=1 bytes=807230128 t=1.21s 0.620 GB/s
[a0008 r6] mode=dcp size=1048576 fpp=8 iter=1 bytes=807230128 t=1.29s 0.582 GB/s
[a0006 r4] mode=dcp size=1048576 fpp=8 iter=1 bytes=807230128 t=1.22s 0.617 GB/s
[a0014 r12] mode=dcp size=1048576 fpp=8 iter=1 bytes=807230896 t=1.23s 0.613 GB/s
[a0005 r3] mode=dcp size=1048576 fpp=8 iter=1 bytes=807230896 t=1.30s 0.579 GB/s
[a0003 r1] mode=dcp size=1048576 fpp=8 iter=1 bytes=807230128 t=1.21s 0.624 GB/s
[a0012 r10] mode=dcp size=1048576 fpp=8 iter=1 bytes=807230896 t=1.19s 0.630 GB/s
[a0007 r5] mode=dcp size=1048576 fpp=8 iter=2 bytes=807230128 t=1.11s 0.679 GB/s
[a0017 r15] mode=dcp size=1048576 fpp=8 iter=1 bytes=807230128 t=1.19s 0.634 GB/s
[a0016 r14] mode=dcp size=1048576 fpp=8 iter=2 bytes=807230896 t=1.13s 0.668 GB/s
[a0015 r13] mode=dcp size=1048576 fpp=8 iter=2 bytes=807230896 t=1.08s 0.694 GB/s
[a0002 r0] mode=dcp size=1048576 fpp=8 iter=2 bytes=807230896 t=1.16s 0.649 GB/s
[a0009 r7] mode=dcp size=1048576 fpp=8 iter=2 bytes=807230896 t=1.12s 0.670 GB/s
[a0010 r8] mode=dcp size=1048576 fpp=8 iter=2 bytes=807230128 t=1.20s 0.628 GB/s
[a0004 r2] mode=dcp size=1048576 fpp=8 iter=2 bytes=807230128 t=1.29s 0.581 GB/s
[a0013 r11] mode=dcp size=1048576 fpp=8 iter=2 bytes=807230896 t=1.22s 0.617 GB/s
[a0011 r9] mode=dcp size=1048576 fpp=8 iter=2 bytes=807230128 t=1.34s 0.560 GB/s
[a0008 r6] mode=dcp size=1048576 fpp=8 iter=2 bytes=807230128 t=1.38s 0.543 GB/s
[a0006 r4] mode=dcp size=1048576 fpp=8 iter=2 bytes=807230128 t=1.44s 0.521 GB/s
[a0014 r12] mode=dcp size=1048576 fpp=8 iter=2 bytes=807230896 t=1.43s 0.525 GB/s
[a0012 r10] mode=dcp size=1048576 fpp=8 iter=2 bytes=807230896 t=1.42s 0.530 GB/s
[a0005 r3] mode=dcp size=1048576 fpp=8 iter=2 bytes=807230896 t=1.41s 0.532 GB/s
[a0003 r1] mode=dcp size=1048576 fpp=8 iter=2 bytes=807230128 t=1.56s 0.483 GB/s
[a0017 r15] mode=dcp size=1048576 fpp=8 iter=2 bytes=807230128 t=1.59s 0.473 GB/s
[a0007 r5] mode=raw size=10485760 fpp=8 iter=0 bytes=8053063680 t=1.09s 6.863 GB/s
[a0016 r14] mode=raw size=10485760 fpp=8 iter=0 bytes=8053063680 t=1.42s 5.277 GB/s
[a0015 r13] mode=raw size=10485760 fpp=8 iter=0 bytes=8053063680 t=1.54s 4.863 GB/s
[a0007 r5] mode=raw size=10485760 fpp=8 iter=1 bytes=8053063680 t=1.48s 5.069 GB/s
[a0016 r14] mode=raw size=10485760 fpp=8 iter=1 bytes=8053063680 t=1.60s 4.683 GB/s
[a0009 r7] mode=raw size=10485760 fpp=8 iter=0 bytes=8053063680 t=1.31s 5.743 GB/s
[a0002 r0] mode=raw size=10485760 fpp=8 iter=0 bytes=8053063680 t=1.52s 4.941 GB/s
[a0015 r13] mode=raw size=10485760 fpp=8 iter=1 bytes=8053063680 t=1.46s 5.137 GB/s
[a0004 r2] mode=raw size=10485760 fpp=8 iter=0 bytes=8053063680 t=1.34s 5.581 GB/s
[a0013 r11] mode=raw size=10485760 fpp=8 iter=0 bytes=8053063680 t=1.55s 4.853 GB/s
[a0010 r8] mode=raw size=10485760 fpp=8 iter=0 bytes=8053063680 t=1.56s 4.807 GB/s
[a0008 r6] mode=raw size=10485760 fpp=8 iter=0 bytes=8053063680 t=1.45s 5.160 GB/s
[a0011 r9] mode=raw size=10485760 fpp=8 iter=0 bytes=8053063680 t=1.74s 4.302 GB/s
[a0007 r5] mode=raw size=10485760 fpp=8 iter=2 bytes=8053063680 t=1.47s 5.103 GB/s
[a0014 r12] mode=raw size=10485760 fpp=8 iter=0 bytes=8053063680 t=1.47s 5.094 GB/s
[a0006 r4] mode=raw size=10485760 fpp=8 iter=0 bytes=8053063680 t=1.59s 4.710 GB/s
[a0005 r3] mode=raw size=10485760 fpp=8 iter=0 bytes=8053063680 t=1.56s 4.809 GB/s
[a0012 r10] mode=raw size=10485760 fpp=8 iter=0 bytes=8053063680 t=1.44s 5.194 GB/s
[a0003 r1] mode=raw size=10485760 fpp=8 iter=0 bytes=8053063680 t=1.63s 4.599 GB/s
[a0016 r14] mode=raw size=10485760 fpp=8 iter=2 bytes=8053063680 t=1.51s 4.957 GB/s
[a0017 r15] mode=raw size=10485760 fpp=8 iter=0 bytes=8053063680 t=1.50s 4.996 GB/s
[a0015 r13] mode=raw size=10485760 fpp=8 iter=2 bytes=8053063680 t=1.43s 5.239 GB/s
[a0009 r7] mode=raw size=10485760 fpp=8 iter=1 bytes=8053063680 t=1.90s 3.937 GB/s
[a0002 r0] mode=raw size=10485760 fpp=8 iter=1 bytes=8053063680 t=1.50s 5.002 GB/s
[a0004 r2] mode=raw size=10485760 fpp=8 iter=1 bytes=8053063680 t=1.75s 4.298 GB/s
[a0013 r11] mode=raw size=10485760 fpp=8 iter=1 bytes=8053063680 t=1.43s 5.257 GB/s
[a0010 r8] mode=raw size=10485760 fpp=8 iter=1 bytes=8053063680 t=1.41s 5.324 GB/s
[a0008 r6] mode=raw size=10485760 fpp=8 iter=1 bytes=8053063680 t=1.50s 5.004 GB/s
[a0011 r9] mode=raw size=10485760 fpp=8 iter=1 bytes=8053063680 t=1.42s 5.286 GB/s
[a0006 r4] mode=raw size=10485760 fpp=8 iter=1 bytes=8053063680 t=1.70s 4.422 GB/s
[a0014 r12] mode=raw size=10485760 fpp=8 iter=1 bytes=8053063680 t=1.70s 4.411 GB/s
[a0005 r3] mode=raw size=10485760 fpp=8 iter=1 bytes=8053063680 t=1.51s 4.956 GB/s
[a0012 r10] mode=raw size=10485760 fpp=8 iter=1 bytes=8053063680 t=1.44s 5.214 GB/s
[a0003 r1] mode=raw size=10485760 fpp=8 iter=1 bytes=8053063680 t=1.85s 4.047 GB/s
[a0017 r15] mode=raw size=10485760 fpp=8 iter=1 bytes=8053063680 t=1.43s 5.252 GB/s
[a0009 r7] mode=raw size=10485760 fpp=8 iter=2 bytes=8053063680 t=1.41s 5.314 GB/s
[a0002 r0] mode=raw size=10485760 fpp=8 iter=2 bytes=8053063680 t=1.71s 4.374 GB/s
[a0013 r11] mode=raw size=10485760 fpp=8 iter=2 bytes=8053063680 t=1.44s 5.207 GB/s
[a0004 r2] mode=raw size=10485760 fpp=8 iter=2 bytes=8053063680 t=1.73s 4.347 GB/s
[a0010 r8] mode=raw size=10485760 fpp=8 iter=2 bytes=8053063680 t=1.95s 3.845 GB/s
[a0008 r6] mode=raw size=10485760 fpp=8 iter=2 bytes=8053063680 t=1.71s 4.383 GB/s
[a0007 r5] mode=torch_save size=10485760 fpp=8 iter=0 bytes=8054274816 t=1.62s 4.641 GB/s
[a0011 r9] mode=raw size=10485760 fpp=8 iter=2 bytes=8053063680 t=1.61s 4.662 GB/s
[a0006 r4] mode=raw size=10485760 fpp=8 iter=2 bytes=8053063680 t=1.61s 4.666 GB/s
[a0012 r10] mode=raw size=10485760 fpp=8 iter=2 bytes=8053063680 t=1.48s 5.054 GB/s
[a0005 r3] mode=raw size=10485760 fpp=8 iter=2 bytes=8053063680 t=1.76s 4.251 GB/s
[a0014 r12] mode=raw size=10485760 fpp=8 iter=2 bytes=8053063680 t=1.75s 4.285 GB/s
[a0016 r14] mode=torch_save size=10485760 fpp=8 iter=0 bytes=8054274816 t=1.60s 4.684 GB/s
[a0017 r15] mode=raw size=10485760 fpp=8 iter=2 bytes=8053063680 t=1.74s 4.303 GB/s
[a0015 r13] mode=torch_save size=10485760 fpp=8 iter=0 bytes=8054274816 t=1.59s 4.726 GB/s
[a0003 r1] mode=raw size=10485760 fpp=8 iter=2 bytes=8053063680 t=1.94s 3.871 GB/s
[a0007 r5] mode=torch_save size=10485760 fpp=8 iter=1 bytes=8054274816 t=1.43s 5.234 GB/s
[a0016 r14] mode=torch_save size=10485760 fpp=8 iter=1 bytes=8054274816 t=1.63s 4.597 GB/s
[a0009 r7] mode=torch_save size=10485760 fpp=8 iter=0 bytes=8054274816 t=1.87s 4.019 GB/s
[a0015 r13] mode=torch_save size=10485760 fpp=8 iter=1 bytes=8054274816 t=1.65s 4.543 GB/s
[a0013 r11] mode=torch_save size=10485760 fpp=8 iter=0 bytes=8054274816 t=1.81s 4.144 GB/s
[a0002 r0] mode=torch_save size=10485760 fpp=8 iter=0 bytes=8054274816 t=1.52s 4.923 GB/s
[a0007 r5] mode=torch_save size=10485760 fpp=8 iter=2 bytes=8054274816 t=1.53s 4.899 GB/s
[a0004 r2] mode=torch_save size=10485760 fpp=8 iter=0 bytes=8054274816 t=1.86s 4.032 GB/s
[a0011 r9] mode=torch_save size=10485760 fpp=8 iter=0 bytes=8054274816 t=1.55s 4.848 GB/s
[a0010 r8] mode=torch_save size=10485760 fpp=8 iter=0 bytes=8054274816 t=1.46s 5.129 GB/s
[a0006 r4] mode=torch_save size=10485760 fpp=8 iter=0 bytes=8054274816 t=1.82s 4.131 GB/s
[a0008 r6] mode=torch_save size=10485760 fpp=8 iter=0 bytes=8054274816 t=1.74s 4.310 GB/s
[a0012 r10] mode=torch_save size=10485760 fpp=8 iter=0 bytes=8054274816 t=1.76s 4.271 GB/s
[a0016 r14] mode=torch_save size=10485760 fpp=8 iter=2 bytes=8054274816 t=1.45s 5.175 GB/s
[a0005 r3] mode=torch_save size=10485760 fpp=8 iter=0 bytes=8054274816 t=1.56s 4.813 GB/s
[a0009 r7] mode=torch_save size=10485760 fpp=8 iter=1 bytes=8054274816 t=1.51s 4.956 GB/s
[a0015 r13] mode=torch_save size=10485760 fpp=8 iter=2 bytes=8054274816 t=1.59s 4.732 GB/s
[a0014 r12] mode=torch_save size=10485760 fpp=8 iter=0 bytes=8054274816 t=1.63s 4.606 GB/s
[a0013 r11] mode=torch_save size=10485760 fpp=8 iter=1 bytes=8054274816 t=1.49s 5.045 GB/s
[a0017 r15] mode=torch_save size=10485760 fpp=8 iter=0 bytes=8054274816 t=1.86s 4.035 GB/s
[a0003 r1] mode=torch_save size=10485760 fpp=8 iter=0 bytes=8054274816 t=1.56s 4.818 GB/s
[a0002 r0] mode=torch_save size=10485760 fpp=8 iter=1 bytes=8054274816 t=1.59s 4.705 GB/s
[a0004 r2] mode=torch_save size=10485760 fpp=8 iter=1 bytes=8054274816 t=1.48s 5.071 GB/s
[a0011 r9] mode=torch_save size=10485760 fpp=8 iter=1 bytes=8054274816 t=1.40s 5.375 GB/s
[a0010 r8] mode=torch_save size=10485760 fpp=8 iter=1 bytes=8054274816 t=1.50s 5.014 GB/s
[a0006 r4] mode=torch_save size=10485760 fpp=8 iter=1 bytes=8054274816 t=1.36s 5.528 GB/s
[a0012 r10] mode=torch_save size=10485760 fpp=8 iter=1 bytes=8054274816 t=1.42s 5.283 GB/s
[a0008 r6] mode=torch_save size=10485760 fpp=8 iter=1 bytes=8054274816 t=1.60s 4.691 GB/s
[a0005 r3] mode=torch_save size=10485760 fpp=8 iter=1 bytes=8054274816 t=1.39s 5.397 GB/s
[a0009 r7] mode=torch_save size=10485760 fpp=8 iter=2 bytes=8054274816 t=1.74s 4.302 GB/s
[a0014 r12] mode=torch_save size=10485760 fpp=8 iter=1 bytes=8054274816 t=1.52s 4.943 GB/s
[a0003 r1] mode=torch_save size=10485760 fpp=8 iter=1 bytes=8054274816 t=1.47s 5.106 GB/s
[a0017 r15] mode=torch_save size=10485760 fpp=8 iter=1 bytes=8054274816 t=1.54s 4.860 GB/s
[a0013 r11] mode=torch_save size=10485760 fpp=8 iter=2 bytes=8054274816 t=1.48s 5.052 GB/s
[a0002 r0] mode=torch_save size=10485760 fpp=8 iter=2 bytes=8054274816 t=1.65s 4.552 GB/s
[a0011 r9] mode=torch_save size=10485760 fpp=8 iter=2 bytes=8054274816 t=1.53s 4.906 GB/s
[a0004 r2] mode=torch_save size=10485760 fpp=8 iter=2 bytes=8054274816 t=1.56s 4.795 GB/s
[a0006 r4] mode=torch_save size=10485760 fpp=8 iter=2 bytes=8054274816 t=1.30s 5.786 GB/s
[a0010 r8] mode=torch_save size=10485760 fpp=8 iter=2 bytes=8054274816 t=1.39s 5.385 GB/s
[a0012 r10] mode=torch_save size=10485760 fpp=8 iter=2 bytes=8054274816 t=1.25s 6.013 GB/s
[a0005 r3] mode=torch_save size=10485760 fpp=8 iter=2 bytes=8054274816 t=1.39s 5.405 GB/s
[a0008 r6] mode=torch_save size=10485760 fpp=8 iter=2 bytes=8054274816 t=1.77s 4.239 GB/s
[a0017 r15] mode=torch_save size=10485760 fpp=8 iter=2 bytes=8054274816 t=1.37s 5.480 GB/s
[a0014 r12] mode=torch_save size=10485760 fpp=8 iter=2 bytes=8054274816 t=1.63s 4.610 GB/s
[a0003 r1] mode=torch_save size=10485760 fpp=8 iter=2 bytes=8054274816 t=1.47s 5.117 GB/s
[a0007 r5] mode=dcp size=10485760 fpp=8 iter=0 bytes=8054987440 t=1.72s 4.369 GB/s
[a0016 r14] mode=dcp size=10485760 fpp=8 iter=0 bytes=8054988208 t=1.53s 4.908 GB/s
[a0015 r13] mode=dcp size=10485760 fpp=8 iter=0 bytes=8054988208 t=1.36s 5.512 GB/s
[a0009 r7] mode=dcp size=10485760 fpp=8 iter=0 bytes=8054988208 t=1.65s 4.553 GB/s
[a0013 r11] mode=dcp size=10485760 fpp=8 iter=0 bytes=8054988208 t=1.82s 4.111 GB/s
[a0002 r0] mode=dcp size=10485760 fpp=8 iter=0 bytes=8054988208 t=1.78s 4.222 GB/s
[a0010 r8] mode=dcp size=10485760 fpp=8 iter=0 bytes=8054987440 t=1.86s 4.026 GB/s
[a0006 r4] mode=dcp size=10485760 fpp=8 iter=0 bytes=8054987440 t=1.74s 4.305 GB/s
[a0011 r9] mode=dcp size=10485760 fpp=8 iter=0 bytes=8054987440 t=1.84s 4.079 GB/s
[a0007 r5] mode=dcp size=10485760 fpp=8 iter=1 bytes=8054987440 t=1.69s 4.444 GB/s
[a0004 r2] mode=dcp size=10485760 fpp=8 iter=0 bytes=8054987440 t=2.13s 3.526 GB/s
[a0008 r6] mode=dcp size=10485760 fpp=8 iter=0 bytes=8054987440 t=1.67s 4.497 GB/s
[a0012 r10] mode=dcp size=10485760 fpp=8 iter=0 bytes=8054988208 t=1.76s 4.270 GB/s
[a0005 r3] mode=dcp size=10485760 fpp=8 iter=0 bytes=8054988208 t=1.69s 4.437 GB/s
[a0017 r15] mode=dcp size=10485760 fpp=8 iter=0 bytes=8054987440 t=1.70s 4.405 GB/s
[a0014 r12] mode=dcp size=10485760 fpp=8 iter=0 bytes=8054988208 t=1.73s 4.345 GB/s
[a0003 r1] mode=dcp size=10485760 fpp=8 iter=0 bytes=8054987440 t=1.66s 4.512 GB/s
[a0016 r14] mode=dcp size=10485760 fpp=8 iter=1 bytes=8054988208 t=1.56s 4.824 GB/s
[a0015 r13] mode=dcp size=10485760 fpp=8 iter=1 bytes=8054988208 t=1.40s 5.363 GB/s
[a0009 r7] mode=dcp size=10485760 fpp=8 iter=1 bytes=8054988208 t=1.71s 4.385 GB/s
[a0013 r11] mode=dcp size=10485760 fpp=8 iter=1 bytes=8054988208 t=1.83s 4.097 GB/s
[a0002 r0] mode=dcp size=10485760 fpp=8 iter=1 bytes=8054988208 t=1.86s 4.028 GB/s
[a0007 r5] mode=dcp size=10485760 fpp=8 iter=2 bytes=8054987440 t=1.89s 3.978 GB/s
[a0011 r9] mode=dcp size=10485760 fpp=8 iter=1 bytes=8054987440 t=1.81s 4.148 GB/s
[a0010 r8] mode=dcp size=10485760 fpp=8 iter=1 bytes=8054987440 t=1.97s 3.803 GB/s
[a0006 r4] mode=dcp size=10485760 fpp=8 iter=1 bytes=8054987440 t=2.23s 3.369 GB/s
[a0004 r2] mode=dcp size=10485760 fpp=8 iter=1 bytes=8054987440 t=2.14s 3.505 GB/s
[a0012 r10] mode=dcp size=10485760 fpp=8 iter=1 bytes=8054988208 t=1.69s 4.440 GB/s
[a0008 r6] mode=dcp size=10485760 fpp=8 iter=1 bytes=8054987440 t=1.83s 4.102 GB/s
[a0005 r3] mode=dcp size=10485760 fpp=8 iter=1 bytes=8054988208 t=2.00s 3.749 GB/s
[a0017 r15] mode=dcp size=10485760 fpp=8 iter=1 bytes=8054987440 t=1.88s 3.987 GB/s
[a0003 r1] mode=dcp size=10485760 fpp=8 iter=1 bytes=8054987440 t=1.74s 4.310 GB/s
[a0014 r12] mode=dcp size=10485760 fpp=8 iter=1 bytes=8054988208 t=1.70s 4.413 GB/s
[a0016 r14] mode=dcp size=10485760 fpp=8 iter=2 bytes=8054988208 t=1.69s 4.441 GB/s
[a0015 r13] mode=dcp size=10485760 fpp=8 iter=2 bytes=8054988208 t=1.53s 4.916 GB/s
[a0009 r7] mode=dcp size=10485760 fpp=8 iter=2 bytes=8054988208 t=2.01s 3.723 GB/s
[a0002 r0] mode=dcp size=10485760 fpp=8 iter=2 bytes=8054988208 t=2.29s 3.280 GB/s
[a0013 r11] mode=dcp size=10485760 fpp=8 iter=2 bytes=8054988208 t=2.23s 3.362 GB/s
[a0010 r8] mode=dcp size=10485760 fpp=8 iter=2 bytes=8054987440 t=2.34s 3.200 GB/s
[a0011 r9] mode=dcp size=10485760 fpp=8 iter=2 bytes=8054987440 t=2.66s 2.824 GB/s
[a0004 r2] mode=dcp size=10485760 fpp=8 iter=2 bytes=8054987440 t=2.48s 3.026 GB/s
[a0006 r4] mode=dcp size=10485760 fpp=8 iter=2 bytes=8054987440 t=2.95s 2.544 GB/s
[a0008 r6] mode=dcp size=10485760 fpp=8 iter=2 bytes=8054987440 t=2.45s 3.068 GB/s
[a0012 r10] mode=dcp size=10485760 fpp=8 iter=2 bytes=8054988208 t=2.40s 3.120 GB/s
[a0017 r15] mode=dcp size=10485760 fpp=8 iter=2 bytes=8054987440 t=2.10s 3.576 GB/s
[a0005 r3] mode=dcp size=10485760 fpp=8 iter=2 bytes=8054988208 t=2.57s 2.915 GB/s
[a0014 r12] mode=dcp size=10485760 fpp=8 iter=2 bytes=8054988208 t=2.32s 3.232 GB/s
[a0003 r1] mode=dcp size=10485760 fpp=8 iter=2 bytes=8054987440 t=2.24s 3.354 GB/s
[a0007 r5] mode=raw size=104857600 fpp=8 iter=0 bytes=80530636800 t=3.71s 20.199 GB/s
[a0016 r14] mode=raw size=104857600 fpp=8 iter=0 bytes=80530636800 t=18.64s 4.023 GB/s
[a0007 r5] mode=raw size=104857600 fpp=8 iter=1 bytes=80530636800 t=21.38s 3.509 GB/s
[a0015 r13] mode=raw size=104857600 fpp=8 iter=0 bytes=80530636800 t=30.76s 2.438 GB/s
[a0013 r11] mode=raw size=104857600 fpp=8 iter=0 bytes=80530636800 t=13.07s 5.740 GB/s
[a0009 r7] mode=raw size=104857600 fpp=8 iter=0 bytes=80530636800 t=16.65s 4.505 GB/s
[a0004 r2] mode=raw size=104857600 fpp=8 iter=0 bytes=80530636800 t=14.42s 5.201 GB/s
[a0016 r14] mode=raw size=104857600 fpp=8 iter=1 bytes=80530636800 t=16.82s 4.459 GB/s
[a0002 r0] mode=raw size=104857600 fpp=8 iter=0 bytes=80530636800 t=16.55s 4.531 GB/s
[a0007 r5] mode=raw size=104857600 fpp=8 iter=2 bytes=80530636800 t=22.59s 3.320 GB/s
[a0008 r6] mode=raw size=104857600 fpp=8 iter=0 bytes=80530636800 t=19.69s 3.810 GB/s
[a0010 r8] mode=raw size=104857600 fpp=8 iter=0 bytes=80530636800 t=15.68s 4.782 GB/s
[a0017 r15] mode=raw size=104857600 fpp=8 iter=0 bytes=80530636800 t=21.97s 3.414 GB/s
[a0012 r10] mode=raw size=104857600 fpp=8 iter=0 bytes=80530636800 t=23.34s 3.213 GB/s
[a0006 r4] mode=raw size=104857600 fpp=8 iter=0 bytes=80530636800 t=28.88s 2.597 GB/s
[a0004 r2] mode=raw size=104857600 fpp=8 iter=1 bytes=80530636800 t=20.81s 3.604 GB/s
[a0015 r13] mode=raw size=104857600 fpp=8 iter=1 bytes=80530636800 t=26.41s 2.840 GB/s
[a0005 r3] mode=raw size=104857600 fpp=8 iter=0 bytes=80530636800 t=28.07s 2.672 GB/s
[a0016 r14] mode=raw size=104857600 fpp=8 iter=2 bytes=80530636800 t=28.14s 2.666 GB/s
[a0011 r9] mode=raw size=104857600 fpp=8 iter=0 bytes=80530636800 t=29.73s 2.522 GB/s
[a0003 r1] mode=raw size=104857600 fpp=8 iter=0 bytes=80530636800 t=22.85s 3.282 GB/s
[a0009 r7] mode=raw size=104857600 fpp=8 iter=1 bytes=80530636800 t=27.49s 2.728 GB/s
[a0013 r11] mode=raw size=104857600 fpp=8 iter=1 bytes=80530636800 t=33.19s 2.260 GB/s
[a0014 r12] mode=raw size=104857600 fpp=8 iter=0 bytes=80530636800 t=31.85s 2.355 GB/s
[a0008 r6] mode=raw size=104857600 fpp=8 iter=1 bytes=80530636800 t=20.89s 3.590 GB/s
[a0002 r0] mode=raw size=104857600 fpp=8 iter=1 bytes=80530636800 t=26.99s 2.779 GB/s
[a0010 r8] mode=raw size=104857600 fpp=8 iter=1 bytes=80530636800 t=19.28s 3.889 GB/s
[a0017 r15] mode=raw size=104857600 fpp=8 iter=1 bytes=80530636800 t=18.87s 3.975 GB/s
[a0006 r4] mode=raw size=104857600 fpp=8 iter=1 bytes=80530636800 t=11.59s 6.470 GB/s
[a0004 r2] mode=raw size=104857600 fpp=8 iter=2 bytes=80530636800 t=13.88s 5.402 GB/s
[a0015 r13] mode=raw size=104857600 fpp=8 iter=2 bytes=80530636800 t=13.45s 5.578 GB/s
[a0012 r10] mode=raw size=104857600 fpp=8 iter=1 bytes=80530636800 t=19.55s 3.836 GB/s
[a0005 r3] mode=raw size=104857600 fpp=8 iter=1 bytes=80530636800 t=18.68s 4.015 GB/s
[a0003 r1] mode=raw size=104857600 fpp=8 iter=1 bytes=80530636800 t=21.99s 3.411 GB/s
[a0011 r9] mode=raw size=104857600 fpp=8 iter=1 bytes=80530636800 t=22.20s 3.379 GB/s
[a0014 r12] mode=raw size=104857600 fpp=8 iter=1 bytes=80530636800 t=20.75s 3.615 GB/s
[a0007 r5] mode=torch_save size=104857600 fpp=8 iter=0 bytes=80531847936 t=16.26s 4.611 GB/s
[a0017 r15] mode=raw size=104857600 fpp=8 iter=2 bytes=80530636800 t=22.18s 3.382 GB/s
[a0008 r6] mode=raw size=104857600 fpp=8 iter=2 bytes=80530636800 t=22.57s 3.323 GB/s
[a0010 r8] mode=raw size=104857600 fpp=8 iter=2 bytes=80530636800 t=22.98s 3.264 GB/s
[a0012 r10] mode=raw size=104857600 fpp=8 iter=2 bytes=80530636800 t=13.59s 5.519 GB/s
[a0002 r0] mode=raw size=104857600 fpp=8 iter=2 bytes=80530636800 t=22.87s 3.279 GB/s
[a0006 r4] mode=raw size=104857600 fpp=8 iter=2 bytes=80530636800 t=16.83s 4.455 GB/s
[a0013 r11] mode=raw size=104857600 fpp=8 iter=2 bytes=80530636800 t=16.44s 4.562 GB/s
[a0009 r7] mode=raw size=104857600 fpp=8 iter=2 bytes=80530636800 t=17.81s 4.212 GB/s
[a0005 r3] mode=raw size=104857600 fpp=8 iter=2 bytes=80530636800 t=9.69s 7.743 GB/s
[a0016 r14] mode=torch_save size=104857600 fpp=8 iter=0 bytes=80531847936 t=8.62s 8.704 GB/s
[a0004 r2] mode=torch_save size=104857600 fpp=8 iter=0 bytes=80531847936 t=16.34s 4.590 GB/s
[a0011 r9] mode=raw size=104857600 fpp=8 iter=2 bytes=80530636800 t=16.32s 4.594 GB/s
[a0003 r1] mode=raw size=104857600 fpp=8 iter=2 bytes=80530636800 t=17.68s 4.241 GB/s
[a0007 r5] mode=torch_save size=104857600 fpp=8 iter=1 bytes=80531847936 t=16.55s 4.531 GB/s
[a0015 r13] mode=torch_save size=104857600 fpp=8 iter=0 bytes=80531847936 t=18.03s 4.159 GB/s
[a0014 r12] mode=raw size=104857600 fpp=8 iter=2 bytes=80530636800 t=20.11s 3.729 GB/s
[a0016 r14] mode=torch_save size=104857600 fpp=8 iter=1 bytes=80531847936 t=18.52s 4.051 GB/s
[a0004 r2] mode=torch_save size=104857600 fpp=8 iter=1 bytes=80531847936 t=14.89s 5.036 GB/s
[a0007 r5] mode=torch_save size=104857600 fpp=8 iter=2 bytes=80531847936 t=16.10s 4.657 GB/s
[a0017 r15] mode=torch_save size=104857600 fpp=8 iter=0 bytes=80531847936 t=17.31s 4.333 GB/s
[a0012 r10] mode=torch_save size=104857600 fpp=8 iter=0 bytes=80531847936 t=14.20s 5.280 GB/s
[a0008 r6] mode=torch_save size=104857600 fpp=8 iter=0 bytes=80531847936 t=14.43s 5.198 GB/s
[a0015 r13] mode=torch_save size=104857600 fpp=8 iter=1 bytes=80531847936 t=23.97s 3.129 GB/s
[a0004 r2] mode=torch_save size=104857600 fpp=8 iter=2 bytes=80531847936 t=10.24s 7.321 GB/s
[a0006 r4] mode=torch_save size=104857600 fpp=8 iter=0 bytes=80531847936 t=21.54s 3.482 GB/s
[a0005 r3] mode=torch_save size=104857600 fpp=8 iter=0 bytes=80531847936 t=22.04s 3.403 GB/s
[a0016 r14] mode=torch_save size=104857600 fpp=8 iter=2 bytes=80531847936 t=19.40s 3.866 GB/s
[a0002 r0] mode=torch_save size=104857600 fpp=8 iter=0 bytes=80531847936 t=22.78s 3.293 GB/s
[a0010 r8] mode=torch_save size=104857600 fpp=8 iter=0 bytes=80531847936 t=21.86s 3.432 GB/s
[a0013 r11] mode=torch_save size=104857600 fpp=8 iter=0 bytes=80531847936 t=24.75s 3.030 GB/s
[a0009 r7] mode=torch_save size=104857600 fpp=8 iter=0 bytes=80531847936 t=22.61s 3.317 GB/s
[a0012 r10] mode=torch_save size=104857600 fpp=8 iter=1 bytes=80531847936 t=13.74s 5.459 GB/s
[a0017 r15] mode=torch_save size=104857600 fpp=8 iter=1 bytes=80531847936 t=17.13s 4.379 GB/s
[a0011 r9] mode=torch_save size=104857600 fpp=8 iter=0 bytes=80531847936 t=19.21s 3.904 GB/s
[a0003 r1] mode=torch_save size=104857600 fpp=8 iter=0 bytes=80531847936 t=15.57s 4.817 GB/s
[a0008 r6] mode=torch_save size=104857600 fpp=8 iter=1 bytes=80531847936 t=13.87s 5.409 GB/s
[a0015 r13] mode=torch_save size=104857600 fpp=8 iter=2 bytes=80531847936 t=15.99s 4.689 GB/s
[a0006 r4] mode=torch_save size=104857600 fpp=8 iter=1 bytes=80531847936 t=11.56s 6.489 GB/s
[a0014 r12] mode=torch_save size=104857600 fpp=8 iter=0 bytes=80531847936 t=17.59s 4.264 GB/s
[a0005 r3] mode=torch_save size=104857600 fpp=8 iter=1 bytes=80531847936 t=17.10s 4.386 GB/s
[a0012 r10] mode=torch_save size=104857600 fpp=8 iter=2 bytes=80531847936 t=11.43s 6.560 GB/s
[a0017 r15] mode=torch_save size=104857600 fpp=8 iter=2 bytes=80531847936 t=12.38s 6.060 GB/s
[a0002 r0] mode=torch_save size=104857600 fpp=8 iter=1 bytes=80531847936 t=15.86s 4.729 GB/s
[a0008 r6] mode=torch_save size=104857600 fpp=8 iter=2 bytes=80531847936 t=11.09s 6.762 GB/s
[a0010 r8] mode=torch_save size=104857600 fpp=8 iter=1 bytes=80531847936 t=16.31s 4.599 GB/s
[a0013 r11] mode=torch_save size=104857600 fpp=8 iter=1 bytes=80531847936 t=13.64s 5.500 GB/s
[a0003 r1] mode=torch_save size=104857600 fpp=8 iter=1 bytes=80531847936 t=12.40s 6.050 GB/s
[a0009 r7] mode=torch_save size=104857600 fpp=8 iter=1 bytes=80531847936 t=12.94s 5.796 GB/s
[a0011 r9] mode=torch_save size=104857600 fpp=8 iter=1 bytes=80531847936 t=11.42s 6.569 GB/s
[a0005 r3] mode=torch_save size=104857600 fpp=8 iter=2 bytes=80531847936 t=12.46s 6.020 GB/s
[a0014 r12] mode=torch_save size=104857600 fpp=8 iter=1 bytes=80531847936 t=16.31s 4.598 GB/s
[a0006 r4] mode=torch_save size=104857600 fpp=8 iter=2 bytes=80531847936 t=17.42s 4.306 GB/s
[a0002 r0] mode=torch_save size=104857600 fpp=8 iter=2 bytes=80531847936 t=15.93s 4.709 GB/s
[a0013 r11] mode=torch_save size=104857600 fpp=8 iter=2 bytes=80531847936 t=15.64s 4.795 GB/s
[a0009 r7] mode=torch_save size=104857600 fpp=8 iter=2 bytes=80531847936 t=13.45s 5.575 GB/s
[a0007 r5] mode=dcp size=104857600 fpp=8 iter=0 bytes=80532560560 t=20.58s 3.645 GB/s
[a0010 r8] mode=torch_save size=104857600 fpp=8 iter=2 bytes=80531847936 t=13.79s 5.438 GB/s
[a0004 r2] mode=dcp size=104857600 fpp=8 iter=0 bytes=80532560560 t=12.43s 6.036 GB/s
[a0011 r9] mode=torch_save size=104857600 fpp=8 iter=2 bytes=80531847936 t=8.60s 8.721 GB/s
[a0003 r1] mode=torch_save size=104857600 fpp=8 iter=2 bytes=80531847936 t=11.37s 6.594 GB/s
[a0016 r14] mode=dcp size=104857600 fpp=8 iter=0 bytes=80532561328 t=11.54s 6.501 GB/s
[a0014 r12] mode=torch_save size=104857600 fpp=8 iter=2 bytes=80531847936 t=11.14s 6.736 GB/s
[a0012 r10] mode=dcp size=104857600 fpp=8 iter=0 bytes=80532561328 t=8.79s 8.537 GB/s
[a0017 r15] mode=dcp size=104857600 fpp=8 iter=0 bytes=80532560560 t=8.73s 8.595 GB/s
[a0015 r13] mode=dcp size=104857600 fpp=8 iter=0 bytes=80532561328 t=9.73s 7.709 GB/s
[a0007 r5] mode=dcp size=104857600 fpp=8 iter=1 bytes=80532560560 t=8.02s 9.358 GB/s
[a0008 r6] mode=dcp size=104857600 fpp=8 iter=0 bytes=80532560560 t=9.00s 8.335 GB/s
[a0004 r2] mode=dcp size=104857600 fpp=8 iter=1 bytes=80532560560 t=6.33s 11.849 GB/s
[a0005 r3] mode=dcp size=104857600 fpp=8 iter=0 bytes=80532561328 t=5.53s 13.569 GB/s
[a0006 r4] mode=dcp size=104857600 fpp=8 iter=0 bytes=80532560560 t=7.39s 10.145 GB/s
[a0016 r14] mode=dcp size=104857600 fpp=8 iter=1 bytes=80532561328 t=8.09s 9.266 GB/s
[a0009 r7] mode=dcp size=104857600 fpp=8 iter=0 bytes=80532561328 t=8.78s 8.539 GB/s
[a0002 r0] mode=dcp size=104857600 fpp=8 iter=0 bytes=80532561328 t=9.04s 8.299 GB/s
[a0013 r11] mode=dcp size=104857600 fpp=8 iter=0 bytes=80532561328 t=8.70s 8.626 GB/s
[a0011 r9] mode=dcp size=104857600 fpp=8 iter=0 bytes=80532560560 t=7.32s 10.253 GB/s
[a0003 r1] mode=dcp size=104857600 fpp=8 iter=0 bytes=80532560560 t=6.62s 11.323 GB/s
[a0010 r8] mode=dcp size=104857600 fpp=8 iter=0 bytes=80532560560 t=8.52s 8.807 GB/s
[a0017 r15] mode=dcp size=104857600 fpp=8 iter=1 bytes=80532560560 t=7.71s 9.728 GB/s
[a0007 r5] mode=dcp size=104857600 fpp=8 iter=2 bytes=80532560560 t=7.99s 9.390 GB/s
[a0012 r10] mode=dcp size=104857600 fpp=8 iter=1 bytes=80532561328 t=9.08s 8.262 GB/s
[a0008 r6] mode=dcp size=104857600 fpp=8 iter=1 bytes=80532560560 t=8.48s 8.842 GB/s
[a0014 r12] mode=dcp size=104857600 fpp=8 iter=0 bytes=80532561328 t=9.46s 7.926 GB/s
[a0015 r13] mode=dcp size=104857600 fpp=8 iter=1 bytes=80532561328 t=9.38s 7.994 GB/s
[a0004 r2] mode=dcp size=104857600 fpp=8 iter=2 bytes=80532560560 t=5.39s 13.927 GB/s
[a0005 r3] mode=dcp size=104857600 fpp=8 iter=1 bytes=80532561328 t=10.97s 6.836 GB/s
[a0006 r4] mode=dcp size=104857600 fpp=8 iter=1 bytes=80532560560 t=9.94s 7.548 GB/s
[a0009 r7] mode=dcp size=104857600 fpp=8 iter=1 bytes=80532561328 t=11.41s 6.574 GB/s
[a0002 r0] mode=dcp size=104857600 fpp=8 iter=1 bytes=80532561328 t=9.95s 7.535 GB/s
[a0016 r14] mode=dcp size=104857600 fpp=8 iter=2 bytes=80532561328 t=11.13s 6.737 GB/s
[a0013 r11] mode=dcp size=104857600 fpp=8 iter=1 bytes=80532561328 t=9.17s 8.176 GB/s
[a0011 r9] mode=dcp size=104857600 fpp=8 iter=1 bytes=80532560560 t=8.20s 9.150 GB/s
[a0003 r1] mode=dcp size=104857600 fpp=8 iter=1 bytes=80532560560 t=6.68s 11.232 GB/s
[a0017 r15] mode=dcp size=104857600 fpp=8 iter=2 bytes=80532560560 t=5.15s 14.564 GB/s
[a0012 r10] mode=dcp size=104857600 fpp=8 iter=2 bytes=80532561328 t=6.38s 11.752 GB/s
[a0008 r6] mode=dcp size=104857600 fpp=8 iter=2 bytes=80532560560 t=6.24s 12.029 GB/s
[a0010 r8] mode=dcp size=104857600 fpp=8 iter=1 bytes=80532560560 t=8.70s 8.623 GB/s
[a0015 r13] mode=dcp size=104857600 fpp=8 iter=2 bytes=80532561328 t=5.71s 13.146 GB/s
[a0014 r12] mode=dcp size=104857600 fpp=8 iter=1 bytes=80532561328 t=5.19s 14.460 GB/s
[a0006 r4] mode=dcp size=104857600 fpp=8 iter=2 bytes=80532560560 t=6.71s 11.173 GB/s
[a0002 r0] mode=dcp size=104857600 fpp=8 iter=2 bytes=80532561328 t=7.39s 10.146 GB/s
[a0005 r3] mode=dcp size=104857600 fpp=8 iter=2 bytes=80532561328 t=7.95s 9.432 GB/s
[a0009 r7] mode=dcp size=104857600 fpp=8 iter=2 bytes=80532561328 t=8.29s 9.046 GB/s
[a0013 r11] mode=dcp size=104857600 fpp=8 iter=2 bytes=80532561328 t=7.36s 10.192 GB/s
[a0003 r1] mode=dcp size=104857600 fpp=8 iter=2 bytes=80532560560 t=5.48s 13.683 GB/s
[a0011 r9] mode=dcp size=104857600 fpp=8 iter=2 bytes=80532560560 t=5.24s 14.325 GB/s
[a0010 r8] mode=dcp size=104857600 fpp=8 iter=2 bytes=80532560560 t=4.09s 18.360 GB/s
[a0014 r12] mode=dcp size=104857600 fpp=8 iter=2 bytes=80532561328 t=3.96s 18.949 GB/s
Done. Results: results/16node_96cpu_rtx-batch_26110/all.csv
