=== Wed May 20 17:30:48 EDT 2026 mode=write nodes=4 npernode=64 ===
[b0001 r0] base=/work/mit/datasets/test/writebench.b0001.0.1968613.2ce3f97a
[b0002 r1] base=/work/mit/datasets/test/writebench.b0002.1.2818712.e78dca41
[b0007 r2] base=/work/mit/datasets/test/writebench.b0007.2.497862.a1b86933
[b0008 r3] base=/work/mit/datasets/test/writebench.b0008.3.1333519.69ebf52a
[b0001 r0] mode=raw size=102400 fpp=8 iter=0 bytes=52428800 t=0.64s 0.076 GB/s
[b0007 r2] mode=raw size=102400 fpp=8 iter=0 bytes=52428800 t=0.63s 0.077 GB/s
[b0002 r1] mode=raw size=102400 fpp=8 iter=0 bytes=52428800 t=0.62s 0.079 GB/s
[b0008 r3] mode=raw size=102400 fpp=8 iter=0 bytes=52428800 t=0.64s 0.077 GB/s
[b0001 r0] mode=raw size=102400 fpp=8 iter=1 bytes=52428800 t=0.63s 0.078 GB/s
[b0007 r2] mode=raw size=102400 fpp=8 iter=1 bytes=52428800 t=0.63s 0.078 GB/s
[b0002 r1] mode=raw size=102400 fpp=8 iter=1 bytes=52428800 t=0.62s 0.079 GB/s
[b0008 r3] mode=raw size=102400 fpp=8 iter=1 bytes=52428800 t=0.66s 0.074 GB/s
[b0001 r0] mode=raw size=102400 fpp=8 iter=2 bytes=52428800 t=0.61s 0.081 GB/s
[b0002 r1] mode=raw size=102400 fpp=8 iter=2 bytes=52428800 t=0.63s 0.077 GB/s
[b0007 r2] mode=raw size=102400 fpp=8 iter=2 bytes=52428800 t=0.70s 0.070 GB/s
[b0008 r3] mode=raw size=102400 fpp=8 iter=2 bytes=52428800 t=0.65s 0.075 GB/s
[b0001 r0] mode=torch_save size=102400 fpp=8 iter=0 bytes=53236224 t=0.60s 0.082 GB/s
[b0007 r2] mode=torch_save size=102400 fpp=8 iter=0 bytes=53236224 t=0.63s 0.078 GB/s
[b0002 r1] mode=torch_save size=102400 fpp=8 iter=0 bytes=53236224 t=0.66s 0.075 GB/s
[b0008 r3] mode=torch_save size=102400 fpp=8 iter=0 bytes=53236224 t=0.66s 0.075 GB/s
[b0001 r0] mode=torch_save size=102400 fpp=8 iter=1 bytes=53236224 t=0.62s 0.080 GB/s
[b0007 r2] mode=torch_save size=102400 fpp=8 iter=1 bytes=53236224 t=0.61s 0.082 GB/s
[b0002 r1] mode=torch_save size=102400 fpp=8 iter=1 bytes=53236224 t=0.66s 0.075 GB/s
[b0008 r3] mode=torch_save size=102400 fpp=8 iter=1 bytes=53236224 t=0.65s 0.076 GB/s
[b0001 r0] mode=torch_save size=102400 fpp=8 iter=2 bytes=53236224 t=0.60s 0.082 GB/s
[b0007 r2] mode=torch_save size=102400 fpp=8 iter=2 bytes=53236224 t=0.61s 0.082 GB/s
[b0002 r1] mode=torch_save size=102400 fpp=8 iter=2 bytes=53236224 t=0.65s 0.076 GB/s
[b0008 r3] mode=torch_save size=102400 fpp=8 iter=2 bytes=53236224 t=0.66s 0.076 GB/s
[b0001 r0] mode=dcp size=102400 fpp=8 iter=0 bytes=53709744 t=0.69s 0.073 GB/s
[b0007 r2] mode=dcp size=102400 fpp=8 iter=0 bytes=53709232 t=0.67s 0.075 GB/s
[b0002 r1] mode=dcp size=102400 fpp=8 iter=0 bytes=53709744 t=0.68s 0.074 GB/s
[b0008 r3] mode=dcp size=102400 fpp=8 iter=0 bytes=53709744 t=0.67s 0.074 GB/s
[b0007 r2] mode=dcp size=102400 fpp=8 iter=1 bytes=53709232 t=0.64s 0.078 GB/s
[b0001 r0] mode=dcp size=102400 fpp=8 iter=1 bytes=53709744 t=0.76s 0.066 GB/s
[b0002 r1] mode=dcp size=102400 fpp=8 iter=1 bytes=53709744 t=0.69s 0.073 GB/s
[b0008 r3] mode=dcp size=102400 fpp=8 iter=1 bytes=53709744 t=0.70s 0.072 GB/s
[b0007 r2] mode=dcp size=102400 fpp=8 iter=2 bytes=53709232 t=0.65s 0.077 GB/s
[b0001 r0] mode=dcp size=102400 fpp=8 iter=2 bytes=53709744 t=0.69s 0.073 GB/s
[b0002 r1] mode=dcp size=102400 fpp=8 iter=2 bytes=53709744 t=0.69s 0.072 GB/s
[b0008 r3] mode=dcp size=102400 fpp=8 iter=2 bytes=53709744 t=0.69s 0.073 GB/s
[b0007 r2] mode=raw size=1048576 fpp=8 iter=0 bytes=536870912 t=0.55s 0.903 GB/s
[b0001 r0] mode=raw size=1048576 fpp=8 iter=0 bytes=536870912 t=0.58s 0.858 GB/s
[b0002 r1] mode=raw size=1048576 fpp=8 iter=0 bytes=536870912 t=0.59s 0.854 GB/s
[b0008 r3] mode=raw size=1048576 fpp=8 iter=0 bytes=536870912 t=0.59s 0.848 GB/s
[b0007 r2] mode=raw size=1048576 fpp=8 iter=1 bytes=536870912 t=0.55s 0.917 GB/s
[b0001 r0] mode=raw size=1048576 fpp=8 iter=1 bytes=536870912 t=0.58s 0.862 GB/s
[b0002 r1] mode=raw size=1048576 fpp=8 iter=1 bytes=536870912 t=0.59s 0.846 GB/s
[b0008 r3] mode=raw size=1048576 fpp=8 iter=1 bytes=536870912 t=0.59s 0.853 GB/s
[b0007 r2] mode=raw size=1048576 fpp=8 iter=2 bytes=536870912 t=0.55s 0.912 GB/s
[b0001 r0] mode=raw size=1048576 fpp=8 iter=2 bytes=536870912 t=0.58s 0.858 GB/s
[b0002 r1] mode=raw size=1048576 fpp=8 iter=2 bytes=536870912 t=0.62s 0.811 GB/s
[b0008 r3] mode=raw size=1048576 fpp=8 iter=2 bytes=536870912 t=0.61s 0.818 GB/s
[b0007 r2] mode=torch_save size=1048576 fpp=8 iter=0 bytes=537678336 t=0.55s 0.914 GB/s
[b0001 r0] mode=torch_save size=1048576 fpp=8 iter=0 bytes=537678336 t=0.80s 0.626 GB/s
[b0002 r1] mode=torch_save size=1048576 fpp=8 iter=0 bytes=537678336 t=0.55s 0.902 GB/s
[b0008 r3] mode=torch_save size=1048576 fpp=8 iter=0 bytes=537678336 t=0.58s 0.859 GB/s
[b0007 r2] mode=torch_save size=1048576 fpp=8 iter=1 bytes=537678336 t=0.53s 0.951 GB/s
[b0001 r0] mode=torch_save size=1048576 fpp=8 iter=1 bytes=537678336 t=0.58s 0.864 GB/s
[b0002 r1] mode=torch_save size=1048576 fpp=8 iter=1 bytes=537678336 t=0.56s 0.892 GB/s
[b0007 r2] mode=torch_save size=1048576 fpp=8 iter=2 bytes=537678336 t=0.57s 0.880 GB/s
[b0008 r3] mode=torch_save size=1048576 fpp=8 iter=1 bytes=537678336 t=0.59s 0.845 GB/s
[b0001 r0] mode=torch_save size=1048576 fpp=8 iter=2 bytes=537678336 t=0.58s 0.862 GB/s
[b0002 r1] mode=torch_save size=1048576 fpp=8 iter=2 bytes=537678336 t=0.57s 0.879 GB/s
[b0008 r3] mode=torch_save size=1048576 fpp=8 iter=2 bytes=537678336 t=0.60s 0.832 GB/s
[b0007 r2] mode=dcp size=1048576 fpp=8 iter=0 bytes=538153392 t=0.69s 0.726 GB/s
[b0002 r1] mode=dcp size=1048576 fpp=8 iter=0 bytes=538153904 t=0.70s 0.712 GB/s
[b0001 r0] mode=dcp size=1048576 fpp=8 iter=0 bytes=538153904 t=0.73s 0.685 GB/s
[b0008 r3] mode=dcp size=1048576 fpp=8 iter=0 bytes=538153904 t=0.74s 0.680 GB/s
[b0007 r2] mode=dcp size=1048576 fpp=8 iter=1 bytes=538153392 t=0.67s 0.752 GB/s
[b0002 r1] mode=dcp size=1048576 fpp=8 iter=1 bytes=538153904 t=0.70s 0.718 GB/s
[b0001 r0] mode=dcp size=1048576 fpp=8 iter=1 bytes=538153904 t=0.75s 0.671 GB/s
[b0008 r3] mode=dcp size=1048576 fpp=8 iter=1 bytes=538153904 t=0.71s 0.703 GB/s
[b0007 r2] mode=dcp size=1048576 fpp=8 iter=2 bytes=538153392 t=0.68s 0.739 GB/s
[b0002 r1] mode=dcp size=1048576 fpp=8 iter=2 bytes=538153904 t=0.72s 0.693 GB/s
[b0001 r0] mode=dcp size=1048576 fpp=8 iter=2 bytes=538153904 t=0.73s 0.683 GB/s
[b0008 r3] mode=dcp size=1048576 fpp=8 iter=2 bytes=538153904 t=0.71s 0.702 GB/s
[b0007 r2] mode=raw size=10485760 fpp=8 iter=0 bytes=5368709120 t=1.14s 4.402 GB/s
[b0002 r1] mode=raw size=10485760 fpp=8 iter=0 bytes=5368709120 t=1.05s 4.767 GB/s
[b0007 r2] mode=raw size=10485760 fpp=8 iter=1 bytes=5368709120 t=1.05s 4.754 GB/s
[b0008 r3] mode=raw size=10485760 fpp=8 iter=0 bytes=5368709120 t=0.99s 5.062 GB/s
[b0001 r0] mode=raw size=10485760 fpp=8 iter=0 bytes=5368709120 t=0.89s 5.598 GB/s
[b0002 r1] mode=raw size=10485760 fpp=8 iter=1 bytes=5368709120 t=0.89s 5.590 GB/s
[b0007 r2] mode=raw size=10485760 fpp=8 iter=2 bytes=5368709120 t=0.92s 5.435 GB/s
[b0008 r3] mode=raw size=10485760 fpp=8 iter=1 bytes=5368709120 t=0.96s 5.191 GB/s
[b0001 r0] mode=raw size=10485760 fpp=8 iter=1 bytes=5368709120 t=0.88s 5.698 GB/s
[b0002 r1] mode=raw size=10485760 fpp=8 iter=2 bytes=5368709120 t=0.79s 6.359 GB/s
[b0008 r3] mode=raw size=10485760 fpp=8 iter=2 bytes=5368709120 t=0.80s 6.236 GB/s
[b0001 r0] mode=raw size=10485760 fpp=8 iter=2 bytes=5368709120 t=0.70s 7.097 GB/s
[b0007 r2] mode=torch_save size=10485760 fpp=8 iter=0 bytes=5369516544 t=0.72s 6.912 GB/s
[b0007 r2] mode=torch_save size=10485760 fpp=8 iter=1 bytes=5369516544 t=0.75s 6.658 GB/s
[b0002 r1] mode=torch_save size=10485760 fpp=8 iter=0 bytes=5369516544 t=0.79s 6.323 GB/s
[b0008 r3] mode=torch_save size=10485760 fpp=8 iter=0 bytes=5369516544 t=0.76s 6.592 GB/s
[b0001 r0] mode=torch_save size=10485760 fpp=8 iter=0 bytes=5369516544 t=0.78s 6.402 GB/s
[b0007 r2] mode=torch_save size=10485760 fpp=8 iter=2 bytes=5369516544 t=0.67s 7.469 GB/s
[b0002 r1] mode=torch_save size=10485760 fpp=8 iter=1 bytes=5369516544 t=0.76s 6.546 GB/s
[b0008 r3] mode=torch_save size=10485760 fpp=8 iter=1 bytes=5369516544 t=0.74s 6.770 GB/s
[b0001 r0] mode=torch_save size=10485760 fpp=8 iter=1 bytes=5369516544 t=0.71s 7.024 GB/s
[b0002 r1] mode=torch_save size=10485760 fpp=8 iter=2 bytes=5369516544 t=0.80s 6.262 GB/s
[b0008 r3] mode=torch_save size=10485760 fpp=8 iter=2 bytes=5369516544 t=0.81s 6.160 GB/s
[b0001 r0] mode=torch_save size=10485760 fpp=8 iter=2 bytes=5369516544 t=0.78s 6.415 GB/s
[b0007 r2] mode=dcp size=10485760 fpp=8 iter=0 bytes=5369991600 t=0.91s 5.496 GB/s
[b0002 r1] mode=dcp size=10485760 fpp=8 iter=0 bytes=5369992112 t=1.13s 4.440 GB/s
[b0001 r0] mode=dcp size=10485760 fpp=8 iter=0 bytes=5369992112 t=1.19s 4.193 GB/s
[b0008 r3] mode=dcp size=10485760 fpp=8 iter=0 bytes=5369992112 t=1.14s 4.382 GB/s
[b0007 r2] mode=dcp size=10485760 fpp=8 iter=1 bytes=5369991600 t=0.96s 5.220 GB/s
[b0002 r1] mode=dcp size=10485760 fpp=8 iter=1 bytes=5369992112 t=1.15s 4.358 GB/s
[b0001 r0] mode=dcp size=10485760 fpp=8 iter=1 bytes=5369992112 t=1.18s 4.222 GB/s
[b0008 r3] mode=dcp size=10485760 fpp=8 iter=1 bytes=5369992112 t=1.15s 4.338 GB/s
[b0007 r2] mode=dcp size=10485760 fpp=8 iter=2 bytes=5369991600 t=0.96s 5.220 GB/s
[b0002 r1] mode=dcp size=10485760 fpp=8 iter=2 bytes=5369992112 t=1.16s 4.325 GB/s
[b0001 r0] mode=dcp size=10485760 fpp=8 iter=2 bytes=5369992112 t=1.19s 4.212 GB/s
[b0008 r3] mode=dcp size=10485760 fpp=8 iter=2 bytes=5369992112 t=1.13s 4.407 GB/s
[b0007 r2] mode=raw size=104857600 fpp=8 iter=0 bytes=53687091200 t=3.10s 16.138 GB/s
[b0002 r1] mode=raw size=104857600 fpp=8 iter=0 bytes=53687091200 t=2.86s 17.479 GB/s
[b0001 r0] mode=raw size=104857600 fpp=8 iter=0 bytes=53687091200 t=2.77s 18.052 GB/s
[b0008 r3] mode=raw size=104857600 fpp=8 iter=0 bytes=53687091200 t=3.45s 14.507 GB/s
[b0007 r2] mode=raw size=104857600 fpp=8 iter=1 bytes=53687091200 t=3.19s 15.690 GB/s
[b0002 r1] mode=raw size=104857600 fpp=8 iter=1 bytes=53687091200 t=3.23s 15.484 GB/s
[b0001 r0] mode=raw size=104857600 fpp=8 iter=1 bytes=53687091200 t=4.36s 11.464 GB/s
[b0007 r2] mode=raw size=104857600 fpp=8 iter=2 bytes=53687091200 t=3.69s 13.535 GB/s
[b0008 r3] mode=raw size=104857600 fpp=8 iter=1 bytes=53687091200 t=3.96s 12.610 GB/s
[b0001 r0] mode=raw size=104857600 fpp=8 iter=2 bytes=53687091200 t=2.93s 17.072 GB/s
[b0002 r1] mode=raw size=104857600 fpp=8 iter=2 bytes=53687091200 t=3.02s 16.556 GB/s
[b0008 r3] mode=raw size=104857600 fpp=8 iter=2 bytes=53687091200 t=3.26s 15.318 GB/s
[b0007 r2] mode=torch_save size=104857600 fpp=8 iter=0 bytes=53687898624 t=2.90s 17.265 GB/s
[b0002 r1] mode=torch_save size=104857600 fpp=8 iter=0 bytes=53687898624 t=3.18s 15.700 GB/s
[b0001 r0] mode=torch_save size=104857600 fpp=8 iter=0 bytes=53687898624 t=3.04s 16.443 GB/s
[b0007 r2] mode=torch_save size=104857600 fpp=8 iter=1 bytes=53687898624 t=2.84s 17.604 GB/s
[b0008 r3] mode=torch_save size=104857600 fpp=8 iter=0 bytes=53687898624 t=2.92s 17.095 GB/s
[b0002 r1] mode=torch_save size=104857600 fpp=8 iter=1 bytes=53687898624 t=2.79s 17.924 GB/s
[b0001 r0] mode=torch_save size=104857600 fpp=8 iter=1 bytes=53687898624 t=2.76s 18.089 GB/s
[b0007 r2] mode=torch_save size=104857600 fpp=8 iter=2 bytes=53687898624 t=3.72s 13.458 GB/s
[b0008 r3] mode=torch_save size=104857600 fpp=8 iter=1 bytes=53687898624 t=4.09s 12.238 GB/s
[b0002 r1] mode=torch_save size=104857600 fpp=8 iter=2 bytes=53687898624 t=3.72s 13.439 GB/s
[b0001 r0] mode=torch_save size=104857600 fpp=8 iter=2 bytes=53687898624 t=3.65s 13.693 GB/s
[b0008 r3] mode=torch_save size=104857600 fpp=8 iter=2 bytes=53687898624 t=3.27s 15.294 GB/s
[b0007 r2] mode=dcp size=104857600 fpp=8 iter=0 bytes=53688373680 t=3.37s 14.818 GB/s
[b0002 r1] mode=dcp size=104857600 fpp=8 iter=0 bytes=53688374192 t=3.12s 16.005 GB/s
[b0001 r0] mode=dcp size=104857600 fpp=8 iter=0 bytes=53688374192 t=3.27s 15.278 GB/s
[b0008 r3] mode=dcp size=104857600 fpp=8 iter=0 bytes=53688374192 t=2.64s 18.908 GB/s
[b0007 r2] mode=dcp size=104857600 fpp=8 iter=1 bytes=53688373680 t=3.27s 15.312 GB/s
[b0001 r0] mode=dcp size=104857600 fpp=8 iter=1 bytes=53688374192 t=3.25s 15.385 GB/s
[b0002 r1] mode=dcp size=104857600 fpp=8 iter=1 bytes=53688374192 t=3.34s 14.966 GB/s
[b0008 r3] mode=dcp size=104857600 fpp=8 iter=1 bytes=53688374192 t=2.69s 18.561 GB/s
[b0007 r2] mode=dcp size=104857600 fpp=8 iter=2 bytes=53688373680 t=3.00s 16.651 GB/s
[b0001 r0] mode=dcp size=104857600 fpp=8 iter=2 bytes=53688374192 t=3.14s 15.928 GB/s
[b0002 r1] mode=dcp size=104857600 fpp=8 iter=2 bytes=53688374192 t=3.10s 16.154 GB/s
[b0008 r3] mode=dcp size=104857600 fpp=8 iter=2 bytes=53688374192 t=2.67s 18.702 GB/s
Done. Results: results/4node_64cpu_b200-batch_26071/all.csv
