=== Wed May 20 17:46:24 EDT 2026 mode=write nodes=4 npernode=128 ===
[b0001 r0] base=/work/mit/datasets/test/writebench.b0001.0.1970240.20591c45
[b0004 r3] base=/work/mit/datasets/test/writebench.b0004.3.945745.0c0446ff
[b0002 r1] base=/work/mit/datasets/test/writebench.b0002.1.2820307.25df081a
[b0003 r2] base=/work/mit/datasets/test/writebench.b0003.2.2532735.b28edb92
[b0002 r1] mode=raw size=102400 fpp=8 iter=0 bytes=104857600 t=1.24s 0.079 GB/s
[b0004 r3] mode=raw size=102400 fpp=8 iter=0 bytes=104857600 t=1.39s 0.070 GB/s
[b0001 r0] mode=raw size=102400 fpp=8 iter=0 bytes=104857600 t=1.41s 0.069 GB/s
[b0003 r2] mode=raw size=102400 fpp=8 iter=0 bytes=104857600 t=1.34s 0.073 GB/s
[b0002 r1] mode=raw size=102400 fpp=8 iter=1 bytes=104857600 t=1.28s 0.076 GB/s
[b0004 r3] mode=raw size=102400 fpp=8 iter=1 bytes=104857600 t=1.36s 0.072 GB/s
[b0001 r0] mode=raw size=102400 fpp=8 iter=1 bytes=104857600 t=1.38s 0.071 GB/s
[b0003 r2] mode=raw size=102400 fpp=8 iter=1 bytes=104857600 t=1.30s 0.075 GB/s
[b0002 r1] mode=raw size=102400 fpp=8 iter=2 bytes=104857600 t=1.22s 0.080 GB/s
[b0004 r3] mode=raw size=102400 fpp=8 iter=2 bytes=104857600 t=1.30s 0.075 GB/s
[b0001 r0] mode=raw size=102400 fpp=8 iter=2 bytes=104857600 t=1.32s 0.074 GB/s
[b0003 r2] mode=raw size=102400 fpp=8 iter=2 bytes=104857600 t=1.29s 0.076 GB/s
[b0002 r1] mode=torch_save size=102400 fpp=8 iter=0 bytes=106472448 t=1.21s 0.082 GB/s
[b0004 r3] mode=torch_save size=102400 fpp=8 iter=0 bytes=106472448 t=1.29s 0.077 GB/s
[b0001 r0] mode=torch_save size=102400 fpp=8 iter=0 bytes=106472448 t=1.35s 0.074 GB/s
[b0002 r1] mode=torch_save size=102400 fpp=8 iter=1 bytes=106472448 t=1.21s 0.082 GB/s
[b0003 r2] mode=torch_save size=102400 fpp=8 iter=0 bytes=106472448 t=1.28s 0.077 GB/s
[b0004 r3] mode=torch_save size=102400 fpp=8 iter=1 bytes=106472448 t=1.30s 0.076 GB/s
[b0001 r0] mode=torch_save size=102400 fpp=8 iter=1 bytes=106472448 t=1.34s 0.074 GB/s
[b0002 r1] mode=torch_save size=102400 fpp=8 iter=2 bytes=106472448 t=1.21s 0.082 GB/s
[b0003 r2] mode=torch_save size=102400 fpp=8 iter=1 bytes=106472448 t=1.28s 0.077 GB/s
[b0004 r3] mode=torch_save size=102400 fpp=8 iter=2 bytes=106472448 t=1.29s 0.077 GB/s
[b0001 r0] mode=torch_save size=102400 fpp=8 iter=2 bytes=106472448 t=1.38s 0.072 GB/s
[b0003 r2] mode=torch_save size=102400 fpp=8 iter=2 bytes=106472448 t=1.41s 0.070 GB/s
[b0002 r1] mode=dcp size=102400 fpp=8 iter=0 bytes=107419792 t=1.33s 0.075 GB/s
[b0004 r3] mode=dcp size=102400 fpp=8 iter=0 bytes=107418768 t=1.42s 0.071 GB/s
[b0001 r0] mode=dcp size=102400 fpp=8 iter=0 bytes=107419792 t=1.42s 0.070 GB/s
[b0003 r2] mode=dcp size=102400 fpp=8 iter=0 bytes=107419792 t=1.41s 0.071 GB/s
[b0002 r1] mode=dcp size=102400 fpp=8 iter=1 bytes=107419792 t=1.31s 0.076 GB/s
[b0004 r3] mode=dcp size=102400 fpp=8 iter=1 bytes=107418768 t=1.40s 0.072 GB/s
[b0001 r0] mode=dcp size=102400 fpp=8 iter=1 bytes=107419792 t=1.44s 0.069 GB/s
[b0003 r2] mode=dcp size=102400 fpp=8 iter=1 bytes=107419792 t=1.44s 0.069 GB/s
[b0002 r1] mode=dcp size=102400 fpp=8 iter=2 bytes=107419792 t=1.39s 0.072 GB/s
[b0004 r3] mode=dcp size=102400 fpp=8 iter=2 bytes=107418768 t=1.41s 0.071 GB/s
[b0001 r0] mode=dcp size=102400 fpp=8 iter=2 bytes=107419792 t=1.45s 0.069 GB/s
[b0003 r2] mode=dcp size=102400 fpp=8 iter=2 bytes=107419792 t=1.42s 0.071 GB/s
[b0002 r1] mode=raw size=1048576 fpp=8 iter=0 bytes=1073741824 t=1.05s 0.956 GB/s
[b0004 r3] mode=raw size=1048576 fpp=8 iter=0 bytes=1073741824 t=1.13s 0.888 GB/s
[b0002 r1] mode=raw size=1048576 fpp=8 iter=1 bytes=1073741824 t=1.11s 0.900 GB/s
[b0001 r0] mode=raw size=1048576 fpp=8 iter=0 bytes=1073741824 t=1.18s 0.849 GB/s
[b0004 r3] mode=raw size=1048576 fpp=8 iter=1 bytes=1073741824 t=1.24s 0.803 GB/s
[b0002 r1] mode=raw size=1048576 fpp=8 iter=2 bytes=1073741824 t=1.10s 0.912 GB/s
[b0001 r0] mode=raw size=1048576 fpp=8 iter=1 bytes=1073741824 t=1.16s 0.859 GB/s
[b0003 r2] mode=raw size=1048576 fpp=8 iter=0 bytes=1073741824 t=1.12s 0.896 GB/s
[b0004 r3] mode=raw size=1048576 fpp=8 iter=2 bytes=1073741824 t=1.11s 0.898 GB/s
[b0001 r0] mode=raw size=1048576 fpp=8 iter=2 bytes=1073741824 t=1.13s 0.883 GB/s
[b0003 r2] mode=raw size=1048576 fpp=8 iter=1 bytes=1073741824 t=1.10s 0.910 GB/s
[b0002 r1] mode=torch_save size=1048576 fpp=8 iter=0 bytes=1075356672 t=1.04s 0.960 GB/s
[b0003 r2] mode=raw size=1048576 fpp=8 iter=2 bytes=1073741824 t=1.35s 0.740 GB/s
[b0002 r1] mode=torch_save size=1048576 fpp=8 iter=1 bytes=1075356672 t=1.05s 0.950 GB/s
[b0004 r3] mode=torch_save size=1048576 fpp=8 iter=0 bytes=1075356672 t=1.12s 0.897 GB/s
[b0001 r0] mode=torch_save size=1048576 fpp=8 iter=0 bytes=1075356672 t=1.34s 0.749 GB/s
[b0002 r1] mode=torch_save size=1048576 fpp=8 iter=2 bytes=1075356672 t=1.01s 0.990 GB/s
[b0004 r3] mode=torch_save size=1048576 fpp=8 iter=1 bytes=1075356672 t=1.20s 0.834 GB/s
[b0001 r0] mode=torch_save size=1048576 fpp=8 iter=1 bytes=1075356672 t=1.15s 0.872 GB/s
[b0003 r2] mode=torch_save size=1048576 fpp=8 iter=0 bytes=1075356672 t=1.12s 0.897 GB/s
[b0004 r3] mode=torch_save size=1048576 fpp=8 iter=2 bytes=1075356672 t=1.11s 0.899 GB/s
[b0001 r0] mode=torch_save size=1048576 fpp=8 iter=2 bytes=1075356672 t=1.15s 0.868 GB/s
[b0003 r2] mode=torch_save size=1048576 fpp=8 iter=1 bytes=1075356672 t=1.21s 0.829 GB/s
[b0003 r2] mode=torch_save size=1048576 fpp=8 iter=2 bytes=1075356672 t=1.14s 0.878 GB/s
[b0002 r1] mode=dcp size=1048576 fpp=8 iter=0 bytes=1076308112 t=1.32s 0.761 GB/s
[b0004 r3] mode=dcp size=1048576 fpp=8 iter=0 bytes=1076307088 t=1.51s 0.666 GB/s
[b0001 r0] mode=dcp size=1048576 fpp=8 iter=0 bytes=1076308112 t=1.48s 0.678 GB/s
[b0002 r1] mode=dcp size=1048576 fpp=8 iter=1 bytes=1076308112 t=1.36s 0.737 GB/s
[b0003 r2] mode=dcp size=1048576 fpp=8 iter=0 bytes=1076308112 t=1.44s 0.698 GB/s
[b0004 r3] mode=dcp size=1048576 fpp=8 iter=1 bytes=1076307088 t=1.44s 0.694 GB/s
[b0001 r0] mode=dcp size=1048576 fpp=8 iter=1 bytes=1076308112 t=1.54s 0.652 GB/s
[b0002 r1] mode=dcp size=1048576 fpp=8 iter=2 bytes=1076308112 t=1.44s 0.698 GB/s
[b0003 r2] mode=dcp size=1048576 fpp=8 iter=1 bytes=1076308112 t=1.51s 0.663 GB/s
[b0004 r3] mode=dcp size=1048576 fpp=8 iter=2 bytes=1076307088 t=1.43s 0.701 GB/s
[b0001 r0] mode=dcp size=1048576 fpp=8 iter=2 bytes=1076308112 t=1.84s 0.545 GB/s
[b0002 r1] mode=raw size=10485760 fpp=8 iter=0 bytes=10737418240 t=1.56s 6.402 GB/s
[b0003 r2] mode=dcp size=1048576 fpp=8 iter=2 bytes=1076308112 t=1.94s 0.516 GB/s
[b0002 r1] mode=raw size=10485760 fpp=8 iter=1 bytes=10737418240 t=1.64s 6.104 GB/s
[b0004 r3] mode=raw size=10485760 fpp=8 iter=0 bytes=10737418240 t=1.55s 6.459 GB/s
[b0002 r1] mode=raw size=10485760 fpp=8 iter=2 bytes=10737418240 t=1.39s 7.172 GB/s
[b0001 r0] mode=raw size=10485760 fpp=8 iter=0 bytes=10737418240 t=1.64s 6.112 GB/s
[b0004 r3] mode=raw size=10485760 fpp=8 iter=1 bytes=10737418240 t=1.66s 6.036 GB/s
[b0003 r2] mode=raw size=10485760 fpp=8 iter=0 bytes=10737418240 t=1.71s 5.847 GB/s
[b0001 r0] mode=raw size=10485760 fpp=8 iter=1 bytes=10737418240 t=1.75s 5.731 GB/s
[b0002 r1] mode=torch_save size=10485760 fpp=8 iter=0 bytes=10739033088 t=1.52s 6.592 GB/s
[b0004 r3] mode=raw size=10485760 fpp=8 iter=2 bytes=10737418240 t=1.49s 6.732 GB/s
[b0003 r2] mode=raw size=10485760 fpp=8 iter=1 bytes=10737418240 t=1.80s 5.546 GB/s
[b0001 r0] mode=raw size=10485760 fpp=8 iter=2 bytes=10737418240 t=1.73s 5.789 GB/s
[b0002 r1] mode=torch_save size=10485760 fpp=8 iter=1 bytes=10739033088 t=1.57s 6.390 GB/s
[b0003 r2] mode=raw size=10485760 fpp=8 iter=2 bytes=10737418240 t=1.85s 5.411 GB/s
[b0002 r1] mode=torch_save size=10485760 fpp=8 iter=2 bytes=10739033088 t=1.66s 6.013 GB/s
[b0004 r3] mode=torch_save size=10485760 fpp=8 iter=0 bytes=10739033088 t=1.43s 6.980 GB/s
[b0001 r0] mode=torch_save size=10485760 fpp=8 iter=0 bytes=10739033088 t=1.83s 5.451 GB/s
[b0004 r3] mode=torch_save size=10485760 fpp=8 iter=1 bytes=10739033088 t=1.49s 6.708 GB/s
[b0001 r0] mode=torch_save size=10485760 fpp=8 iter=1 bytes=10739033088 t=1.74s 5.749 GB/s
[b0003 r2] mode=torch_save size=10485760 fpp=8 iter=0 bytes=10739033088 t=1.76s 5.689 GB/s
[b0004 r3] mode=torch_save size=10485760 fpp=8 iter=2 bytes=10739033088 t=1.61s 6.212 GB/s
[b0001 r0] mode=torch_save size=10485760 fpp=8 iter=2 bytes=10739033088 t=1.70s 5.867 GB/s
[b0003 r2] mode=torch_save size=10485760 fpp=8 iter=1 bytes=10739033088 t=1.75s 5.706 GB/s
[b0002 r1] mode=dcp size=10485760 fpp=8 iter=0 bytes=10739984528 t=1.80s 5.554 GB/s
[b0003 r2] mode=torch_save size=10485760 fpp=8 iter=2 bytes=10739033088 t=1.57s 6.384 GB/s
[b0002 r1] mode=dcp size=10485760 fpp=8 iter=1 bytes=10739984528 t=1.91s 5.248 GB/s
[b0004 r3] mode=dcp size=10485760 fpp=8 iter=0 bytes=10739983504 t=1.99s 5.038 GB/s
[b0001 r0] mode=dcp size=10485760 fpp=8 iter=0 bytes=10739984528 t=1.82s 5.510 GB/s
[b0003 r2] mode=dcp size=10485760 fpp=8 iter=0 bytes=10739984528 t=1.79s 5.577 GB/s
[b0002 r1] mode=dcp size=10485760 fpp=8 iter=2 bytes=10739984528 t=1.88s 5.313 GB/s
[b0004 r3] mode=dcp size=10485760 fpp=8 iter=1 bytes=10739983504 t=1.94s 5.147 GB/s
[b0001 r0] mode=dcp size=10485760 fpp=8 iter=1 bytes=10739984528 t=1.86s 5.364 GB/s
[b0003 r2] mode=dcp size=10485760 fpp=8 iter=1 bytes=10739984528 t=1.87s 5.350 GB/s
[b0004 r3] mode=dcp size=10485760 fpp=8 iter=2 bytes=10739983504 t=2.46s 4.067 GB/s
[b0001 r0] mode=dcp size=10485760 fpp=8 iter=2 bytes=10739984528 t=2.22s 4.516 GB/s
[b0003 r2] mode=dcp size=10485760 fpp=8 iter=2 bytes=10739984528 t=2.27s 4.415 GB/s
[b0002 r1] mode=raw size=104857600 fpp=8 iter=0 bytes=107374182400 t=4.45s 22.462 GB/s
[b0002 r1] mode=raw size=104857600 fpp=8 iter=1 bytes=107374182400 t=5.06s 19.754 GB/s
[b0004 r3] mode=raw size=104857600 fpp=8 iter=0 bytes=107374182400 t=7.03s 14.220 GB/s
[b0001 r0] mode=raw size=104857600 fpp=8 iter=0 bytes=107374182400 t=7.25s 13.794 GB/s
[b0002 r1] mode=raw size=104857600 fpp=8 iter=2 bytes=107374182400 t=7.01s 14.266 GB/s
[b0004 r3] mode=raw size=104857600 fpp=8 iter=1 bytes=107374182400 t=7.65s 13.069 GB/s
[b0001 r0] mode=raw size=104857600 fpp=8 iter=1 bytes=107374182400 t=7.61s 13.139 GB/s
[b0003 r2] mode=raw size=104857600 fpp=8 iter=0 bytes=107374182400 t=7.67s 13.046 GB/s
[b0004 r3] mode=raw size=104857600 fpp=8 iter=2 bytes=107374182400 t=7.61s 13.139 GB/s
[b0001 r0] mode=raw size=104857600 fpp=8 iter=2 bytes=107374182400 t=7.74s 12.917 GB/s
[b0003 r2] mode=raw size=104857600 fpp=8 iter=1 bytes=107374182400 t=7.07s 14.136 GB/s
[b0002 r1] mode=torch_save size=104857600 fpp=8 iter=0 bytes=107375797248 t=7.17s 13.945 GB/s
[b0003 r2] mode=raw size=104857600 fpp=8 iter=2 bytes=107374182400 t=7.31s 13.687 GB/s
[b0002 r1] mode=torch_save size=104857600 fpp=8 iter=1 bytes=107375797248 t=7.09s 14.099 GB/s
[b0002 r1] mode=torch_save size=104857600 fpp=8 iter=2 bytes=107375797248 t=6.72s 14.881 GB/s
[b0004 r3] mode=torch_save size=104857600 fpp=8 iter=0 bytes=107375797248 t=7.09s 14.101 GB/s
[b0001 r0] mode=torch_save size=104857600 fpp=8 iter=0 bytes=107375797248 t=8.24s 12.135 GB/s
[b0001 r0] mode=torch_save size=104857600 fpp=8 iter=1 bytes=107375797248 t=6.62s 15.114 GB/s
[b0003 r2] mode=torch_save size=104857600 fpp=8 iter=0 bytes=107375797248 t=6.21s 16.098 GB/s
[b0004 r3] mode=torch_save size=104857600 fpp=8 iter=1 bytes=107375797248 t=8.12s 12.321 GB/s
[b0001 r0] mode=torch_save size=104857600 fpp=8 iter=2 bytes=107375797248 t=5.41s 18.473 GB/s
[b0003 r2] mode=torch_save size=104857600 fpp=8 iter=1 bytes=107375797248 t=5.12s 19.514 GB/s
[b0004 r3] mode=torch_save size=104857600 fpp=8 iter=2 bytes=107375797248 t=6.12s 16.335 GB/s
[b0003 r2] mode=torch_save size=104857600 fpp=8 iter=2 bytes=107375797248 t=5.12s 19.548 GB/s
[b0002 r1] mode=dcp size=104857600 fpp=8 iter=0 bytes=107376748688 t=5.68s 17.602 GB/s
[b0001 r0] mode=dcp size=104857600 fpp=8 iter=0 bytes=107376748688 t=5.53s 18.069 GB/s
[b0002 r1] mode=dcp size=104857600 fpp=8 iter=1 bytes=107376748688 t=5.58s 17.916 GB/s
[b0004 r3] mode=dcp size=104857600 fpp=8 iter=0 bytes=107376747664 t=5.90s 16.957 GB/s
[b0003 r2] mode=dcp size=104857600 fpp=8 iter=0 bytes=107376748688 t=5.13s 19.493 GB/s
[b0001 r0] mode=dcp size=104857600 fpp=8 iter=1 bytes=107376748688 t=5.31s 18.843 GB/s
[b0002 r1] mode=dcp size=104857600 fpp=8 iter=2 bytes=107376748688 t=5.19s 19.277 GB/s
[b0004 r3] mode=dcp size=104857600 fpp=8 iter=1 bytes=107376747664 t=5.22s 19.170 GB/s
[b0003 r2] mode=dcp size=104857600 fpp=8 iter=1 bytes=107376748688 t=5.13s 19.508 GB/s
[b0001 r0] mode=dcp size=104857600 fpp=8 iter=2 bytes=107376748688 t=4.92s 20.328 GB/s
[b0004 r3] mode=dcp size=104857600 fpp=8 iter=2 bytes=107376747664 t=5.07s 19.733 GB/s
[b0003 r2] mode=dcp size=104857600 fpp=8 iter=2 bytes=107376748688 t=5.07s 19.717 GB/s
Done. Results: results/4node_128cpu_b200-batch_26081/all.csv
