=== NFS mount addrs on b0004 ===
/work from storage0001.nfs:/work
 Flags:	rw,relatime,vers=3,rsize=1048576,wsize=1048576,namlen=255,hard,rdirplus=force,forcerdirplus,proto=rdma,nconnect=16,port=20049,timeo=600,retrans=2,sec=sys,mountaddr=172.23.11.52,mountvers=3,mountproto=tcp,local_lock=none,remoteports=dns,addr=172.23.11.43
 Flags:	rw,relatime,vers=3,rsize=1048576,wsize=1048576,namlen=255,hard,rdirplus=force,forcerdirplus,proto=rdma,nconnect=16,port=20049,timeo=600,retrans=2,sec=sys,mountaddr=172.23.11.42,mountvers=3,mountproto=tcp,local_lock=none,remoteports=dns,addr=172.23.11.15
 Flags:	rw,relatime,vers=3,rsize=1048576,wsize=1048576,namlen=255,hard,rdirplus=force,forcerdirplus,proto=rdma,nconnect=16,port=20049,timeo=600,retrans=2,sec=sys,mountaddr=172.23.11.15,mountvers=3,mountproto=tcp,local_lock=none,remoteports=dns,addr=172.23.11.16
=== task=1/21 nodes=2 jobs/node=32 iodepth=64 workload=all ===
DATA_ROOT=/work/mit/datasets/test/fio
TASK_DATA_DIR=/work/mit/datasets/test/fio/fio_1779420797/task_1
RESULTS=results-peak/fio_1779420797/task_1
SIZES (for seq_*): 1M 10M 100M
TOTAL_PER_JOB (for seq_*): 4G
RAND_SIZE_PER_JOB: 16G
RAND_JOBS_PER_NODE/RAND_IODEPTH: 64/128
HONEST_FSYNC: 1  (1=wait for server commit on rand_write; 0=dishonest spec-comparison mode)
--- fio seq_write_1M (file=1M, nrfiles=4096, size_per_job=4G, numjobs=32, iodepth=1, end_fsync=1) on b0004 engine=pvsync2 -> results-peak/fio_1779420797/task_1/b0004.seq_write_1M.json ---
--- fio seq_write_1M (file=1M, nrfiles=4096, size_per_job=4G, numjobs=32, iodepth=1, end_fsync=1) on b0005 engine=pvsync2 -> results-peak/fio_1779420797/task_1/b0005.seq_write_1M.json ---
--- fio seq_write_10M (file=10M, nrfiles=409, size_per_job=4G, numjobs=32, iodepth=1, end_fsync=1) on b0005 engine=pvsync2 -> results-peak/fio_1779420797/task_1/b0005.seq_write_10M.json ---
--- fio seq_write_10M (file=10M, nrfiles=409, size_per_job=4G, numjobs=32, iodepth=1, end_fsync=1) on b0004 engine=pvsync2 -> results-peak/fio_1779420797/task_1/b0004.seq_write_10M.json ---
--- fio seq_write_100M (file=100M, nrfiles=40, size_per_job=4G, numjobs=32, iodepth=1, end_fsync=1) on b0005 engine=pvsync2 -> results-peak/fio_1779420797/task_1/b0005.seq_write_100M.json ---
--- fio seq_write_100M (file=100M, nrfiles=40, size_per_job=4G, numjobs=32, iodepth=1, end_fsync=1) on b0004 engine=pvsync2 -> results-peak/fio_1779420797/task_1/b0004.seq_write_100M.json ---
--- fio seq_read_1M (file=1M, nrfiles=4096, size_per_job=4G, numjobs=32, iodepth=1, end_fsync=1) on b0005 engine=pvsync2 -> results-peak/fio_1779420797/task_1/b0005.seq_read_1M.json ---
--- fio seq_read_1M (file=1M, nrfiles=4096, size_per_job=4G, numjobs=32, iodepth=1, end_fsync=1) on b0004 engine=pvsync2 -> results-peak/fio_1779420797/task_1/b0004.seq_read_1M.json ---
--- fio seq_read_10M (file=10M, nrfiles=409, size_per_job=4G, numjobs=32, iodepth=1, end_fsync=1) on b0005 engine=pvsync2 -> results-peak/fio_1779420797/task_1/b0005.seq_read_10M.json ---
--- fio seq_read_10M (file=10M, nrfiles=409, size_per_job=4G, numjobs=32, iodepth=1, end_fsync=1) on b0004 engine=pvsync2 -> results-peak/fio_1779420797/task_1/b0004.seq_read_10M.json ---
--- fio seq_read_100M (file=100M, nrfiles=40, size_per_job=4G, numjobs=32, iodepth=1, end_fsync=1) on b0005 engine=pvsync2 -> results-peak/fio_1779420797/task_1/b0005.seq_read_100M.json ---
--- fio seq_read_100M (file=100M, nrfiles=40, size_per_job=4G, numjobs=32, iodepth=1, end_fsync=1) on b0004 engine=pvsync2 -> results-peak/fio_1779420797/task_1/b0004.seq_read_100M.json ---
--- fio rand_write (file=16G, nrfiles=1, size_per_job=16G, numjobs=64, iodepth=1, end_fsync=1) on b0004 engine=pvsync2 -> results-peak/fio_1779420797/task_1/b0004.rand_write.json ---
--- fio rand_write (file=16G, nrfiles=1, size_per_job=16G, numjobs=64, iodepth=1, end_fsync=1) on b0005 engine=pvsync2 -> results-peak/fio_1779420797/task_1/b0005.rand_write.json ---
--- fio rand_read (file=16G, nrfiles=1, size_per_job=16G, numjobs=64, iodepth=1, end_fsync=0) on b0005 engine=pvsync2 -> results-peak/fio_1779420797/task_1/b0005.rand_read.json ---
--- fio rand_read (file=16G, nrfiles=1, size_per_job=16G, numjobs=64, iodepth=1, end_fsync=0) on b0004 engine=pvsync2 -> results-peak/fio_1779420797/task_1/b0004.rand_read.json ---
[2026-05-22T00:18:29.009] error: *** JOB 26649 ON b0004 CANCELLED AT 2026-05-22T00:18:29 DUE TO TIME LIMIT ***
--- cleanup: rm -rf /work/mit/datasets/test/fio/fio_1779420797/task_1 (exit rc=0) ---
srun: error: b0005: task 1: Terminated
srun: Force Terminated StepId=26649.3
