=== Wed May 20 19:19:53 EDT 2026 mode=write nodes=16 npernode=64 ===
[b0001 r0] base=/work/mit/datasets/test/writebench.b0001.0.1979004.1ff34662
[b0011 r10] base=/work/mit/datasets/test/writebench.b0011.10.1145754.54927fdb
[b0010 r9] base=/work/mit/datasets/test/writebench.b0010.9.1189365.c2b2ce57
[b0006 r5] base=/work/mit/datasets/test/writebench.b0006.5.1339655.4b33235c
[b0015 r14] base=/work/mit/datasets/test/writebench.b0015.14.730422.ad0fb961
[b0005 r4] base=/work/mit/datasets/test/writebench.b0005.4.1682852.502a1a7b
[b0013 r12] base=/work/mit/datasets/test/writebench.b0013.12.775412.f15ec178
[b0008 r7] base=/work/mit/datasets/test/writebench.b0008.7.1341806.6c78be56
[b0012 r11] base=/work/mit/datasets/test/writebench.b0012.11.174867.1480befc
[b0004 r3] base=/work/mit/datasets/test/writebench.b0004.3.953833.45e7b8a3
[b0007 r6] base=/work/mit/datasets/test/writebench.b0007.6.506319.35ece0df
[b0009 r8] base=/work/mit/datasets/test/writebench.b0009.8.1081503.a6cf4b1a
[b0002 r1] base=/work/mit/datasets/test/writebench.b0002.1.2828849.3a278f63
[b0003 r2] base=/work/mit/datasets/test/writebench.b0003.2.2540906.a6d9c775
[b0014 r13] base=/work/mit/datasets/test/writebench.b0014.13.776908.d294947a
[b0016 r15] base=/work/mit/datasets/test/writebench.b0016.15.454463.ceb5a26b
[b0001 r0] mode=raw size=102400 fpp=8 iter=0 bytes=52428800 t=0.64s 0.076 GB/s
[b0014 r13] mode=raw size=102400 fpp=8 iter=0 bytes=52428800 t=0.64s 0.077 GB/s
[b0003 r2] mode=raw size=102400 fpp=8 iter=0 bytes=52428800 t=0.63s 0.077 GB/s
[b0015 r14] mode=raw size=102400 fpp=8 iter=0 bytes=52428800 t=0.65s 0.075 GB/s
[b0011 r10] mode=raw size=102400 fpp=8 iter=0 bytes=52428800 t=0.65s 0.075 GB/s
[b0007 r6] mode=raw size=102400 fpp=8 iter=0 bytes=52428800 t=0.65s 0.075 GB/s
[b0005 r4] mode=raw size=102400 fpp=8 iter=0 bytes=52428800 t=0.68s 0.072 GB/s
[b0002 r1] mode=raw size=102400 fpp=8 iter=0 bytes=52428800 t=0.64s 0.076 GB/s
[b0006 r5] mode=raw size=102400 fpp=8 iter=0 bytes=52428800 t=0.67s 0.073 GB/s
[b0010 r9] mode=raw size=102400 fpp=8 iter=0 bytes=52428800 t=0.71s 0.069 GB/s
[b0012 r11] mode=raw size=102400 fpp=8 iter=0 bytes=52428800 t=0.69s 0.071 GB/s
[b0016 r15] mode=raw size=102400 fpp=8 iter=0 bytes=52428800 t=0.66s 0.074 GB/s
[b0009 r8] mode=raw size=102400 fpp=8 iter=0 bytes=52428800 t=0.67s 0.073 GB/s
[b0008 r7] mode=raw size=102400 fpp=8 iter=0 bytes=52428800 t=0.73s 0.066 GB/s
[b0013 r12] mode=raw size=102400 fpp=8 iter=0 bytes=52428800 t=0.69s 0.071 GB/s
[b0004 r3] mode=raw size=102400 fpp=8 iter=0 bytes=52428800 t=0.70s 0.070 GB/s
[b0001 r0] mode=raw size=102400 fpp=8 iter=1 bytes=52428800 t=0.62s 0.078 GB/s
[b0014 r13] mode=raw size=102400 fpp=8 iter=1 bytes=52428800 t=0.64s 0.077 GB/s
[b0003 r2] mode=raw size=102400 fpp=8 iter=1 bytes=52428800 t=0.63s 0.077 GB/s
[b0011 r10] mode=raw size=102400 fpp=8 iter=1 bytes=52428800 t=0.65s 0.075 GB/s
[b0015 r14] mode=raw size=102400 fpp=8 iter=1 bytes=52428800 t=0.64s 0.076 GB/s
[b0002 r1] mode=raw size=102400 fpp=8 iter=1 bytes=52428800 t=0.63s 0.077 GB/s
[b0007 r6] mode=raw size=102400 fpp=8 iter=1 bytes=52428800 t=0.65s 0.075 GB/s
[b0006 r5] mode=raw size=102400 fpp=8 iter=1 bytes=52428800 t=0.67s 0.073 GB/s
[b0005 r4] mode=raw size=102400 fpp=8 iter=1 bytes=52428800 t=0.68s 0.072 GB/s
[b0016 r15] mode=raw size=102400 fpp=8 iter=1 bytes=52428800 t=0.65s 0.075 GB/s
[b0009 r8] mode=raw size=102400 fpp=8 iter=1 bytes=52428800 t=0.65s 0.075 GB/s
[b0012 r11] mode=raw size=102400 fpp=8 iter=1 bytes=52428800 t=0.67s 0.073 GB/s
[b0010 r9] mode=raw size=102400 fpp=8 iter=1 bytes=52428800 t=0.70s 0.069 GB/s
[b0013 r12] mode=raw size=102400 fpp=8 iter=1 bytes=52428800 t=0.70s 0.070 GB/s
[b0004 r3] mode=raw size=102400 fpp=8 iter=1 bytes=52428800 t=0.69s 0.070 GB/s
[b0008 r7] mode=raw size=102400 fpp=8 iter=1 bytes=52428800 t=0.71s 0.069 GB/s
[b0001 r0] mode=raw size=102400 fpp=8 iter=2 bytes=52428800 t=0.64s 0.077 GB/s
[b0003 r2] mode=raw size=102400 fpp=8 iter=2 bytes=52428800 t=0.63s 0.077 GB/s
[b0014 r13] mode=raw size=102400 fpp=8 iter=2 bytes=52428800 t=0.69s 0.071 GB/s
[b0015 r14] mode=raw size=102400 fpp=8 iter=2 bytes=52428800 t=0.65s 0.075 GB/s
[b0011 r10] mode=raw size=102400 fpp=8 iter=2 bytes=52428800 t=0.72s 0.068 GB/s
[b0007 r6] mode=raw size=102400 fpp=8 iter=2 bytes=52428800 t=0.68s 0.072 GB/s
[b0002 r1] mode=raw size=102400 fpp=8 iter=2 bytes=52428800 t=0.68s 0.071 GB/s
[b0006 r5] mode=raw size=102400 fpp=8 iter=2 bytes=52428800 t=0.65s 0.075 GB/s
[b0009 r8] mode=raw size=102400 fpp=8 iter=2 bytes=52428800 t=0.63s 0.077 GB/s
[b0016 r15] mode=raw size=102400 fpp=8 iter=2 bytes=52428800 t=0.65s 0.075 GB/s
[b0012 r11] mode=raw size=102400 fpp=8 iter=2 bytes=52428800 t=0.69s 0.071 GB/s
[b0005 r4] mode=raw size=102400 fpp=8 iter=2 bytes=52428800 t=0.75s 0.065 GB/s
[b0010 r9] mode=raw size=102400 fpp=8 iter=2 bytes=52428800 t=0.71s 0.069 GB/s
[b0013 r12] mode=raw size=102400 fpp=8 iter=2 bytes=52428800 t=0.67s 0.073 GB/s
[b0004 r3] mode=raw size=102400 fpp=8 iter=2 bytes=52428800 t=0.70s 0.070 GB/s
[b0008 r7] mode=raw size=102400 fpp=8 iter=2 bytes=52428800 t=0.69s 0.070 GB/s
[b0001 r0] mode=torch_save size=102400 fpp=8 iter=0 bytes=53236224 t=0.61s 0.081 GB/s
[b0003 r2] mode=torch_save size=102400 fpp=8 iter=0 bytes=53236224 t=0.63s 0.079 GB/s
[b0014 r13] mode=torch_save size=102400 fpp=8 iter=0 bytes=53236224 t=0.62s 0.081 GB/s
[b0015 r14] mode=torch_save size=102400 fpp=8 iter=0 bytes=53236224 t=0.63s 0.079 GB/s
[b0009 r8] mode=torch_save size=102400 fpp=8 iter=0 bytes=53236224 t=0.64s 0.077 GB/s
[b0006 r5] mode=torch_save size=102400 fpp=8 iter=0 bytes=53236224 t=0.64s 0.077 GB/s
[b0002 r1] mode=torch_save size=102400 fpp=8 iter=0 bytes=53236224 t=0.65s 0.076 GB/s
[b0007 r6] mode=torch_save size=102400 fpp=8 iter=0 bytes=53236224 t=0.63s 0.078 GB/s
[b0016 r15] mode=torch_save size=102400 fpp=8 iter=0 bytes=53236224 t=0.66s 0.075 GB/s
[b0011 r10] mode=torch_save size=102400 fpp=8 iter=0 bytes=53236224 t=0.68s 0.073 GB/s
[b0012 r11] mode=torch_save size=102400 fpp=8 iter=0 bytes=53236224 t=0.67s 0.074 GB/s
[b0005 r4] mode=torch_save size=102400 fpp=8 iter=0 bytes=53236224 t=0.68s 0.073 GB/s
[b0013 r12] mode=torch_save size=102400 fpp=8 iter=0 bytes=53236224 t=0.67s 0.074 GB/s
[b0010 r9] mode=torch_save size=102400 fpp=8 iter=0 bytes=53236224 t=0.71s 0.070 GB/s
[b0008 r7] mode=torch_save size=102400 fpp=8 iter=0 bytes=53236224 t=0.68s 0.073 GB/s
[b0004 r3] mode=torch_save size=102400 fpp=8 iter=0 bytes=53236224 t=0.74s 0.067 GB/s
[b0001 r0] mode=torch_save size=102400 fpp=8 iter=1 bytes=53236224 t=0.66s 0.075 GB/s
[b0003 r2] mode=torch_save size=102400 fpp=8 iter=1 bytes=53236224 t=0.62s 0.079 GB/s
[b0014 r13] mode=torch_save size=102400 fpp=8 iter=1 bytes=53236224 t=0.62s 0.081 GB/s
[b0015 r14] mode=torch_save size=102400 fpp=8 iter=1 bytes=53236224 t=0.66s 0.075 GB/s
[b0009 r8] mode=torch_save size=102400 fpp=8 iter=1 bytes=53236224 t=0.63s 0.079 GB/s
[b0002 r1] mode=torch_save size=102400 fpp=8 iter=1 bytes=53236224 t=0.62s 0.080 GB/s
[b0007 r6] mode=torch_save size=102400 fpp=8 iter=1 bytes=53236224 t=0.62s 0.080 GB/s
[b0006 r5] mode=torch_save size=102400 fpp=8 iter=1 bytes=53236224 t=0.65s 0.076 GB/s
[b0016 r15] mode=torch_save size=102400 fpp=8 iter=1 bytes=53236224 t=0.65s 0.076 GB/s
[b0011 r10] mode=torch_save size=102400 fpp=8 iter=1 bytes=53236224 t=0.68s 0.073 GB/s
[b0012 r11] mode=torch_save size=102400 fpp=8 iter=1 bytes=53236224 t=0.70s 0.071 GB/s
[b0005 r4] mode=torch_save size=102400 fpp=8 iter=1 bytes=53236224 t=0.68s 0.073 GB/s
[b0013 r12] mode=torch_save size=102400 fpp=8 iter=1 bytes=53236224 t=0.67s 0.074 GB/s
[b0008 r7] mode=torch_save size=102400 fpp=8 iter=1 bytes=53236224 t=0.67s 0.074 GB/s
[b0010 r9] mode=torch_save size=102400 fpp=8 iter=1 bytes=53236224 t=0.70s 0.071 GB/s
[b0004 r3] mode=torch_save size=102400 fpp=8 iter=1 bytes=53236224 t=0.68s 0.073 GB/s
[b0003 r2] mode=torch_save size=102400 fpp=8 iter=2 bytes=53236224 t=0.63s 0.079 GB/s
[b0014 r13] mode=torch_save size=102400 fpp=8 iter=2 bytes=53236224 t=0.62s 0.081 GB/s
[b0001 r0] mode=torch_save size=102400 fpp=8 iter=2 bytes=53236224 t=0.74s 0.067 GB/s
[b0002 r1] mode=torch_save size=102400 fpp=8 iter=2 bytes=53236224 t=0.62s 0.080 GB/s
[b0015 r14] mode=torch_save size=102400 fpp=8 iter=2 bytes=53236224 t=0.64s 0.077 GB/s
[b0009 r8] mode=torch_save size=102400 fpp=8 iter=2 bytes=53236224 t=0.65s 0.076 GB/s
[b0007 r6] mode=torch_save size=102400 fpp=8 iter=2 bytes=53236224 t=0.65s 0.077 GB/s
[b0006 r5] mode=torch_save size=102400 fpp=8 iter=2 bytes=53236224 t=0.64s 0.077 GB/s
[b0016 r15] mode=torch_save size=102400 fpp=8 iter=2 bytes=53236224 t=0.66s 0.075 GB/s
[b0011 r10] mode=torch_save size=102400 fpp=8 iter=2 bytes=53236224 t=0.67s 0.074 GB/s
[b0005 r4] mode=torch_save size=102400 fpp=8 iter=2 bytes=53236224 t=0.68s 0.073 GB/s
[b0012 r11] mode=torch_save size=102400 fpp=8 iter=2 bytes=53236224 t=0.70s 0.071 GB/s
[b0013 r12] mode=torch_save size=102400 fpp=8 iter=2 bytes=53236224 t=0.70s 0.071 GB/s
[b0008 r7] mode=torch_save size=102400 fpp=8 iter=2 bytes=53236224 t=0.69s 0.072 GB/s
[b0010 r9] mode=torch_save size=102400 fpp=8 iter=2 bytes=53236224 t=0.72s 0.069 GB/s
[b0004 r3] mode=torch_save size=102400 fpp=8 iter=2 bytes=53236224 t=0.66s 0.075 GB/s
[b0003 r2] mode=dcp size=102400 fpp=8 iter=0 bytes=53709744 t=0.71s 0.071 GB/s
[b0014 r13] mode=dcp size=102400 fpp=8 iter=0 bytes=53709744 t=0.67s 0.074 GB/s
[b0001 r0] mode=dcp size=102400 fpp=8 iter=0 bytes=53709744 t=0.66s 0.076 GB/s
[b0015 r14] mode=dcp size=102400 fpp=8 iter=0 bytes=53709744 t=0.66s 0.075 GB/s
[b0002 r1] mode=dcp size=102400 fpp=8 iter=0 bytes=53709744 t=0.70s 0.071 GB/s
[b0007 r6] mode=dcp size=102400 fpp=8 iter=0 bytes=53709232 t=0.70s 0.072 GB/s
[b0009 r8] mode=dcp size=102400 fpp=8 iter=0 bytes=53709744 t=0.68s 0.074 GB/s
[b0006 r5] mode=dcp size=102400 fpp=8 iter=0 bytes=53709744 t=0.68s 0.073 GB/s
[b0016 r15] mode=dcp size=102400 fpp=8 iter=0 bytes=53709744 t=0.68s 0.074 GB/s
[b0011 r10] mode=dcp size=102400 fpp=8 iter=0 bytes=53710256 t=0.74s 0.067 GB/s
[b0005 r4] mode=dcp size=102400 fpp=8 iter=0 bytes=53709744 t=0.74s 0.067 GB/s
[b0012 r11] mode=dcp size=102400 fpp=8 iter=0 bytes=53709744 t=0.69s 0.072 GB/s
[b0013 r12] mode=dcp size=102400 fpp=8 iter=0 bytes=53709744 t=0.69s 0.073 GB/s
[b0008 r7] mode=dcp size=102400 fpp=8 iter=0 bytes=53709744 t=0.69s 0.073 GB/s
[b0004 r3] mode=dcp size=102400 fpp=8 iter=0 bytes=53709232 t=0.70s 0.071 GB/s
[b0010 r9] mode=dcp size=102400 fpp=8 iter=0 bytes=53709744 t=0.72s 0.069 GB/s
[b0014 r13] mode=dcp size=102400 fpp=8 iter=1 bytes=53709744 t=0.66s 0.076 GB/s
[b0003 r2] mode=dcp size=102400 fpp=8 iter=1 bytes=53709744 t=0.67s 0.075 GB/s
[b0001 r0] mode=dcp size=102400 fpp=8 iter=1 bytes=53709744 t=0.69s 0.073 GB/s
[b0007 r6] mode=dcp size=102400 fpp=8 iter=1 bytes=53709232 t=0.65s 0.076 GB/s
[b0015 r14] mode=dcp size=102400 fpp=8 iter=1 bytes=53709744 t=0.70s 0.072 GB/s
[b0002 r1] mode=dcp size=102400 fpp=8 iter=1 bytes=53709744 t=0.68s 0.074 GB/s
[b0009 r8] mode=dcp size=102400 fpp=8 iter=1 bytes=53709744 t=0.68s 0.073 GB/s
[b0006 r5] mode=dcp size=102400 fpp=8 iter=1 bytes=53709744 t=0.70s 0.071 GB/s
[b0016 r15] mode=dcp size=102400 fpp=8 iter=1 bytes=53709744 t=0.68s 0.073 GB/s
[b0011 r10] mode=dcp size=102400 fpp=8 iter=1 bytes=53710256 t=0.73s 0.069 GB/s
[b0005 r4] mode=dcp size=102400 fpp=8 iter=1 bytes=53709744 t=0.70s 0.071 GB/s
[b0012 r11] mode=dcp size=102400 fpp=8 iter=1 bytes=53709744 t=0.71s 0.070 GB/s
[b0013 r12] mode=dcp size=102400 fpp=8 iter=1 bytes=53709744 t=0.70s 0.071 GB/s
[b0008 r7] mode=dcp size=102400 fpp=8 iter=1 bytes=53709744 t=0.71s 0.070 GB/s
[b0010 r9] mode=dcp size=102400 fpp=8 iter=1 bytes=53709744 t=0.69s 0.073 GB/s
[b0004 r3] mode=dcp size=102400 fpp=8 iter=1 bytes=53709232 t=0.80s 0.063 GB/s
[b0014 r13] mode=dcp size=102400 fpp=8 iter=2 bytes=53709744 t=0.67s 0.075 GB/s
[b0003 r2] mode=dcp size=102400 fpp=8 iter=2 bytes=53709744 t=0.67s 0.075 GB/s
[b0007 r6] mode=dcp size=102400 fpp=8 iter=2 bytes=53709232 t=0.65s 0.077 GB/s
[b0001 r0] mode=dcp size=102400 fpp=8 iter=2 bytes=53709744 t=0.69s 0.072 GB/s
[b0015 r14] mode=dcp size=102400 fpp=8 iter=2 bytes=53709744 t=0.69s 0.072 GB/s
[b0002 r1] mode=dcp size=102400 fpp=8 iter=2 bytes=53709744 t=0.68s 0.074 GB/s
[b0016 r15] mode=dcp size=102400 fpp=8 iter=2 bytes=53709744 t=0.69s 0.073 GB/s
[b0009 r8] mode=dcp size=102400 fpp=8 iter=2 bytes=53709744 t=0.77s 0.065 GB/s
[b0006 r5] mode=dcp size=102400 fpp=8 iter=2 bytes=53709744 t=0.71s 0.071 GB/s
[b0011 r10] mode=dcp size=102400 fpp=8 iter=2 bytes=53710256 t=0.72s 0.069 GB/s
[b0005 r4] mode=dcp size=102400 fpp=8 iter=2 bytes=53709744 t=0.70s 0.072 GB/s
[b0012 r11] mode=dcp size=102400 fpp=8 iter=2 bytes=53709744 t=0.75s 0.067 GB/s
[b0013 r12] mode=dcp size=102400 fpp=8 iter=2 bytes=53709744 t=0.73s 0.069 GB/s
[b0008 r7] mode=dcp size=102400 fpp=8 iter=2 bytes=53709744 t=0.71s 0.070 GB/s
[b0010 r9] mode=dcp size=102400 fpp=8 iter=2 bytes=53709744 t=0.69s 0.073 GB/s
[b0004 r3] mode=dcp size=102400 fpp=8 iter=2 bytes=53709232 t=0.72s 0.069 GB/s
[b0003 r2] mode=raw size=1048576 fpp=8 iter=0 bytes=536870912 t=0.63s 0.790 GB/s
[b0014 r13] mode=raw size=1048576 fpp=8 iter=0 bytes=536870912 t=0.64s 0.783 GB/s
[b0007 r6] mode=raw size=1048576 fpp=8 iter=0 bytes=536870912 t=0.63s 0.794 GB/s
[b0001 r0] mode=raw size=1048576 fpp=8 iter=0 bytes=536870912 t=0.63s 0.798 GB/s
[b0015 r14] mode=raw size=1048576 fpp=8 iter=0 bytes=536870912 t=0.68s 0.733 GB/s
[b0002 r1] mode=raw size=1048576 fpp=8 iter=0 bytes=536870912 t=0.64s 0.786 GB/s
[b0009 r8] mode=raw size=1048576 fpp=8 iter=0 bytes=536870912 t=0.59s 0.846 GB/s
[b0016 r15] mode=raw size=1048576 fpp=8 iter=0 bytes=536870912 t=0.60s 0.838 GB/s
[b0006 r5] mode=raw size=1048576 fpp=8 iter=0 bytes=536870912 t=0.60s 0.828 GB/s
[b0011 r10] mode=raw size=1048576 fpp=8 iter=0 bytes=536870912 t=0.66s 0.761 GB/s
[b0005 r4] mode=raw size=1048576 fpp=8 iter=0 bytes=536870912 t=0.64s 0.783 GB/s
[b0012 r11] mode=raw size=1048576 fpp=8 iter=0 bytes=536870912 t=0.65s 0.772 GB/s
[b0013 r12] mode=raw size=1048576 fpp=8 iter=0 bytes=536870912 t=0.66s 0.761 GB/s
[b0003 r2] mode=raw size=1048576 fpp=8 iter=1 bytes=536870912 t=0.62s 0.808 GB/s
[b0010 r9] mode=raw size=1048576 fpp=8 iter=0 bytes=536870912 t=0.68s 0.740 GB/s
[b0014 r13] mode=raw size=1048576 fpp=8 iter=1 bytes=536870912 t=0.62s 0.807 GB/s
[b0008 r7] mode=raw size=1048576 fpp=8 iter=0 bytes=536870912 t=0.66s 0.756 GB/s
[b0001 r0] mode=raw size=1048576 fpp=8 iter=1 bytes=536870912 t=0.62s 0.806 GB/s
[b0007 r6] mode=raw size=1048576 fpp=8 iter=1 bytes=536870912 t=0.66s 0.763 GB/s
[b0004 r3] mode=raw size=1048576 fpp=8 iter=0 bytes=536870912 t=0.65s 0.770 GB/s
[b0015 r14] mode=raw size=1048576 fpp=8 iter=1 bytes=536870912 t=0.62s 0.802 GB/s
[b0002 r1] mode=raw size=1048576 fpp=8 iter=1 bytes=536870912 t=0.62s 0.806 GB/s
[b0009 r8] mode=raw size=1048576 fpp=8 iter=1 bytes=536870912 t=0.61s 0.825 GB/s
[b0016 r15] mode=raw size=1048576 fpp=8 iter=1 bytes=536870912 t=0.60s 0.839 GB/s
[b0006 r5] mode=raw size=1048576 fpp=8 iter=1 bytes=536870912 t=0.60s 0.835 GB/s
[b0011 r10] mode=raw size=1048576 fpp=8 iter=1 bytes=536870912 t=0.68s 0.736 GB/s
[b0005 r4] mode=raw size=1048576 fpp=8 iter=1 bytes=536870912 t=0.68s 0.740 GB/s
[b0012 r11] mode=raw size=1048576 fpp=8 iter=1 bytes=536870912 t=0.66s 0.756 GB/s
[b0013 r12] mode=raw size=1048576 fpp=8 iter=1 bytes=536870912 t=0.67s 0.747 GB/s
[b0003 r2] mode=raw size=1048576 fpp=8 iter=2 bytes=536870912 t=0.63s 0.800 GB/s
[b0014 r13] mode=raw size=1048576 fpp=8 iter=2 bytes=536870912 t=0.68s 0.740 GB/s
[b0001 r0] mode=raw size=1048576 fpp=8 iter=2 bytes=536870912 t=0.62s 0.802 GB/s
[b0007 r6] mode=raw size=1048576 fpp=8 iter=2 bytes=536870912 t=0.64s 0.780 GB/s
[b0008 r7] mode=raw size=1048576 fpp=8 iter=1 bytes=536870912 t=0.69s 0.720 GB/s
[b0010 r9] mode=raw size=1048576 fpp=8 iter=1 bytes=536870912 t=0.70s 0.719 GB/s
[b0004 r3] mode=raw size=1048576 fpp=8 iter=1 bytes=536870912 t=0.70s 0.716 GB/s
[b0015 r14] mode=raw size=1048576 fpp=8 iter=2 bytes=536870912 t=0.65s 0.766 GB/s
[b0002 r1] mode=raw size=1048576 fpp=8 iter=2 bytes=536870912 t=0.62s 0.806 GB/s
[b0009 r8] mode=raw size=1048576 fpp=8 iter=2 bytes=536870912 t=0.61s 0.820 GB/s
[b0016 r15] mode=raw size=1048576 fpp=8 iter=2 bytes=536870912 t=0.61s 0.823 GB/s
[b0006 r5] mode=raw size=1048576 fpp=8 iter=2 bytes=536870912 t=0.62s 0.812 GB/s
[b0011 r10] mode=raw size=1048576 fpp=8 iter=2 bytes=536870912 t=0.62s 0.802 GB/s
[b0005 r4] mode=raw size=1048576 fpp=8 iter=2 bytes=536870912 t=0.64s 0.776 GB/s
[b0013 r12] mode=raw size=1048576 fpp=8 iter=2 bytes=536870912 t=0.67s 0.743 GB/s
[b0012 r11] mode=raw size=1048576 fpp=8 iter=2 bytes=536870912 t=0.74s 0.680 GB/s
[b0008 r7] mode=raw size=1048576 fpp=8 iter=2 bytes=536870912 t=0.70s 0.711 GB/s
[b0010 r9] mode=raw size=1048576 fpp=8 iter=2 bytes=536870912 t=0.69s 0.722 GB/s
[b0004 r3] mode=raw size=1048576 fpp=8 iter=2 bytes=536870912 t=0.73s 0.687 GB/s
[b0003 r2] mode=torch_save size=1048576 fpp=8 iter=0 bytes=537678336 t=0.62s 0.813 GB/s
[b0014 r13] mode=torch_save size=1048576 fpp=8 iter=0 bytes=537678336 t=0.64s 0.782 GB/s
[b0007 r6] mode=torch_save size=1048576 fpp=8 iter=0 bytes=537678336 t=0.63s 0.797 GB/s
[b0001 r0] mode=torch_save size=1048576 fpp=8 iter=0 bytes=537678336 t=0.65s 0.770 GB/s
[b0015 r14] mode=torch_save size=1048576 fpp=8 iter=0 bytes=537678336 t=0.65s 0.770 GB/s
[b0009 r8] mode=torch_save size=1048576 fpp=8 iter=0 bytes=537678336 t=0.63s 0.796 GB/s
[b0002 r1] mode=torch_save size=1048576 fpp=8 iter=0 bytes=537678336 t=0.68s 0.732 GB/s
[b0016 r15] mode=torch_save size=1048576 fpp=8 iter=0 bytes=537678336 t=0.64s 0.782 GB/s
[b0006 r5] mode=torch_save size=1048576 fpp=8 iter=0 bytes=537678336 t=0.61s 0.819 GB/s
[b0011 r10] mode=torch_save size=1048576 fpp=8 iter=0 bytes=537678336 t=0.64s 0.786 GB/s
[b0003 r2] mode=torch_save size=1048576 fpp=8 iter=1 bytes=537678336 t=0.62s 0.813 GB/s
[b0014 r13] mode=torch_save size=1048576 fpp=8 iter=1 bytes=537678336 t=0.60s 0.841 GB/s
[b0007 r6] mode=torch_save size=1048576 fpp=8 iter=1 bytes=537678336 t=0.63s 0.799 GB/s
[b0001 r0] mode=torch_save size=1048576 fpp=8 iter=1 bytes=537678336 t=0.61s 0.820 GB/s
[b0005 r4] mode=torch_save size=1048576 fpp=8 iter=0 bytes=537678336 t=0.68s 0.735 GB/s
[b0015 r14] mode=torch_save size=1048576 fpp=8 iter=1 bytes=537678336 t=0.63s 0.799 GB/s
[b0002 r1] mode=torch_save size=1048576 fpp=8 iter=1 bytes=537678336 t=0.63s 0.792 GB/s
[b0009 r8] mode=torch_save size=1048576 fpp=8 iter=1 bytes=537678336 t=0.66s 0.762 GB/s
[b0010 r9] mode=torch_save size=1048576 fpp=8 iter=0 bytes=537678336 t=0.72s 0.700 GB/s
[b0008 r7] mode=torch_save size=1048576 fpp=8 iter=0 bytes=537678336 t=0.71s 0.709 GB/s
[b0012 r11] mode=torch_save size=1048576 fpp=8 iter=0 bytes=537678336 t=0.67s 0.750 GB/s
[b0013 r12] mode=torch_save size=1048576 fpp=8 iter=0 bytes=537678336 t=0.67s 0.743 GB/s
[b0004 r3] mode=torch_save size=1048576 fpp=8 iter=0 bytes=537678336 t=0.65s 0.771 GB/s
[b0016 r15] mode=torch_save size=1048576 fpp=8 iter=1 bytes=537678336 t=0.65s 0.776 GB/s
[b0006 r5] mode=torch_save size=1048576 fpp=8 iter=1 bytes=537678336 t=0.62s 0.813 GB/s
[b0011 r10] mode=torch_save size=1048576 fpp=8 iter=1 bytes=537678336 t=0.62s 0.808 GB/s
[b0014 r13] mode=torch_save size=1048576 fpp=8 iter=2 bytes=537678336 t=0.59s 0.856 GB/s
[b0003 r2] mode=torch_save size=1048576 fpp=8 iter=2 bytes=537678336 t=0.63s 0.790 GB/s
[b0007 r6] mode=torch_save size=1048576 fpp=8 iter=2 bytes=537678336 t=0.61s 0.822 GB/s
[b0001 r0] mode=torch_save size=1048576 fpp=8 iter=2 bytes=537678336 t=0.61s 0.826 GB/s
[b0015 r14] mode=torch_save size=1048576 fpp=8 iter=2 bytes=537678336 t=0.61s 0.815 GB/s
[b0005 r4] mode=torch_save size=1048576 fpp=8 iter=1 bytes=537678336 t=0.66s 0.754 GB/s
[b0002 r1] mode=torch_save size=1048576 fpp=8 iter=2 bytes=537678336 t=0.62s 0.802 GB/s
[b0009 r8] mode=torch_save size=1048576 fpp=8 iter=2 bytes=537678336 t=0.62s 0.808 GB/s
[b0010 r9] mode=torch_save size=1048576 fpp=8 iter=1 bytes=537678336 t=0.66s 0.757 GB/s
[b0013 r12] mode=torch_save size=1048576 fpp=8 iter=1 bytes=537678336 t=0.65s 0.768 GB/s
[b0016 r15] mode=torch_save size=1048576 fpp=8 iter=2 bytes=537678336 t=0.63s 0.794 GB/s
[b0004 r3] mode=torch_save size=1048576 fpp=8 iter=1 bytes=537678336 t=0.65s 0.774 GB/s
[b0012 r11] mode=torch_save size=1048576 fpp=8 iter=1 bytes=537678336 t=0.67s 0.751 GB/s
[b0008 r7] mode=torch_save size=1048576 fpp=8 iter=1 bytes=537678336 t=0.67s 0.745 GB/s
[b0006 r5] mode=torch_save size=1048576 fpp=8 iter=2 bytes=537678336 t=0.62s 0.805 GB/s
[b0011 r10] mode=torch_save size=1048576 fpp=8 iter=2 bytes=537678336 t=0.63s 0.790 GB/s
[b0005 r4] mode=torch_save size=1048576 fpp=8 iter=2 bytes=537678336 t=0.73s 0.685 GB/s
[b0013 r12] mode=torch_save size=1048576 fpp=8 iter=2 bytes=537678336 t=0.68s 0.738 GB/s
[b0010 r9] mode=torch_save size=1048576 fpp=8 iter=2 bytes=537678336 t=0.67s 0.747 GB/s
[b0008 r7] mode=torch_save size=1048576 fpp=8 iter=2 bytes=537678336 t=0.67s 0.748 GB/s
[b0012 r11] mode=torch_save size=1048576 fpp=8 iter=2 bytes=537678336 t=0.66s 0.758 GB/s
[b0004 r3] mode=torch_save size=1048576 fpp=8 iter=2 bytes=537678336 t=0.76s 0.661 GB/s
[b0014 r13] mode=dcp size=1048576 fpp=8 iter=0 bytes=538153904 t=0.74s 0.680 GB/s
[b0003 r2] mode=dcp size=1048576 fpp=8 iter=0 bytes=538153904 t=0.73s 0.682 GB/s
[b0001 r0] mode=dcp size=1048576 fpp=8 iter=0 bytes=538153904 t=0.73s 0.691 GB/s
[b0007 r6] mode=dcp size=1048576 fpp=8 iter=0 bytes=538153392 t=0.76s 0.658 GB/s
[b0015 r14] mode=dcp size=1048576 fpp=8 iter=0 bytes=538153904 t=0.78s 0.642 GB/s
[b0002 r1] mode=dcp size=1048576 fpp=8 iter=0 bytes=538153904 t=0.75s 0.669 GB/s
[b0009 r8] mode=dcp size=1048576 fpp=8 iter=0 bytes=538153904 t=0.75s 0.668 GB/s
[b0016 r15] mode=dcp size=1048576 fpp=8 iter=0 bytes=538153904 t=0.77s 0.654 GB/s
[b0006 r5] mode=dcp size=1048576 fpp=8 iter=0 bytes=538153904 t=0.75s 0.673 GB/s
[b0011 r10] mode=dcp size=1048576 fpp=8 iter=0 bytes=538154416 t=0.72s 0.701 GB/s
[b0005 r4] mode=dcp size=1048576 fpp=8 iter=0 bytes=538153904 t=0.77s 0.654 GB/s
[b0012 r11] mode=dcp size=1048576 fpp=8 iter=0 bytes=538153904 t=0.77s 0.652 GB/s
[b0013 r12] mode=dcp size=1048576 fpp=8 iter=0 bytes=538153904 t=0.80s 0.626 GB/s
[b0008 r7] mode=dcp size=1048576 fpp=8 iter=0 bytes=538153904 t=0.77s 0.654 GB/s
[b0010 r9] mode=dcp size=1048576 fpp=8 iter=0 bytes=538153904 t=0.78s 0.643 GB/s
[b0004 r3] mode=dcp size=1048576 fpp=8 iter=0 bytes=538153392 t=0.81s 0.616 GB/s
[b0014 r13] mode=dcp size=1048576 fpp=8 iter=1 bytes=538153904 t=0.74s 0.675 GB/s
[b0001 r0] mode=dcp size=1048576 fpp=8 iter=1 bytes=538153904 t=0.76s 0.663 GB/s
[b0003 r2] mode=dcp size=1048576 fpp=8 iter=1 bytes=538153904 t=0.72s 0.695 GB/s
[b0015 r14] mode=dcp size=1048576 fpp=8 iter=1 bytes=538153904 t=0.73s 0.688 GB/s
[b0007 r6] mode=dcp size=1048576 fpp=8 iter=1 bytes=538153392 t=0.79s 0.636 GB/s
[b0002 r1] mode=dcp size=1048576 fpp=8 iter=1 bytes=538153904 t=0.74s 0.677 GB/s
[b0009 r8] mode=dcp size=1048576 fpp=8 iter=1 bytes=538153904 t=0.77s 0.647 GB/s
[b0016 r15] mode=dcp size=1048576 fpp=8 iter=1 bytes=538153904 t=0.74s 0.678 GB/s
[b0006 r5] mode=dcp size=1048576 fpp=8 iter=1 bytes=538153904 t=0.71s 0.702 GB/s
[b0011 r10] mode=dcp size=1048576 fpp=8 iter=1 bytes=538154416 t=0.75s 0.667 GB/s
[b0005 r4] mode=dcp size=1048576 fpp=8 iter=1 bytes=538153904 t=0.85s 0.588 GB/s
[b0013 r12] mode=dcp size=1048576 fpp=8 iter=1 bytes=538153904 t=0.78s 0.640 GB/s
[b0012 r11] mode=dcp size=1048576 fpp=8 iter=1 bytes=538153904 t=0.74s 0.674 GB/s
[b0004 r3] mode=dcp size=1048576 fpp=8 iter=1 bytes=538153392 t=0.77s 0.648 GB/s
[b0010 r9] mode=dcp size=1048576 fpp=8 iter=1 bytes=538153904 t=0.80s 0.623 GB/s
[b0008 r7] mode=dcp size=1048576 fpp=8 iter=1 bytes=538153904 t=0.81s 0.619 GB/s
[b0001 r0] mode=dcp size=1048576 fpp=8 iter=2 bytes=538153904 t=0.76s 0.661 GB/s
[b0003 r2] mode=dcp size=1048576 fpp=8 iter=2 bytes=538153904 t=0.73s 0.686 GB/s
[b0014 r13] mode=dcp size=1048576 fpp=8 iter=2 bytes=538153904 t=0.79s 0.632 GB/s
[b0015 r14] mode=dcp size=1048576 fpp=8 iter=2 bytes=538153904 t=0.77s 0.651 GB/s
[b0007 r6] mode=dcp size=1048576 fpp=8 iter=2 bytes=538153392 t=0.78s 0.641 GB/s
[b0002 r1] mode=dcp size=1048576 fpp=8 iter=2 bytes=538153904 t=0.78s 0.639 GB/s
[b0009 r8] mode=dcp size=1048576 fpp=8 iter=2 bytes=538153904 t=0.76s 0.662 GB/s
[b0016 r15] mode=dcp size=1048576 fpp=8 iter=2 bytes=538153904 t=0.77s 0.647 GB/s
[b0006 r5] mode=dcp size=1048576 fpp=8 iter=2 bytes=538153904 t=0.77s 0.650 GB/s
[b0011 r10] mode=dcp size=1048576 fpp=8 iter=2 bytes=538154416 t=0.81s 0.623 GB/s
[b0013 r12] mode=dcp size=1048576 fpp=8 iter=2 bytes=538153904 t=0.79s 0.635 GB/s
[b0012 r11] mode=dcp size=1048576 fpp=8 iter=2 bytes=538153904 t=0.79s 0.636 GB/s
[b0004 r3] mode=dcp size=1048576 fpp=8 iter=2 bytes=538153392 t=0.81s 0.621 GB/s
[b0005 r4] mode=dcp size=1048576 fpp=8 iter=2 bytes=538153904 t=0.79s 0.633 GB/s
[b0010 r9] mode=dcp size=1048576 fpp=8 iter=2 bytes=538153904 t=0.79s 0.632 GB/s
[b0008 r7] mode=dcp size=1048576 fpp=8 iter=2 bytes=538153904 t=0.95s 0.529 GB/s
[b0003 r2] mode=raw size=10485760 fpp=8 iter=0 bytes=5368709120 t=0.86s 5.818 GB/s
[b0001 r0] mode=raw size=10485760 fpp=8 iter=0 bytes=5368709120 t=0.96s 5.209 GB/s
[b0015 r14] mode=raw size=10485760 fpp=8 iter=0 bytes=5368709120 t=1.00s 4.990 GB/s
[b0014 r13] mode=raw size=10485760 fpp=8 iter=0 bytes=5368709120 t=1.09s 4.587 GB/s
[b0007 r6] mode=raw size=10485760 fpp=8 iter=0 bytes=5368709120 t=1.11s 4.510 GB/s
[b0002 r1] mode=raw size=10485760 fpp=8 iter=0 bytes=5368709120 t=1.00s 4.999 GB/s
[b0009 r8] mode=raw size=10485760 fpp=8 iter=0 bytes=5368709120 t=1.02s 4.917 GB/s
[b0016 r15] mode=raw size=10485760 fpp=8 iter=0 bytes=5368709120 t=0.97s 5.163 GB/s
[b0006 r5] mode=raw size=10485760 fpp=8 iter=0 bytes=5368709120 t=1.01s 4.959 GB/s
[b0003 r2] mode=raw size=10485760 fpp=8 iter=1 bytes=5368709120 t=0.94s 5.311 GB/s
[b0001 r0] mode=raw size=10485760 fpp=8 iter=1 bytes=5368709120 t=0.97s 5.149 GB/s
[b0015 r14] mode=raw size=10485760 fpp=8 iter=1 bytes=5368709120 t=1.04s 4.789 GB/s
[b0014 r13] mode=raw size=10485760 fpp=8 iter=1 bytes=5368709120 t=0.94s 5.319 GB/s
[b0002 r1] mode=raw size=10485760 fpp=8 iter=1 bytes=5368709120 t=0.91s 5.503 GB/s
[b0007 r6] mode=raw size=10485760 fpp=8 iter=1 bytes=5368709120 t=1.00s 5.005 GB/s
[b0009 r8] mode=raw size=10485760 fpp=8 iter=1 bytes=5368709120 t=0.97s 5.135 GB/s
[b0011 r10] mode=raw size=10485760 fpp=8 iter=0 bytes=5368709120 t=1.14s 4.377 GB/s
[b0016 r15] mode=raw size=10485760 fpp=8 iter=1 bytes=5368709120 t=0.93s 5.392 GB/s
[b0006 r5] mode=raw size=10485760 fpp=8 iter=1 bytes=5368709120 t=1.04s 4.806 GB/s
[b0010 r9] mode=raw size=10485760 fpp=8 iter=0 bytes=5368709120 t=0.93s 5.364 GB/s
[b0005 r4] mode=raw size=10485760 fpp=8 iter=0 bytes=5368709120 t=1.03s 4.846 GB/s
[b0013 r12] mode=raw size=10485760 fpp=8 iter=0 bytes=5368709120 t=1.18s 4.230 GB/s
[b0012 r11] mode=raw size=10485760 fpp=8 iter=0 bytes=5368709120 t=1.07s 4.662 GB/s
[b0008 r7] mode=raw size=10485760 fpp=8 iter=0 bytes=5368709120 t=1.04s 4.823 GB/s
[b0004 r3] mode=raw size=10485760 fpp=8 iter=0 bytes=5368709120 t=1.04s 4.806 GB/s
[b0003 r2] mode=raw size=10485760 fpp=8 iter=2 bytes=5368709120 t=0.94s 5.318 GB/s
[b0001 r0] mode=raw size=10485760 fpp=8 iter=2 bytes=5368709120 t=0.94s 5.293 GB/s
[b0015 r14] mode=raw size=10485760 fpp=8 iter=2 bytes=5368709120 t=0.95s 5.281 GB/s
[b0014 r13] mode=raw size=10485760 fpp=8 iter=2 bytes=5368709120 t=0.92s 5.458 GB/s
[b0002 r1] mode=raw size=10485760 fpp=8 iter=2 bytes=5368709120 t=0.91s 5.515 GB/s
[b0007 r6] mode=raw size=10485760 fpp=8 iter=2 bytes=5368709120 t=0.95s 5.252 GB/s
[b0009 r8] mode=raw size=10485760 fpp=8 iter=2 bytes=5368709120 t=0.93s 5.405 GB/s
[b0011 r10] mode=raw size=10485760 fpp=8 iter=1 bytes=5368709120 t=1.00s 5.016 GB/s
[b0016 r15] mode=raw size=10485760 fpp=8 iter=2 bytes=5368709120 t=0.84s 5.961 GB/s
[b0010 r9] mode=raw size=10485760 fpp=8 iter=1 bytes=5368709120 t=0.88s 5.693 GB/s
[b0006 r5] mode=raw size=10485760 fpp=8 iter=2 bytes=5368709120 t=1.02s 4.883 GB/s
[b0005 r4] mode=raw size=10485760 fpp=8 iter=1 bytes=5368709120 t=0.98s 5.085 GB/s
[b0012 r11] mode=raw size=10485760 fpp=8 iter=1 bytes=5368709120 t=0.95s 5.277 GB/s
[b0013 r12] mode=raw size=10485760 fpp=8 iter=1 bytes=5368709120 t=1.01s 4.948 GB/s
[b0008 r7] mode=raw size=10485760 fpp=8 iter=1 bytes=5368709120 t=1.29s 3.862 GB/s
[b0004 r3] mode=raw size=10485760 fpp=8 iter=1 bytes=5368709120 t=1.34s 3.744 GB/s
[b0011 r10] mode=raw size=10485760 fpp=8 iter=2 bytes=5368709120 t=1.05s 4.764 GB/s
[b0010 r9] mode=raw size=10485760 fpp=8 iter=2 bytes=5368709120 t=1.19s 4.208 GB/s
[b0012 r11] mode=raw size=10485760 fpp=8 iter=2 bytes=5368709120 t=0.96s 5.208 GB/s
[b0005 r4] mode=raw size=10485760 fpp=8 iter=2 bytes=5368709120 t=1.10s 4.552 GB/s
[b0003 r2] mode=torch_save size=10485760 fpp=8 iter=0 bytes=5369516544 t=0.99s 5.040 GB/s
[b0013 r12] mode=raw size=10485760 fpp=8 iter=2 bytes=5368709120 t=1.08s 4.646 GB/s
[b0015 r14] mode=torch_save size=10485760 fpp=8 iter=0 bytes=5369516544 t=1.03s 4.856 GB/s
[b0001 r0] mode=torch_save size=10485760 fpp=8 iter=0 bytes=5369516544 t=1.07s 4.657 GB/s
[b0008 r7] mode=raw size=10485760 fpp=8 iter=2 bytes=5368709120 t=1.03s 4.850 GB/s
[b0002 r1] mode=torch_save size=10485760 fpp=8 iter=0 bytes=5369516544 t=0.97s 5.149 GB/s
[b0014 r13] mode=torch_save size=10485760 fpp=8 iter=0 bytes=5369516544 t=1.12s 4.460 GB/s
[b0007 r6] mode=torch_save size=10485760 fpp=8 iter=0 bytes=5369516544 t=1.04s 4.811 GB/s
[b0009 r8] mode=torch_save size=10485760 fpp=8 iter=0 bytes=5369516544 t=0.86s 5.797 GB/s
[b0004 r3] mode=raw size=10485760 fpp=8 iter=2 bytes=5368709120 t=1.01s 4.964 GB/s
[b0016 r15] mode=torch_save size=10485760 fpp=8 iter=0 bytes=5369516544 t=1.05s 4.777 GB/s
[b0003 r2] mode=torch_save size=10485760 fpp=8 iter=1 bytes=5369516544 t=1.06s 4.712 GB/s
[b0006 r5] mode=torch_save size=10485760 fpp=8 iter=0 bytes=5369516544 t=1.17s 4.272 GB/s
[b0015 r14] mode=torch_save size=10485760 fpp=8 iter=1 bytes=5369516544 t=1.09s 4.584 GB/s
[b0001 r0] mode=torch_save size=10485760 fpp=8 iter=1 bytes=5369516544 t=1.11s 4.518 GB/s
[b0002 r1] mode=torch_save size=10485760 fpp=8 iter=1 bytes=5369516544 t=1.07s 4.689 GB/s
[b0014 r13] mode=torch_save size=10485760 fpp=8 iter=1 bytes=5369516544 t=1.03s 4.873 GB/s
[b0007 r6] mode=torch_save size=10485760 fpp=8 iter=1 bytes=5369516544 t=0.90s 5.565 GB/s
[b0009 r8] mode=torch_save size=10485760 fpp=8 iter=1 bytes=5369516544 t=0.91s 5.488 GB/s
[b0016 r15] mode=torch_save size=10485760 fpp=8 iter=1 bytes=5369516544 t=0.89s 5.641 GB/s
[b0003 r2] mode=torch_save size=10485760 fpp=8 iter=2 bytes=5369516544 t=1.02s 4.923 GB/s
[b0010 r9] mode=torch_save size=10485760 fpp=8 iter=0 bytes=5369516544 t=1.06s 4.723 GB/s
[b0011 r10] mode=torch_save size=10485760 fpp=8 iter=0 bytes=5369516544 t=1.30s 3.839 GB/s
[b0005 r4] mode=torch_save size=10485760 fpp=8 iter=0 bytes=5369516544 t=1.05s 4.770 GB/s
[b0012 r11] mode=torch_save size=10485760 fpp=8 iter=0 bytes=5369516544 t=1.17s 4.265 GB/s
[b0001 r0] mode=torch_save size=10485760 fpp=8 iter=2 bytes=5369516544 t=1.10s 4.558 GB/s
[b0006 r5] mode=torch_save size=10485760 fpp=8 iter=1 bytes=5369516544 t=1.18s 4.239 GB/s
[b0015 r14] mode=torch_save size=10485760 fpp=8 iter=2 bytes=5369516544 t=1.12s 4.480 GB/s
[b0013 r12] mode=torch_save size=10485760 fpp=8 iter=0 bytes=5369516544 t=1.06s 4.722 GB/s
[b0002 r1] mode=torch_save size=10485760 fpp=8 iter=2 bytes=5369516544 t=1.12s 4.465 GB/s
[b0014 r13] mode=torch_save size=10485760 fpp=8 iter=2 bytes=5369516544 t=1.07s 4.662 GB/s
[b0009 r8] mode=torch_save size=10485760 fpp=8 iter=2 bytes=5369516544 t=0.93s 5.384 GB/s
[b0007 r6] mode=torch_save size=10485760 fpp=8 iter=2 bytes=5369516544 t=1.03s 4.854 GB/s
[b0008 r7] mode=torch_save size=10485760 fpp=8 iter=0 bytes=5369516544 t=0.94s 5.333 GB/s
[b0016 r15] mode=torch_save size=10485760 fpp=8 iter=2 bytes=5369516544 t=0.97s 5.155 GB/s
[b0004 r3] mode=torch_save size=10485760 fpp=8 iter=0 bytes=5369516544 t=1.61s 3.113 GB/s
[b0013 r12] mode=torch_save size=10485760 fpp=8 iter=1 bytes=5369516544 t=1.25s 3.999 GB/s
[b0012 r11] mode=torch_save size=10485760 fpp=8 iter=1 bytes=5369516544 t=1.55s 3.228 GB/s
[b0011 r10] mode=torch_save size=10485760 fpp=8 iter=1 bytes=5369516544 t=1.46s 3.418 GB/s
[b0006 r5] mode=torch_save size=10485760 fpp=8 iter=2 bytes=5369516544 t=1.44s 3.481 GB/s
[b0010 r9] mode=torch_save size=10485760 fpp=8 iter=1 bytes=5369516544 t=1.61s 3.108 GB/s
[b0005 r4] mode=torch_save size=10485760 fpp=8 iter=1 bytes=5369516544 t=1.28s 3.910 GB/s
[b0008 r7] mode=torch_save size=10485760 fpp=8 iter=1 bytes=5369516544 t=1.00s 4.996 GB/s
[b0004 r3] mode=torch_save size=10485760 fpp=8 iter=1 bytes=5369516544 t=0.96s 5.191 GB/s
[b0012 r11] mode=torch_save size=10485760 fpp=8 iter=2 bytes=5369516544 t=0.93s 5.352 GB/s
[b0013 r12] mode=torch_save size=10485760 fpp=8 iter=2 bytes=5369516544 t=1.00s 5.015 GB/s
[b0011 r10] mode=torch_save size=10485760 fpp=8 iter=2 bytes=5369516544 t=1.02s 4.920 GB/s
[b0010 r9] mode=torch_save size=10485760 fpp=8 iter=2 bytes=5369516544 t=0.95s 5.291 GB/s
[b0005 r4] mode=torch_save size=10485760 fpp=8 iter=2 bytes=5369516544 t=1.23s 4.075 GB/s
[b0008 r7] mode=torch_save size=10485760 fpp=8 iter=2 bytes=5369516544 t=0.77s 6.491 GB/s
[b0004 r3] mode=torch_save size=10485760 fpp=8 iter=2 bytes=5369516544 t=0.80s 6.231 GB/s
[b0003 r2] mode=dcp size=10485760 fpp=8 iter=0 bytes=5369992112 t=1.08s 4.632 GB/s
[b0001 r0] mode=dcp size=10485760 fpp=8 iter=0 bytes=5369992112 t=1.19s 4.197 GB/s
[b0015 r14] mode=dcp size=10485760 fpp=8 iter=0 bytes=5369992112 t=1.15s 4.335 GB/s
[b0002 r1] mode=dcp size=10485760 fpp=8 iter=0 bytes=5369992112 t=1.10s 4.529 GB/s
[b0007 r6] mode=dcp size=10485760 fpp=8 iter=0 bytes=5369991600 t=1.13s 4.426 GB/s
[b0009 r8] mode=dcp size=10485760 fpp=8 iter=0 bytes=5369992112 t=1.05s 4.751 GB/s
[b0014 r13] mode=dcp size=10485760 fpp=8 iter=0 bytes=5369992112 t=1.07s 4.696 GB/s
[b0016 r15] mode=dcp size=10485760 fpp=8 iter=0 bytes=5369992112 t=0.90s 5.536 GB/s
[b0006 r5] mode=dcp size=10485760 fpp=8 iter=0 bytes=5369992112 t=0.89s 5.595 GB/s
[b0012 r11] mode=dcp size=10485760 fpp=8 iter=0 bytes=5369992112 t=1.45s 3.455 GB/s
[b0013 r12] mode=dcp size=10485760 fpp=8 iter=0 bytes=5369992112 t=1.53s 3.259 GB/s
[b0011 r10] mode=dcp size=10485760 fpp=8 iter=0 bytes=5369992624 t=1.58s 3.163 GB/s
[b0010 r9] mode=dcp size=10485760 fpp=8 iter=0 bytes=5369992112 t=1.47s 3.399 GB/s
[b0005 r4] mode=dcp size=10485760 fpp=8 iter=0 bytes=5369992112 t=1.55s 3.219 GB/s
[b0003 r2] mode=dcp size=10485760 fpp=8 iter=1 bytes=5369992112 t=1.56s 3.209 GB/s
[b0008 r7] mode=dcp size=10485760 fpp=8 iter=0 bytes=5369992112 t=1.54s 3.241 GB/s
[b0001 r0] mode=dcp size=10485760 fpp=8 iter=1 bytes=5369992112 t=1.46s 3.426 GB/s
[b0015 r14] mode=dcp size=10485760 fpp=8 iter=1 bytes=5369992112 t=1.41s 3.539 GB/s
[b0002 r1] mode=dcp size=10485760 fpp=8 iter=1 bytes=5369992112 t=1.19s 4.189 GB/s
[b0009 r8] mode=dcp size=10485760 fpp=8 iter=1 bytes=5369992112 t=1.12s 4.479 GB/s
[b0007 r6] mode=dcp size=10485760 fpp=8 iter=1 bytes=5369991600 t=1.22s 4.085 GB/s
[b0014 r13] mode=dcp size=10485760 fpp=8 iter=1 bytes=5369992112 t=1.08s 4.612 GB/s
[b0004 r3] mode=dcp size=10485760 fpp=8 iter=0 bytes=5369991600 t=1.48s 3.385 GB/s
[b0016 r15] mode=dcp size=10485760 fpp=8 iter=1 bytes=5369992112 t=0.93s 5.374 GB/s
[b0006 r5] mode=dcp size=10485760 fpp=8 iter=1 bytes=5369992112 t=0.85s 5.877 GB/s
[b0012 r11] mode=dcp size=10485760 fpp=8 iter=1 bytes=5369992112 t=1.39s 3.599 GB/s
[b0010 r9] mode=dcp size=10485760 fpp=8 iter=1 bytes=5369992112 t=1.43s 3.500 GB/s
[b0011 r10] mode=dcp size=10485760 fpp=8 iter=1 bytes=5369992624 t=1.55s 3.222 GB/s
[b0003 r2] mode=dcp size=10485760 fpp=8 iter=2 bytes=5369992112 t=1.47s 3.393 GB/s
[b0013 r12] mode=dcp size=10485760 fpp=8 iter=1 bytes=5369992112 t=1.55s 3.225 GB/s
[b0005 r4] mode=dcp size=10485760 fpp=8 iter=1 bytes=5369992112 t=1.45s 3.444 GB/s
[b0001 r0] mode=dcp size=10485760 fpp=8 iter=2 bytes=5369992112 t=1.49s 3.354 GB/s
[b0015 r14] mode=dcp size=10485760 fpp=8 iter=2 bytes=5369992112 t=1.42s 3.531 GB/s
[b0008 r7] mode=dcp size=10485760 fpp=8 iter=1 bytes=5369992112 t=1.27s 3.938 GB/s
[b0002 r1] mode=dcp size=10485760 fpp=8 iter=2 bytes=5369992112 t=1.18s 4.232 GB/s
[b0007 r6] mode=dcp size=10485760 fpp=8 iter=2 bytes=5369991600 t=1.15s 4.360 GB/s
[b0009 r8] mode=dcp size=10485760 fpp=8 iter=2 bytes=5369992112 t=1.22s 4.113 GB/s
[b0014 r13] mode=dcp size=10485760 fpp=8 iter=2 bytes=5369992112 t=1.10s 4.560 GB/s
[b0004 r3] mode=dcp size=10485760 fpp=8 iter=1 bytes=5369991600 t=1.06s 4.720 GB/s
[b0016 r15] mode=dcp size=10485760 fpp=8 iter=2 bytes=5369992112 t=0.93s 5.383 GB/s
[b0006 r5] mode=dcp size=10485760 fpp=8 iter=2 bytes=5369992112 t=0.88s 5.666 GB/s
[b0010 r9] mode=dcp size=10485760 fpp=8 iter=2 bytes=5369992112 t=1.76s 2.836 GB/s
[b0012 r11] mode=dcp size=10485760 fpp=8 iter=2 bytes=5369992112 t=1.83s 2.726 GB/s
[b0005 r4] mode=dcp size=10485760 fpp=8 iter=2 bytes=5369992112 t=3.07s 1.627 GB/s
[b0013 r12] mode=dcp size=10485760 fpp=8 iter=2 bytes=5369992112 t=3.39s 1.473 GB/s
[b0011 r10] mode=dcp size=10485760 fpp=8 iter=2 bytes=5369992624 t=3.73s 1.342 GB/s
[b0008 r7] mode=dcp size=10485760 fpp=8 iter=2 bytes=5369992112 t=4.42s 1.132 GB/s
[b0004 r3] mode=dcp size=10485760 fpp=8 iter=2 bytes=5369991600 t=3.82s 1.310 GB/s
[b0002 r1] mode=raw size=104857600 fpp=8 iter=0 bytes=53687091200 t=5.97s 8.377 GB/s
[b0015 r14] mode=raw size=104857600 fpp=8 iter=0 bytes=53687091200 t=11.19s 4.467 GB/s
[b0001 r0] mode=raw size=104857600 fpp=8 iter=0 bytes=53687091200 t=10.56s 4.734 GB/s
[b0003 r2] mode=raw size=104857600 fpp=8 iter=0 bytes=53687091200 t=12.12s 4.125 GB/s
[b0009 r8] mode=raw size=104857600 fpp=8 iter=0 bytes=53687091200 t=12.40s 4.033 GB/s
[b0002 r1] mode=raw size=104857600 fpp=8 iter=1 bytes=53687091200 t=4.74s 10.553 GB/s
[b0007 r6] mode=raw size=104857600 fpp=8 iter=0 bytes=53687091200 t=15.29s 3.269 GB/s
[b0014 r13] mode=raw size=104857600 fpp=8 iter=0 bytes=53687091200 t=17.15s 2.916 GB/s
[b0015 r14] mode=raw size=104857600 fpp=8 iter=1 bytes=53687091200 t=9.49s 5.268 GB/s
[b0002 r1] mode=raw size=104857600 fpp=8 iter=2 bytes=53687091200 t=8.93s 5.598 GB/s
[b0012 r11] mode=raw size=104857600 fpp=8 iter=0 bytes=53687091200 t=9.04s 5.528 GB/s
[b0016 r15] mode=raw size=104857600 fpp=8 iter=0 bytes=53687091200 t=16.13s 3.099 GB/s
[b0001 r0] mode=raw size=104857600 fpp=8 iter=1 bytes=53687091200 t=11.76s 4.252 GB/s
[b0003 r2] mode=raw size=104857600 fpp=8 iter=1 bytes=53687091200 t=11.33s 4.413 GB/s
[b0009 r8] mode=raw size=104857600 fpp=8 iter=1 bytes=53687091200 t=13.76s 3.635 GB/s
[b0008 r7] mode=raw size=104857600 fpp=8 iter=0 bytes=53687091200 t=14.31s 3.494 GB/s
[b0007 r6] mode=raw size=104857600 fpp=8 iter=1 bytes=53687091200 t=10.66s 4.689 GB/s
[b0006 r5] mode=raw size=104857600 fpp=8 iter=0 bytes=53687091200 t=17.28s 2.893 GB/s
[b0010 r9] mode=raw size=104857600 fpp=8 iter=0 bytes=53687091200 t=13.93s 3.590 GB/s
[b0012 r11] mode=raw size=104857600 fpp=8 iter=1 bytes=53687091200 t=10.77s 4.641 GB/s
[b0015 r14] mode=raw size=104857600 fpp=8 iter=2 bytes=53687091200 t=13.65s 3.663 GB/s
[b0013 r12] mode=raw size=104857600 fpp=8 iter=0 bytes=53687091200 t=14.97s 3.341 GB/s
[b0001 r0] mode=raw size=104857600 fpp=8 iter=2 bytes=53687091200 t=11.29s 4.431 GB/s
[b0014 r13] mode=raw size=104857600 fpp=8 iter=1 bytes=53687091200 t=15.43s 3.239 GB/s
[b0003 r2] mode=raw size=104857600 fpp=8 iter=2 bytes=53687091200 t=12.04s 4.152 GB/s
[b0011 r10] mode=raw size=104857600 fpp=8 iter=0 bytes=53687091200 t=11.04s 4.530 GB/s
[b0016 r15] mode=raw size=104857600 fpp=8 iter=1 bytes=53687091200 t=13.21s 3.786 GB/s
[b0005 r4] mode=raw size=104857600 fpp=8 iter=0 bytes=53687091200 t=12.08s 4.139 GB/s
[b0009 r8] mode=raw size=104857600 fpp=8 iter=2 bytes=53687091200 t=9.64s 5.186 GB/s
[b0004 r3] mode=raw size=104857600 fpp=8 iter=0 bytes=53687091200 t=9.96s 5.020 GB/s
[b0007 r6] mode=raw size=104857600 fpp=8 iter=2 bytes=53687091200 t=10.36s 4.828 GB/s
[b0008 r7] mode=raw size=104857600 fpp=8 iter=1 bytes=53687091200 t=13.56s 3.688 GB/s
[b0012 r11] mode=raw size=104857600 fpp=8 iter=2 bytes=53687091200 t=9.80s 5.105 GB/s
[b0006 r5] mode=raw size=104857600 fpp=8 iter=1 bytes=53687091200 t=11.39s 4.389 GB/s
[b0010 r9] mode=raw size=104857600 fpp=8 iter=1 bytes=53687091200 t=10.62s 4.708 GB/s
[b0002 r1] mode=torch_save size=104857600 fpp=8 iter=0 bytes=53687898624 t=8.36s 5.982 GB/s
[b0013 r12] mode=raw size=104857600 fpp=8 iter=1 bytes=53687091200 t=12.98s 3.853 GB/s
[b0014 r13] mode=raw size=104857600 fpp=8 iter=2 bytes=53687091200 t=14.09s 3.550 GB/s
[b0011 r10] mode=raw size=104857600 fpp=8 iter=1 bytes=53687091200 t=15.43s 3.240 GB/s
[b0016 r15] mode=raw size=104857600 fpp=8 iter=2 bytes=53687091200 t=16.46s 3.038 GB/s
[b0005 r4] mode=raw size=104857600 fpp=8 iter=1 bytes=53687091200 t=12.77s 3.917 GB/s
[b0002 r1] mode=torch_save size=104857600 fpp=8 iter=1 bytes=53687898624 t=7.29s 6.861 GB/s
[b0008 r7] mode=raw size=104857600 fpp=8 iter=2 bytes=53687091200 t=9.70s 5.152 GB/s
[b0004 r3] mode=raw size=104857600 fpp=8 iter=1 bytes=53687091200 t=11.64s 4.295 GB/s
[b0010 r9] mode=raw size=104857600 fpp=8 iter=2 bytes=53687091200 t=8.80s 5.684 GB/s
[b0001 r0] mode=torch_save size=104857600 fpp=8 iter=0 bytes=53687898624 t=6.48s 7.711 GB/s
[b0013 r12] mode=raw size=104857600 fpp=8 iter=2 bytes=53687091200 t=8.48s 5.896 GB/s
[b0006 r5] mode=raw size=104857600 fpp=8 iter=2 bytes=53687091200 t=11.65s 4.291 GB/s
[b0015 r14] mode=torch_save size=104857600 fpp=8 iter=0 bytes=53687898624 t=11.36s 4.401 GB/s
[b0002 r1] mode=torch_save size=104857600 fpp=8 iter=2 bytes=53687898624 t=8.87s 5.634 GB/s
[b0011 r10] mode=raw size=104857600 fpp=8 iter=2 bytes=53687091200 t=14.89s 3.358 GB/s
[b0012 r11] mode=torch_save size=104857600 fpp=8 iter=0 bytes=53687898624 t=14.24s 3.511 GB/s
[b0003 r2] mode=torch_save size=104857600 fpp=8 iter=0 bytes=53687898624 t=15.53s 3.221 GB/s
[b0009 r8] mode=torch_save size=104857600 fpp=8 iter=0 bytes=53687898624 t=15.34s 3.259 GB/s
[b0007 r6] mode=torch_save size=104857600 fpp=8 iter=0 bytes=53687898624 t=12.16s 4.113 GB/s
[b0001 r0] mode=torch_save size=104857600 fpp=8 iter=1 bytes=53687898624 t=10.50s 4.764 GB/s
[b0004 r3] mode=raw size=104857600 fpp=8 iter=2 bytes=53687091200 t=11.93s 4.192 GB/s
[b0005 r4] mode=raw size=104857600 fpp=8 iter=2 bytes=53687091200 t=14.00s 3.571 GB/s
[b0015 r14] mode=torch_save size=104857600 fpp=8 iter=1 bytes=53687898624 t=7.64s 6.548 GB/s
[b0012 r11] mode=torch_save size=104857600 fpp=8 iter=1 bytes=53687898624 t=10.86s 4.603 GB/s
[b0008 r7] mode=torch_save size=104857600 fpp=8 iter=0 bytes=53687898624 t=11.51s 4.344 GB/s
[b0014 r13] mode=torch_save size=104857600 fpp=8 iter=0 bytes=53687898624 t=13.97s 3.579 GB/s
[b0007 r6] mode=torch_save size=104857600 fpp=8 iter=1 bytes=53687898624 t=12.64s 3.954 GB/s
[b0001 r0] mode=torch_save size=104857600 fpp=8 iter=2 bytes=53687898624 t=13.20s 3.788 GB/s
[b0016 r15] mode=torch_save size=104857600 fpp=8 iter=0 bytes=53687898624 t=14.13s 3.538 GB/s
[b0009 r8] mode=torch_save size=104857600 fpp=8 iter=1 bytes=53687898624 t=13.86s 3.607 GB/s
[b0003 r2] mode=torch_save size=104857600 fpp=8 iter=1 bytes=53687898624 t=14.66s 3.411 GB/s
[b0010 r9] mode=torch_save size=104857600 fpp=8 iter=0 bytes=53687898624 t=12.48s 4.008 GB/s
[b0015 r14] mode=torch_save size=104857600 fpp=8 iter=2 bytes=53687898624 t=10.53s 4.750 GB/s
[b0013 r12] mode=torch_save size=104857600 fpp=8 iter=0 bytes=53687898624 t=11.86s 4.215 GB/s
[b0006 r5] mode=torch_save size=104857600 fpp=8 iter=0 bytes=53687898624 t=10.06s 4.971 GB/s
[b0012 r11] mode=torch_save size=104857600 fpp=8 iter=2 bytes=53687898624 t=6.19s 8.084 GB/s
[b0002 r1] mode=dcp size=104857600 fpp=8 iter=0 bytes=53688374192 t=7.50s 6.663 GB/s
[b0008 r7] mode=torch_save size=104857600 fpp=8 iter=1 bytes=53687898624 t=12.92s 3.869 GB/s
[b0014 r13] mode=torch_save size=104857600 fpp=8 iter=1 bytes=53687898624 t=12.45s 4.016 GB/s
[b0007 r6] mode=torch_save size=104857600 fpp=8 iter=2 bytes=53687898624 t=13.00s 3.846 GB/s
[b0009 r8] mode=torch_save size=104857600 fpp=8 iter=2 bytes=53687898624 t=12.55s 3.984 GB/s
[b0016 r15] mode=torch_save size=104857600 fpp=8 iter=1 bytes=53687898624 t=13.68s 3.656 GB/s
[b0010 r9] mode=torch_save size=104857600 fpp=8 iter=1 bytes=53687898624 t=12.78s 3.911 GB/s
[b0003 r2] mode=torch_save size=104857600 fpp=8 iter=2 bytes=53687898624 t=13.91s 3.595 GB/s
[b0011 r10] mode=torch_save size=104857600 fpp=8 iter=0 bytes=53687898624 t=13.17s 3.795 GB/s
[b0013 r12] mode=torch_save size=104857600 fpp=8 iter=1 bytes=53687898624 t=12.18s 4.105 GB/s
[b0004 r3] mode=torch_save size=104857600 fpp=8 iter=0 bytes=53687898624 t=10.76s 4.645 GB/s
[b0006 r5] mode=torch_save size=104857600 fpp=8 iter=1 bytes=53687898624 t=8.94s 5.591 GB/s
[b0005 r4] mode=torch_save size=104857600 fpp=8 iter=0 bytes=53687898624 t=9.27s 5.395 GB/s
[b0008 r7] mode=torch_save size=104857600 fpp=8 iter=2 bytes=53687898624 t=7.58s 6.598 GB/s
[b0016 r15] mode=torch_save size=104857600 fpp=8 iter=2 bytes=53687898624 t=10.79s 4.634 GB/s
[b0010 r9] mode=torch_save size=104857600 fpp=8 iter=2 bytes=53687898624 t=10.94s 4.569 GB/s
[b0014 r13] mode=torch_save size=104857600 fpp=8 iter=2 bytes=53687898624 t=12.39s 4.036 GB/s
[b0002 r1] mode=dcp size=104857600 fpp=8 iter=1 bytes=53688374192 t=10.86s 4.605 GB/s
[b0004 r3] mode=torch_save size=104857600 fpp=8 iter=1 bytes=53687898624 t=9.72s 5.144 GB/s
[b0006 r5] mode=torch_save size=104857600 fpp=8 iter=2 bytes=53687898624 t=9.86s 5.069 GB/s
[b0011 r10] mode=torch_save size=104857600 fpp=8 iter=1 bytes=53687898624 t=11.94s 4.186 GB/s
[b0013 r12] mode=torch_save size=104857600 fpp=8 iter=2 bytes=53687898624 t=11.29s 4.429 GB/s
[b0005 r4] mode=torch_save size=104857600 fpp=8 iter=1 bytes=53687898624 t=9.60s 5.210 GB/s
[b0012 r11] mode=dcp size=104857600 fpp=8 iter=0 bytes=53688374192 t=5.11s 9.776 GB/s
[b0001 r0] mode=dcp size=104857600 fpp=8 iter=0 bytes=53688374192 t=5.88s 8.502 GB/s
[b0015 r14] mode=dcp size=104857600 fpp=8 iter=0 bytes=53688374192 t=5.49s 9.104 GB/s
[b0005 r4] mode=torch_save size=104857600 fpp=8 iter=2 bytes=53687898624 t=7.78s 6.430 GB/s
[b0011 r10] mode=torch_save size=104857600 fpp=8 iter=2 bytes=53687898624 t=7.72s 6.473 GB/s
[b0004 r3] mode=torch_save size=104857600 fpp=8 iter=2 bytes=53687898624 t=8.93s 5.602 GB/s
[b0002 r1] mode=dcp size=104857600 fpp=8 iter=2 bytes=53688374192 t=5.04s 9.926 GB/s
[b0009 r8] mode=dcp size=104857600 fpp=8 iter=0 bytes=53688374192 t=7.64s 6.547 GB/s
[b0007 r6] mode=dcp size=104857600 fpp=8 iter=0 bytes=53688373680 t=6.43s 7.774 GB/s
[b0003 r2] mode=dcp size=104857600 fpp=8 iter=0 bytes=53688374192 t=6.71s 7.457 GB/s
[b0008 r7] mode=dcp size=104857600 fpp=8 iter=0 bytes=53688374192 t=6.08s 8.228 GB/s
[b0012 r11] mode=dcp size=104857600 fpp=8 iter=1 bytes=53688374192 t=6.07s 8.233 GB/s
[b0001 r0] mode=dcp size=104857600 fpp=8 iter=1 bytes=53688374192 t=7.33s 6.822 GB/s
[b0015 r14] mode=dcp size=104857600 fpp=8 iter=1 bytes=53688374192 t=6.23s 8.020 GB/s
[b0010 r9] mode=dcp size=104857600 fpp=8 iter=0 bytes=53688374192 t=3.99s 12.531 GB/s
[b0016 r15] mode=dcp size=104857600 fpp=8 iter=0 bytes=53688374192 t=3.06s 16.353 GB/s
[b0013 r12] mode=dcp size=104857600 fpp=8 iter=0 bytes=53688374192 t=6.21s 8.057 GB/s
[b0014 r13] mode=dcp size=104857600 fpp=8 iter=0 bytes=53688374192 t=6.87s 7.276 GB/s
[b0006 r5] mode=dcp size=104857600 fpp=8 iter=0 bytes=53688374192 t=7.14s 6.999 GB/s
[b0009 r8] mode=dcp size=104857600 fpp=8 iter=1 bytes=53688374192 t=7.59s 6.588 GB/s
[b0007 r6] mode=dcp size=104857600 fpp=8 iter=1 bytes=53688373680 t=8.11s 6.169 GB/s
[b0008 r7] mode=dcp size=104857600 fpp=8 iter=1 bytes=53688374192 t=6.72s 7.445 GB/s
[b0001 r0] mode=dcp size=104857600 fpp=8 iter=2 bytes=53688374192 t=6.21s 8.047 GB/s
[b0012 r11] mode=dcp size=104857600 fpp=8 iter=2 bytes=53688374192 t=8.17s 6.117 GB/s
[b0003 r2] mode=dcp size=104857600 fpp=8 iter=1 bytes=53688374192 t=8.38s 5.966 GB/s
[b0011 r10] mode=dcp size=104857600 fpp=8 iter=0 bytes=53688374704 t=5.93s 8.438 GB/s
[b0005 r4] mode=dcp size=104857600 fpp=8 iter=0 bytes=53688374192 t=5.66s 8.829 GB/s
[b0015 r14] mode=dcp size=104857600 fpp=8 iter=2 bytes=53688374192 t=5.52s 9.063 GB/s
[b0010 r9] mode=dcp size=104857600 fpp=8 iter=1 bytes=53688374192 t=5.43s 9.200 GB/s
[b0016 r15] mode=dcp size=104857600 fpp=8 iter=1 bytes=53688374192 t=3.17s 15.781 GB/s
[b0004 r3] mode=dcp size=104857600 fpp=8 iter=0 bytes=53688373680 t=3.06s 16.327 GB/s
[b0009 r8] mode=dcp size=104857600 fpp=8 iter=2 bytes=53688374192 t=5.86s 8.531 GB/s
[b0013 r12] mode=dcp size=104857600 fpp=8 iter=1 bytes=53688374192 t=6.11s 8.188 GB/s
[b0008 r7] mode=dcp size=104857600 fpp=8 iter=2 bytes=53688374192 t=5.82s 8.584 GB/s
[b0014 r13] mode=dcp size=104857600 fpp=8 iter=1 bytes=53688374192 t=6.64s 7.525 GB/s
[b0007 r6] mode=dcp size=104857600 fpp=8 iter=2 bytes=53688373680 t=6.98s 7.168 GB/s
[b0006 r5] mode=dcp size=104857600 fpp=8 iter=1 bytes=53688374192 t=7.27s 6.879 GB/s
[b0003 r2] mode=dcp size=104857600 fpp=8 iter=2 bytes=53688374192 t=5.27s 9.482 GB/s
[b0010 r9] mode=dcp size=104857600 fpp=8 iter=2 bytes=53688374192 t=3.91s 12.801 GB/s
[b0011 r10] mode=dcp size=104857600 fpp=8 iter=1 bytes=53688374704 t=5.19s 9.630 GB/s
[b0005 r4] mode=dcp size=104857600 fpp=8 iter=1 bytes=53688374192 t=3.60s 13.882 GB/s
[b0016 r15] mode=dcp size=104857600 fpp=8 iter=2 bytes=53688374192 t=3.18s 15.737 GB/s
[b0004 r3] mode=dcp size=104857600 fpp=8 iter=1 bytes=53688373680 t=2.97s 16.852 GB/s
[b0013 r12] mode=dcp size=104857600 fpp=8 iter=2 bytes=53688374192 t=3.37s 14.820 GB/s
[b0014 r13] mode=dcp size=104857600 fpp=8 iter=2 bytes=53688374192 t=3.86s 12.945 GB/s
[b0006 r5] mode=dcp size=104857600 fpp=8 iter=2 bytes=53688374192 t=3.93s 12.725 GB/s
[b0011 r10] mode=dcp size=104857600 fpp=8 iter=2 bytes=53688374704 t=3.27s 15.282 GB/s
[b0005 r4] mode=dcp size=104857600 fpp=8 iter=2 bytes=53688374192 t=2.82s 17.732 GB/s
[b0004 r3] mode=dcp size=104857600 fpp=8 iter=2 bytes=53688373680 t=2.71s 18.440 GB/s
Done. Results: results/16node_64cpu_b200-batch_26109/all.csv
