Running on hosts: b0004 b0005 b0006 b0007 b0008 b0009 b0010 b0011
[b0006:19066:0:19066] ib_mlx5_log.c:179  Transport retry count exceeded on mlx5_4:1/IB (synd 0x15 vend 0x81 hw_synd 0/0)
[b0006:19066:0:19066] ib_mlx5_log.c:179  DCI QP 0x67f wqe[0]: SEND s-e [rqpn 0x1b8e rlid 227] [inl len 18] 
==== backtrace (tid:  19066) ====
 0  /opt/hpcx/ompi/lib/openmpi/../../../ucx/lib/libucs.so.0(ucs_handle_error+0x2e4) [0x7f6e741bb774]
 1  /opt/hpcx/ompi/lib/openmpi/../../../ucx/lib/libucs.so.0(ucs_fatal_error_message+0xc2) [0x7f6e741b8732]
 2  /opt/hpcx/ompi/lib/openmpi/../../../ucx/lib/libucs.so.0(+0x3956a) [0x7f6e741bd56a]
 3  /opt/hpcx/ompi/lib/openmpi/../../../ucx/lib/libucs.so.0(ucs_log_dispatch+0xe4) [0x7f6e741bd8f4]
 4  /opt/hpcx/ompi/lib/openmpi/../../../ucx/lib/ucx/libuct_ib_mlx5.so.0(uct_ib_mlx5_completion_with_err+0x550) [0x7f6e6c289550]
 5  /opt/hpcx/ompi/lib/openmpi/../../../ucx/lib/ucx/libuct_ib_mlx5.so.0(uct_dc_mlx5_ep_handle_failure+0xb2) [0x7f6e6c2bde82]
 6  /opt/hpcx/ompi/lib/openmpi/../../../ucx/lib/ucx/libuct_ib_mlx5.so.0(uct_ib_mlx5_check_completion+0x3d) [0x7f6e6c28a74d]
 7  /opt/hpcx/ompi/lib/openmpi/../../../ucx/lib/ucx/libuct_ib_mlx5.so.0(+0x4b097) [0x7f6e6c2c0097]
 8  /opt/hpcx/ompi/lib/openmpi/../../../ucx/lib/libucp.so.0(ucp_worker_progress+0x5a) [0x7f6e7424f0ea]
 9  /opt/hpcx/ompi/lib/./libopen-pal.so.40(opal_progress+0x34) [0x7f6e7610e3b4]
10  /opt/hpcx/ompi/lib/libmpi.so.40(ompi_request_default_test_all+0x1fb) [0x7f6eab131bdb]
11  /opt/hpcx/ompi/lib/openmpi/mca_coll_ucc.so(+0x39ac) [0x7f6e6c0309ac]
12  /opt/hpcx/ompi/lib/openmpi/../../../ucc/lib/libucc.so.1(ucc_core_addr_exchange+0x3c) [0x7f6e6002cbcc]
13  /opt/hpcx/ompi/lib/openmpi/../../../ucc/lib/libucc.so.1(ucc_context_create_proc_info+0x801) [0x7f6e6002d7e1]
14  /opt/hpcx/ompi/lib/openmpi/mca_coll_ucc.so(+0x3cb1) [0x7f6e6c030cb1]
15  /opt/hpcx/ompi/lib/openmpi/mca_coll_ucc.so(mca_coll_ucc_comm_query+0x6f) [0x7f6e6c03283f]
16  /opt/hpcx/ompi/lib/libmpi.so.40(+0x85e8c) [0x7f6eab163e8c]
17  /opt/hpcx/ompi/lib/libmpi.so.40(mca_coll_base_comm_select+0x76) [0x7f6eab164486]
18  /opt/hpcx/ompi/lib/libmpi.so.40(ompi_mpi_init+0xee3) [0x7f6eab1b16a3]
19  /opt/hpcx/ompi/lib/libmpi.so.40(MPI_Init+0x71) [0x7f6eab154c31]
20  /workspace/hpl-linux-x86_64/xhpl() [0x45bd59]
21  /lib/x86_64-linux-gnu/libc.so.6(+0x2a1ca) [0x7f6e762181ca]
22  /lib/x86_64-linux-gnu/libc.so.6(__libc_start_main+0x8b) [0x7f6e7621828b]
23  /workspace/hpl-linux-x86_64/xhpl() [0x45dafe]
=================================
[b0006:19066] *** Process received signal ***
[b0006:19066] Signal: Aborted (6)
[b0006:19066] Signal code:  (-6)
[b0006:19066] [ 0] /lib/x86_64-linux-gnu/libc.so.6(+0x45330)[0x7f6e76233330]
[b0006:19066] [ 1] /lib/x86_64-linux-gnu/libc.so.6(pthread_kill+0x11c)[0x7f6e7628cb2c]
[b0006:19066] [ 2] /lib/x86_64-linux-gnu/libc.so.6(gsignal+0x1e)[0x7f6e7623327e]
[b0006:19066] [ 3] /lib/x86_64-linux-gnu/libc.so.6(abort+0xdf)[0x7f6e762168ff]
[b0006:19066] [ 4] /opt/hpcx/ompi/lib/openmpi/../../../ucx/lib/libucs.so.0(+0x34737)[0x7f6e741b8737]
[b0006:19066] [ 5] /opt/hpcx/ompi/lib/openmpi/../../../ucx/lib/libucs.so.0(+0x3956a)[0x7f6e741bd56a]
[b0006:19066] [ 6] /opt/hpcx/ompi/lib/openmpi/../../../ucx/lib/libucs.so.0(ucs_log_dispatch+0xe4)[0x7f6e741bd8f4]
[b0006:19066] [ 7] /opt/hpcx/ompi/lib/openmpi/../../../ucx/lib/ucx/libuct_ib_mlx5.so.0(uct_ib_mlx5_completion_with_err+0x550)[0x7f6e6c289550]
[b0006:19066] [ 8] /opt/hpcx/ompi/lib/openmpi/../../../ucx/lib/ucx/libuct_ib_mlx5.so.0(uct_dc_mlx5_ep_handle_failure+0xb2)[0x7f6e6c2bde82]
[b0006:19066] [ 9] /opt/hpcx/ompi/lib/openmpi/../../../ucx/lib/ucx/libuct_ib_mlx5.so.0(uct_ib_mlx5_check_completion+0x3d)[0x7f6e6c28a74d]
[b0006:19066] [10] /opt/hpcx/ompi/lib/openmpi/../../../ucx/lib/ucx/libuct_ib_mlx5.so.0(+0x4b097)[0x7f6e6c2c0097]
[b0006:19066] [11] /opt/hpcx/ompi/lib/openmpi/../../../ucx/lib/libucp.so.0(ucp_worker_progress+0x5a)[0x7f6e7424f0ea]
[b0006:19066] [12] /opt/hpcx/ompi/lib/./libopen-pal.so.40(opal_progress+0x34)[0x7f6e7610e3b4]
[b0006:19066] [13] /opt/hpcx/ompi/lib/libmpi.so.40(ompi_request_default_test_all+0x1fb)[0x7f6eab131bdb]
[b0006:19066] [14] /opt/hpcx/ompi/lib/openmpi/mca_coll_ucc.so(+0x39ac)[0x7f6e6c0309ac]
[b0006:19066] [15] /opt/hpcx/ompi/lib/openmpi/../../../ucc/lib/libucc.so.1(ucc_core_addr_exchange+0x3c)[0x7f6e6002cbcc]
[b0006:19066] [16] /opt/hpcx/ompi/lib/openmpi/../../../ucc/lib/libucc.so.1(ucc_context_create_proc_info+0x801)[0x7f6e6002d7e1]
[b0006:19066] [17] /opt/hpcx/ompi/lib/openmpi/mca_coll_ucc.so(+0x3cb1)[0x7f6e6c030cb1]
[b0006:19066] [18] /opt/hpcx/ompi/lib/openmpi/mca_coll_ucc.so(mca_coll_ucc_comm_query+0x6f)[0x7f6e6c03283f]
[b0006:19066] [19] /opt/hpcx/ompi/lib/libmpi.so.40(+0x85e8c)[0x7f6eab163e8c]
[b0006:19066] [20] /opt/hpcx/ompi/lib/libmpi.so.40(mca_coll_base_comm_select+0x76)[0x7f6eab164486]
[b0006:19066] [21] /opt/hpcx/ompi/lib/libmpi.so.40(ompi_mpi_init+0xee3)[0x7f6eab1b16a3]
[b0006:19066] [22] /opt/hpcx/ompi/lib/libmpi.so.40(MPI_Init+0x71)[0x7f6eab154c31]
[b0006:19066] [23] /workspace/hpl-linux-x86_64/xhpl[0x45bd59]
[b0006:19066] [24] /lib/x86_64-linux-gnu/libc.so.6(+0x2a1ca)[0x7f6e762181ca]
[b0006:19066] [25] /lib/x86_64-linux-gnu/libc.so.6(__libc_start_main+0x8b)[0x7f6e7621828b]
[b0006:19066] [26] /workspace/hpl-linux-x86_64/xhpl[0x45dafe]
[b0006:19066] *** End of error message ***
[b0004:19156:0:19156] ib_mlx5_log.c:179  Transport retry count exceeded on mlx5_4:1/IB (synd 0x15 vend 0x81 hw_synd 0/0)
[b0004:19156:0:19156] ib_mlx5_log.c:179  DCI QP 0x692 wqe[0]: SEND s-e [rqpn 0x1b80 rlid 215] [inl len 18] 
==== backtrace (tid:  19156) ====
 0  /opt/hpcx/ompi/lib/openmpi/../../../ucx/lib/libucs.so.0(ucs_handle_error+0x2e4) [0x7fb8f313a774]
 1  /opt/hpcx/ompi/lib/openmpi/../../../ucx/lib/libucs.so.0(ucs_fatal_error_message+0xc2) [0x7fb8f3137732]
 2  /opt/hpcx/ompi/lib/openmpi/../../../ucx/lib/libucs.so.0(+0x3956a) [0x7fb8f313c56a]
 3  /opt/hpcx/ompi/lib/openmpi/../../../ucx/lib/libucs.so.0(ucs_log_dispatch+0xe4) [0x7fb8f313c8f4]
 4  /opt/hpcx/ompi/lib/openmpi/../../../ucx/lib/ucx/libuct_ib_mlx5.so.0(uct_ib_mlx5_completion_with_err+0x550) [0x7fb8f082b550]
 5  /opt/hpcx/ompi/lib/openmpi/../../../ucx/lib/ucx/libuct_ib_mlx5.so.0(uct_dc_mlx5_ep_handle_failure+0xb2) [0x7fb8f085fe82]
 6  /opt/hpcx/ompi/lib/openmpi/../../../ucx/lib/ucx/libuct_ib_mlx5.so.0(uct_ib_mlx5_check_completion+0x3d) [0x7fb8f082c74d]
 7  /opt/hpcx/ompi/lib/openmpi/../../../ucx/lib/ucx/libuct_ib_mlx5.so.0(+0x4b097) [0x7fb8f0862097]
 8  /opt/hpcx/ompi/lib/openmpi/../../../ucx/lib/libucp.so.0(ucp_worker_progress+0x5a) [0x7fb8f31ce0ea]
 9  /opt/hpcx/ompi/lib/./libopen-pal.so.40(opal_progress+0x34) [0x7fb8f950e3b4]
10  /opt/hpcx/ompi/lib/libmpi.so.40(ompi_request_default_test_all+0x1fb) [0x7fb92e531bdb]
11  /opt/hpcx/ompi/lib/openmpi/mca_coll_ucc.so(+0x39ac) [0x7fb8f01e19ac]
12  /opt/hpcx/ompi/lib/openmpi/../../../ucc/lib/libucc.so.1(ucc_core_addr_exchange+0x3c) [0x7fb8f01adbcc]
13  /opt/hpcx/ompi/lib/openmpi/../../../ucc/lib/libucc.so.1(ucc_context_create_proc_info+0x801) [0x7fb8f01ae7e1]
14  /opt/hpcx/ompi/lib/openmpi/mca_coll_ucc.so(+0x3cb1) [0x7fb8f01e1cb1]
15  /opt/hpcx/ompi/lib/openmpi/mca_coll_ucc.so(mca_coll_ucc_comm_query+0x6f) [0x7fb8f01e383f]
16  /opt/hpcx/ompi/lib/libmpi.so.40(+0x85e8c) [0x7fb92e563e8c]
17  /opt/hpcx/ompi/lib/libmpi.so.40(mca_coll_base_comm_select+0x76) [0x7fb92e564486]
18  /opt/hpcx/ompi/lib/libmpi.so.40(ompi_mpi_init+0xee3) [0x7fb92e5b16a3]
19  /opt/hpcx/ompi/lib/libmpi.so.40(MPI_Init+0x71) [0x7fb92e554c31]
20  /workspace/hpl-linux-x86_64/xhpl() [0x45bd59]
21  /lib/x86_64-linux-gnu/libc.so.6(+0x2a1ca) [0x7fb8f96181ca]
22  /lib/x86_64-linux-gnu/libc.so.6(__libc_start_main+0x8b) [0x7fb8f961828b]
23  /workspace/hpl-linux-x86_64/xhpl() [0x45dafe]
=================================
[b0004:19156] *** Process received signal ***
[b0004:19156] Signal: Aborted (6)
[b0004:19156] Signal code:  (-6)
[b0004:19156] [ 0] /lib/x86_64-linux-gnu/libc.so.6(+0x45330)[0x7fb8f9633330]
[b0004:19156] [ 1] /lib/x86_64-linux-gnu/libc.so.6(pthread_kill+0x11c)[0x7fb8f968cb2c]
[b0004:19156] [ 2] /lib/x86_64-linux-gnu/libc.so.6(gsignal+0x1e)[0x7fb8f963327e]
[b0004:19156] [ 3] /lib/x86_64-linux-gnu/libc.so.6(abort+0xdf)[0x7fb8f96168ff]
[b0004:19156] [ 4] /opt/hpcx/ompi/lib/openmpi/../../../ucx/lib/libucs.so.0(+0x34737)[0x7fb8f3137737]
[b0004:19156] [ 5] /opt/hpcx/ompi/lib/openmpi/../../../ucx/lib/libucs.so.0(+0x3956a)[0x7fb8f313c56a]
[b0004:19156] [ 6] /opt/hpcx/ompi/lib/openmpi/../../../ucx/lib/libucs.so.0(ucs_log_dispatch+0xe4)[0x7fb8f313c8f4]
[b0004:19156] [ 7] /opt/hpcx/ompi/lib/openmpi/../../../ucx/lib/ucx/libuct_ib_mlx5.so.0(uct_ib_mlx5_completion_with_err+0x550)[0x7fb8f082b550]
[b0004:19156] [ 8] /opt/hpcx/ompi/lib/openmpi/../../../ucx/lib/ucx/libuct_ib_mlx5.so.0(uct_dc_mlx5_ep_handle_failure+0xb2)[0x7fb8f085fe82]
[b0004:19156] [ 9] /opt/hpcx/ompi/lib/openmpi/../../../ucx/lib/ucx/libuct_ib_mlx5.so.0(uct_ib_mlx5_check_completion+0x3d)[0x7fb8f082c74d]
[b0004:19156] [10] /opt/hpcx/ompi/lib/openmpi/../../../ucx/lib/ucx/libuct_ib_mlx5.so.0(+0x4b097)[0x7fb8f0862097]
[b0004:19156] [11] /opt/hpcx/ompi/lib/openmpi/../../../ucx/lib/libucp.so.0(ucp_worker_progress+0x5a)[0x7fb8f31ce0ea]
[b0004:19156] [12] /opt/hpcx/ompi/lib/./libopen-pal.so.40(opal_progress+0x34)[0x7fb8f950e3b4]
[b0004:19156] [13] /opt/hpcx/ompi/lib/libmpi.so.40(ompi_request_default_test_all+0x1fb)[0x7fb92e531bdb]
[b0004:19156] [14] /opt/hpcx/ompi/lib/openmpi/mca_coll_ucc.so(+0x39ac)[0x7fb8f01e19ac]
[b0004:19156] [15] /opt/hpcx/ompi/lib/openmpi/../../../ucc/lib/libucc.so.1(ucc_core_addr_exchange+0x3c)[0x7fb8f01adbcc]
[b0004:19156] [16] /opt/hpcx/ompi/lib/openmpi/../../../ucc/lib/libucc.so.1(ucc_context_create_proc_info+0x801)[0x7fb8f01ae7e1]
[b0004:19156] [17] /opt/hpcx/ompi/lib/openmpi/mca_coll_ucc.so(+0x3cb1)[0x7fb8f01e1cb1]
[b0004:19156] [18] /opt/hpcx/ompi/lib/openmpi/mca_coll_ucc.so(mca_coll_ucc_comm_query+0x6f)[0x7fb8f01e383f]
[b0004:19156] [19] /opt/hpcx/ompi/lib/libmpi.so.40(+0x85e8c)[0x7fb92e563e8c]
[b0004:19156] [20] /opt/hpcx/ompi/lib/libmpi.so.40(mca_coll_base_comm_select+0x76)[0x7fb92e564486]
[b0004:19156] [21] /opt/hpcx/ompi/lib/libmpi.so.40(ompi_mpi_init+0xee3)[0x7fb92e5b16a3]
[b0004:19156] [22] /opt/hpcx/ompi/lib/libmpi.so.40(MPI_Init+0x71)[0x7fb92e554c31]
[b0004:19156] [23] /workspace/hpl-linux-x86_64/xhpl[0x45bd59]
[b0004:19156] [24] /lib/x86_64-linux-gnu/libc.so.6(+0x2a1ca)[0x7fb8f96181ca]
[b0004:19156] [25] /lib/x86_64-linux-gnu/libc.so.6(__libc_start_main+0x8b)[0x7fb8f961828b]
[b0004:19156] [26] /workspace/hpl-linux-x86_64/xhpl[0x45dafe]
[b0004:19156] *** End of error message ***
[b0005:18914:0:18914] ib_mlx5_log.c:179  Transport retry count exceeded on mlx5_4:1/IB (synd 0x15 vend 0x81 hw_synd 0/0)
[b0005:18914:0:18914] ib_mlx5_log.c:179  DCI QP 0x690 wqe[0]: SEND s-e [rqpn 0x1b9e rlid 222] [inl len 18] 
==== backtrace (tid:  18914) ====
 0  /opt/hpcx/ompi/lib/openmpi/../../../ucx/lib/libucs.so.0(ucs_handle_error+0x2e4) [0x7f4632022774]
 1  /opt/hpcx/ompi/lib/openmpi/../../../ucx/lib/libucs.so.0(ucs_fatal_error_message+0xc2) [0x7f463201f732]
 2  /opt/hpcx/ompi/lib/openmpi/../../../ucx/lib/libucs.so.0(+0x3956a) [0x7f463202456a]
 3  /opt/hpcx/ompi/lib/openmpi/../../../ucx/lib/libucs.so.0(ucs_log_dispatch+0xe4) [0x7f46320248f4]
 4  /opt/hpcx/ompi/lib/openmpi/../../../ucx/lib/ucx/libuct_ib_mlx5.so.0(uct_ib_mlx5_completion_with_err+0x550) [0x7f4630934550]
 5  /opt/hpcx/ompi/lib/openmpi/../../../ucx/lib/ucx/libuct_ib_mlx5.so.0(uct_dc_mlx5_ep_handle_failure+0xb2) [0x7f4630968e82]
 6  /opt/hpcx/ompi/lib/openmpi/../../../ucx/lib/ucx/libuct_ib_mlx5.so.0(uct_ib_mlx5_check_completion+0x3d) [0x7f463093574d]
 7  /opt/hpcx/ompi/lib/openmpi/../../../ucx/lib/ucx/libuct_ib_mlx5.so.0(+0x4b097) [0x7f463096b097]
 8  /opt/hpcx/ompi/lib/openmpi/../../../ucx/lib/libucp.so.0(ucp_worker_progress+0x5a) [0x7f46320b60ea]
 9  /opt/hpcx/ompi/lib/./libopen-pal.so.40(opal_progress+0x34) [0x7f463430e3b4]
10  /opt/hpcx/ompi/lib/libmpi.so.40(ompi_request_default_test_all+0x1fb) [0x7f466ca7cbdb]
11  /opt/hpcx/ompi/lib/openmpi/mca_coll_ucc.so(+0x39ac) [0x7f462048d9ac]
12  /opt/hpcx/ompi/lib/openmpi/../../../ucc/lib/libucc.so.1(ucc_core_addr_exchange+0x3c) [0x7f4620459bcc]
13  /opt/hpcx/ompi/lib/openmpi/../../../ucc/lib/libucc.so.1(ucc_context_create_proc_info+0x801) [0x7f462045a7e1]
14  /opt/hpcx/ompi/lib/openmpi/mca_coll_ucc.so(+0x3cb1) [0x7f462048dcb1]
15  /opt/hpcx/ompi/lib/openmpi/mca_coll_ucc.so(mca_coll_ucc_comm_query+0x6f) [0x7f462048f83f]
16  /opt/hpcx/ompi/lib/libmpi.so.40(+0x85e8c) [0x7f466caaee8c]
17  /opt/hpcx/ompi/lib/libmpi.so.40(mca_coll_base_comm_select+0x76) [0x7f466caaf486]
18  /opt/hpcx/ompi/lib/libmpi.so.40(ompi_mpi_init+0xee3) [0x7f466cafc6a3]
19  /opt/hpcx/ompi/lib/libmpi.so.40(MPI_Init+0x71) [0x7f466ca9fc31]
20  /workspace/hpl-linux-x86_64/xhpl() [0x45bd59]
21  /lib/x86_64-linux-gnu/libc.so.6(+0x2a1ca) [0x7f46344181ca]
22  /lib/x86_64-linux-gnu/libc.so.6(__libc_start_main+0x8b) [0x7f463441828b]
23  /workspace/hpl-linux-x86_64/xhpl() [0x45dafe]
=================================
[b0005:18914] *** Process received signal ***
[b0005:18914] Signal: Aborted (6)
[b0005:18914] Signal code:  (-6)
[b0005:18914] [ 0] /lib/x86_64-linux-gnu/libc.so.6(+0x45330)[0x7f4634433330]
[b0005:18914] [ 1] /lib/x86_64-linux-gnu/libc.so.6(pthread_kill+0x11c)[0x7f463448cb2c]
[b0005:18914] [ 2] /lib/x86_64-linux-gnu/libc.so.6(gsignal+0x1e)[0x7f463443327e]
[b0005:18914] [ 3] /lib/x86_64-linux-gnu/libc.so.6(abort+0xdf)[0x7f46344168ff]
[b0005:18914] [ 4] /opt/hpcx/ompi/lib/openmpi/../../../ucx/lib/libucs.so.0(+0x34737)[0x7f463201f737]
[b0005:18914] [ 5] /opt/hpcx/ompi/lib/openmpi/../../../ucx/lib/libucs.so.0(+0x3956a)[0x7f463202456a]
[b0005:18914] [ 6] /opt/hpcx/ompi/lib/openmpi/../../../ucx/lib/libucs.so.0(ucs_log_dispatch+0xe4)[0x7f46320248f4]
[b0005:18914] [ 7] /opt/hpcx/ompi/lib/openmpi/../../../ucx/lib/ucx/libuct_ib_mlx5.so.0(uct_ib_mlx5_completion_with_err+0x550)[0x7f4630934550]
[b0005:18914] [ 8] /opt/hpcx/ompi/lib/openmpi/../../../ucx/lib/ucx/libuct_ib_mlx5.so.0(uct_dc_mlx5_ep_handle_failure+0xb2)[0x7f4630968e82]
[b0005:18914] [ 9] /opt/hpcx/ompi/lib/openmpi/../../../ucx/lib/ucx/libuct_ib_mlx5.so.0(uct_ib_mlx5_check_completion+0x3d)[0x7f463093574d]
[b0005:18914] [10] /opt/hpcx/ompi/lib/openmpi/../../../ucx/lib/ucx/libuct_ib_mlx5.so.0(+0x4b097)[0x7f463096b097]
[b0005:18914] [11] /opt/hpcx/ompi/lib/openmpi/../../../ucx/lib/libucp.so.0(ucp_worker_progress+0x5a)[0x7f46320b60ea]
[b0005:18914] [12] /opt/hpcx/ompi/lib/./libopen-pal.so.40(opal_progress+0x34)[0x7f463430e3b4]
[b0005:18914] [13] /opt/hpcx/ompi/lib/libmpi.so.40(ompi_request_default_test_all+0x1fb)[0x7f466ca7cbdb]
[b0005:18914] [14] /opt/hpcx/ompi/lib/openmpi/mca_coll_ucc.so(+0x39ac)[0x7f462048d9ac]
[b0005:18914] [15] /opt/hpcx/ompi/lib/openmpi/../../../ucc/lib/libucc.so.1(ucc_core_addr_exchange+0x3c)[0x7f4620459bcc]
[b0005:18914] [16] /opt/hpcx/ompi/lib/openmpi/../../../ucc/lib/libucc.so.1(ucc_context_create_proc_info+0x801)[0x7f462045a7e1]
[b0005:18914] [17] /opt/hpcx/ompi/lib/openmpi/mca_coll_ucc.so(+0x3cb1)[0x7f462048dcb1]
[b0005:18914] [18] /opt/hpcx/ompi/lib/openmpi/mca_coll_ucc.so(mca_coll_ucc_comm_query+0x6f)[0x7f462048f83f]
[b0005:18914] [19] /opt/hpcx/ompi/lib/libmpi.so.40(+0x85e8c)[0x7f466caaee8c]
[b0005:18914] [20] /opt/hpcx/ompi/lib/libmpi.so.40(mca_coll_base_comm_select+0x76)[0x7f466caaf486]
[b0005:18914] [21] /opt/hpcx/ompi/lib/libmpi.so.40(ompi_mpi_init+0xee3)[0x7f466cafc6a3]
[b0005:18914] [22] /opt/hpcx/ompi/lib/libmpi.so.40(MPI_Init+0x71)[0x7f466ca9fc31]
[b0005:18914] [23] /workspace/hpl-linux-x86_64/xhpl[0x45bd59]
[b0005:18914] [24] /lib/x86_64-linux-gnu/libc.so.6(+0x2a1ca)[0x7f46344181ca]
[b0005:18914] [25] /lib/x86_64-linux-gnu/libc.so.6(__libc_start_main+0x8b)[0x7f463441828b]
[b0005:18914] [26] /workspace/hpl-linux-x86_64/xhpl[0x45dafe]
[b0005:18914] *** End of error message ***
[b0011:19040:0:19040] ib_mlx5_log.c:179  Transport retry count exceeded on mlx5_4:1/IB (synd 0x15 vend 0x81 hw_synd 0/0)
[b0011:19040:0:19040] ib_mlx5_log.c:179  DCI QP 0x692 wqe[0]: SEND s-e [rqpn 0x1afd rlid 217] [inl len 18] 
==== backtrace (tid:  19040) ====
 0  /opt/hpcx/ompi/lib/openmpi/../../../ucx/lib/libucs.so.0(ucs_handle_error+0x2e4) [0x7f8de4b12774]
 1  /opt/hpcx/ompi/lib/openmpi/../../../ucx/lib/libucs.so.0(ucs_fatal_error_message+0xc2) [0x7f8de4b0f732]
 2  /opt/hpcx/ompi/lib/openmpi/../../../ucx/lib/libucs.so.0(+0x3956a) [0x7f8de4b1456a]
 3  /opt/hpcx/ompi/lib/openmpi/../../../ucx/lib/libucs.so.0(ucs_log_dispatch+0xe4) [0x7f8de4b148f4]
 4  /opt/hpcx/ompi/lib/openmpi/../../../ucx/lib/ucx/libuct_ib_mlx5.so.0(uct_ib_mlx5_completion_with_err+0x550) [0x7f8ddcfd4550]
 5  /opt/hpcx/ompi/lib/openmpi/../../../ucx/lib/ucx/libuct_ib_mlx5.so.0(uct_dc_mlx5_ep_handle_failure+0xb2) [0x7f8ddd008e82]
 6  /opt/hpcx/ompi/lib/openmpi/../../../ucx/lib/ucx/libuct_ib_mlx5.so.0(uct_ib_mlx5_check_completion+0x3d) [0x7f8ddcfd574d]
 7  /opt/hpcx/ompi/lib/openmpi/../../../ucx/lib/ucx/libuct_ib_mlx5.so.0(+0x4b097) [0x7f8ddd00b097]
 8  /opt/hpcx/ompi/lib/openmpi/../../../ucx/lib/libucp.so.0(ucp_worker_progress+0x5a) [0x7f8de4ba60ea]
 9  /opt/hpcx/ompi/lib/./libopen-pal.so.40(opal_progress+0x34) [0x7f8de6f0e3b4]
10  /opt/hpcx/ompi/lib/libmpi.so.40(ompi_request_default_test_all+0x1fb) [0x7f8e1bf31bdb]
11  /opt/hpcx/ompi/lib/openmpi/mca_coll_ucc.so(+0x39ac) [0x7f8ddc18d9ac]
12  /opt/hpcx/ompi/lib/openmpi/../../../ucc/lib/libucc.so.1(ucc_core_addr_exchange+0x3c) [0x7f8ddc159bcc]
13  /opt/hpcx/ompi/lib/openmpi/../../../ucc/lib/libucc.so.1(ucc_context_create_proc_info+0x801) [0x7f8ddc15a7e1]
14  /opt/hpcx/ompi/lib/openmpi/mca_coll_ucc.so(+0x3cb1) [0x7f8ddc18dcb1]
15  /opt/hpcx/ompi/lib/openmpi/mca_coll_ucc.so(mca_coll_ucc_comm_query+0x6f) [0x7f8ddc18f83f]
16  /opt/hpcx/ompi/lib/libmpi.so.40(+0x85e8c) [0x7f8e1bf63e8c]
17  /opt/hpcx/ompi/lib/libmpi.so.40(mca_coll_base_comm_select+0x76) [0x7f8e1bf64486]
18  /opt/hpcx/ompi/lib/libmpi.so.40(ompi_mpi_init+0xee3) [0x7f8e1bfb16a3]
19  /opt/hpcx/ompi/lib/libmpi.so.40(MPI_Init+0x71) [0x7f8e1bf54c31]
20  /workspace/hpl-linux-x86_64/xhpl() [0x45bd59]
21  /lib/x86_64-linux-gnu/libc.so.6(+0x2a1ca) [0x7f8de70181ca]
22  /lib/x86_64-linux-gnu/libc.so.6(__libc_start_main+0x8b) [0x7f8de701828b]
23  /workspace/hpl-linux-x86_64/xhpl() [0x45dafe]
=================================
[b0011:19040] *** Process received signal ***
[b0011:19040] Signal: Aborted (6)
[b0011:19040] Signal code:  (-6)
[b0011:19040] [ 0] /lib/x86_64-linux-gnu/libc.so.6(+0x45330)[0x7f8de7033330]
[b0011:19040] [ 1] /lib/x86_64-linux-gnu/libc.so.6(pthread_kill+0x11c)[0x7f8de708cb2c]
[b0011:19040] [ 2] /lib/x86_64-linux-gnu/libc.so.6(gsignal+0x1e)[0x7f8de703327e]
[b0011:19040] [ 3] /lib/x86_64-linux-gnu/libc.so.6(abort+0xdf)[0x7f8de70168ff]
[b0011:19040] [ 4] /opt/hpcx/ompi/lib/openmpi/../../../ucx/lib/libucs.so.0(+0x34737)[0x7f8de4b0f737]
[b0011:19040] [ 5] /opt/hpcx/ompi/lib/openmpi/../../../ucx/lib/libucs.so.0(+0x3956a)[0x7f8de4b1456a]
[b0011:19040] [ 6] /opt/hpcx/ompi/lib/openmpi/../../../ucx/lib/libucs.so.0(ucs_log_dispatch+0xe4)[0x7f8de4b148f4]
[b0011:19040] [ 7] /opt/hpcx/ompi/lib/openmpi/../../../ucx/lib/ucx/libuct_ib_mlx5.so.0(uct_ib_mlx5_completion_with_err+0x550)[0x7f8ddcfd4550]
[b0011:19040] [ 8] /opt/hpcx/ompi/lib/openmpi/../../../ucx/lib/ucx/libuct_ib_mlx5.so.0(uct_dc_mlx5_ep_handle_failure+0xb2)[0x7f8ddd008e82]
[b0011:19040] [ 9] /opt/hpcx/ompi/lib/openmpi/../../../ucx/lib/ucx/libuct_ib_mlx5.so.0(uct_ib_mlx5_check_completion+0x3d)[0x7f8ddcfd574d]
[b0011:19040] [10] /opt/hpcx/ompi/lib/openmpi/../../../ucx/lib/ucx/libuct_ib_mlx5.so.0(+0x4b097)[0x7f8ddd00b097]
[b0011:19040] [11] /opt/hpcx/ompi/lib/openmpi/../../../ucx/lib/libucp.so.0(ucp_worker_progress+0x5a)[0x7f8de4ba60ea]
[b0011:19040] [12] /opt/hpcx/ompi/lib/./libopen-pal.so.40(opal_progress+0x34)[0x7f8de6f0e3b4]
[b0011:19040] [13] /opt/hpcx/ompi/lib/libmpi.so.40(ompi_request_default_test_all+0x1fb)[0x7f8e1bf31bdb]
[b0011:19040] [14] /opt/hpcx/ompi/lib/openmpi/mca_coll_ucc.so(+0x39ac)[0x7f8ddc18d9ac]
[b0011:19040] [15] /opt/hpcx/ompi/lib/openmpi/../../../ucc/lib/libucc.so.1(ucc_core_addr_exchange+0x3c)[0x7f8ddc159bcc]
[b0011:19040] [16] /opt/hpcx/ompi/lib/openmpi/../../../ucc/lib/libucc.so.1(ucc_context_create_proc_info+0x801)[0x7f8ddc15a7e1]
[b0011:19040] [17] /opt/hpcx/ompi/lib/openmpi/mca_coll_ucc.so(+0x3cb1)[0x7f8ddc18dcb1]
[b0011:19040] [18] /opt/hpcx/ompi/lib/openmpi/mca_coll_ucc.so(mca_coll_ucc_comm_query+0x6f)[0x7f8ddc18f83f]
[b0011:19040] [19] /opt/hpcx/ompi/lib/libmpi.so.40(+0x85e8c)[0x7f8e1bf63e8c]
[b0011:19040] [20] /opt/hpcx/ompi/lib/libmpi.so.40(mca_coll_base_comm_select+0x76)[0x7f8e1bf64486]
[b0011:19040] [21] /opt/hpcx/ompi/lib/libmpi.so.40(ompi_mpi_init+0xee3)[0x7f8e1bfb16a3]
[b0011:19040] [22] /opt/hpcx/ompi/lib/libmpi.so.40(MPI_Init+0x71)[0x7f8e1bf54c31]
[b0011:19040] [23] /workspace/hpl-linux-x86_64/xhpl[0x45bd59]
[b0011:19040] [24] /lib/x86_64-linux-gnu/libc.so.6(+0x2a1ca)[0x7f8de70181ca]
[b0011:19040] [25] /lib/x86_64-linux-gnu/libc.so.6(__libc_start_main+0x8b)[0x7f8de701828b]
[b0011:19040] [26] /workspace/hpl-linux-x86_64/xhpl[0x45dafe]
[b0011:19040] *** End of error message ***
[b0009:19041:0:19041] ib_mlx5_log.c:179  Transport retry count exceeded on mlx5_4:1/IB (synd 0x15 vend 0x81 hw_synd 0/0)
[b0009:19041:0:19041] ib_mlx5_log.c:179  DCI QP 0x692 wqe[0]: SEND s-e [rqpn 0x1ae6 rlid 147] [inl len 18] 
==== backtrace (tid:  19041) ====
 0  /opt/hpcx/ompi/lib/openmpi/../../../ucx/lib/libucs.so.0(ucs_handle_error+0x2e4) [0x7ff826faf774]
 1  /opt/hpcx/ompi/lib/openmpi/../../../ucx/lib/libucs.so.0(ucs_fatal_error_message+0xc2) [0x7ff826fac732]
 2  /opt/hpcx/ompi/lib/openmpi/../../../ucx/lib/libucs.so.0(+0x3956a) [0x7ff826fb156a]
 3  /opt/hpcx/ompi/lib/openmpi/../../../ucx/lib/libucs.so.0(ucs_log_dispatch+0xe4) [0x7ff826fb18f4]
 4  /opt/hpcx/ompi/lib/openmpi/../../../ucx/lib/ucx/libuct_ib_mlx5.so.0(uct_ib_mlx5_completion_with_err+0x550) [0x7ff824699550]
 5  /opt/hpcx/ompi/lib/openmpi/../../../ucx/lib/ucx/libuct_ib_mlx5.so.0(uct_dc_mlx5_ep_handle_failure+0xb2) [0x7ff8246cde82]
 6  /opt/hpcx/ompi/lib/openmpi/../../../ucx/lib/ucx/libuct_ib_mlx5.so.0(uct_ib_mlx5_check_completion+0x3d) [0x7ff82469a74d]
 7  /opt/hpcx/ompi/lib/openmpi/../../../ucx/lib/ucx/libuct_ib_mlx5.so.0(+0x4b097) [0x7ff8246d0097]
 8  /opt/hpcx/ompi/lib/openmpi/../../../ucx/lib/libucp.so.0(ucp_worker_progress+0x5a) [0x7ff8270430ea]
 9  /opt/hpcx/ompi/lib/./libopen-pal.so.40(opal_progress+0x34) [0x7ff82930e3b4]
10  /opt/hpcx/ompi/lib/libmpi.so.40(ompi_request_default_test_all+0x1fb) [0x7ff85e331bdb]
11  /opt/hpcx/ompi/lib/openmpi/mca_coll_ucc.so(+0x39ac) [0x7ff82404e9ac]
12  /opt/hpcx/ompi/lib/openmpi/../../../ucc/lib/libucc.so.1(ucc_core_addr_exchange+0x3c) [0x7ff82401abcc]
13  /opt/hpcx/ompi/lib/openmpi/../../../ucc/lib/libucc.so.1(ucc_context_create_proc_info+0x801) [0x7ff82401b7e1]
14  /opt/hpcx/ompi/lib/openmpi/mca_coll_ucc.so(+0x3cb1) [0x7ff82404ecb1]
15  /opt/hpcx/ompi/lib/openmpi/mca_coll_ucc.so(mca_coll_ucc_comm_query+0x6f) [0x7ff82405083f]
16  /opt/hpcx/ompi/lib/libmpi.so.40(+0x85e8c) [0x7ff85e363e8c]
17  /opt/hpcx/ompi/lib/libmpi.so.40(mca_coll_base_comm_select+0x76) [0x7ff85e364486]
18  /opt/hpcx/ompi/lib/libmpi.so.40(ompi_mpi_init+0xee3) [0x7ff85e3b16a3]
19  /opt/hpcx/ompi/lib/libmpi.so.40(MPI_Init+0x71) [0x7ff85e354c31]
20  /workspace/hpl-linux-x86_64/xhpl() [0x45bd59]
21  /lib/x86_64-linux-gnu/libc.so.6(+0x2a1ca) [0x7ff8294181ca]
22  /lib/x86_64-linux-gnu/libc.so.6(__libc_start_main+0x8b) [0x7ff82941828b]
23  /workspace/hpl-linux-x86_64/xhpl() [0x45dafe]
=================================
[b0009:19041] *** Process received signal ***
[b0009:19041] Signal: Aborted (6)
[b0009:19041] Signal code:  (-6)
[b0009:19041] [ 0] /lib/x86_64-linux-gnu/libc.so.6(+0x45330)[0x7ff829433330]
[b0009:19041] [ 1] /lib/x86_64-linux-gnu/libc.so.6(pthread_kill+0x11c)[0x7ff82948cb2c]
[b0009:19041] [ 2] /lib/x86_64-linux-gnu/libc.so.6(gsignal+0x1e)[0x7ff82943327e]
[b0009:19041] [ 3] /lib/x86_64-linux-gnu/libc.so.6(abort+0xdf)[0x7ff8294168ff]
[b0009:19041] [ 4] /opt/hpcx/ompi/lib/openmpi/../../../ucx/lib/libucs.so.0(+0x34737)[0x7ff826fac737]
[b0009:19041] [ 5] /opt/hpcx/ompi/lib/openmpi/../../../ucx/lib/libucs.so.0(+0x3956a)[0x7ff826fb156a]
[b0009:19041] [ 6] /opt/hpcx/ompi/lib/openmpi/../../../ucx/lib/libucs.so.0(ucs_log_dispatch+0xe4)[0x7ff826fb18f4]
[b0009:19041] [ 7] /opt/hpcx/ompi/lib/openmpi/../../../ucx/lib/ucx/libuct_ib_mlx5.so.0(uct_ib_mlx5_completion_with_err+0x550)[0x7ff824699550]
[b0009:19041] [ 8] /opt/hpcx/ompi/lib/openmpi/../../../ucx/lib/ucx/libuct_ib_mlx5.so.0(uct_dc_mlx5_ep_handle_failure+0xb2)[0x7ff8246cde82]
[b0009:19041] [ 9] /opt/hpcx/ompi/lib/openmpi/../../../ucx/lib/ucx/libuct_ib_mlx5.so.0(uct_ib_mlx5_check_completion+0x3d)[0x7ff82469a74d]
[b0009:19041] [10] /opt/hpcx/ompi/lib/openmpi/../../../ucx/lib/ucx/libuct_ib_mlx5.so.0(+0x4b097)[0x7ff8246d0097]
[b0009:19041] [11] /opt/hpcx/ompi/lib/openmpi/../../../ucx/lib/libucp.so.0(ucp_worker_progress+0x5a)[0x7ff8270430ea]
[b0009:19041] [12] /opt/hpcx/ompi/lib/./libopen-pal.so.40(opal_progress+0x34)[0x7ff82930e3b4]
[b0009:19041] [13] /opt/hpcx/ompi/lib/libmpi.so.40(ompi_request_default_test_all+0x1fb)[0x7ff85e331bdb]
[b0009:19041] [14] /opt/hpcx/ompi/lib/openmpi/mca_coll_ucc.so(+0x39ac)[0x7ff82404e9ac]
[b0009:19041] [15] /opt/hpcx/ompi/lib/openmpi/../../../ucc/lib/libucc.so.1(ucc_core_addr_exchange+0x3c)[0x7ff82401abcc]
[b0009:19041] [16] /opt/hpcx/ompi/lib/openmpi/../../../ucc/lib/libucc.so.1(ucc_context_create_proc_info+0x801)[0x7ff82401b7e1]
[b0009:19041] [17] /opt/hpcx/ompi/lib/openmpi/mca_coll_ucc.so(+0x3cb1)[0x7ff82404ecb1]
[b0009:19041] [18] /opt/hpcx/ompi/lib/openmpi/mca_coll_ucc.so(mca_coll_ucc_comm_query+0x6f)[0x7ff82405083f]
[b0009:19041] [19] /opt/hpcx/ompi/lib/libmpi.so.40(+0x85e8c)[0x7ff85e363e8c]
[b0009:19041] [20] /opt/hpcx/ompi/lib/libmpi.so.40(mca_coll_base_comm_select+0x76)[0x7ff85e364486]
[b0009:19041] [21] /opt/hpcx/ompi/lib/libmpi.so.40(ompi_mpi_init+0xee3)[0x7ff85e3b16a3]
[b0009:19041] [22] /opt/hpcx/ompi/lib/libmpi.so.40(MPI_Init+0x71)[0x7ff85e354c31]
[b0009:19041] [23] /workspace/hpl-linux-x86_64/xhpl[0x45bd59]
[b0009:19041] [24] /lib/x86_64-linux-gnu/libc.so.6(+0x2a1ca)[0x7ff8294181ca]
[b0009:19041] [25] /lib/x86_64-linux-gnu/libc.so.6(__libc_start_main+0x8b)[0x7ff82941828b]
[b0009:19041] [26] /workspace/hpl-linux-x86_64/xhpl[0x45dafe]
[b0009:19041] *** End of error message ***
[b0008:19185:0:19185] ib_mlx5_log.c:179  Transport retry count exceeded on mlx5_4:1/IB (synd 0x15 vend 0x81 hw_synd 0/0)
[b0008:19185:0:19185] ib_mlx5_log.c:179  DCI QP 0x693 wqe[0]: SEND s-e [rqpn 0x1b82 rlid 151] [inl len 18] 
==== backtrace (tid:  19185) ====
 0  /opt/hpcx/ompi/lib/openmpi/../../../ucx/lib/libucs.so.0(ucs_handle_error+0x2e4) [0x7fb25ffc2774]
 1  /opt/hpcx/ompi/lib/openmpi/../../../ucx/lib/libucs.so.0(ucs_fatal_error_message+0xc2) [0x7fb25ffbf732]
 2  /opt/hpcx/ompi/lib/openmpi/../../../ucx/lib/libucs.so.0(+0x3956a) [0x7fb25ffc456a]
 3  /opt/hpcx/ompi/lib/openmpi/../../../ucx/lib/libucs.so.0(ucs_log_dispatch+0xe4) [0x7fb25ffc48f4]
 4  /opt/hpcx/ompi/lib/openmpi/../../../ucx/lib/ucx/libuct_ib_mlx5.so.0(uct_ib_mlx5_completion_with_err+0x550) [0x7fb25c4a8550]
 5  /opt/hpcx/ompi/lib/openmpi/../../../ucx/lib/ucx/libuct_ib_mlx5.so.0(uct_dc_mlx5_ep_handle_failure+0xb2) [0x7fb25c4dce82]
 6  /opt/hpcx/ompi/lib/openmpi/../../../ucx/lib/ucx/libuct_ib_mlx5.so.0(uct_ib_mlx5_check_completion+0x3d) [0x7fb25c4a974d]
 7  /opt/hpcx/ompi/lib/openmpi/../../../ucx/lib/ucx/libuct_ib_mlx5.so.0(+0x4b097) [0x7fb25c4df097]
 8  /opt/hpcx/ompi/lib/openmpi/../../../ucx/lib/libucp.so.0(ucp_worker_progress+0x5a) [0x7fb26406f0ea]
 9  /opt/hpcx/ompi/lib/./libopen-pal.so.40(opal_progress+0x34) [0x7fb26630e3b4]
10  /opt/hpcx/ompi/lib/libmpi.so.40(ompi_request_default_test_all+0x1fb) [0x7fb29b331bdb]
11  /opt/hpcx/ompi/lib/openmpi/mca_coll_ucc.so(+0x39ac) [0x7fb25c1079ac]
12  /opt/hpcx/ompi/lib/openmpi/../../../ucc/lib/libucc.so.1(ucc_core_addr_exchange+0x3c) [0x7fb25c0d3bcc]
13  /opt/hpcx/ompi/lib/openmpi/../../../ucc/lib/libucc.so.1(ucc_context_create_proc_info+0x801) [0x7fb25c0d47e1]
14  /opt/hpcx/ompi/lib/openmpi/mca_coll_ucc.so(+0x3cb1) [0x7fb25c107cb1]
15  /opt/hpcx/ompi/lib/openmpi/mca_coll_ucc.so(mca_coll_ucc_comm_query+0x6f) [0x7fb25c10983f]
16  /opt/hpcx/ompi/lib/libmpi.so.40(+0x85e8c) [0x7fb29b363e8c]
17  /opt/hpcx/ompi/lib/libmpi.so.40(mca_coll_base_comm_select+0x76) [0x7fb29b364486]
18  /opt/hpcx/ompi/lib/libmpi.so.40(ompi_mpi_init+0xee3) [0x7fb29b3b16a3]
19  /opt/hpcx/ompi/lib/libmpi.so.40(MPI_Init+0x71) [0x7fb29b354c31]
20  /workspace/hpl-linux-x86_64/xhpl() [0x45bd59]
21  /lib/x86_64-linux-gnu/libc.so.6(+0x2a1ca) [0x7fb2664181ca]
22  /lib/x86_64-linux-gnu/libc.so.6(__libc_start_main+0x8b) [0x7fb26641828b]
23  /workspace/hpl-linux-x86_64/xhpl() [0x45dafe]
=================================
[b0008:19185] *** Process received signal ***
[b0008:19185] Signal: Aborted (6)
[b0008:19185] Signal code:  (-6)
[b0008:19185] [ 0] /lib/x86_64-linux-gnu/libc.so.6(+0x45330)[0x7fb266433330]
[b0008:19185] [ 1] /lib/x86_64-linux-gnu/libc.so.6(pthread_kill+0x11c)[0x7fb26648cb2c]
[b0008:19185] [ 2] /lib/x86_64-linux-gnu/libc.so.6(gsignal+0x1e)[0x7fb26643327e]
[b0008:19185] [ 3] /lib/x86_64-linux-gnu/libc.so.6(abort+0xdf)[0x7fb2664168ff]
[b0008:19185] [ 4] /opt/hpcx/ompi/lib/openmpi/../../../ucx/lib/libucs.so.0(+0x34737)[0x7fb25ffbf737]
[b0008:19185] [ 5] /opt/hpcx/ompi/lib/openmpi/../../../ucx/lib/libucs.so.0(+0x3956a)[0x7fb25ffc456a]
[b0008:19185] [ 6] /opt/hpcx/ompi/lib/openmpi/../../../ucx/lib/libucs.so.0(ucs_log_dispatch+0xe4)[0x7fb25ffc48f4]
[b0008:19185] [ 7] /opt/hpcx/ompi/lib/openmpi/../../../ucx/lib/ucx/libuct_ib_mlx5.so.0(uct_ib_mlx5_completion_with_err+0x550)[0x7fb25c4a8550]
[b0008:19185] [ 8] /opt/hpcx/ompi/lib/openmpi/../../../ucx/lib/ucx/libuct_ib_mlx5.so.0(uct_dc_mlx5_ep_handle_failure+0xb2)[0x7fb25c4dce82]
[b0008:19185] [ 9] /opt/hpcx/ompi/lib/openmpi/../../../ucx/lib/ucx/libuct_ib_mlx5.so.0(uct_ib_mlx5_check_completion+0x3d)[0x7fb25c4a974d]
[b0008:19185] [10] /opt/hpcx/ompi/lib/openmpi/../../../ucx/lib/ucx/libuct_ib_mlx5.so.0(+0x4b097)[0x7fb25c4df097]
[b0008:19185] [11] /opt/hpcx/ompi/lib/openmpi/../../../ucx/lib/libucp.so.0(ucp_worker_progress+0x5a)[0x7fb26406f0ea]
[b0008:19185] [12] /opt/hpcx/ompi/lib/./libopen-pal.so.40(opal_progress+0x34)[0x7fb26630e3b4]
[b0008:19185] [13] /opt/hpcx/ompi/lib/libmpi.so.40(ompi_request_default_test_all+0x1fb)[0x7fb29b331bdb]
[b0008:19185] [14] /opt/hpcx/ompi/lib/openmpi/mca_coll_ucc.so(+0x39ac)[0x7fb25c1079ac]
[b0008:19185] [15] /opt/hpcx/ompi/lib/openmpi/../../../ucc/lib/libucc.so.1(ucc_core_addr_exchange+0x3c)[0x7fb25c0d3bcc]
[b0008:19185] [16] /opt/hpcx/ompi/lib/openmpi/../../../ucc/lib/libucc.so.1(ucc_context_create_proc_info+0x801)[0x7fb25c0d47e1]
[b0008:19185] [17] /opt/hpcx/ompi/lib/openmpi/mca_coll_ucc.so(+0x3cb1)[0x7fb25c107cb1]
[b0008:19185] [18] /opt/hpcx/ompi/lib/openmpi/mca_coll_ucc.so(mca_coll_ucc_comm_query+0x6f)[0x7fb25c10983f]
[b0008:19185] [19] /opt/hpcx/ompi/lib/libmpi.so.40(+0x85e8c)[0x7fb29b363e8c]
[b0008:19185] [20] /opt/hpcx/ompi/lib/libmpi.so.40(mca_coll_base_comm_select+0x76)[0x7fb29b364486]
[b0008:19185] [21] /opt/hpcx/ompi/lib/libmpi.so.40(ompi_mpi_init+0xee3)[0x7fb29b3b16a3]
[b0008:19185] [22] /opt/hpcx/ompi/lib/libmpi.so.40(MPI_Init+0x71)[0x7fb29b354c31]
[b0008:19185] [23] /workspace/hpl-linux-x86_64/xhpl[0x45bd59]
[b0008:19185] [24] /lib/x86_64-linux-gnu/libc.so.6(+0x2a1ca)[0x7fb2664181ca]
[b0008:19185] [25] /lib/x86_64-linux-gnu/libc.so.6(__libc_start_main+0x8b)[0x7fb26641828b]
[b0008:19185] [26] /workspace/hpl-linux-x86_64/xhpl[0x45dafe]
[b0008:19185] *** End of error message ***
[b0007:18969:0:18969] ib_mlx5_log.c:179  Transport retry count exceeded on mlx5_4:1/IB (synd 0x15 vend 0x81 hw_synd 0/0)
[b0007:18969:0:18969] ib_mlx5_log.c:179  DCI QP 0x68d wqe[0]: SEND s-e [rqpn 0x1af2 rlid 261] [inl len 18] 
==== backtrace (tid:  18969) ====
 0  /opt/hpcx/ompi/lib/openmpi/../../../ucx/lib/libucs.so.0(ucs_handle_error+0x2e4) [0x7ff45ddb5774]
 1  /opt/hpcx/ompi/lib/openmpi/../../../ucx/lib/libucs.so.0(ucs_fatal_error_message+0xc2) [0x7ff45ddb2732]
 2  /opt/hpcx/ompi/lib/openmpi/../../../ucx/lib/libucs.so.0(+0x3956a) [0x7ff45ddb756a]
 3  /opt/hpcx/ompi/lib/openmpi/../../../ucx/lib/libucs.so.0(ucs_log_dispatch+0xe4) [0x7ff45ddb78f4]
 4  /opt/hpcx/ompi/lib/openmpi/../../../ucx/lib/ucx/libuct_ib_mlx5.so.0(uct_ib_mlx5_completion_with_err+0x550) [0x7ff45c6c0550]
 5  /opt/hpcx/ompi/lib/openmpi/../../../ucx/lib/ucx/libuct_ib_mlx5.so.0(uct_dc_mlx5_ep_handle_failure+0xb2) [0x7ff45c6f4e82]
 6  /opt/hpcx/ompi/lib/openmpi/../../../ucx/lib/ucx/libuct_ib_mlx5.so.0(uct_ib_mlx5_check_completion+0x3d) [0x7ff45c6c174d]
 7  /opt/hpcx/ompi/lib/openmpi/../../../ucx/lib/ucx/libuct_ib_mlx5.so.0(+0x4b097) [0x7ff45c6f7097]
 8  /opt/hpcx/ompi/lib/openmpi/../../../ucx/lib/libucp.so.0(ucp_worker_progress+0x5a) [0x7ff45de490ea]
 9  /opt/hpcx/ompi/lib/./libopen-pal.so.40(opal_progress+0x34) [0x7ff46010e3b4]
10  /opt/hpcx/ompi/lib/libmpi.so.40(ompi_request_default_test_all+0x1fb) [0x7ff495131bdb]
11  /opt/hpcx/ompi/lib/openmpi/mca_coll_ucc.so(+0x39ac) [0x7ff45c0739ac]
12  /opt/hpcx/ompi/lib/openmpi/../../../ucc/lib/libucc.so.1(ucc_core_addr_exchange+0x3c) [0x7ff45c03fbcc]
13  /opt/hpcx/ompi/lib/openmpi/../../../ucc/lib/libucc.so.1(ucc_context_create_proc_info+0x801) [0x7ff45c0407e1]
14  /opt/hpcx/ompi/lib/openmpi/mca_coll_ucc.so(+0x3cb1) [0x7ff45c073cb1]
15  /opt/hpcx/ompi/lib/openmpi/mca_coll_ucc.so(mca_coll_ucc_comm_query+0x6f) [0x7ff45c07583f]
16  /opt/hpcx/ompi/lib/libmpi.so.40(+0x85e8c) [0x7ff495163e8c]
17  /opt/hpcx/ompi/lib/libmpi.so.40(mca_coll_base_comm_select+0x76) [0x7ff495164486]
18  /opt/hpcx/ompi/lib/libmpi.so.40(ompi_mpi_init+0xee3) [0x7ff4951b16a3]
19  /opt/hpcx/ompi/lib/libmpi.so.40(MPI_Init+0x71) [0x7ff495154c31]
20  /workspace/hpl-linux-x86_64/xhpl() [0x45bd59]
21  /lib/x86_64-linux-gnu/libc.so.6(+0x2a1ca) [0x7ff4602181ca]
22  /lib/x86_64-linux-gnu/libc.so.6(__libc_start_main+0x8b) [0x7ff46021828b]
23  /workspace/hpl-linux-x86_64/xhpl() [0x45dafe]
=================================
[b0007:18969] *** Process received signal ***
[b0007:18969] Signal: Aborted (6)
[b0007:18969] Signal code:  (-6)
[b0007:18969] [ 0] /lib/x86_64-linux-gnu/libc.so.6(+0x45330)[0x7ff460233330]
[b0007:18969] [ 1] /lib/x86_64-linux-gnu/libc.so.6(pthread_kill+0x11c)[0x7ff46028cb2c]
[b0007:18969] [ 2] /lib/x86_64-linux-gnu/libc.so.6(gsignal+0x1e)[0x7ff46023327e]
[b0007:18969] [ 3] /lib/x86_64-linux-gnu/libc.so.6(abort+0xdf)[0x7ff4602168ff]
[b0007:18969] [ 4] /opt/hpcx/ompi/lib/openmpi/../../../ucx/lib/libucs.so.0(+0x34737)[0x7ff45ddb2737]
[b0007:18969] [ 5] /opt/hpcx/ompi/lib/openmpi/../../../ucx/lib/libucs.so.0(+0x3956a)[0x7ff45ddb756a]
[b0007:18969] [ 6] /opt/hpcx/ompi/lib/openmpi/../../../ucx/lib/libucs.so.0(ucs_log_dispatch+0xe4)[0x7ff45ddb78f4]
[b0007:18969] [ 7] /opt/hpcx/ompi/lib/openmpi/../../../ucx/lib/ucx/libuct_ib_mlx5.so.0(uct_ib_mlx5_completion_with_err+0x550)[0x7ff45c6c0550]
[b0007:18969] [ 8] /opt/hpcx/ompi/lib/openmpi/../../../ucx/lib/ucx/libuct_ib_mlx5.so.0(uct_dc_mlx5_ep_handle_failure+0xb2)[0x7ff45c6f4e82]
[b0007:18969] [ 9] /opt/hpcx/ompi/lib/openmpi/../../../ucx/lib/ucx/libuct_ib_mlx5.so.0(uct_ib_mlx5_check_completion+0x3d)[0x7ff45c6c174d]
[b0007:18969] [10] /opt/hpcx/ompi/lib/openmpi/../../../ucx/lib/ucx/libuct_ib_mlx5.so.0(+0x4b097)[0x7ff45c6f7097]
[b0007:18969] [11] /opt/hpcx/ompi/lib/openmpi/../../../ucx/lib/libucp.so.0(ucp_worker_progress+0x5a)[0x7ff45de490ea]
[b0007:18969] [12] /opt/hpcx/ompi/lib/./libopen-pal.so.40(opal_progress+0x34)[0x7ff46010e3b4]
[b0007:18969] [13] /opt/hpcx/ompi/lib/libmpi.so.40(ompi_request_default_test_all+0x1fb)[0x7ff495131bdb]
[b0007:18969] [14] /opt/hpcx/ompi/lib/openmpi/mca_coll_ucc.so(+0x39ac)[0x7ff45c0739ac]
[b0007:18969] [15] /opt/hpcx/ompi/lib/openmpi/../../../ucc/lib/libucc.so.1(ucc_core_addr_exchange+0x3c)[0x7ff45c03fbcc]
[b0007:18969] [16] /opt/hpcx/ompi/lib/openmpi/../../../ucc/lib/libucc.so.1(ucc_context_create_proc_info+0x801)[0x7ff45c0407e1]
[b0007:18969] [17] /opt/hpcx/ompi/lib/openmpi/mca_coll_ucc.so(+0x3cb1)[0x7ff45c073cb1]
[b0007:18969] [18] /opt/hpcx/ompi/lib/openmpi/mca_coll_ucc.so(mca_coll_ucc_comm_query+0x6f)[0x7ff45c07583f]
[b0007:18969] [19] /opt/hpcx/ompi/lib/libmpi.so.40(+0x85e8c)[0x7ff495163e8c]
[b0007:18969] [20] /opt/hpcx/ompi/lib/libmpi.so.40(mca_coll_base_comm_select+0x76)[0x7ff495164486]
[b0007:18969] [21] /opt/hpcx/ompi/lib/libmpi.so.40(ompi_mpi_init+0xee3)[0x7ff4951b16a3]
[b0007:18969] [22] /opt/hpcx/ompi/lib/libmpi.so.40(MPI_Init+0x71)[0x7ff495154c31]
[b0007:18969] [23] /workspace/hpl-linux-x86_64/xhpl[0x45bd59]
[b0007:18969] [24] /lib/x86_64-linux-gnu/libc.so.6(+0x2a1ca)[0x7ff4602181ca]
[b0007:18969] [25] /lib/x86_64-linux-gnu/libc.so.6(__libc_start_main+0x8b)[0x7ff46021828b]
[b0007:18969] [26] /workspace/hpl-linux-x86_64/xhpl[0x45dafe]
[b0007:18969] *** End of error message ***
[b0010:18851:0:18851] ib_mlx5_log.c:179  Transport retry count exceeded on mlx5_4:1/IB (synd 0x15 vend 0x81 hw_synd 0/0)
[b0010:18851:0:18851] ib_mlx5_log.c:179  DCI QP 0x684 wqe[0]: SEND s-e [rqpn 0x1b10 rlid 149] [inl len 18] 
==== backtrace (tid:  18851) ====
 0  /opt/hpcx/ompi/lib/openmpi/../../../ucx/lib/libucs.so.0(ucs_handle_error+0x2e4) [0x7f150a197774]
 1  /opt/hpcx/ompi/lib/openmpi/../../../ucx/lib/libucs.so.0(ucs_fatal_error_message+0xc2) [0x7f150a194732]
 2  /opt/hpcx/ompi/lib/openmpi/../../../ucx/lib/libucs.so.0(+0x3956a) [0x7f150a19956a]
 3  /opt/hpcx/ompi/lib/openmpi/../../../ucx/lib/libucs.so.0(ucs_log_dispatch+0xe4) [0x7f150a1998f4]
 4  /opt/hpcx/ompi/lib/openmpi/../../../ucx/lib/ucx/libuct_ib_mlx5.so.0(uct_ib_mlx5_completion_with_err+0x550) [0x7f1508aa6550]
 5  /opt/hpcx/ompi/lib/openmpi/../../../ucx/lib/ucx/libuct_ib_mlx5.so.0(uct_dc_mlx5_ep_handle_failure+0xb2) [0x7f1508adae82]
 6  /opt/hpcx/ompi/lib/openmpi/../../../ucx/lib/ucx/libuct_ib_mlx5.so.0(uct_ib_mlx5_check_completion+0x3d) [0x7f1508aa774d]
 7  /opt/hpcx/ompi/lib/openmpi/../../../ucx/lib/ucx/libuct_ib_mlx5.so.0(+0x4b097) [0x7f1508add097]
 8  /opt/hpcx/ompi/lib/openmpi/../../../ucx/lib/libucp.so.0(ucp_worker_progress+0x5a) [0x7f150a22b0ea]
 9  /opt/hpcx/ompi/lib/./libopen-pal.so.40(opal_progress+0x34) [0x7f150c50e3b4]
10  /opt/hpcx/ompi/lib/libmpi.so.40(ompi_request_default_test_all+0x1fb) [0x7f1541531bdb]
11  /opt/hpcx/ompi/lib/openmpi/mca_coll_ucc.so(+0x39ac) [0x7f15080439ac]
12  /opt/hpcx/ompi/lib/openmpi/../../../ucc/lib/libucc.so.1(ucc_core_addr_exchange+0x3c) [0x7f150800fbcc]
13  /opt/hpcx/ompi/lib/openmpi/../../../ucc/lib/libucc.so.1(ucc_context_create_proc_info+0x801) [0x7f15080107e1]
14  /opt/hpcx/ompi/lib/openmpi/mca_coll_ucc.so(+0x3cb1) [0x7f1508043cb1]
15  /opt/hpcx/ompi/lib/openmpi/mca_coll_ucc.so(mca_coll_ucc_comm_query+0x6f) [0x7f150804583f]
16  /opt/hpcx/ompi/lib/libmpi.so.40(+0x85e8c) [0x7f1541563e8c]
17  /opt/hpcx/ompi/lib/libmpi.so.40(mca_coll_base_comm_select+0x76) [0x7f1541564486]
18  /opt/hpcx/ompi/lib/libmpi.so.40(ompi_mpi_init+0xee3) [0x7f15415b16a3]
19  /opt/hpcx/ompi/lib/libmpi.so.40(MPI_Init+0x71) [0x7f1541554c31]
20  /workspace/hpl-linux-x86_64/xhpl() [0x45bd59]
21  /lib/x86_64-linux-gnu/libc.so.6(+0x2a1ca) [0x7f150c6181ca]
22  /lib/x86_64-linux-gnu/libc.so.6(__libc_start_main+0x8b) [0x7f150c61828b]
23  /workspace/hpl-linux-x86_64/xhpl() [0x45dafe]
=================================
[b0010:18851] *** Process received signal ***
[b0010:18851] Signal: Aborted (6)
[b0010:18851] Signal code:  (-6)
[b0010:18851] [ 0] /lib/x86_64-linux-gnu/libc.so.6(+0x45330)[0x7f150c633330]
[b0010:18851] [ 1] /lib/x86_64-linux-gnu/libc.so.6(pthread_kill+0x11c)[0x7f150c68cb2c]
[b0010:18851] [ 2] /lib/x86_64-linux-gnu/libc.so.6(gsignal+0x1e)[0x7f150c63327e]
[b0010:18851] [ 3] /lib/x86_64-linux-gnu/libc.so.6(abort+0xdf)[0x7f150c6168ff]
[b0010:18851] [ 4] /opt/hpcx/ompi/lib/openmpi/../../../ucx/lib/libucs.so.0(+0x34737)[0x7f150a194737]
[b0010:18851] [ 5] /opt/hpcx/ompi/lib/openmpi/../../../ucx/lib/libucs.so.0(+0x3956a)[0x7f150a19956a]
[b0010:18851] [ 6] /opt/hpcx/ompi/lib/openmpi/../../../ucx/lib/libucs.so.0(ucs_log_dispatch+0xe4)[0x7f150a1998f4]
[b0010:18851] [ 7] /opt/hpcx/ompi/lib/openmpi/../../../ucx/lib/ucx/libuct_ib_mlx5.so.0(uct_ib_mlx5_completion_with_err+0x550)[0x7f1508aa6550]
[b0010:18851] [ 8] /opt/hpcx/ompi/lib/openmpi/../../../ucx/lib/ucx/libuct_ib_mlx5.so.0(uct_dc_mlx5_ep_handle_failure+0xb2)[0x7f1508adae82]
[b0010:18851] [ 9] /opt/hpcx/ompi/lib/openmpi/../../../ucx/lib/ucx/libuct_ib_mlx5.so.0(uct_ib_mlx5_check_completion+0x3d)[0x7f1508aa774d]
[b0010:18851] [10] /opt/hpcx/ompi/lib/openmpi/../../../ucx/lib/ucx/libuct_ib_mlx5.so.0(+0x4b097)[0x7f1508add097]
[b0010:18851] [11] /opt/hpcx/ompi/lib/openmpi/../../../ucx/lib/libucp.so.0(ucp_worker_progress+0x5a)[0x7f150a22b0ea]
[b0010:18851] [12] /opt/hpcx/ompi/lib/./libopen-pal.so.40(opal_progress+0x34)[0x7f150c50e3b4]
[b0010:18851] [13] /opt/hpcx/ompi/lib/libmpi.so.40(ompi_request_default_test_all+0x1fb)[0x7f1541531bdb]
[b0010:18851] [14] /opt/hpcx/ompi/lib/openmpi/mca_coll_ucc.so(+0x39ac)[0x7f15080439ac]
[b0010:18851] [15] /opt/hpcx/ompi/lib/openmpi/../../../ucc/lib/libucc.so.1(ucc_core_addr_exchange+0x3c)[0x7f150800fbcc]
[b0010:18851] [16] /opt/hpcx/ompi/lib/openmpi/../../../ucc/lib/libucc.so.1(ucc_context_create_proc_info+0x801)[0x7f15080107e1]
[b0010:18851] [17] /opt/hpcx/ompi/lib/openmpi/mca_coll_ucc.so(+0x3cb1)[0x7f1508043cb1]
[b0010:18851] [18] /opt/hpcx/ompi/lib/openmpi/mca_coll_ucc.so(mca_coll_ucc_comm_query+0x6f)[0x7f150804583f]
[b0010:18851] [19] /opt/hpcx/ompi/lib/libmpi.so.40(+0x85e8c)[0x7f1541563e8c]
[b0010:18851] [20] /opt/hpcx/ompi/lib/libmpi.so.40(mca_coll_base_comm_select+0x76)[0x7f1541564486]
[b0010:18851] [21] /opt/hpcx/ompi/lib/libmpi.so.40(ompi_mpi_init+0xee3)[0x7f15415b16a3]
[b0010:18851] [22] /opt/hpcx/ompi/lib/libmpi.so.40(MPI_Init+0x71)[0x7f1541554c31]
[b0010:18851] [23] /workspace/hpl-linux-x86_64/xhpl[0x45bd59]
[b0010:18851] [24] /lib/x86_64-linux-gnu/libc.so.6(+0x2a1ca)[0x7f150c6181ca]
[b0010:18851] [25] /lib/x86_64-linux-gnu/libc.so.6(__libc_start_main+0x8b)[0x7f150c61828b]
[b0010:18851] [26] /workspace/hpl-linux-x86_64/xhpl[0x45dafe]
[b0010:18851] *** End of error message ***
/workspace/hpl.sh: line 263: 19066 Aborted                 (core dumped) ${NUMCMD} ${CPUBIND} ${MEMBIND} ${XHPL} ${DAT}
/workspace/hpl.sh: line 263: 19156 Aborted                 (core dumped) ${NUMCMD} ${CPUBIND} ${MEMBIND} ${XHPL} ${DAT}
srun: error: b0006: task 23: Exited with exit code 134
srun: error: b0004: task 7: Exited with exit code 134
/workspace/hpl.sh: line 263: 18914 Aborted                 (core dumped) ${NUMCMD} ${CPUBIND} ${MEMBIND} ${XHPL} ${DAT}
srun: error: b0005: task 15: Exited with exit code 134
/workspace/hpl.sh: line 263: 19041 Aborted                 (core dumped) ${NUMCMD} ${CPUBIND} ${MEMBIND} ${XHPL} ${DAT}
/workspace/hpl.sh: line 263: 19040 Aborted                 (core dumped) ${NUMCMD} ${CPUBIND} ${MEMBIND} ${XHPL} ${DAT}
srun: error: b0009: task 47: Exited with exit code 134
srun: error: b0011: task 63: Exited with exit code 134
[2026-04-01T19:45:19.434] error:  mpi/pmix_v3: _errhandler: b0006 [2]: pmixp_client_v2.c:225: Error handler invoked: status = -25, source = [slurm.pmix.2060.1:23]
/workspace/hpl.sh: line 263: 19185 Aborted                 (core dumped) ${NUMCMD} ${CPUBIND} ${MEMBIND} ${XHPL} ${DAT}
[2026-04-01T19:45:19.442] error: *** STEP 2060.1 ON b0004 CANCELLED AT 2026-04-01T19:45:19 DUE to SIGNAL Killed ***
srun: Job step aborted: Waiting up to 32 seconds for job step to finish.
/workspace/hpl.sh: line 263: 18969 Aborted                 (core dumped) ${NUMCMD} ${CPUBIND} ${MEMBIND} ${XHPL} ${DAT}
srun: error: b0007: task 31: Exited with exit code 134
/workspace/hpl.sh: line 263: 18851 Aborted                 (core dumped) ${NUMCMD} ${CPUBIND} ${MEMBIND} ${XHPL} ${DAT}
srun: error: b0010: task 55: Exited with exit code 134
[2026-04-01T19:45:20.214] error:  mpi/pmix_v3: _errhandler: b0007 [3]: pmixp_client_v2.c:225: Error handler invoked: status = -25, source = [slurm.pmix.2060.1:31]
[2026-04-01T19:45:20.385] error:  mpi/pmix_v3: _errhandler: b0010 [6]: pmixp_client_v2.c:225: Error handler invoked: status = -25, source = [slurm.pmix.2060.1:55]
[2026-04-01T19:45:20.460] error:  mpi/pmix_v3: _errhandler: b0005 [1]: pmixp_client_v2.c:225: Error handler invoked: status = -25, source = [slurm.pmix.2060.1:15]
[2026-04-01T19:45:20.459] error:  mpi/pmix_v3: _errhandler: b0011 [7]: pmixp_client_v2.c:225: Error handler invoked: status = -25, source = [slurm.pmix.2060.1:63]
[2026-04-01T19:45:20.459] error:  mpi/pmix_v3: _errhandler: b0009 [5]: pmixp_client_v2.c:225: Error handler invoked: status = -25, source = [slurm.pmix.2060.1:47]
[2026-04-01T19:45:20.459] error:  mpi/pmix_v3: _errhandler: b0004 [0]: pmixp_client_v2.c:225: Error handler invoked: status = -25, source = [slurm.pmix.2060.1:7]
[2026-04-01T19:45:20.455] error:  mpi/pmix_v3: _errhandler: b0006 [2]: pmixp_client_v2.c:225: Error handler invoked: status = -25, source = [slurm.pmix.2060.1:19]
[2026-04-01T19:45:20.461] error:  mpi/pmix_v3: _errhandler: b0008 [4]: pmixp_client_v2.c:225: Error handler invoked: status = -25, source = [slurm.pmix.2060.1:39]
[2026-04-01T19:45:22.461] error:  mpi/pmix_v3: _errhandler: b0010 [6]: pmixp_client_v2.c:225: Error handler invoked: status = -25, source = [slurm.pmix.2060.1:54]
[2026-04-01T19:45:22.460] error:  mpi/pmix_v3: _errhandler: b0007 [3]: pmixp_client_v2.c:225: Error handler invoked: status = -25, source = [slurm.pmix.2060.1:25]
srun: error: b0011: tasks 56-62: Killed
srun: error: b0009: tasks 40-46: Killed
srun: error: b0004: tasks 0-6: Killed
srun: error: b0005: tasks 8-14: Killed
srun: error: b0006: tasks 16-22: Killed
srun: error: b0008: tasks 32-39: Killed
srun: error: b0007: tasks 24-30: Killed
srun: error: b0010: tasks 48-54: Killed
