Running on hosts: b0004 b0005 b0006 b0007 b0008 b0009 b0010 b0011
[b0010:44321:0:44321] ib_mlx5_log.c:179  Transport retry count exceeded on mlx5_4:1/IB (synd 0x15 vend 0x81 hw_synd 0/0)
[b0010:44321:0:44321] ib_mlx5_log.c:179  DCI QP 0x712 wqe[0]: SEND s-e [rqpn 0x1bc0 rlid 149] [inl len 18] 
==== backtrace (tid:  44321) ====
 0  /opt/hpcx/ompi/lib/openmpi/../../../ucx/lib/libucs.so.0(ucs_handle_error+0x2e4) [0x7f753fbc1774]
 1  /opt/hpcx/ompi/lib/openmpi/../../../ucx/lib/libucs.so.0(ucs_fatal_error_message+0xc2) [0x7f753fbbe732]
 2  /opt/hpcx/ompi/lib/openmpi/../../../ucx/lib/libucs.so.0(+0x3956a) [0x7f753fbc356a]
 3  /opt/hpcx/ompi/lib/openmpi/../../../ucx/lib/libucs.so.0(ucs_log_dispatch+0xe4) [0x7f753fbc38f4]
 4  /opt/hpcx/ompi/lib/openmpi/../../../ucx/lib/ucx/libuct_ib_mlx5.so.0(uct_ib_mlx5_completion_with_err+0x550) [0x7f753c0d6550]
 5  /opt/hpcx/ompi/lib/openmpi/../../../ucx/lib/ucx/libuct_ib_mlx5.so.0(uct_dc_mlx5_ep_handle_failure+0xb2) [0x7f753c10ae82]
 6  /opt/hpcx/ompi/lib/openmpi/../../../ucx/lib/ucx/libuct_ib_mlx5.so.0(uct_ib_mlx5_check_completion+0x3d) [0x7f753c0d774d]
 7  /opt/hpcx/ompi/lib/openmpi/../../../ucx/lib/ucx/libuct_ib_mlx5.so.0(+0x4b097) [0x7f753c10d097]
 8  /opt/hpcx/ompi/lib/openmpi/../../../ucx/lib/libucp.so.0(ucp_worker_progress+0x5a) [0x7f754409f0ea]
 9  /opt/hpcx/ompi/lib/./libopen-pal.so.40(opal_progress+0x34) [0x7f7545f0e3b4]
10  /opt/hpcx/ompi/lib/libmpi.so.40(ompi_request_default_test_all+0x1fb) [0x7f757af31bdb]
11  /opt/hpcx/ompi/lib/openmpi/mca_coll_ucc.so(+0x39ac) [0x7f73285bd9ac]
12  /opt/hpcx/ompi/lib/openmpi/../../../ucc/lib/libucc.so.1(ucc_core_addr_exchange+0x3c) [0x7f7328589bcc]
13  /opt/hpcx/ompi/lib/openmpi/../../../ucc/lib/libucc.so.1(ucc_context_create_proc_info+0x801) [0x7f732858a7e1]
14  /opt/hpcx/ompi/lib/openmpi/mca_coll_ucc.so(+0x3cb1) [0x7f73285bdcb1]
15  /opt/hpcx/ompi/lib/openmpi/mca_coll_ucc.so(mca_coll_ucc_comm_query+0x6f) [0x7f73285bf83f]
16  /opt/hpcx/ompi/lib/libmpi.so.40(+0x85e8c) [0x7f757af63e8c]
17  /opt/hpcx/ompi/lib/libmpi.so.40(mca_coll_base_comm_select+0x76) [0x7f757af64486]
18  /opt/hpcx/ompi/lib/libmpi.so.40(ompi_mpi_init+0xee3) [0x7f757afb16a3]
19  /opt/hpcx/ompi/lib/libmpi.so.40(MPI_Init+0x71) [0x7f757af54c31]
20  /workspace/hpl-linux-x86_64/xhpl() [0x45bd59]
21  /lib/x86_64-linux-gnu/libc.so.6(+0x2a1ca) [0x7f75460181ca]
22  /lib/x86_64-linux-gnu/libc.so.6(__libc_start_main+0x8b) [0x7f754601828b]
23  /workspace/hpl-linux-x86_64/xhpl() [0x45dafe]
=================================
[b0010:44321] *** Process received signal ***
[b0010:44321] Signal: Aborted (6)
[b0010:44321] Signal code:  (-6)
[b0010:44321] [ 0] /lib/x86_64-linux-gnu/libc.so.6(+0x45330)[0x7f7546033330]
[b0010:44321] [ 1] /lib/x86_64-linux-gnu/libc.so.6(pthread_kill+0x11c)[0x7f754608cb2c]
[b0010:44321] [ 2] /lib/x86_64-linux-gnu/libc.so.6(gsignal+0x1e)[0x7f754603327e]
[b0010:44321] [ 3] /lib/x86_64-linux-gnu/libc.so.6(abort+0xdf)[0x7f75460168ff]
[b0010:44321] [ 4] /opt/hpcx/ompi/lib/openmpi/../../../ucx/lib/libucs.so.0(+0x34737)[0x7f753fbbe737]
[b0010:44321] [ 5] /opt/hpcx/ompi/lib/openmpi/../../../ucx/lib/libucs.so.0(+0x3956a)[0x7f753fbc356a]
[b0010:44321] [ 6] /opt/hpcx/ompi/lib/openmpi/../../../ucx/lib/libucs.so.0(ucs_log_dispatch+0xe4)[0x7f753fbc38f4]
[b0010:44321] [ 7] /opt/hpcx/ompi/lib/openmpi/../../../ucx/lib/ucx/libuct_ib_mlx5.so.0(uct_ib_mlx5_completion_with_err+0x550)[0x7f753c0d6550]
[b0010:44321] [ 8] /opt/hpcx/ompi/lib/openmpi/../../../ucx/lib/ucx/libuct_ib_mlx5.so.0(uct_dc_mlx5_ep_handle_failure+0xb2)[0x7f753c10ae82]
[b0010:44321] [ 9] /opt/hpcx/ompi/lib/openmpi/../../../ucx/lib/ucx/libuct_ib_mlx5.so.0(uct_ib_mlx5_check_completion+0x3d)[0x7f753c0d774d]
[b0010:44321] [10] /opt/hpcx/ompi/lib/openmpi/../../../ucx/lib/ucx/libuct_ib_mlx5.so.0(+0x4b097)[0x7f753c10d097]
[b0010:44321] [11] /opt/hpcx/ompi/lib/openmpi/../../../ucx/lib/libucp.so.0(ucp_worker_progress+0x5a)[0x7f754409f0ea]
[b0010:44321] [12] /opt/hpcx/ompi/lib/./libopen-pal.so.40(opal_progress+0x34)[0x7f7545f0e3b4]
[b0010:44321] [13] /opt/hpcx/ompi/lib/libmpi.so.40(ompi_request_default_test_all+0x1fb)[0x7f757af31bdb]
[b0010:44321] [14] /opt/hpcx/ompi/lib/openmpi/mca_coll_ucc.so(+0x39ac)[0x7f73285bd9ac]
[b0010:44321] [15] /opt/hpcx/ompi/lib/openmpi/../../../ucc/lib/libucc.so.1(ucc_core_addr_exchange+0x3c)[0x7f7328589bcc]
[b0010:44321] [16] /opt/hpcx/ompi/lib/openmpi/../../../ucc/lib/libucc.so.1(ucc_context_create_proc_info+0x801)[0x7f732858a7e1]
[b0010:44321] [17] /opt/hpcx/ompi/lib/openmpi/mca_coll_ucc.so(+0x3cb1)[0x7f73285bdcb1]
[b0010:44321] [18] /opt/hpcx/ompi/lib/openmpi/mca_coll_ucc.so(mca_coll_ucc_comm_query+0x6f)[0x7f73285bf83f]
[b0010:44321] [19] /opt/hpcx/ompi/lib/libmpi.so.40(+0x85e8c)[0x7f757af63e8c]
[b0010:44321] [20] /opt/hpcx/ompi/lib/libmpi.so.40(mca_coll_base_comm_select+0x76)[0x7f757af64486]
[b0010:44321] [21] /opt/hpcx/ompi/lib/libmpi.so.40(ompi_mpi_init+0xee3)[0x7f757afb16a3]
[b0010:44321] [22] /opt/hpcx/ompi/lib/libmpi.so.40(MPI_Init+0x71)[0x7f757af54c31]
[b0010:44321] [23] /workspace/hpl-linux-x86_64/xhpl[0x45bd59]
[b0010:44321] [24] /lib/x86_64-linux-gnu/libc.so.6(+0x2a1ca)[0x7f75460181ca]
[b0010:44321] [25] /lib/x86_64-linux-gnu/libc.so.6(__libc_start_main+0x8b)[0x7f754601828b]
[b0010:44321] [26] /workspace/hpl-linux-x86_64/xhpl[0x45dafe]
[b0010:44321] *** End of error message ***
[b0007:42438:0:42438] ib_mlx5_log.c:179  Transport retry count exceeded on mlx5_4:1/IB (synd 0x15 vend 0x81 hw_synd 0/0)
[b0007:42438:0:42438] ib_mlx5_log.c:179  DCI QP 0x71b wqe[0]: SEND s-e [rqpn 0x1b8e rlid 261] [inl len 18] 
==== backtrace (tid:  42438) ====
 0  /opt/hpcx/ompi/lib/openmpi/../../../ucx/lib/libucs.so.0(ucs_handle_error+0x2e4) [0x7f450666d774]
 1  /opt/hpcx/ompi/lib/openmpi/../../../ucx/lib/libucs.so.0(ucs_fatal_error_message+0xc2) [0x7f450666a732]
 2  /opt/hpcx/ompi/lib/openmpi/../../../ucx/lib/libucs.so.0(+0x3956a) [0x7f450666f56a]
 3  /opt/hpcx/ompi/lib/openmpi/../../../ucx/lib/libucs.so.0(ucs_log_dispatch+0xe4) [0x7f450666f8f4]
 4  /opt/hpcx/ompi/lib/openmpi/../../../ucx/lib/ucx/libuct_ib_mlx5.so.0(uct_ib_mlx5_completion_with_err+0x550) [0x7f4504f7b550]
 5  /opt/hpcx/ompi/lib/openmpi/../../../ucx/lib/ucx/libuct_ib_mlx5.so.0(uct_dc_mlx5_ep_handle_failure+0xb2) [0x7f4504fafe82]
 6  /opt/hpcx/ompi/lib/openmpi/../../../ucx/lib/ucx/libuct_ib_mlx5.so.0(uct_ib_mlx5_check_completion+0x3d) [0x7f4504f7c74d]
 7  /opt/hpcx/ompi/lib/openmpi/../../../ucx/lib/ucx/libuct_ib_mlx5.so.0(+0x4b097) [0x7f4504fb2097]
 8  /opt/hpcx/ompi/lib/openmpi/../../../ucx/lib/libucp.so.0(ucp_worker_progress+0x5a) [0x7f45067010ea]
 9  /opt/hpcx/ompi/lib/./libopen-pal.so.40(opal_progress+0x34) [0x7f450890e3b4]
10  /opt/hpcx/ompi/lib/libmpi.so.40(ompi_request_default_test_all+0x1fb) [0x7f45410c0bdb]
11  /opt/hpcx/ompi/lib/openmpi/mca_coll_ucc.so(+0x39ac) [0x7f450451d9ac]
12  /opt/hpcx/ompi/lib/openmpi/../../../ucc/lib/libucc.so.1(ucc_core_addr_exchange+0x3c) [0x7f45044e9bcc]
13  /opt/hpcx/ompi/lib/openmpi/../../../ucc/lib/libucc.so.1(ucc_context_create_proc_info+0x801) [0x7f45044ea7e1]
14  /opt/hpcx/ompi/lib/openmpi/mca_coll_ucc.so(+0x3cb1) [0x7f450451dcb1]
15  /opt/hpcx/ompi/lib/openmpi/mca_coll_ucc.so(mca_coll_ucc_comm_query+0x6f) [0x7f450451f83f]
16  /opt/hpcx/ompi/lib/libmpi.so.40(+0x85e8c) [0x7f45410f2e8c]
17  /opt/hpcx/ompi/lib/libmpi.so.40(mca_coll_base_comm_select+0x76) [0x7f45410f3486]
18  /opt/hpcx/ompi/lib/libmpi.so.40(ompi_mpi_init+0xee3) [0x7f45411406a3]
19  /opt/hpcx/ompi/lib/libmpi.so.40(MPI_Init+0x71) [0x7f45410e3c31]
20  /workspace/hpl-linux-x86_64/xhpl() [0x45bd59]
21  /lib/x86_64-linux-gnu/libc.so.6(+0x2a1ca) [0x7f4508a181ca]
22  /lib/x86_64-linux-gnu/libc.so.6(__libc_start_main+0x8b) [0x7f4508a1828b]
23  /workspace/hpl-linux-x86_64/xhpl() [0x45dafe]
=================================
[b0007:42438] *** Process received signal ***
[b0007:42438] Signal: Aborted (6)
[b0007:42438] Signal code:  (-6)
[b0007:42438] [ 0] /lib/x86_64-linux-gnu/libc.so.6(+0x45330)[0x7f4508a33330]
[b0007:42438] [ 1] /lib/x86_64-linux-gnu/libc.so.6(pthread_kill+0x11c)[0x7f4508a8cb2c]
[b0007:42438] [ 2] /lib/x86_64-linux-gnu/libc.so.6(gsignal+0x1e)[0x7f4508a3327e]
[b0007:42438] [ 3] /lib/x86_64-linux-gnu/libc.so.6(abort+0xdf)[0x7f4508a168ff]
[b0007:42438] [ 4] /opt/hpcx/ompi/lib/openmpi/../../../ucx/lib/libucs.so.0(+0x34737)[0x7f450666a737]
[b0007:42438] [ 5] /opt/hpcx/ompi/lib/openmpi/../../../ucx/lib/libucs.so.0(+0x3956a)[0x7f450666f56a]
[b0007:42438] [ 6] /opt/hpcx/ompi/lib/openmpi/../../../ucx/lib/libucs.so.0(ucs_log_dispatch+0xe4)[0x7f450666f8f4]
[b0007:42438] [ 7] /opt/hpcx/ompi/lib/openmpi/../../../ucx/lib/ucx/libuct_ib_mlx5.so.0(uct_ib_mlx5_completion_with_err+0x550)[0x7f4504f7b550]
[b0007:42438] [ 8] /opt/hpcx/ompi/lib/openmpi/../../../ucx/lib/ucx/libuct_ib_mlx5.so.0(uct_dc_mlx5_ep_handle_failure+0xb2)[0x7f4504fafe82]
[b0007:42438] [ 9] /opt/hpcx/ompi/lib/openmpi/../../../ucx/lib/ucx/libuct_ib_mlx5.so.0(uct_ib_mlx5_check_completion+0x3d)[0x7f4504f7c74d]
[b0007:42438] [10] /opt/hpcx/ompi/lib/openmpi/../../../ucx/lib/ucx/libuct_ib_mlx5.so.0(+0x4b097)[0x7f4504fb2097]
[b0007:42438] [11] /opt/hpcx/ompi/lib/openmpi/../../../ucx/lib/libucp.so.0(ucp_worker_progress+0x5a)[0x7f45067010ea]
[b0007:42438] [12] /opt/hpcx/ompi/lib/./libopen-pal.so.40(opal_progress+0x34)[0x7f450890e3b4]
[b0007:42438] [13] /opt/hpcx/ompi/lib/libmpi.so.40(ompi_request_default_test_all+0x1fb)[0x7f45410c0bdb]
[b0007:42438] [14] /opt/hpcx/ompi/lib/openmpi/mca_coll_ucc.so(+0x39ac)[0x7f450451d9ac]
[b0007:42438] [15] /opt/hpcx/ompi/lib/openmpi/../../../ucc/lib/libucc.so.1(ucc_core_addr_exchange+0x3c)[0x7f45044e9bcc]
[b0007:42438] [16] /opt/hpcx/ompi/lib/openmpi/../../../ucc/lib/libucc.so.1(ucc_context_create_proc_info+0x801)[0x7f45044ea7e1]
[b0007:42438] [17] /opt/hpcx/ompi/lib/openmpi/mca_coll_ucc.so(+0x3cb1)[0x7f450451dcb1]
[b0007:42438] [18] /opt/hpcx/ompi/lib/openmpi/mca_coll_ucc.so(mca_coll_ucc_comm_query+0x6f)[0x7f450451f83f]
[b0007:42438] [19] /opt/hpcx/ompi/lib/libmpi.so.40(+0x85e8c)[0x7f45410f2e8c]
[b0007:42438] [20] /opt/hpcx/ompi/lib/libmpi.so.40(mca_coll_base_comm_select+0x76)[0x7f45410f3486]
[b0007:42438] [21] /opt/hpcx/ompi/lib/libmpi.so.40(ompi_mpi_init+0xee3)[0x7f45411406a3]
[b0007:42438] [22] /opt/hpcx/ompi/lib/libmpi.so.40(MPI_Init+0x71)[0x7f45410e3c31]
[b0007:42438] [23] /workspace/hpl-linux-x86_64/xhpl[0x45bd59]
[b0007:42438] [24] /lib/x86_64-linux-gnu/libc.so.6(+0x2a1ca)[0x7f4508a181ca]
[b0007:42438] [25] /lib/x86_64-linux-gnu/libc.so.6(__libc_start_main+0x8b)[0x7f4508a1828b]
[b0007:42438] [26] /workspace/hpl-linux-x86_64/xhpl[0x45dafe]
[b0007:42438] *** End of error message ***
[b0011:42553:0:42553] ib_mlx5_log.c:179  Transport retry count exceeded on mlx5_4:1/IB (synd 0x15 vend 0x81 hw_synd 0/0)
[b0011:42553:0:42553] ib_mlx5_log.c:179  DCI QP 0x721 wqe[0]: SEND s-e [rqpn 0x1b94 rlid 217] [inl len 18] 
==== backtrace (tid:  42553) ====
 0  /opt/hpcx/ompi/lib/openmpi/../../../ucx/lib/libucs.so.0(ucs_handle_error+0x2e4) [0x7f69d0077774]
 1  /opt/hpcx/ompi/lib/openmpi/../../../ucx/lib/libucs.so.0(ucs_fatal_error_message+0xc2) [0x7f69d0074732]
 2  /opt/hpcx/ompi/lib/openmpi/../../../ucx/lib/libucs.so.0(+0x3956a) [0x7f69d007956a]
 3  /opt/hpcx/ompi/lib/openmpi/../../../ucx/lib/libucs.so.0(ucs_log_dispatch+0xe4) [0x7f69d00798f4]
 4  /opt/hpcx/ompi/lib/openmpi/../../../ucx/lib/ucx/libuct_ib_mlx5.so.0(uct_ib_mlx5_completion_with_err+0x550) [0x7f69c8e65550]
 5  /opt/hpcx/ompi/lib/openmpi/../../../ucx/lib/ucx/libuct_ib_mlx5.so.0(uct_dc_mlx5_ep_handle_failure+0xb2) [0x7f69c8e99e82]
 6  /opt/hpcx/ompi/lib/openmpi/../../../ucx/lib/ucx/libuct_ib_mlx5.so.0(uct_ib_mlx5_check_completion+0x3d) [0x7f69c8e6674d]
 7  /opt/hpcx/ompi/lib/openmpi/../../../ucx/lib/ucx/libuct_ib_mlx5.so.0(+0x4b097) [0x7f69c8e9c097]
 8  /opt/hpcx/ompi/lib/openmpi/../../../ucx/lib/libucp.so.0(ucp_worker_progress+0x5a) [0x7f69cb75e0ea]
 9  /opt/hpcx/ompi/lib/./libopen-pal.so.40(opal_progress+0x34) [0x7f69d1b0e3b4]
10  /opt/hpcx/ompi/lib/libmpi.so.40(ompi_request_default_test_all+0x1fb) [0x7f6a06b31bdb]
11  /opt/hpcx/ompi/lib/openmpi/mca_coll_ucc.so(+0x39ac) [0x7f69c80189ac]
12  /opt/hpcx/ompi/lib/openmpi/../../../ucc/lib/libucc.so.1(ucc_core_addr_exchange+0x3c) [0x7f69c096cbcc]
13  /opt/hpcx/ompi/lib/openmpi/../../../ucc/lib/libucc.so.1(ucc_context_create_proc_info+0x801) [0x7f69c096d7e1]
14  /opt/hpcx/ompi/lib/openmpi/mca_coll_ucc.so(+0x3cb1) [0x7f69c8018cb1]
15  /opt/hpcx/ompi/lib/openmpi/mca_coll_ucc.so(mca_coll_ucc_comm_query+0x6f) [0x7f69c801a83f]
16  /opt/hpcx/ompi/lib/libmpi.so.40(+0x85e8c) [0x7f6a06b63e8c]
17  /opt/hpcx/ompi/lib/libmpi.so.40(mca_coll_base_comm_select+0x76) [0x7f6a06b64486]
18  /opt/hpcx/ompi/lib/libmpi.so.40(ompi_mpi_init+0xee3) [0x7f6a06bb16a3]
19  /opt/hpcx/ompi/lib/libmpi.so.40(MPI_Init+0x71) [0x7f6a06b54c31]
20  /workspace/hpl-linux-x86_64/xhpl() [0x45bd59]
21  /lib/x86_64-linux-gnu/libc.so.6(+0x2a1ca) [0x7f69d1c181ca]
22  /lib/x86_64-linux-gnu/libc.so.6(__libc_start_main+0x8b) [0x7f69d1c1828b]
23  /workspace/hpl-linux-x86_64/xhpl() [0x45dafe]
=================================
[b0011:42553] *** Process received signal ***
[b0011:42553] Signal: Aborted (6)
[b0011:42553] Signal code:  (-6)
[b0011:42553] [ 0] /lib/x86_64-linux-gnu/libc.so.6(+0x45330)[0x7f69d1c33330]
[b0011:42553] [ 1] /lib/x86_64-linux-gnu/libc.so.6(pthread_kill+0x11c)[0x7f69d1c8cb2c]
[b0011:42553] [ 2] /lib/x86_64-linux-gnu/libc.so.6(gsignal+0x1e)[0x7f69d1c3327e]
[b0011:42553] [ 3] /lib/x86_64-linux-gnu/libc.so.6(abort+0xdf)[0x7f69d1c168ff]
[b0011:42553] [ 4] /opt/hpcx/ompi/lib/openmpi/../../../ucx/lib/libucs.so.0(+0x34737)[0x7f69d0074737]
[b0011:42553] [ 5] /opt/hpcx/ompi/lib/openmpi/../../../ucx/lib/libucs.so.0(+0x3956a)[0x7f69d007956a]
[b0011:42553] [ 6] /opt/hpcx/ompi/lib/openmpi/../../../ucx/lib/libucs.so.0(ucs_log_dispatch+0xe4)[0x7f69d00798f4]
[b0011:42553] [ 7] /opt/hpcx/ompi/lib/openmpi/../../../ucx/lib/ucx/libuct_ib_mlx5.so.0(uct_ib_mlx5_completion_with_err+0x550)[0x7f69c8e65550]
[b0011:42553] [ 8] /opt/hpcx/ompi/lib/openmpi/../../../ucx/lib/ucx/libuct_ib_mlx5.so.0(uct_dc_mlx5_ep_handle_failure+0xb2)[0x7f69c8e99e82]
[b0011:42553] [ 9] /opt/hpcx/ompi/lib/openmpi/../../../ucx/lib/ucx/libuct_ib_mlx5.so.0(uct_ib_mlx5_check_completion+0x3d)[0x7f69c8e6674d]
[b0011:42553] [10] /opt/hpcx/ompi/lib/openmpi/../../../ucx/lib/ucx/libuct_ib_mlx5.so.0(+0x4b097)[0x7f69c8e9c097]
[b0011:42553] [11] /opt/hpcx/ompi/lib/openmpi/../../../ucx/lib/libucp.so.0(ucp_worker_progress+0x5a)[0x7f69cb75e0ea]
[b0011:42553] [12] /opt/hpcx/ompi/lib/./libopen-pal.so.40(opal_progress+0x34)[0x7f69d1b0e3b4]
[b0011:42553] [13] /opt/hpcx/ompi/lib/libmpi.so.40(ompi_request_default_test_all+0x1fb)[0x7f6a06b31bdb]
[b0011:42553] [14] /opt/hpcx/ompi/lib/openmpi/mca_coll_ucc.so(+0x39ac)[0x7f69c80189ac]
[b0011:42553] [15] /opt/hpcx/ompi/lib/openmpi/../../../ucc/lib/libucc.so.1(ucc_core_addr_exchange+0x3c)[0x7f69c096cbcc]
[b0011:42553] [16] /opt/hpcx/ompi/lib/openmpi/../../../ucc/lib/libucc.so.1(ucc_context_create_proc_info+0x801)[0x7f69c096d7e1]
[b0011:42553] [17] /opt/hpcx/ompi/lib/openmpi/mca_coll_ucc.so(+0x3cb1)[0x7f69c8018cb1]
[b0011:42553] [18] /opt/hpcx/ompi/lib/openmpi/mca_coll_ucc.so(mca_coll_ucc_comm_query+0x6f)[0x7f69c801a83f]
[b0011:42553] [19] /opt/hpcx/ompi/lib/libmpi.so.40(+0x85e8c)[0x7f6a06b63e8c]
[b0011:42553] [20] /opt/hpcx/ompi/lib/libmpi.so.40(mca_coll_base_comm_select+0x76)[0x7f6a06b64486]
[b0011:42553] [21] /opt/hpcx/ompi/lib/libmpi.so.40(ompi_mpi_init+0xee3)[0x7f6a06bb16a3]
[b0011:42553] [22] /opt/hpcx/ompi/lib/libmpi.so.40(MPI_Init+0x71)[0x7f6a06b54c31]
[b0011:42553] [23] /workspace/hpl-linux-x86_64/xhpl[0x45bd59]
[b0011:42553] [24] /lib/x86_64-linux-gnu/libc.so.6(+0x2a1ca)[0x7f69d1c181ca]
[b0011:42553] [25] /lib/x86_64-linux-gnu/libc.so.6(__libc_start_main+0x8b)[0x7f69d1c1828b]
[b0011:42553] [26] /workspace/hpl-linux-x86_64/xhpl[0x45dafe]
[b0011:42553] *** End of error message ***
[b0006:44641:0:44641] ib_mlx5_log.c:179  Transport retry count exceeded on mlx5_4:1/IB (synd 0x15 vend 0x81 hw_synd 0/0)
[b0006:44641:0:44641] ib_mlx5_log.c:179  DCI QP 0x70d wqe[0]: SEND s-e [rqpn 0x1c2b rlid 227] [inl len 18] 
==== backtrace (tid:  44641) ====
 0  /opt/hpcx/ompi/lib/openmpi/../../../ucx/lib/libucs.so.0(ucs_handle_error+0x2e4) [0x7efda8076774]
 1  /opt/hpcx/ompi/lib/openmpi/../../../ucx/lib/libucs.so.0(ucs_fatal_error_message+0xc2) [0x7efda8073732]
 2  /opt/hpcx/ompi/lib/openmpi/../../../ucx/lib/libucs.so.0(+0x3956a) [0x7efda807856a]
 3  /opt/hpcx/ompi/lib/openmpi/../../../ucx/lib/libucs.so.0(ucs_log_dispatch+0xe4) [0x7efda80788f4]
 4  /opt/hpcx/ompi/lib/openmpi/../../../ucx/lib/ucx/libuct_ib_mlx5.so.0(uct_ib_mlx5_completion_with_err+0x550) [0x7efda0445550]
 5  /opt/hpcx/ompi/lib/openmpi/../../../ucx/lib/ucx/libuct_ib_mlx5.so.0(uct_dc_mlx5_ep_handle_failure+0xb2) [0x7efda0479e82]
 6  /opt/hpcx/ompi/lib/openmpi/../../../ucx/lib/ucx/libuct_ib_mlx5.so.0(uct_ib_mlx5_check_completion+0x3d) [0x7efda044674d]
 7  /opt/hpcx/ompi/lib/openmpi/../../../ucx/lib/ucx/libuct_ib_mlx5.so.0(+0x4b097) [0x7efda047c097]
 8  /opt/hpcx/ompi/lib/openmpi/../../../ucx/lib/libucp.so.0(ucp_worker_progress+0x5a) [0x7efda3f5f0ea]
 9  /opt/hpcx/ompi/lib/./libopen-pal.so.40(opal_progress+0x34) [0x7efdaa30e3b4]
10  /opt/hpcx/ompi/lib/libmpi.so.40(ompi_request_default_test_all+0x1fb) [0x7efddf331bdb]
11  /opt/hpcx/ompi/lib/openmpi/mca_coll_ucc.so(+0x39ac) [0x7efda00ac9ac]
12  /opt/hpcx/ompi/lib/openmpi/../../../ucc/lib/libucc.so.1(ucc_core_addr_exchange+0x3c) [0x7efda0078bcc]
13  /opt/hpcx/ompi/lib/openmpi/../../../ucc/lib/libucc.so.1(ucc_context_create_proc_info+0x801) [0x7efda00797e1]
14  /opt/hpcx/ompi/lib/openmpi/mca_coll_ucc.so(+0x3cb1) [0x7efda00accb1]
15  /opt/hpcx/ompi/lib/openmpi/mca_coll_ucc.so(mca_coll_ucc_comm_query+0x6f) [0x7efda00ae83f]
16  /opt/hpcx/ompi/lib/libmpi.so.40(+0x85e8c) [0x7efddf363e8c]
17  /opt/hpcx/ompi/lib/libmpi.so.40(mca_coll_base_comm_select+0x76) [0x7efddf364486]
18  /opt/hpcx/ompi/lib/libmpi.so.40(ompi_mpi_init+0xee3) [0x7efddf3b16a3]
19  /opt/hpcx/ompi/lib/libmpi.so.40(MPI_Init+0x71) [0x7efddf354c31]
20  /workspace/hpl-linux-x86_64/xhpl() [0x45bd59]
21  /lib/x86_64-linux-gnu/libc.so.6(+0x2a1ca) [0x7efdaa4181ca]
22  /lib/x86_64-linux-gnu/libc.so.6(__libc_start_main+0x8b) [0x7efdaa41828b]
23  /workspace/hpl-linux-x86_64/xhpl() [0x45dafe]
=================================
[b0006:44641] *** Process received signal ***
[b0006:44641] Signal: Aborted (6)
[b0006:44641] Signal code:  (-6)
[b0006:44641] [ 0] /lib/x86_64-linux-gnu/libc.so.6(+0x45330)[0x7efdaa433330]
[b0006:44641] [ 1] /lib/x86_64-linux-gnu/libc.so.6(pthread_kill+0x11c)[0x7efdaa48cb2c]
[b0006:44641] [ 2] /lib/x86_64-linux-gnu/libc.so.6(gsignal+0x1e)[0x7efdaa43327e]
[b0006:44641] [ 3] /lib/x86_64-linux-gnu/libc.so.6(abort+0xdf)[0x7efdaa4168ff]
[b0006:44641] [ 4] /opt/hpcx/ompi/lib/openmpi/../../../ucx/lib/libucs.so.0(+0x34737)[0x7efda8073737]
[b0006:44641] [ 5] /opt/hpcx/ompi/lib/openmpi/../../../ucx/lib/libucs.so.0(+0x3956a)[0x7efda807856a]
[b0006:44641] [ 6] /opt/hpcx/ompi/lib/openmpi/../../../ucx/lib/libucs.so.0(ucs_log_dispatch+0xe4)[0x7efda80788f4]
[b0006:44641] [ 7] /opt/hpcx/ompi/lib/openmpi/../../../ucx/lib/ucx/libuct_ib_mlx5.so.0(uct_ib_mlx5_completion_with_err+0x550)[0x7efda0445550]
[b0006:44641] [ 8] /opt/hpcx/ompi/lib/openmpi/../../../ucx/lib/ucx/libuct_ib_mlx5.so.0(uct_dc_mlx5_ep_handle_failure+0xb2)[0x7efda0479e82]
[b0006:44641] [ 9] /opt/hpcx/ompi/lib/openmpi/../../../ucx/lib/ucx/libuct_ib_mlx5.so.0(uct_ib_mlx5_check_completion+0x3d)[0x7efda044674d]
[b0006:44641] [10] /opt/hpcx/ompi/lib/openmpi/../../../ucx/lib/ucx/libuct_ib_mlx5.so.0(+0x4b097)[0x7efda047c097]
[b0006:44641] [11] /opt/hpcx/ompi/lib/openmpi/../../../ucx/lib/libucp.so.0(ucp_worker_progress+0x5a)[0x7efda3f5f0ea]
[b0006:44641] [12] /opt/hpcx/ompi/lib/./libopen-pal.so.40(opal_progress+0x34)[0x7efdaa30e3b4]
[b0006:44641] [13] /opt/hpcx/ompi/lib/libmpi.so.40(ompi_request_default_test_all+0x1fb)[0x7efddf331bdb]
[b0006:44641] [14] /opt/hpcx/ompi/lib/openmpi/mca_coll_ucc.so(+0x39ac)[0x7efda00ac9ac]
[b0006:44641] [15] /opt/hpcx/ompi/lib/openmpi/../../../ucc/lib/libucc.so.1(ucc_core_addr_exchange+0x3c)[0x7efda0078bcc]
[b0006:44641] [16] /opt/hpcx/ompi/lib/openmpi/../../../ucc/lib/libucc.so.1(ucc_context_create_proc_info+0x801)[0x7efda00797e1]
[b0006:44641] [17] /opt/hpcx/ompi/lib/openmpi/mca_coll_ucc.so(+0x3cb1)[0x7efda00accb1]
[b0006:44641] [18] /opt/hpcx/ompi/lib/openmpi/mca_coll_ucc.so(mca_coll_ucc_comm_query+0x6f)[0x7efda00ae83f]
[b0006:44641] [19] /opt/hpcx/ompi/lib/libmpi.so.40(+0x85e8c)[0x7efddf363e8c]
[b0006:44641] [20] /opt/hpcx/ompi/lib/libmpi.so.40(mca_coll_base_comm_select+0x76)[0x7efddf364486]
[b0006:44641] [21] /opt/hpcx/ompi/lib/libmpi.so.40(ompi_mpi_init+0xee3)[0x7efddf3b16a3]
[b0006:44641] [22] /opt/hpcx/ompi/lib/libmpi.so.40(MPI_Init+0x71)[0x7efddf354c31]
[b0006:44641] [23] /workspace/hpl-linux-x86_64/xhpl[0x45bd59]
[b0006:44641] [24] /lib/x86_64-linux-gnu/libc.so.6(+0x2a1ca)[0x7efdaa4181ca]
[b0006:44641] [25] /lib/x86_64-linux-gnu/libc.so.6(__libc_start_main+0x8b)[0x7efdaa41828b]
[b0006:44641] [26] /workspace/hpl-linux-x86_64/xhpl[0x45dafe]
[b0006:44641] *** End of error message ***
[b0008:44374:0:44374] ib_mlx5_log.c:179  Transport retry count exceeded on mlx5_4:1/IB (synd 0x15 vend 0x81 hw_synd 0/0)
[b0008:44374:0:44374] ib_mlx5_log.c:179  DCI QP 0x721 wqe[0]: SEND s-e [rqpn 0x1c21 rlid 151] [inl len 18] 
==== backtrace (tid:  44374) ====
 0  /opt/hpcx/ompi/lib/openmpi/../../../ucx/lib/libucs.so.0(ucs_handle_error+0x2e4) [0x7f4b8129e774]
 1  /opt/hpcx/ompi/lib/openmpi/../../../ucx/lib/libucs.so.0(ucs_fatal_error_message+0xc2) [0x7f4b8129b732]
 2  /opt/hpcx/ompi/lib/openmpi/../../../ucx/lib/libucs.so.0(+0x3956a) [0x7f4b812a056a]
 3  /opt/hpcx/ompi/lib/openmpi/../../../ucx/lib/libucs.so.0(ucs_log_dispatch+0xe4) [0x7f4b812a08f4]
 4  /opt/hpcx/ompi/lib/openmpi/../../../ucx/lib/ucx/libuct_ib_mlx5.so.0(uct_ib_mlx5_completion_with_err+0x550) [0x7f4966abc550]
 5  /opt/hpcx/ompi/lib/openmpi/../../../ucx/lib/ucx/libuct_ib_mlx5.so.0(uct_dc_mlx5_ep_handle_failure+0xb2) [0x7f4966af0e82]
 6  /opt/hpcx/ompi/lib/openmpi/../../../ucx/lib/ucx/libuct_ib_mlx5.so.0(uct_ib_mlx5_check_completion+0x3d) [0x7f4966abd74d]
 7  /opt/hpcx/ompi/lib/openmpi/../../../ucx/lib/ucx/libuct_ib_mlx5.so.0(+0x4b097) [0x7f4966af3097]
 8  /opt/hpcx/ompi/lib/openmpi/../../../ucx/lib/libucp.so.0(ucp_worker_progress+0x5a) [0x7f4b813320ea]
 9  /opt/hpcx/ompi/lib/./libopen-pal.so.40(opal_progress+0x34) [0x7f4b8350e3b4]
10  /opt/hpcx/ompi/lib/libmpi.so.40(ompi_request_default_test_all+0x1fb) [0x7f4bbbd2bbdb]
11  /opt/hpcx/ompi/lib/openmpi/mca_coll_ucc.so(+0x39ac) [0x7f4965c8d9ac]
12  /opt/hpcx/ompi/lib/openmpi/../../../ucc/lib/libucc.so.1(ucc_core_addr_exchange+0x3c) [0x7f4965c59bcc]
13  /opt/hpcx/ompi/lib/openmpi/../../../ucc/lib/libucc.so.1(ucc_context_create_proc_info+0x801) [0x7f4965c5a7e1]
14  /opt/hpcx/ompi/lib/openmpi/mca_coll_ucc.so(+0x3cb1) [0x7f4965c8dcb1]
15  /opt/hpcx/ompi/lib/openmpi/mca_coll_ucc.so(mca_coll_ucc_comm_query+0x6f) [0x7f4965c8f83f]
16  /opt/hpcx/ompi/lib/libmpi.so.40(+0x85e8c) [0x7f4bbbd5de8c]
17  /opt/hpcx/ompi/lib/libmpi.so.40(mca_coll_base_comm_select+0x76) [0x7f4bbbd5e486]
18  /opt/hpcx/ompi/lib/libmpi.so.40(ompi_mpi_init+0xee3) [0x7f4bbbdab6a3]
19  /opt/hpcx/ompi/lib/libmpi.so.40(MPI_Init+0x71) [0x7f4bbbd4ec31]
20  /workspace/hpl-linux-x86_64/xhpl() [0x45bd59]
21  /lib/x86_64-linux-gnu/libc.so.6(+0x2a1ca) [0x7f4b836181ca]
22  /lib/x86_64-linux-gnu/libc.so.6(__libc_start_main+0x8b) [0x7f4b8361828b]
23  /workspace/hpl-linux-x86_64/xhpl() [0x45dafe]
=================================
[b0008:44374] *** Process received signal ***
[b0008:44374] Signal: Aborted (6)
[b0008:44374] Signal code:  (-6)
[b0008:44374] [ 0] /lib/x86_64-linux-gnu/libc.so.6(+0x45330)[0x7f4b83633330]
[b0008:44374] [ 1] /lib/x86_64-linux-gnu/libc.so.6(pthread_kill+0x11c)[0x7f4b8368cb2c]
[b0008:44374] [ 2] /lib/x86_64-linux-gnu/libc.so.6(gsignal+0x1e)[0x7f4b8363327e]
[b0008:44374] [ 3] /lib/x86_64-linux-gnu/libc.so.6(abort+0xdf)[0x7f4b836168ff]
[b0008:44374] [ 4] /opt/hpcx/ompi/lib/openmpi/../../../ucx/lib/libucs.so.0(+0x34737)[0x7f4b8129b737]
[b0008:44374] [ 5] /opt/hpcx/ompi/lib/openmpi/../../../ucx/lib/libucs.so.0(+0x3956a)[0x7f4b812a056a]
[b0008:44374] [ 6] /opt/hpcx/ompi/lib/openmpi/../../../ucx/lib/libucs.so.0(ucs_log_dispatch+0xe4)[0x7f4b812a08f4]
[b0008:44374] [ 7] /opt/hpcx/ompi/lib/openmpi/../../../ucx/lib/ucx/libuct_ib_mlx5.so.0(uct_ib_mlx5_completion_with_err+0x550)[0x7f4966abc550]
[b0008:44374] [ 8] /opt/hpcx/ompi/lib/openmpi/../../../ucx/lib/ucx/libuct_ib_mlx5.so.0(uct_dc_mlx5_ep_handle_failure+0xb2)[0x7f4966af0e82]
[b0008:44374] [ 9] /opt/hpcx/ompi/lib/openmpi/../../../ucx/lib/ucx/libuct_ib_mlx5.so.0(uct_ib_mlx5_check_completion+0x3d)[0x7f4966abd74d]
[b0008:44374] [10] /opt/hpcx/ompi/lib/openmpi/../../../ucx/lib/ucx/libuct_ib_mlx5.so.0(+0x4b097)[0x7f4966af3097]
[b0008:44374] [11] /opt/hpcx/ompi/lib/openmpi/../../../ucx/lib/libucp.so.0(ucp_worker_progress+0x5a)[0x7f4b813320ea]
[b0008:44374] [12] /opt/hpcx/ompi/lib/./libopen-pal.so.40(opal_progress+0x34)[0x7f4b8350e3b4]
[b0008:44374] [13] /opt/hpcx/ompi/lib/libmpi.so.40(ompi_request_default_test_all+0x1fb)[0x7f4bbbd2bbdb]
[b0008:44374] [14] /opt/hpcx/ompi/lib/openmpi/mca_coll_ucc.so(+0x39ac)[0x7f4965c8d9ac]
[b0008:44374] [15] /opt/hpcx/ompi/lib/openmpi/../../../ucc/lib/libucc.so.1(ucc_core_addr_exchange+0x3c)[0x7f4965c59bcc]
[b0008:44374] [16] /opt/hpcx/ompi/lib/openmpi/../../../ucc/lib/libucc.so.1(ucc_context_create_proc_info+0x801)[0x7f4965c5a7e1]
[b0008:44374] [17] /opt/hpcx/ompi/lib/openmpi/mca_coll_ucc.so(+0x3cb1)[0x7f4965c8dcb1]
[b0008:44374] [18] /opt/hpcx/ompi/lib/openmpi/mca_coll_ucc.so(mca_coll_ucc_comm_query+0x6f)[0x7f4965c8f83f]
[b0008:44374] [19] /opt/hpcx/ompi/lib/libmpi.so.40(+0x85e8c)[0x7f4bbbd5de8c]
[b0008:44374] [20] /opt/hpcx/ompi/lib/libmpi.so.40(mca_coll_base_comm_select+0x76)[0x7f4bbbd5e486]
[b0008:44374] [21] /opt/hpcx/ompi/lib/libmpi.so.40(ompi_mpi_init+0xee3)[0x7f4bbbdab6a3]
[b0008:44374] [22] /opt/hpcx/ompi/lib/libmpi.so.40(MPI_Init+0x71)[0x7f4bbbd4ec31]
[b0008:44374] [23] /workspace/hpl-linux-x86_64/xhpl[0x45bd59]
[b0008:44374] [24] /lib/x86_64-linux-gnu/libc.so.6(+0x2a1ca)[0x7f4b836181ca]
[b0008:44374] [25] /lib/x86_64-linux-gnu/libc.so.6(__libc_start_main+0x8b)[0x7f4b8361828b]
[b0008:44374] [26] /workspace/hpl-linux-x86_64/xhpl[0x45dafe]
[b0008:44374] *** End of error message ***
[b0009:42843:0:42843] ib_mlx5_log.c:179  Transport retry count exceeded on mlx5_4:1/IB (synd 0x15 vend 0x81 hw_synd 0/0)
[b0009:42843:0:42843] ib_mlx5_log.c:179  DCI QP 0x720 wqe[0]: SEND s-e [rqpn 0x1bcf rlid 147] [inl len 18] 
==== backtrace (tid:  42843) ====
 0  /opt/hpcx/ompi/lib/openmpi/../../../ucx/lib/libucs.so.0(ucs_handle_error+0x2e4) [0x7f2ecc0f0774]
 1  /opt/hpcx/ompi/lib/openmpi/../../../ucx/lib/libucs.so.0(ucs_fatal_error_message+0xc2) [0x7f2ecc0ed732]
 2  /opt/hpcx/ompi/lib/openmpi/../../../ucx/lib/libucs.so.0(+0x3956a) [0x7f2ecc0f256a]
 3  /opt/hpcx/ompi/lib/openmpi/../../../ucx/lib/libucs.so.0(ucs_log_dispatch+0xe4) [0x7f2ecc0f28f4]
 4  /opt/hpcx/ompi/lib/openmpi/../../../ucx/lib/ucx/libuct_ib_mlx5.so.0(uct_ib_mlx5_completion_with_err+0x550) [0x7f2ec45bb550]
 5  /opt/hpcx/ompi/lib/openmpi/../../../ucx/lib/ucx/libuct_ib_mlx5.so.0(uct_dc_mlx5_ep_handle_failure+0xb2) [0x7f2ec45efe82]
 6  /opt/hpcx/ompi/lib/openmpi/../../../ucx/lib/ucx/libuct_ib_mlx5.so.0(uct_ib_mlx5_check_completion+0x3d) [0x7f2ec45bc74d]
 7  /opt/hpcx/ompi/lib/openmpi/../../../ucx/lib/ucx/libuct_ib_mlx5.so.0(+0x4b097) [0x7f2ec45f2097]
 8  /opt/hpcx/ompi/lib/openmpi/../../../ucx/lib/libucp.so.0(ucp_worker_progress+0x5a) [0x7f2ecc1840ea]
 9  /opt/hpcx/ompi/lib/./libopen-pal.so.40(opal_progress+0x34) [0x7f2ece50e3b4]
10  /opt/hpcx/ompi/lib/libmpi.so.40(ompi_request_default_test_all+0x1fb) [0x7f2f03531bdb]
11  /opt/hpcx/ompi/lib/openmpi/mca_coll_ucc.so(+0x39ac) [0x7f2ec42259ac]
12  /opt/hpcx/ompi/lib/openmpi/../../../ucc/lib/libucc.so.1(ucc_core_addr_exchange+0x3c) [0x7f2ec41f1bcc]
13  /opt/hpcx/ompi/lib/openmpi/../../../ucc/lib/libucc.so.1(ucc_context_create_proc_info+0x801) [0x7f2ec41f27e1]
14  /opt/hpcx/ompi/lib/openmpi/mca_coll_ucc.so(+0x3cb1) [0x7f2ec4225cb1]
15  /opt/hpcx/ompi/lib/openmpi/mca_coll_ucc.so(mca_coll_ucc_comm_query+0x6f) [0x7f2ec422783f]
16  /opt/hpcx/ompi/lib/libmpi.so.40(+0x85e8c) [0x7f2f03563e8c]
17  /opt/hpcx/ompi/lib/libmpi.so.40(mca_coll_base_comm_select+0x76) [0x7f2f03564486]
18  /opt/hpcx/ompi/lib/libmpi.so.40(ompi_mpi_init+0xee3) [0x7f2f035b16a3]
19  /opt/hpcx/ompi/lib/libmpi.so.40(MPI_Init+0x71) [0x7f2f03554c31]
20  /workspace/hpl-linux-x86_64/xhpl() [0x45bd59]
21  /lib/x86_64-linux-gnu/libc.so.6(+0x2a1ca) [0x7f2ece6181ca]
22  /lib/x86_64-linux-gnu/libc.so.6(__libc_start_main+0x8b) [0x7f2ece61828b]
23  /workspace/hpl-linux-x86_64/xhpl() [0x45dafe]
=================================
[b0009:42843] *** Process received signal ***
[b0009:42843] Signal: Aborted (6)
[b0009:42843] Signal code:  (-6)
[b0009:42843] [ 0] /lib/x86_64-linux-gnu/libc.so.6(+0x45330)[0x7f2ece633330]
[b0009:42843] [ 1] /lib/x86_64-linux-gnu/libc.so.6(pthread_kill+0x11c)[0x7f2ece68cb2c]
[b0009:42843] [ 2] /lib/x86_64-linux-gnu/libc.so.6(gsignal+0x1e)[0x7f2ece63327e]
[b0009:42843] [ 3] /lib/x86_64-linux-gnu/libc.so.6(abort+0xdf)[0x7f2ece6168ff]
[b0009:42843] [ 4] /opt/hpcx/ompi/lib/openmpi/../../../ucx/lib/libucs.so.0(+0x34737)[0x7f2ecc0ed737]
[b0009:42843] [ 5] /opt/hpcx/ompi/lib/openmpi/../../../ucx/lib/libucs.so.0(+0x3956a)[0x7f2ecc0f256a]
[b0009:42843] [ 6] /opt/hpcx/ompi/lib/openmpi/../../../ucx/lib/libucs.so.0(ucs_log_dispatch+0xe4)[0x7f2ecc0f28f4]
[b0009:42843] [ 7] /opt/hpcx/ompi/lib/openmpi/../../../ucx/lib/ucx/libuct_ib_mlx5.so.0(uct_ib_mlx5_completion_with_err+0x550)[0x7f2ec45bb550]
[b0009:42843] [ 8] /opt/hpcx/ompi/lib/openmpi/../../../ucx/lib/ucx/libuct_ib_mlx5.so.0(uct_dc_mlx5_ep_handle_failure+0xb2)[0x7f2ec45efe82]
[b0009:42843] [ 9] /opt/hpcx/ompi/lib/openmpi/../../../ucx/lib/ucx/libuct_ib_mlx5.so.0(uct_ib_mlx5_check_completion+0x3d)[0x7f2ec45bc74d]
[b0009:42843] [10] /opt/hpcx/ompi/lib/openmpi/../../../ucx/lib/ucx/libuct_ib_mlx5.so.0(+0x4b097)[0x7f2ec45f2097]
[b0009:42843] [11] /opt/hpcx/ompi/lib/openmpi/../../../ucx/lib/libucp.so.0(ucp_worker_progress+0x5a)[0x7f2ecc1840ea]
[b0009:42843] [12] /opt/hpcx/ompi/lib/./libopen-pal.so.40(opal_progress+0x34)[0x7f2ece50e3b4]
[b0009:42843] [13] /opt/hpcx/ompi/lib/libmpi.so.40(ompi_request_default_test_all+0x1fb)[0x7f2f03531bdb]
[b0009:42843] [14] /opt/hpcx/ompi/lib/openmpi/mca_coll_ucc.so(+0x39ac)[0x7f2ec42259ac]
[b0009:42843] [15] /opt/hpcx/ompi/lib/openmpi/../../../ucc/lib/libucc.so.1(ucc_core_addr_exchange+0x3c)[0x7f2ec41f1bcc]
[b0009:42843] [16] /opt/hpcx/ompi/lib/openmpi/../../../ucc/lib/libucc.so.1(ucc_context_create_proc_info+0x801)[0x7f2ec41f27e1]
[b0009:42843] [17] /opt/hpcx/ompi/lib/openmpi/mca_coll_ucc.so(+0x3cb1)[0x7f2ec4225cb1]
[b0009:42843] [18] /opt/hpcx/ompi/lib/openmpi/mca_coll_ucc.so(mca_coll_ucc_comm_query+0x6f)[0x7f2ec422783f]
[b0009:42843] [19] /opt/hpcx/ompi/lib/libmpi.so.40(+0x85e8c)[0x7f2f03563e8c]
[b0009:42843] [20] /opt/hpcx/ompi/lib/libmpi.so.40(mca_coll_base_comm_select+0x76)[0x7f2f03564486]
[b0009:42843] [21] /opt/hpcx/ompi/lib/libmpi.so.40(ompi_mpi_init+0xee3)[0x7f2f035b16a3]
[b0009:42843] [22] /opt/hpcx/ompi/lib/libmpi.so.40(MPI_Init+0x71)[0x7f2f03554c31]
[b0009:42843] [23] /workspace/hpl-linux-x86_64/xhpl[0x45bd59]
[b0009:42843] [24] /lib/x86_64-linux-gnu/libc.so.6(+0x2a1ca)[0x7f2ece6181ca]
[b0009:42843] [25] /lib/x86_64-linux-gnu/libc.so.6(__libc_start_main+0x8b)[0x7f2ece61828b]
[b0009:42843] [26] /workspace/hpl-linux-x86_64/xhpl[0x45dafe]
[b0009:42843] *** End of error message ***
[b0004:44632:0:44632] ib_mlx5_log.c:179  Transport retry count exceeded on mlx5_4:1/IB (synd 0x15 vend 0x81 hw_synd 0/0)
[b0004:44632:0:44632] ib_mlx5_log.c:179  DCI QP 0x720 wqe[0]: SEND s-e [rqpn 0x1c40 rlid 215] [inl len 18] 
==== backtrace (tid:  44632) ====
 0  /opt/hpcx/ompi/lib/openmpi/../../../ucx/lib/libucs.so.0(ucs_handle_error+0x2e4) [0x7fe422e9e774]
 1  /opt/hpcx/ompi/lib/openmpi/../../../ucx/lib/libucs.so.0(ucs_fatal_error_message+0xc2) [0x7fe422e9b732]
 2  /opt/hpcx/ompi/lib/openmpi/../../../ucx/lib/libucs.so.0(+0x3956a) [0x7fe422ea056a]
 3  /opt/hpcx/ompi/lib/openmpi/../../../ucx/lib/libucs.so.0(ucs_log_dispatch+0xe4) [0x7fe422ea08f4]
 4  /opt/hpcx/ompi/lib/openmpi/../../../ucx/lib/ucx/libuct_ib_mlx5.so.0(uct_ib_mlx5_completion_with_err+0x550) [0x7fe420596550]
 5  /opt/hpcx/ompi/lib/openmpi/../../../ucx/lib/ucx/libuct_ib_mlx5.so.0(uct_dc_mlx5_ep_handle_failure+0xb2) [0x7fe4205cae82]
 6  /opt/hpcx/ompi/lib/openmpi/../../../ucx/lib/ucx/libuct_ib_mlx5.so.0(uct_ib_mlx5_check_completion+0x3d) [0x7fe42059774d]
 7  /opt/hpcx/ompi/lib/openmpi/../../../ucx/lib/ucx/libuct_ib_mlx5.so.0(+0x4b097) [0x7fe4205cd097]
 8  /opt/hpcx/ompi/lib/openmpi/../../../ucx/lib/libucp.so.0(ucp_worker_progress+0x5a) [0x7fe422f320ea]
 9  /opt/hpcx/ompi/lib/./libopen-pal.so.40(opal_progress+0x34) [0x7fe42510e3b4]
10  /opt/hpcx/ompi/lib/libmpi.so.40(ompi_request_default_test_all+0x1fb) [0x7fe45d8ffbdb]
11  /opt/hpcx/ompi/lib/openmpi/mca_coll_ucc.so(+0x39ac) [0x7fe4201fd9ac]
12  /opt/hpcx/ompi/lib/openmpi/../../../ucc/lib/libucc.so.1(ucc_core_addr_exchange+0x3c) [0x7fe4201c9bcc]
13  /opt/hpcx/ompi/lib/openmpi/../../../ucc/lib/libucc.so.1(ucc_context_create_proc_info+0x801) [0x7fe4201ca7e1]
14  /opt/hpcx/ompi/lib/openmpi/mca_coll_ucc.so(+0x3cb1) [0x7fe4201fdcb1]
15  /opt/hpcx/ompi/lib/openmpi/mca_coll_ucc.so(mca_coll_ucc_comm_query+0x6f) [0x7fe4201ff83f]
16  /opt/hpcx/ompi/lib/libmpi.so.40(+0x85e8c) [0x7fe45d931e8c]
17  /opt/hpcx/ompi/lib/libmpi.so.40(mca_coll_base_comm_select+0x76) [0x7fe45d932486]
18  /opt/hpcx/ompi/lib/libmpi.so.40(ompi_mpi_init+0xee3) [0x7fe45d97f6a3]
19  /opt/hpcx/ompi/lib/libmpi.so.40(MPI_Init+0x71) [0x7fe45d922c31]
20  /workspace/hpl-linux-x86_64/xhpl() [0x45bd59]
21  /lib/x86_64-linux-gnu/libc.so.6(+0x2a1ca) [0x7fe4252181ca]
22  /lib/x86_64-linux-gnu/libc.so.6(__libc_start_main+0x8b) [0x7fe42521828b]
23  /workspace/hpl-linux-x86_64/xhpl() [0x45dafe]
=================================
[b0004:44632] *** Process received signal ***
[b0004:44632] Signal: Aborted (6)
[b0004:44632] Signal code:  (-6)
[b0004:44632] [ 0] /lib/x86_64-linux-gnu/libc.so.6(+0x45330)[0x7fe425233330]
[b0004:44632] [ 1] /lib/x86_64-linux-gnu/libc.so.6(pthread_kill+0x11c)[0x7fe42528cb2c]
[b0004:44632] [ 2] /lib/x86_64-linux-gnu/libc.so.6(gsignal+0x1e)[0x7fe42523327e]
[b0004:44632] [ 3] /lib/x86_64-linux-gnu/libc.so.6(abort+0xdf)[0x7fe4252168ff]
[b0004:44632] [ 4] /opt/hpcx/ompi/lib/openmpi/../../../ucx/lib/libucs.so.0(+0x34737)[0x7fe422e9b737]
[b0004:44632] [ 5] /opt/hpcx/ompi/lib/openmpi/../../../ucx/lib/libucs.so.0(+0x3956a)[0x7fe422ea056a]
[b0004:44632] [ 6] /opt/hpcx/ompi/lib/openmpi/../../../ucx/lib/libucs.so.0(ucs_log_dispatch+0xe4)[0x7fe422ea08f4]
[b0004:44632] [ 7] /opt/hpcx/ompi/lib/openmpi/../../../ucx/lib/ucx/libuct_ib_mlx5.so.0(uct_ib_mlx5_completion_with_err+0x550)[0x7fe420596550]
[b0004:44632] [ 8] /opt/hpcx/ompi/lib/openmpi/../../../ucx/lib/ucx/libuct_ib_mlx5.so.0(uct_dc_mlx5_ep_handle_failure+0xb2)[0x7fe4205cae82]
[b0004:44632] [ 9] /opt/hpcx/ompi/lib/openmpi/../../../ucx/lib/ucx/libuct_ib_mlx5.so.0(uct_ib_mlx5_check_completion+0x3d)[0x7fe42059774d]
[b0004:44632] [10] /opt/hpcx/ompi/lib/openmpi/../../../ucx/lib/ucx/libuct_ib_mlx5.so.0(+0x4b097)[0x7fe4205cd097]
[b0004:44632] [11] /opt/hpcx/ompi/lib/openmpi/../../../ucx/lib/libucp.so.0(ucp_worker_progress+0x5a)[0x7fe422f320ea]
[b0004:44632] [12] /opt/hpcx/ompi/lib/./libopen-pal.so.40(opal_progress+0x34)[0x7fe42510e3b4]
[b0004:44632] [13] /opt/hpcx/ompi/lib/libmpi.so.40(ompi_request_default_test_all+0x1fb)[0x7fe45d8ffbdb]
[b0004:44632] [14] /opt/hpcx/ompi/lib/openmpi/mca_coll_ucc.so(+0x39ac)[0x7fe4201fd9ac]
[b0004:44632] [15] /opt/hpcx/ompi/lib/openmpi/../../../ucc/lib/libucc.so.1(ucc_core_addr_exchange+0x3c)[0x7fe4201c9bcc]
[b0004:44632] [16] /opt/hpcx/ompi/lib/openmpi/../../../ucc/lib/libucc.so.1(ucc_context_create_proc_info+0x801)[0x7fe4201ca7e1]
[b0004:44632] [17] /opt/hpcx/ompi/lib/openmpi/mca_coll_ucc.so(+0x3cb1)[0x7fe4201fdcb1]
[b0004:44632] [18] /opt/hpcx/ompi/lib/openmpi/mca_coll_ucc.so(mca_coll_ucc_comm_query+0x6f)[0x7fe4201ff83f]
[b0004:44632] [19] /opt/hpcx/ompi/lib/libmpi.so.40(+0x85e8c)[0x7fe45d931e8c]
[b0004:44632] [20] /opt/hpcx/ompi/lib/libmpi.so.40(mca_coll_base_comm_select+0x76)[0x7fe45d932486]
[b0004:44632] [21] /opt/hpcx/ompi/lib/libmpi.so.40(ompi_mpi_init+0xee3)[0x7fe45d97f6a3]
[b0004:44632] [22] /opt/hpcx/ompi/lib/libmpi.so.40(MPI_Init+0x71)[0x7fe45d922c31]
[b0004:44632] [23] /workspace/hpl-linux-x86_64/xhpl[0x45bd59]
[b0004:44632] [24] /lib/x86_64-linux-gnu/libc.so.6(+0x2a1ca)[0x7fe4252181ca]
[b0004:44632] [25] /lib/x86_64-linux-gnu/libc.so.6(__libc_start_main+0x8b)[0x7fe42521828b]
[b0004:44632] [26] /workspace/hpl-linux-x86_64/xhpl[0x45dafe]
[b0004:44632] *** End of error message ***
[b0005:42241:0:42241] ib_mlx5_log.c:179  Transport retry count exceeded on mlx5_4:1/IB (synd 0x15 vend 0x81 hw_synd 0/0)
[b0005:42241:0:42241] ib_mlx5_log.c:179  DCI QP 0x71e wqe[0]: SEND s-e [rqpn 0x1c47 rlid 222] [inl len 18] 
==== backtrace (tid:  42241) ====
 0  /opt/hpcx/ompi/lib/openmpi/../../../ucx/lib/libucs.so.0(ucs_handle_error+0x2e4) [0x7f0b50646774]
 1  /opt/hpcx/ompi/lib/openmpi/../../../ucx/lib/libucs.so.0(ucs_fatal_error_message+0xc2) [0x7f0b50643732]
 2  /opt/hpcx/ompi/lib/openmpi/../../../ucx/lib/libucs.so.0(+0x3956a) [0x7f0b5064856a]
 3  /opt/hpcx/ompi/lib/openmpi/../../../ucx/lib/libucs.so.0(ucs_log_dispatch+0xe4) [0x7f0b506488f4]
 4  /opt/hpcx/ompi/lib/openmpi/../../../ucx/lib/ucx/libuct_ib_mlx5.so.0(uct_ib_mlx5_completion_with_err+0x550) [0x7f0b48ad4550]
 5  /opt/hpcx/ompi/lib/openmpi/../../../ucx/lib/ucx/libuct_ib_mlx5.so.0(uct_dc_mlx5_ep_handle_failure+0xb2) [0x7f0b48b08e82]
 6  /opt/hpcx/ompi/lib/openmpi/../../../ucx/lib/ucx/libuct_ib_mlx5.so.0(uct_ib_mlx5_check_completion+0x3d) [0x7f0b48ad574d]
 7  /opt/hpcx/ompi/lib/openmpi/../../../ucx/lib/ucx/libuct_ib_mlx5.so.0(+0x4b097) [0x7f0b48b0b097]
 8  /opt/hpcx/ompi/lib/openmpi/../../../ucx/lib/libucp.so.0(ucp_worker_progress+0x5a) [0x7f0b506da0ea]
 9  /opt/hpcx/ompi/lib/./libopen-pal.so.40(opal_progress+0x34) [0x7f0b5290e3b4]
10  /opt/hpcx/ompi/lib/libmpi.so.40(ompi_request_default_test_all+0x1fb) [0x7f0b8b09abdb]
11  /opt/hpcx/ompi/lib/openmpi/mca_coll_ucc.so(+0x39ac) [0x7f09352b19ac]
12  /opt/hpcx/ompi/lib/openmpi/../../../ucc/lib/libucc.so.1(ucc_core_addr_exchange+0x3c) [0x7f0934fcfbcc]
13  /opt/hpcx/ompi/lib/openmpi/../../../ucc/lib/libucc.so.1(ucc_context_create_proc_info+0x801) [0x7f0934fd07e1]
14  /opt/hpcx/ompi/lib/openmpi/mca_coll_ucc.so(+0x3cb1) [0x7f09352b1cb1]
15  /opt/hpcx/ompi/lib/openmpi/mca_coll_ucc.so(mca_coll_ucc_comm_query+0x6f) [0x7f09352b383f]
16  /opt/hpcx/ompi/lib/libmpi.so.40(+0x85e8c) [0x7f0b8b0cce8c]
17  /opt/hpcx/ompi/lib/libmpi.so.40(mca_coll_base_comm_select+0x76) [0x7f0b8b0cd486]
18  /opt/hpcx/ompi/lib/libmpi.so.40(ompi_mpi_init+0xee3) [0x7f0b8b11a6a3]
19  /opt/hpcx/ompi/lib/libmpi.so.40(MPI_Init+0x71) [0x7f0b8b0bdc31]
20  /workspace/hpl-linux-x86_64/xhpl() [0x45bd59]
21  /lib/x86_64-linux-gnu/libc.so.6(+0x2a1ca) [0x7f0b52a181ca]
22  /lib/x86_64-linux-gnu/libc.so.6(__libc_start_main+0x8b) [0x7f0b52a1828b]
23  /workspace/hpl-linux-x86_64/xhpl() [0x45dafe]
=================================
[b0005:42241] *** Process received signal ***
[b0005:42241] Signal: Aborted (6)
[b0005:42241] Signal code:  (-6)
[b0005:42241] [ 0] /lib/x86_64-linux-gnu/libc.so.6(+0x45330)[0x7f0b52a33330]
[b0005:42241] [ 1] /lib/x86_64-linux-gnu/libc.so.6(pthread_kill+0x11c)[0x7f0b52a8cb2c]
[b0005:42241] [ 2] /lib/x86_64-linux-gnu/libc.so.6(gsignal+0x1e)[0x7f0b52a3327e]
[b0005:42241] [ 3] /lib/x86_64-linux-gnu/libc.so.6(abort+0xdf)[0x7f0b52a168ff]
[b0005:42241] [ 4] /opt/hpcx/ompi/lib/openmpi/../../../ucx/lib/libucs.so.0(+0x34737)[0x7f0b50643737]
[b0005:42241] [ 5] /opt/hpcx/ompi/lib/openmpi/../../../ucx/lib/libucs.so.0(+0x3956a)[0x7f0b5064856a]
[b0005:42241] [ 6] /opt/hpcx/ompi/lib/openmpi/../../../ucx/lib/libucs.so.0(ucs_log_dispatch+0xe4)[0x7f0b506488f4]
[b0005:42241] [ 7] /opt/hpcx/ompi/lib/openmpi/../../../ucx/lib/ucx/libuct_ib_mlx5.so.0(uct_ib_mlx5_completion_with_err+0x550)[0x7f0b48ad4550]
[b0005:42241] [ 8] /opt/hpcx/ompi/lib/openmpi/../../../ucx/lib/ucx/libuct_ib_mlx5.so.0(uct_dc_mlx5_ep_handle_failure+0xb2)[0x7f0b48b08e82]
[b0005:42241] [ 9] /opt/hpcx/ompi/lib/openmpi/../../../ucx/lib/ucx/libuct_ib_mlx5.so.0(uct_ib_mlx5_check_completion+0x3d)[0x7f0b48ad574d]
[b0005:42241] [10] /opt/hpcx/ompi/lib/openmpi/../../../ucx/lib/ucx/libuct_ib_mlx5.so.0(+0x4b097)[0x7f0b48b0b097]
[b0005:42241] [11] /opt/hpcx/ompi/lib/openmpi/../../../ucx/lib/libucp.so.0(ucp_worker_progress+0x5a)[0x7f0b506da0ea]
[b0005:42241] [12] /opt/hpcx/ompi/lib/./libopen-pal.so.40(opal_progress+0x34)[0x7f0b5290e3b4]
[b0005:42241] [13] /opt/hpcx/ompi/lib/libmpi.so.40(ompi_request_default_test_all+0x1fb)[0x7f0b8b09abdb]
[b0005:42241] [14] /opt/hpcx/ompi/lib/openmpi/mca_coll_ucc.so(+0x39ac)[0x7f09352b19ac]
[b0005:42241] [15] /opt/hpcx/ompi/lib/openmpi/../../../ucc/lib/libucc.so.1(ucc_core_addr_exchange+0x3c)[0x7f0934fcfbcc]
[b0005:42241] [16] /opt/hpcx/ompi/lib/openmpi/../../../ucc/lib/libucc.so.1(ucc_context_create_proc_info+0x801)[0x7f0934fd07e1]
[b0005:42241] [17] /opt/hpcx/ompi/lib/openmpi/mca_coll_ucc.so(+0x3cb1)[0x7f09352b1cb1]
[b0005:42241] [18] /opt/hpcx/ompi/lib/openmpi/mca_coll_ucc.so(mca_coll_ucc_comm_query+0x6f)[0x7f09352b383f]
[b0005:42241] [19] /opt/hpcx/ompi/lib/libmpi.so.40(+0x85e8c)[0x7f0b8b0cce8c]
[b0005:42241] [20] /opt/hpcx/ompi/lib/libmpi.so.40(mca_coll_base_comm_select+0x76)[0x7f0b8b0cd486]
[b0005:42241] [21] /opt/hpcx/ompi/lib/libmpi.so.40(ompi_mpi_init+0xee3)[0x7f0b8b11a6a3]
[b0005:42241] [22] /opt/hpcx/ompi/lib/libmpi.so.40(MPI_Init+0x71)[0x7f0b8b0bdc31]
[b0005:42241] [23] /workspace/hpl-linux-x86_64/xhpl[0x45bd59]
[b0005:42241] [24] /lib/x86_64-linux-gnu/libc.so.6(+0x2a1ca)[0x7f0b52a181ca]
[b0005:42241] [25] /lib/x86_64-linux-gnu/libc.so.6(__libc_start_main+0x8b)[0x7f0b52a1828b]
[b0005:42241] [26] /workspace/hpl-linux-x86_64/xhpl[0x45dafe]
[b0005:42241] *** End of error message ***
/workspace/hpl.sh: line 263: 42438 Aborted                 (core dumped) ${NUMCMD} ${CPUBIND} ${MEMBIND} ${XHPL} ${DAT}
srun: error: b0007: task 31: Exited with exit code 134
/workspace/hpl.sh: line 263: 44321 Aborted                 (core dumped) ${NUMCMD} ${CPUBIND} ${MEMBIND} ${XHPL} ${DAT}
/workspace/hpl.sh: line 263: 44641 Aborted                 (core dumped) ${NUMCMD} ${CPUBIND} ${MEMBIND} ${XHPL} ${DAT}
srun: error: b0010: task 55: Exited with exit code 134
/workspace/hpl.sh: line 263: 44374 Aborted                 (core dumped) ${NUMCMD} ${CPUBIND} ${MEMBIND} ${XHPL} ${DAT}
srun: error: b0006: task 23: Exited with exit code 134
/workspace/hpl.sh: line 263: 42553 Aborted                 (core dumped) ${NUMCMD} ${CPUBIND} ${MEMBIND} ${XHPL} ${DAT}
/workspace/hpl.sh: line 263: 42843 Aborted                 (core dumped) ${NUMCMD} ${CPUBIND} ${MEMBIND} ${XHPL} ${DAT}
srun: error: b0008: task 39: Exited with exit code 134
/workspace/hpl.sh: line 263: 44632 Aborted                 (core dumped) ${NUMCMD} ${CPUBIND} ${MEMBIND} ${XHPL} ${DAT}
srun: error: b0011: task 63: Exited with exit code 134
srun: error: b0009: task 47: Exited with exit code 134
srun: error: b0004: task 7: Exited with exit code 134
/workspace/hpl.sh: line 263: 42241 Aborted                 (core dumped) ${NUMCMD} ${CPUBIND} ${MEMBIND} ${XHPL} ${DAT}
srun: error: b0005: task 15: Exited with exit code 134
[2026-04-06T22:18:09.422] error:  mpi/pmix_v3: _errhandler: b0007 [3]: pmixp_client_v2.c:225: Error handler invoked: status = -25, source = [slurm.pmix.2075.1:31]
[2026-04-06T22:18:09.425] error: *** STEP 2075.1 ON b0004 CANCELLED AT 2026-04-06T22:18:09 DUE to SIGNAL Killed ***
srun: Job step aborted: Waiting up to 32 seconds for job step to finish.
[2026-04-06T22:18:10.441] error:  mpi/pmix_v3: _errhandler: b0004 [0]: pmixp_client_v2.c:225: Error handler invoked: status = -25, source = [slurm.pmix.2075.1:7]
[2026-04-06T22:18:10.444] error:  mpi/pmix_v3: _errhandler: b0005 [1]: pmixp_client_v2.c:225: Error handler invoked: status = -25, source = [slurm.pmix.2075.1:15]
[2026-04-06T22:18:10.442] error:  mpi/pmix_v3: _errhandler: b0009 [5]: pmixp_client_v2.c:225: Error handler invoked: status = -25, source = [slurm.pmix.2075.1:47]
[2026-04-06T22:18:10.443] error:  mpi/pmix_v3: _errhandler: b0007 [3]: pmixp_client_v2.c:225: Error handler invoked: status = -25, source = [slurm.pmix.2075.1:27]
[2026-04-06T22:18:10.442] error:  mpi/pmix_v3: _errhandler: b0006 [2]: pmixp_client_v2.c:225: Error handler invoked: status = -25, source = [slurm.pmix.2075.1:23]
[2026-04-06T22:18:10.443] error:  mpi/pmix_v3: _errhandler: b0011 [7]: pmixp_client_v2.c:225: Error handler invoked: status = -25, source = [slurm.pmix.2075.1:63]
[2026-04-06T22:18:10.443] error:  mpi/pmix_v3: _errhandler: b0008 [4]: pmixp_client_v2.c:225: Error handler invoked: status = -25, source = [slurm.pmix.2075.1:39]
[2026-04-06T22:18:10.444] error:  mpi/pmix_v3: _errhandler: b0010 [6]: pmixp_client_v2.c:225: Error handler invoked: status = -25, source = [slurm.pmix.2075.1:55]
srun: error: b0006: tasks 16-22: Killed
srun: error: b0009: tasks 40-46: Killed
srun: error: b0005: tasks 8-14: Killed
srun: error: b0011: tasks 56-62: Killed
srun: error: b0004: tasks 0-6: Killed
srun: error: b0007: tasks 24-30: Killed
srun: error: b0010: tasks 48-54: Killed
srun: error: b0008: tasks 32-38: Killed
