++ date +%Y-%m-%dT%H:%M:%S
+ DATESTRING=2026-04-16T18:52:31
+ SIF=/home/knevins/aicr-benchmarks/hpc-benchmarks_26.02.sif
++ date +%Y-%m-%dT%H:%M:%S
+ DATESTRING=2026-04-16T18:52:31
+++ scontrol show hostname
++ echo a0009 a0010 a0011 a0012 a0013 a0014 a0018 a0019
+ echo 'Running on hosts: a0009 a0010 a0011 a0012 a0013 a0014 a0018 a0019'
Running on hosts: a0009 a0010 a0011 a0012 a0013 a0014 a0018 a0019
+ echo 2026-04-16T18:52:31
2026-04-16T18:52:31
+ export UCX_IB_TX_QUEUE_LEN=1024
+ UCX_IB_TX_QUEUE_LEN=1024
+ export APPTAINERENV_UCX_IB_TX_QUEUE_LEN=1024
+ APPTAINERENV_UCX_IB_TX_QUEUE_LEN=1024
+ export UCX_RC_FC_WND_SIZE=128
+ UCX_RC_FC_WND_SIZE=128
+ export APPTAINERENV_UCX_RC_FC_WND_SIZE=128
+ APPTAINERENV_UCX_RC_FC_WND_SIZE=128
+ export UCX_NET_DEVICES=mlx5_3:1
+ UCX_NET_DEVICES=mlx5_3:1
+ export APPTAINERENV_UCX_NET_DEVICES=mlx5_3:1
+ APPTAINERENV_UCX_NET_DEVICES=mlx5_3:1
+ export UCX_TLS=self,shm,rc,cuda_copy,cuda_ipc
+ UCX_TLS=self,shm,rc,cuda_copy,cuda_ipc
+ export APPTAINERENV_UCX_TLS=self,shm,rc,cuda_copy,cuda_ipc
+ APPTAINERENV_UCX_TLS=self,shm,rc,cuda_copy,cuda_ipc
+ N_SIZE=1140736
+ srun -N 8 --ntasks-per-node=8 --exclusive --mpi=pmix apptainer exec --nv --no-mount /etc/localtime --bind /var/spool/slurm/slurmd /home/knevins/aicr-benchmarks/hpc-benchmarks_26.02.sif /workspace/hpl-mxp.sh --gpu-affinity 0:1:2:3:4:5:6:7 --n 1140736 --nb 2048 --nporder row --nprow 8 --npcol 8
 CUDART (49->a0018): cudaGetDeviceProperties(&prop, 0) = 999 (unknown error) at (src/driver.cpp:396), process will now exit
 CUDART (50->a0018): cudaGetDeviceProperties(&prop, 0) = 999 (unknown error) at (src/driver.cpp:396), process will now exit
 CUDART (51->a0018): cudaGetDeviceProperties(&prop, 0) = 999 (unknown error) at (src/driver.cpp:396), process will now exit
 CUDART (52->a0018): cudaGetDeviceProperties(&prop, 0) = 999 (unknown error) at (src/driver.cpp:396), process will now exit
 CUDART (53->a0018): cudaGetDeviceProperties(&prop, 0) = 999 (unknown error) at (src/driver.cpp:396), process will now exit
 CUDART (55->a0018): cudaGetDeviceProperties(&prop, 0) = 999 (unknown error) at (src/driver.cpp:396), process will now exit
 CUDART (48->a0018): cudaGetDeviceProperties(&prop, 0) = 999 (unknown error) at (src/driver.cpp:396), process will now exit
 CUDART (54->a0018): cudaGetDeviceProperties(&prop, 0) = 999 (unknown error) at (src/driver.cpp:396), process will now exit
--------------------------------------------------------------------------
MPI_ABORT was invoked on rank 49 in communicator MPI_COMM_WORLD
with errorcode 1099.

NOTE: invoking MPI_ABORT causes Open MPI to kill all MPI processes.
You may or may not see output from other processes, depending on
exactly when Open MPI kills them.
--------------------------------------------------------------------------
--------------------------------------------------------------------------
MPI_ABORT was invoked on rank 50 in communicator MPI_COMM_WORLD
with errorcode 1099.

NOTE: invoking MPI_ABORT causes Open MPI to kill all MPI processes.
You may or may not see output from other processes, depending on
exactly when Open MPI kills them.
--------------------------------------------------------------------------
--------------------------------------------------------------------------
MPI_ABORT was invoked on rank 51 in communicator MPI_COMM_WORLD
with errorcode 1099.

NOTE: invoking MPI_ABORT causes Open MPI to kill all MPI processes.
You may or may not see output from other processes, depending on
exactly when Open MPI kills them.
--------------------------------------------------------------------------
--------------------------------------------------------------------------
MPI_ABORT was invoked on rank 52 in communicator MPI_COMM_WORLD
with errorcode 1099.

NOTE: invoking MPI_ABORT causes Open MPI to kill all MPI processes.
You may or may not see output from other processes, depending on
exactly when Open MPI kills them.
--------------------------------------------------------------------------
--------------------------------------------------------------------------
MPI_ABORT was invoked on rank 53 in communicator MPI_COMM_WORLD
with errorcode 1099.

NOTE: invoking MPI_ABORT causes Open MPI to kill all MPI processes.
You may or may not see output from other processes, depending on
exactly when Open MPI kills them.
--------------------------------------------------------------------------
--------------------------------------------------------------------------
MPI_ABORT was invoked on rank 48 in communicator MPI_COMM_WORLD
with errorcode 1099.

NOTE: invoking MPI_ABORT causes Open MPI to kill all MPI processes.
You may or may not see output from other processes, depending on
exactly when Open MPI kills them.
--------------------------------------------------------------------------
--------------------------------------------------------------------------
MPI_ABORT was invoked on rank 54 in communicator MPI_COMM_WORLD
with errorcode 1099.

NOTE: invoking MPI_ABORT causes Open MPI to kill all MPI processes.
You may or may not see output from other processes, depending on
exactly when Open MPI kills them.
--------------------------------------------------------------------------
--------------------------------------------------------------------------
MPI_ABORT was invoked on rank 55 in communicator MPI_COMM_WORLD
with errorcode 1099.

NOTE: invoking MPI_ABORT causes Open MPI to kill all MPI processes.
You may or may not see output from other processes, depending on
exactly when Open MPI kills them.
--------------------------------------------------------------------------
[2026-04-16T18:52:44.060] error: *** STEP 2422.0 ON a0009 CANCELLED AT 2026-04-16T18:52:44 DUE to SIGNAL Killed ***
srun: Job step aborted: Waiting up to 32 seconds for job step to finish.
srun: error: a0018: tasks 48-55: Killed
[2026-04-16T18:52:45.074] error:  mpi/pmix_v3: _errhandler: a0014 [5]: pmixp_client_v2.c:225: Error handler invoked: status = -25, source = [slurm.pmix.2422.0:46]
[2026-04-16T18:52:45.077] error:  mpi/pmix_v3: _errhandler: a0012 [3]: pmixp_client_v2.c:225: Error handler invoked: status = -25, source = [slurm.pmix.2422.0:28]
[2026-04-16T18:52:45.077] error:  mpi/pmix_v3: _errhandler: a0009 [0]: pmixp_client_v2.c:225: Error handler invoked: status = -25, source = [slurm.pmix.2422.0:5]
[2026-04-16T18:52:45.076] error:  mpi/pmix_v3: _errhandler: a0013 [4]: pmixp_client_v2.c:225: Error handler invoked: status = -25, source = [slurm.pmix.2422.0:32]
[2026-04-16T18:52:45.076] error:  mpi/pmix_v3: _errhandler: a0011 [2]: pmixp_client_v2.c:225: Error handler invoked: status = -25, source = [slurm.pmix.2422.0:17]
[2026-04-16T18:52:45.077] error:  mpi/pmix_v3: _errhandler: a0010 [1]: pmixp_client_v2.c:225: Error handler invoked: status = -25, source = [slurm.pmix.2422.0:9]
[2026-04-16T18:52:45.079] error:  mpi/pmix_v3: _errhandler: a0019 [7]: pmixp_client_v2.c:225: Error handler invoked: status = -25, source = [slurm.pmix.2422.0:58]
srun: error: a0009: tasks 0-7: Killed
srun: error: a0014: tasks 40-47: Killed
srun: error: a0010: tasks 8-15: Killed
srun: error: a0019: tasks 56-63: Killed
srun: error: a0013: tasks 32-39: Killed
srun: error: a0012: tasks 24-31: Killed
srun: error: a0011: tasks 16-23: Killed
+ echo Done
Done
+ echo 2026-04-16T18:52:31
2026-04-16T18:52:31
