=== Multi-node setup ===
Job ID         : 17486
Nodes          : 2
Node list      : a[0005-0006]
Head node      : a0005 (172.21.101.5)
Rendezvous port: 29500
GPUs/node      : 8
========================
[a0005] launching torchrun, node_rank=0
[a0006] launching torchrun, node_rank=1
[rank 7] host=a0005 local_rank=7 world_size=16 device=NVIDIA RTX PRO 6000 Blackwell Server Edition
[rank 6] host=a0005 local_rank=6 world_size=16 device=NVIDIA RTX PRO 6000 Blackwell Server Edition
[rank 3] host=a0005 local_rank=3 world_size=16 device=NVIDIA RTX PRO 6000 Blackwell Server Edition
[rank 1] host=a0005 local_rank=1 world_size=16 device=NVIDIA RTX PRO 6000 Blackwell Server Edition
[rank 0] host=a0005 local_rank=0 world_size=16 device=NVIDIA RTX PRO 6000 Blackwell Server Edition
[rank0] scaling=strong per_gpu=64 global=1024
[rank 2] host=a0005 local_rank=2 world_size=16 device=NVIDIA RTX PRO 6000 Blackwell Server Edition
[rank 4] host=a0005 local_rank=4 world_size=16 device=NVIDIA RTX PRO 6000 Blackwell Server Edition
[rank 5] host=a0005 local_rank=5 world_size=16 device=NVIDIA RTX PRO 6000 Blackwell Server Edition
a0005:154774:154774 [0] NCCL INFO ENV/Plugin: Could not find: libnccl-env.so
a0005:154774:154774 [0] NCCL INFO Bootstrap: Using bond1:172.23.101.5<0>
a0005:154774:154774 [0] NCCL INFO cudaDriverVersion 13000
a0005:154774:154774 [0] NCCL INFO NCCL version 2.28.9+cuda13.0
a0005:154777:154777 [3] NCCL INFO ENV/Plugin: Could not find: libnccl-env.so
a0005:154780:154780 [6] NCCL INFO ENV/Plugin: Could not find: libnccl-env.so
a0005:154775:154775 [1] NCCL INFO ENV/Plugin: Could not find: libnccl-env.so
a0005:154780:154780 [6] NCCL INFO cudaDriverVersion 13000
a0005:154775:154775 [1] NCCL INFO cudaDriverVersion 13000
a0005:154777:154777 [3] NCCL INFO cudaDriverVersion 13000
a0005:154781:154781 [7] NCCL INFO ENV/Plugin: Could not find: libnccl-env.so
a0005:154781:154781 [7] NCCL INFO cudaDriverVersion 13000
a0005:154774:154774 [0] NCCL INFO Comm config Blocking set to 1
a0005:154775:154775 [1] NCCL INFO Bootstrap: Using bond1:172.23.101.5<0>
a0005:154777:154777 [3] NCCL INFO Bootstrap: Using bond1:172.23.101.5<0>
a0005:154777:154777 [3] NCCL INFO NCCL version 2.28.9+cuda13.0
a0005:154775:154775 [1] NCCL INFO NCCL version 2.28.9+cuda13.0
a0005:154780:154780 [6] NCCL INFO Bootstrap: Using bond1:172.23.101.5<0>
a0005:154781:154781 [7] NCCL INFO Bootstrap: Using bond1:172.23.101.5<0>
a0005:154780:154780 [6] NCCL INFO NCCL version 2.28.9+cuda13.0
a0005:154781:154781 [7] NCCL INFO NCCL version 2.28.9+cuda13.0
a0005:154775:154775 [1] NCCL INFO Comm config Blocking set to 1
a0005:154777:154777 [3] NCCL INFO Comm config Blocking set to 1
a0005:154781:154781 [7] NCCL INFO Comm config Blocking set to 1
a0005:154780:154780 [6] NCCL INFO Comm config Blocking set to 1
a0005:154776:154776 [2] NCCL INFO ENV/Plugin: Could not find: libnccl-env.so
a0005:154776:154776 [2] NCCL INFO cudaDriverVersion 13000
a0005:154776:154776 [2] NCCL INFO Bootstrap: Using bond1:172.23.101.5<0>
a0005:154776:154776 [2] NCCL INFO NCCL version 2.28.9+cuda13.0
a0005:154776:154776 [2] NCCL INFO Comm config Blocking set to 1
a0005:154778:154778 [4] NCCL INFO ENV/Plugin: Could not find: libnccl-env.so
a0005:154778:154778 [4] NCCL INFO cudaDriverVersion 13000
a0005:154779:154779 [5] NCCL INFO ENV/Plugin: Could not find: libnccl-env.so
a0005:154779:154779 [5] NCCL INFO cudaDriverVersion 13000
a0005:154778:154778 [4] NCCL INFO Bootstrap: Using bond1:172.23.101.5<0>
a0005:154778:154778 [4] NCCL INFO NCCL version 2.28.9+cuda13.0
a0005:154779:154779 [5] NCCL INFO Bootstrap: Using bond1:172.23.101.5<0>
a0005:154779:154779 [5] NCCL INFO NCCL version 2.28.9+cuda13.0
a0005:154778:154778 [4] NCCL INFO Comm config Blocking set to 1
a0005:154779:154779 [5] NCCL INFO Comm config Blocking set to 1
[rank 8] host=a0006 local_rank=0 world_size=16 device=NVIDIA RTX PRO 6000 Blackwell Server Edition
a0005:154774:154774 [0] NCCL INFO NET/Plugin: Could not find: libnccl-net.so
a0005:154781:154781 [7] NCCL INFO NET/Plugin: Could not find: libnccl-net.so
a0005:154774:154774 [0] NCCL INFO NET/IB : Using [0]mlx5_0:1/IB [1]mlx5_3:1/IB [2]mlx5_bond_0:1/RoCE [RO]; OOB bond1:172.23.101.5<0>
a0005:154774:154774 [0] NCCL INFO Initialized NET plugin IB
a0005:154774:154774 [0] NCCL INFO Assigned NET plugin IB to comm
a0005:154774:154774 [0] NCCL INFO Assigned GIN plugin GIN_IB_GDAKI to comm
a0005:154774:154774 [0] NCCL INFO Using network IB
a0005:154775:154775 [1] NCCL INFO NET/Plugin: Could not find: libnccl-net.so
a0005:154777:154777 [3] NCCL INFO NET/Plugin: Could not find: libnccl-net.so
a0005:154780:154780 [6] NCCL INFO NET/Plugin: Could not find: libnccl-net.so
a0005:154774:154774 [0] NCCL INFO DMA-BUF is available on GPU device 0
a0005:154774:154774 [0] NCCL INFO ncclCommInitRankConfig comm 0x5587b4bd9ac0 rank 0 nranks 16 cudaDev 0 nvmlDev 0 busId 3000 commId 0x943dffca5ce57d86 - Init START
a0005:154776:154776 [2] NCCL INFO NET/Plugin: Could not find: libnccl-net.so
a0005:154781:154781 [7] NCCL INFO NET/IB : Using [0]mlx5_0:1/IB [1]mlx5_3:1/IB [2]mlx5_bond_0:1/RoCE [RO]; OOB bond1:172.23.101.5<0>
a0005:154781:154781 [7] NCCL INFO Initialized NET plugin IB
a0005:154781:154781 [7] NCCL INFO Assigned NET plugin IB to comm
a0005:154781:154781 [7] NCCL INFO Assigned GIN plugin GIN_IB_GDAKI to comm
a0005:154781:154781 [7] NCCL INFO Using network IB
a0005:154779:154779 [5] NCCL INFO NET/Plugin: Could not find: libnccl-net.so
a0005:154781:154781 [7] NCCL INFO DMA-BUF is available on GPU device 7
a0005:154780:154780 [6] NCCL INFO NET/IB : Using [0]mlx5_0:1/IB [1]mlx5_3:1/IB [2]mlx5_bond_0:1/RoCE [RO]; OOB bond1:172.23.101.5<0>
a0005:154780:154780 [6] NCCL INFO Initialized NET plugin IB
a0005:154781:154781 [7] NCCL INFO ncclCommInitRankConfig comm 0x5581dc5ff680 rank 7 nranks 16 cudaDev 7 nvmlDev 7 busId 1c8000 commId 0x943dffca5ce57d86 - Init START
a0005:154777:154777 [3] NCCL INFO NET/IB : Using [0]mlx5_0:1/IB [1]mlx5_3:1/IB [2]mlx5_bond_0:1/RoCE [RO]; OOB bond1:172.23.101.5<0>
a0005:154777:154777 [3] NCCL INFO Initialized NET plugin IB
a0005:154775:154775 [1] NCCL INFO NET/IB : Using [0]mlx5_0:1/IB [1]mlx5_3:1/IB [2]mlx5_bond_0:1/RoCE [RO]; OOB bond1:172.23.101.5<0>
a0005:154775:154775 [1] NCCL INFO Initialized NET plugin IB
a0005:154780:154780 [6] NCCL INFO Assigned NET plugin IB to comm
a0005:154780:154780 [6] NCCL INFO Assigned GIN plugin GIN_IB_GDAKI to comm
a0005:154780:154780 [6] NCCL INFO Using network IB
a0005:154777:154777 [3] NCCL INFO Assigned NET plugin IB to comm
a0005:154777:154777 [3] NCCL INFO Assigned GIN plugin GIN_IB_GDAKI to comm
a0005:154777:154777 [3] NCCL INFO Using network IB
a0005:154775:154775 [1] NCCL INFO Assigned NET plugin IB to comm
a0005:154775:154775 [1] NCCL INFO Assigned GIN plugin GIN_IB_GDAKI to comm
a0005:154775:154775 [1] NCCL INFO Using network IB
a0005:154776:154776 [2] NCCL INFO NET/IB : Using [0]mlx5_0:1/IB [1]mlx5_3:1/IB [2]mlx5_bond_0:1/RoCE [RO]; OOB bond1:172.23.101.5<0>
a0005:154776:154776 [2] NCCL INFO Initialized NET plugin IB
a0005:154776:154776 [2] NCCL INFO Assigned NET plugin IB to comm
a0005:154776:154776 [2] NCCL INFO Assigned GIN plugin GIN_IB_GDAKI to comm
a0005:154776:154776 [2] NCCL INFO Using network IB
a0005:154778:154778 [4] NCCL INFO NET/Plugin: Could not find: libnccl-net.so
a0005:154779:154779 [5] NCCL INFO NET/IB : Using [0]mlx5_0:1/IB [1]mlx5_3:1/IB [2]mlx5_bond_0:1/RoCE [RO]; OOB bond1:172.23.101.5<0>
a0005:154779:154779 [5] NCCL INFO Initialized NET plugin IB
a0005:154779:154779 [5] NCCL INFO Assigned NET plugin IB to comm
a0005:154779:154779 [5] NCCL INFO Assigned GIN plugin GIN_IB_GDAKI to comm
a0005:154779:154779 [5] NCCL INFO Using network IB
a0005:154777:154777 [3] NCCL INFO DMA-BUF is available on GPU device 3
a0005:154777:154777 [3] NCCL INFO ncclCommInitRankConfig comm 0x555c3052a800 rank 3 nranks 16 cudaDev 3 nvmlDev 3 busId c7000 commId 0x943dffca5ce57d86 - Init START
a0005:154775:154775 [1] NCCL INFO DMA-BUF is available on GPU device 1
a0005:154775:154775 [1] NCCL INFO ncclCommInitRankConfig comm 0x559f3c646f40 rank 1 nranks 16 cudaDev 1 nvmlDev 1 busId 42000 commId 0x943dffca5ce57d86 - Init START
a0005:154780:154780 [6] NCCL INFO DMA-BUF is available on GPU device 6
a0005:154780:154780 [6] NCCL INFO ncclCommInitRankConfig comm 0x55921b71ee40 rank 6 nranks 16 cudaDev 6 nvmlDev 6 busId 18e000 commId 0x943dffca5ce57d86 - Init START
a0005:154776:154776 [2] NCCL INFO DMA-BUF is available on GPU device 2
a0005:154776:154776 [2] NCCL INFO ncclCommInitRankConfig comm 0x55bd1fddf000 rank 2 nranks 16 cudaDev 2 nvmlDev 2 busId 8c000 commId 0x943dffca5ce57d86 - Init START
a0005:154776:154776 [2] NCCL INFO RAS client listening socket at ::1<28028>
a0005:154775:154775 [1] NCCL INFO RAS client listening socket at ::1<28028>
a0005:154779:154779 [5] NCCL INFO DMA-BUF is available on GPU device 5
a0005:154779:154779 [5] NCCL INFO ncclCommInitRankConfig comm 0x556ffe3a0740 rank 5 nranks 16 cudaDev 5 nvmlDev 5 busId 144000 commId 0x943dffca5ce57d86 - Init START
a0005:154780:154780 [6] NCCL INFO RAS client listening socket at ::1<28028>
a0005:154778:154778 [4] NCCL INFO NET/IB : Using [0]mlx5_0:1/IB [1]mlx5_3:1/IB [2]mlx5_bond_0:1/RoCE [RO]; OOB bond1:172.23.101.5<0>
a0005:154778:154778 [4] NCCL INFO Initialized NET plugin IB
a0005:154778:154778 [4] NCCL INFO Assigned NET plugin IB to comm
a0005:154778:154778 [4] NCCL INFO Assigned GIN plugin GIN_IB_GDAKI to comm
a0005:154778:154778 [4] NCCL INFO Using network IB
a0005:154778:154778 [4] NCCL INFO DMA-BUF is available on GPU device 4
a0005:154778:154778 [4] NCCL INFO ncclCommInitRankConfig comm 0x555ece773400 rank 4 nranks 16 cudaDev 4 nvmlDev 4 busId 104000 commId 0x943dffca5ce57d86 - Init START
a0005:154777:154777 [3] NCCL INFO RAS client listening socket at ::1<28028>
a0005:154778:154778 [4] NCCL INFO RAS client listening socket at ::1<28028>
a0005:154779:154779 [5] NCCL INFO RAS client listening socket at ::1<28028>
[rank 11] host=a0006 local_rank=3 world_size=16 device=NVIDIA RTX PRO 6000 Blackwell Server Edition
[rank 13] host=a0006 local_rank=5 world_size=16 device=NVIDIA RTX PRO 6000 Blackwell Server Edition
[rank 9] host=a0006 local_rank=1 world_size=16 device=NVIDIA RTX PRO 6000 Blackwell Server Edition
[rank 12] host=a0006 local_rank=4 world_size=16 device=NVIDIA RTX PRO 6000 Blackwell Server Edition
[rank 10] host=a0006 local_rank=2 world_size=16 device=NVIDIA RTX PRO 6000 Blackwell Server Edition
[rank 15] host=a0006 local_rank=7 world_size=16 device=NVIDIA RTX PRO 6000 Blackwell Server Edition
[rank 14] host=a0006 local_rank=6 world_size=16 device=NVIDIA RTX PRO 6000 Blackwell Server Edition
a0006:93563:93563 [0] NCCL INFO ENV/Plugin: Could not find: libnccl-env.so
a0006:93563:93563 [0] NCCL INFO cudaDriverVersion 13000
a0006:93563:93563 [0] NCCL INFO Bootstrap: Using bond1:172.23.101.6<0>
a0006:93563:93563 [0] NCCL INFO NCCL version 2.28.9+cuda13.0
a0006:93563:93563 [0] NCCL INFO Comm config Blocking set to 1
a0006:93563:93563 [0] NCCL INFO NET/Plugin: Could not find: libnccl-net.so
a0006:93566:93566 [3] NCCL INFO ENV/Plugin: Could not find: libnccl-env.so
a0006:93566:93566 [3] NCCL INFO cudaDriverVersion 13000
a0006:93566:93566 [3] NCCL INFO Bootstrap: Using bond1:172.23.101.6<0>
a0006:93566:93566 [3] NCCL INFO NCCL version 2.28.9+cuda13.0
a0006:93566:93566 [3] NCCL INFO Comm config Blocking set to 1
a0006:93563:93563 [0] NCCL INFO NET/IB : Using [0]mlx5_0:1/IB [1]mlx5_3:1/IB [2]mlx5_bond_0:1/RoCE [RO]; OOB bond1:172.23.101.6<0>
a0006:93563:93563 [0] NCCL INFO Initialized NET plugin IB
a0006:93563:93563 [0] NCCL INFO Assigned NET plugin IB to comm
a0006:93563:93563 [0] NCCL INFO Assigned GIN plugin GIN_IB_GDAKI to comm
a0006:93563:93563 [0] NCCL INFO Using network IB
a0006:93563:93563 [0] NCCL INFO DMA-BUF is available on GPU device 0
a0006:93563:93563 [0] NCCL INFO ncclCommInitRankConfig comm 0x55f61607c700 rank 8 nranks 16 cudaDev 0 nvmlDev 0 busId 3000 commId 0x943dffca5ce57d86 - Init START
a0005:154781:154781 [7] NCCL INFO RAS client listening socket at ::1<28028>
a0006:93568:93568 [5] NCCL INFO ENV/Plugin: Could not find: libnccl-env.so
a0006:93568:93568 [5] NCCL INFO cudaDriverVersion 13000
a0006:93568:93568 [5] NCCL INFO Bootstrap: Using bond1:172.23.101.6<0>
a0006:93568:93568 [5] NCCL INFO NCCL version 2.28.9+cuda13.0
a0006:93568:93568 [5] NCCL INFO Comm config Blocking set to 1
a0006:93564:93564 [1] NCCL INFO ENV/Plugin: Could not find: libnccl-env.so
a0006:93564:93564 [1] NCCL INFO cudaDriverVersion 13000
a0006:93564:93564 [1] NCCL INFO Bootstrap: Using bond1:172.23.101.6<0>
a0006:93564:93564 [1] NCCL INFO NCCL version 2.28.9+cuda13.0
a0006:93564:93564 [1] NCCL INFO Comm config Blocking set to 1
a0006:93567:93567 [4] NCCL INFO ENV/Plugin: Could not find: libnccl-env.so
a0006:93567:93567 [4] NCCL INFO cudaDriverVersion 13000
a0006:93567:93567 [4] NCCL INFO Bootstrap: Using bond1:172.23.101.6<0>
a0006:93567:93567 [4] NCCL INFO NCCL version 2.28.9+cuda13.0
a0006:93567:93567 [4] NCCL INFO Comm config Blocking set to 1
a0006:93565:93565 [2] NCCL INFO ENV/Plugin: Could not find: libnccl-env.so
a0006:93565:93565 [2] NCCL INFO cudaDriverVersion 13000
a0006:93565:93565 [2] NCCL INFO Bootstrap: Using bond1:172.23.101.6<0>
a0006:93565:93565 [2] NCCL INFO NCCL version 2.28.9+cuda13.0
a0006:93565:93565 [2] NCCL INFO Comm config Blocking set to 1
a0006:93570:93570 [7] NCCL INFO ENV/Plugin: Could not find: libnccl-env.so
a0006:93570:93570 [7] NCCL INFO cudaDriverVersion 13000
a0006:93570:93570 [7] NCCL INFO Bootstrap: Using bond1:172.23.101.6<0>
a0006:93570:93570 [7] NCCL INFO NCCL version 2.28.9+cuda13.0
a0006:93570:93570 [7] NCCL INFO Comm config Blocking set to 1
a0006:93566:93566 [3] NCCL INFO NET/Plugin: Could not find: libnccl-net.so
a0006:93569:93569 [6] NCCL INFO ENV/Plugin: Could not find: libnccl-env.so
a0006:93569:93569 [6] NCCL INFO cudaDriverVersion 13000
a0006:93569:93569 [6] NCCL INFO Bootstrap: Using bond1:172.23.101.6<0>
a0006:93569:93569 [6] NCCL INFO NCCL version 2.28.9+cuda13.0
a0006:93569:93569 [6] NCCL INFO Comm config Blocking set to 1
a0006:93568:93568 [5] NCCL INFO NET/Plugin: Could not find: libnccl-net.so
a0006:93566:93566 [3] NCCL INFO NET/IB : Using [0]mlx5_0:1/IB [1]mlx5_3:1/IB [2]mlx5_bond_0:1/RoCE [RO]; OOB bond1:172.23.101.6<0>
a0006:93566:93566 [3] NCCL INFO Initialized NET plugin IB
a0006:93566:93566 [3] NCCL INFO Assigned NET plugin IB to comm
a0006:93566:93566 [3] NCCL INFO Assigned GIN plugin GIN_IB_GDAKI to comm
a0006:93566:93566 [3] NCCL INFO Using network IB
a0006:93566:93566 [3] NCCL INFO DMA-BUF is available on GPU device 3
a0006:93566:93566 [3] NCCL INFO ncclCommInitRankConfig comm 0x55eeaa574740 rank 11 nranks 16 cudaDev 3 nvmlDev 3 busId c7000 commId 0x943dffca5ce57d86 - Init START
a0006:93568:93568 [5] NCCL INFO NET/IB : Using [0]mlx5_0:1/IB [1]mlx5_3:1/IB [2]mlx5_bond_0:1/RoCE [RO]; OOB bond1:172.23.101.6<0>
a0006:93568:93568 [5] NCCL INFO Initialized NET plugin IB
a0006:93568:93568 [5] NCCL INFO Assigned NET plugin IB to comm
a0006:93568:93568 [5] NCCL INFO Assigned GIN plugin GIN_IB_GDAKI to comm
a0006:93568:93568 [5] NCCL INFO Using network IB
a0006:93568:93568 [5] NCCL INFO DMA-BUF is available on GPU device 5
a0006:93568:93568 [5] NCCL INFO ncclCommInitRankConfig comm 0x55a37c62d780 rank 13 nranks 16 cudaDev 5 nvmlDev 5 busId 144000 commId 0x943dffca5ce57d86 - Init START
a0006:93564:93564 [1] NCCL INFO NET/Plugin: Could not find: libnccl-net.so
a0006:93564:93564 [1] NCCL INFO NET/IB : Using [0]mlx5_0:1/IB [1]mlx5_3:1/IB [2]mlx5_bond_0:1/RoCE [RO]; OOB bond1:172.23.101.6<0>
a0006:93564:93564 [1] NCCL INFO Initialized NET plugin IB
a0006:93564:93564 [1] NCCL INFO Assigned NET plugin IB to comm
a0006:93564:93564 [1] NCCL INFO Assigned GIN plugin GIN_IB_GDAKI to comm
a0006:93564:93564 [1] NCCL INFO Using network IB
a0006:93564:93564 [1] NCCL INFO DMA-BUF is available on GPU device 1
a0006:93564:93564 [1] NCCL INFO ncclCommInitRankConfig comm 0x5577c97d4e40 rank 9 nranks 16 cudaDev 1 nvmlDev 1 busId 42000 commId 0x943dffca5ce57d86 - Init START
a0006:93563:93563 [0] NCCL INFO RAS client listening socket at ::1<28028>
a0006:93567:93567 [4] NCCL INFO NET/Plugin: Could not find: libnccl-net.so
a0006:93565:93565 [2] NCCL INFO NET/Plugin: Could not find: libnccl-net.so
a0006:93567:93567 [4] NCCL INFO NET/IB : Using [0]mlx5_0:1/IB [1]mlx5_3:1/IB [2]mlx5_bond_0:1/RoCE [RO]; OOB bond1:172.23.101.6<0>
a0006:93567:93567 [4] NCCL INFO Initialized NET plugin IB
a0006:93567:93567 [4] NCCL INFO Assigned NET plugin IB to comm
a0006:93567:93567 [4] NCCL INFO Assigned GIN plugin GIN_IB_GDAKI to comm
a0006:93567:93567 [4] NCCL INFO Using network IB
a0006:93567:93567 [4] NCCL INFO DMA-BUF is available on GPU device 4
a0006:93567:93567 [4] NCCL INFO ncclCommInitRankConfig comm 0x560516d6e7c0 rank 12 nranks 16 cudaDev 4 nvmlDev 4 busId 104000 commId 0x943dffca5ce57d86 - Init START
a0006:93567:93567 [4] NCCL INFO RAS client listening socket at ::1<28028>
a0006:93570:93570 [7] NCCL INFO NET/Plugin: Could not find: libnccl-net.so
a0006:93565:93565 [2] NCCL INFO NET/IB : Using [0]mlx5_0:1/IB [1]mlx5_3:1/IB [2]mlx5_bond_0:1/RoCE [RO]; OOB bond1:172.23.101.6<0>
a0006:93565:93565 [2] NCCL INFO Initialized NET plugin IB
a0006:93565:93565 [2] NCCL INFO Assigned NET plugin IB to comm
a0006:93565:93565 [2] NCCL INFO Assigned GIN plugin GIN_IB_GDAKI to comm
a0006:93565:93565 [2] NCCL INFO Using network IB
a0006:93565:93565 [2] NCCL INFO DMA-BUF is available on GPU device 2
a0006:93565:93565 [2] NCCL INFO ncclCommInitRankConfig comm 0x55c363d22280 rank 10 nranks 16 cudaDev 2 nvmlDev 2 busId 8c000 commId 0x943dffca5ce57d86 - Init START
a0006:93564:93564 [1] NCCL INFO RAS client listening socket at ::1<28028>
a0006:93565:93565 [2] NCCL INFO RAS client listening socket at ::1<28028>
a0006:93566:93566 [3] NCCL INFO RAS client listening socket at ::1<28028>
a0006:93570:93570 [7] NCCL INFO NET/IB : Using [0]mlx5_0:1/IB [1]mlx5_3:1/IB [2]mlx5_bond_0:1/RoCE [RO]; OOB bond1:172.23.101.6<0>
a0006:93570:93570 [7] NCCL INFO Initialized NET plugin IB
a0006:93570:93570 [7] NCCL INFO Assigned NET plugin IB to comm
a0006:93570:93570 [7] NCCL INFO Assigned GIN plugin GIN_IB_GDAKI to comm
a0006:93570:93570 [7] NCCL INFO Using network IB
a0006:93569:93569 [6] NCCL INFO NET/Plugin: Could not find: libnccl-net.so
a0006:93570:93570 [7] NCCL INFO DMA-BUF is available on GPU device 7
a0006:93570:93570 [7] NCCL INFO ncclCommInitRankConfig comm 0x55a5efa9ba40 rank 15 nranks 16 cudaDev 7 nvmlDev 7 busId 1c8000 commId 0x943dffca5ce57d86 - Init START
a0005:154774:154774 [0] NCCL INFO RAS client listening socket at ::1<28028>
a0006:93569:93569 [6] NCCL INFO NET/IB : Using [0]mlx5_0:1/IB [1]mlx5_3:1/IB [2]mlx5_bond_0:1/RoCE [RO]; OOB bond1:172.23.101.6<0>
a0006:93569:93569 [6] NCCL INFO Initialized NET plugin IB
a0006:93569:93569 [6] NCCL INFO Assigned NET plugin IB to comm
a0006:93569:93569 [6] NCCL INFO Assigned GIN plugin GIN_IB_GDAKI to comm
a0006:93569:93569 [6] NCCL INFO Using network IB
a0006:93569:93569 [6] NCCL INFO DMA-BUF is available on GPU device 6
a0006:93569:93569 [6] NCCL INFO ncclCommInitRankConfig comm 0x559564d569c0 rank 14 nranks 16 cudaDev 6 nvmlDev 6 busId 18e000 commId 0x943dffca5ce57d86 - Init START
a0006:93569:93569 [6] NCCL INFO RAS client listening socket at ::1<28028>
a0006:93568:93568 [5] NCCL INFO RAS client listening socket at ::1<28028>
a0006:93570:93570 [7] NCCL INFO RAS client listening socket at ::1<28028>
a0005:154781:154781 [7] NCCL INFO Bootstrap timings total 0.560094 (create 0.000033, send 0.000078, recv 0.371933, ring 0.187630, delay 0.000001)
a0005:154780:154780 [6] NCCL INFO Bootstrap timings total 0.547674 (create 0.000015, send 0.000043, recv 0.000015, ring 0.544558, delay 0.000000)
a0006:93564:93564 [1] NCCL INFO Bootstrap timings total 0.058772 (create 0.000026, send 0.000079, recv 0.032534, ring 0.025874, delay 0.000000)
a0006:93565:93565 [2] NCCL INFO Bootstrap timings total 0.026364 (create 0.000019, send 0.000080, recv 0.000248, ring 0.025769, delay 0.000001)
a0006:93563:93563 [0] NCCL INFO Bootstrap timings total 0.189178 (create 0.000036, send 0.000152, recv 0.130467, ring 0.056738, delay 0.000001)
a0005:154779:154779 [5] NCCL INFO Bootstrap timings total 0.544942 (create 0.000019, send 0.000044, recv 0.000059, ring 0.539872, delay 0.000001)
a0006:93566:93566 [3] NCCL INFO Bootstrap timings total 0.087902 (create 0.000028, send 0.000124, recv 0.054598, ring 0.025802, delay 0.000001)
a0005:154778:154778 [4] NCCL INFO Bootstrap timings total 0.540236 (create 0.000014, send 0.000048, recv 0.000036, ring 0.539930, delay 0.000000)
a0006:93567:93567 [4] NCCL INFO Bootstrap timings total 0.033491 (create 0.000034, send 0.000096, recv 0.000239, ring 0.032800, delay 0.000001)
a0005:154777:154777 [3] NCCL INFO Bootstrap timings total 0.547998 (create 0.000028, send 0.000096, recv 0.007694, ring 0.539984, delay 0.000001)
a0005:154776:154776 [2] NCCL INFO Bootstrap timings total 0.546700 (create 0.000018, send 0.000048, recv 0.000059, ring 0.545364, delay 0.000000)
a0006:93568:93568 [5] NCCL INFO Bootstrap timings total 0.079246 (create 0.000026, send 0.000078, recv 0.077359, ring 0.001407, delay 0.000000)
a0006:93569:93569 [6] NCCL INFO Bootstrap timings total 0.002391 (create 0.000033, send 0.000077, recv 0.000256, ring 0.001475, delay 0.000001)
a0006:93570:93570 [7] NCCL INFO Bootstrap timings total 0.018997 (create 0.000013, send 0.000070, recv 0.000124, ring 0.000580, delay 0.000000)
a0005:154775:154775 [1] NCCL INFO Bootstrap timings total 0.547886 (create 0.000014, send 0.000044, recv 0.001189, ring 0.545408, delay 0.000000)
a0005:154774:154774 [0] NCCL INFO Bootstrap timings total 0.570915 (create 0.000028, send 0.000098, recv 0.023087, ring 0.018348, delay 0.000001)
a0005:154774:154774 [0] NCCL INFO ncclTopoGetCpuAffinity: Affinity for GPU 0 is 16-31. (GPU affinity = 16-31 ; CPU affinity = 0-31,64-95).
a0005:154774:154774 [0] NCCL INFO NVLS multicast support is not available on dev 0 (NVLS_NCHANNELS 0)
a0005:154777:154777 [3] NCCL INFO ncclTopoGetCpuAffinity: Affinity for GPU 3 is 0-15. (GPU affinity = 0-15 ; CPU affinity = 0-31,64-95).
a0005:154777:154777 [3] NCCL INFO NVLS multicast support is not available on dev 3 (NVLS_NCHANNELS 0)
a0005:154779:154779 [5] NCCL INFO ncclTopoGetCpuAffinity: Affinity for GPU 5 is empty, ignoring. (GPU affinity = 96-111 ; CPU affinity = 0-31,64-95).
a0005:154779:154779 [5] NCCL INFO NVLS multicast support is not available on dev 5 (NVLS_NCHANNELS 0)
a0005:154778:154778 [4] NCCL INFO ncclTopoGetCpuAffinity: Affinity for GPU 4 is 80-95. (GPU affinity = 80-95 ; CPU affinity = 0-31,64-95).
a0005:154778:154778 [4] NCCL INFO NVLS multicast support is not available on dev 4 (NVLS_NCHANNELS 0)
a0006:93564:93564 [1] NCCL INFO ncclTopoGetCpuAffinity: Affinity for GPU 1 is empty, ignoring. (GPU affinity = 32-47 ; CPU affinity = 0-31,64-95).
a0006:93564:93564 [1] NCCL INFO NVLS multicast support is not available on dev 1 (NVLS_NCHANNELS 0)
a0006:93567:93567 [4] NCCL INFO ncclTopoGetCpuAffinity: Affinity for GPU 4 is 80-95. (GPU affinity = 80-95 ; CPU affinity = 0-31,64-95).
a0006:93567:93567 [4] NCCL INFO NVLS multicast support is not available on dev 4 (NVLS_NCHANNELS 0)
a0006:93570:93570 [7] NCCL INFO ncclTopoGetCpuAffinity: Affinity for GPU 7 is 64-79. (GPU affinity = 64-79 ; CPU affinity = 0-31,64-95).
a0005:154781:154781 [7] NCCL INFO ncclTopoGetCpuAffinity: Affinity for GPU 7 is 64-79. (GPU affinity = 64-79 ; CPU affinity = 0-31,64-95).
a0006:93570:93570 [7] NCCL INFO NVLS multicast support is not available on dev 7 (NVLS_NCHANNELS 0)
a0005:154780:154780 [6] NCCL INFO ncclTopoGetCpuAffinity: Affinity for GPU 6 is empty, ignoring. (GPU affinity = 112-127 ; CPU affinity = 0-31,64-95).
a0005:154780:154780 [6] NCCL INFO NVLS multicast support is not available on dev 6 (NVLS_NCHANNELS 0)
a0005:154775:154775 [1] NCCL INFO ncclTopoGetCpuAffinity: Affinity for GPU 1 is empty, ignoring. (GPU affinity = 32-47 ; CPU affinity = 0-31,64-95).
a0005:154775:154775 [1] NCCL INFO NVLS multicast support is not available on dev 1 (NVLS_NCHANNELS 0)
a0005:154781:154781 [7] NCCL INFO NVLS multicast support is not available on dev 7 (NVLS_NCHANNELS 0)
a0006:93569:93569 [6] NCCL INFO ncclTopoGetCpuAffinity: Affinity for GPU 6 is empty, ignoring. (GPU affinity = 112-127 ; CPU affinity = 0-31,64-95).
a0006:93569:93569 [6] NCCL INFO NVLS multicast support is not available on dev 6 (NVLS_NCHANNELS 0)
a0006:93568:93568 [5] NCCL INFO ncclTopoGetCpuAffinity: Affinity for GPU 5 is empty, ignoring. (GPU affinity = 96-111 ; CPU affinity = 0-31,64-95).
a0006:93568:93568 [5] NCCL INFO NVLS multicast support is not available on dev 5 (NVLS_NCHANNELS 0)
a0005:154776:154776 [2] NCCL INFO ncclTopoGetCpuAffinity: Affinity for GPU 2 is empty, ignoring. (GPU affinity = 48-63 ; CPU affinity = 0-31,64-95).
a0005:154776:154776 [2] NCCL INFO NVLS multicast support is not available on dev 2 (NVLS_NCHANNELS 0)
a0006:93563:93563 [0] NCCL INFO ncclTopoGetCpuAffinity: Affinity for GPU 0 is 16-31. (GPU affinity = 16-31 ; CPU affinity = 0-31,64-95).
a0006:93563:93563 [0] NCCL INFO NVLS multicast support is not available on dev 0 (NVLS_NCHANNELS 0)
a0006:93565:93565 [2] NCCL INFO ncclTopoGetCpuAffinity: Affinity for GPU 2 is empty, ignoring. (GPU affinity = 48-63 ; CPU affinity = 0-31,64-95).
a0006:93566:93566 [3] NCCL INFO ncclTopoGetCpuAffinity: Affinity for GPU 3 is 0-15. (GPU affinity = 0-15 ; CPU affinity = 0-31,64-95).
a0006:93565:93565 [2] NCCL INFO NVLS multicast support is not available on dev 2 (NVLS_NCHANNELS 0)
a0006:93566:93566 [3] NCCL INFO NVLS multicast support is not available on dev 3 (NVLS_NCHANNELS 0)
a0005:154774:154774 [0] NCCL INFO comm 0x5587b4bd9ac0 rank 0 nRanks 16 nNodes 2 localRanks 8 localRank 0 MNNVL 0
a0005:154774:154774 [0] NCCL INFO Channel 00/02 :  0  7  6  5  1  3  4 10  8 15 14 13  9 11 12  2
a0005:154774:154774 [0] NCCL INFO Channel 01/02 :  0  7  6  5  1  3  4 10  8 15 14 13  9 11 12  2
a0005:154774:154774 [0] NCCL INFO Trees [0] 4/-1/-1->0->7 [1] 4/-1/-1->0->7
a0005:154774:154774 [0] NCCL INFO P2P Chunksize set to 131072
a0005:154775:154775 [1] NCCL INFO comm 0x559f3c646f40 rank 1 nRanks 16 nNodes 2 localRanks 8 localRank 1 MNNVL 0
a0005:154775:154775 [1] NCCL INFO Trees [0] 5/-1/-1->1->3 [1] 5/-1/-1->1->3
a0005:154775:154775 [1] NCCL INFO P2P Chunksize set to 131072
a0005:154776:154776 [2] NCCL INFO comm 0x55bd1fddf000 rank 2 nRanks 16 nNodes 2 localRanks 8 localRank 2 MNNVL 0
a0005:154776:154776 [2] NCCL INFO Trees [0] 3/10/-1->2->-1 [1] 3/-1/-1->2->10
a0005:154776:154776 [2] NCCL INFO P2P Chunksize set to 131072
a0006:93570:93570 [7] NCCL INFO comm 0x55a5efa9ba40 rank 15 nRanks 16 nNodes 2 localRanks 8 localRank 7 MNNVL 0
a0006:93570:93570 [7] NCCL INFO Trees [0] 8/-1/-1->15->14 [1] 8/-1/-1->15->14
a0005:154777:154777 [3] NCCL INFO comm 0x555c3052a800 rank 3 nRanks 16 nNodes 2 localRanks 8 localRank 3 MNNVL 0
a0006:93570:93570 [7] NCCL INFO P2P Chunksize set to 131072
a0006:93569:93569 [6] NCCL INFO comm 0x559564d569c0 rank 14 nRanks 16 nNodes 2 localRanks 8 localRank 6 MNNVL 0
a0006:93569:93569 [6] NCCL INFO Trees [0] 15/-1/-1->14->13 [1] 15/-1/-1->14->13
a0006:93569:93569 [6] NCCL INFO P2P Chunksize set to 131072
a0005:154777:154777 [3] NCCL INFO Trees [0] 1/-1/-1->3->2 [1] 1/-1/-1->3->2
a0005:154777:154777 [3] NCCL INFO P2P Chunksize set to 131072
a0005:154778:154778 [4] NCCL INFO comm 0x555ece773400 rank 4 nRanks 16 nNodes 2 localRanks 8 localRank 4 MNNVL 0
a0005:154778:154778 [4] NCCL INFO Trees [0] -1/-1/-1->4->0 [1] -1/-1/-1->4->0
a0006:93568:93568 [5] NCCL INFO comm 0x55a37c62d780 rank 13 nRanks 16 nNodes 2 localRanks 8 localRank 5 MNNVL 0
a0005:154778:154778 [4] NCCL INFO P2P Chunksize set to 131072
a0006:93568:93568 [5] NCCL INFO Trees [0] 14/-1/-1->13->9 [1] 14/-1/-1->13->9
a0005:154779:154779 [5] NCCL INFO comm 0x556ffe3a0740 rank 5 nRanks 16 nNodes 2 localRanks 8 localRank 5 MNNVL 0
a0006:93568:93568 [5] NCCL INFO P2P Chunksize set to 131072
a0006:93567:93567 [4] NCCL INFO comm 0x560516d6e7c0 rank 12 nRanks 16 nNodes 2 localRanks 8 localRank 4 MNNVL 0
a0006:93567:93567 [4] NCCL INFO Trees [0] -1/-1/-1->12->8 [1] -1/-1/-1->12->8
a0005:154779:154779 [5] NCCL INFO Trees [0] 6/-1/-1->5->1 [1] 6/-1/-1->5->1
a0005:154779:154779 [5] NCCL INFO P2P Chunksize set to 131072
a0006:93567:93567 [4] NCCL INFO P2P Chunksize set to 131072
a0005:154780:154780 [6] NCCL INFO comm 0x55921b71ee40 rank 6 nRanks 16 nNodes 2 localRanks 8 localRank 6 MNNVL 0
a0005:154780:154780 [6] NCCL INFO Trees [0] 7/-1/-1->6->5 [1] 7/-1/-1->6->5
a0005:154780:154780 [6] NCCL INFO P2P Chunksize set to 131072
a0006:93566:93566 [3] NCCL INFO comm 0x55eeaa574740 rank 11 nRanks 16 nNodes 2 localRanks 8 localRank 3 MNNVL 0
a0005:154781:154781 [7] NCCL INFO comm 0x5581dc5ff680 rank 7 nRanks 16 nNodes 2 localRanks 8 localRank 7 MNNVL 0
a0006:93565:93565 [2] NCCL INFO comm 0x55c363d22280 rank 10 nRanks 16 nNodes 2 localRanks 8 localRank 2 MNNVL 0
a0006:93566:93566 [3] NCCL INFO Trees [0] 9/-1/-1->11->10 [1] 9/-1/-1->11->10
a0006:93566:93566 [3] NCCL INFO P2P Chunksize set to 131072
a0006:93565:93565 [2] NCCL INFO Trees [0] 11/-1/-1->10->2 [1] 11/2/-1->10->-1
a0006:93565:93565 [2] NCCL INFO P2P Chunksize set to 131072
a0005:154781:154781 [7] NCCL INFO Trees [0] 0/-1/-1->7->6 [1] 0/-1/-1->7->6
a0005:154781:154781 [7] NCCL INFO P2P Chunksize set to 131072
a0006:93564:93564 [1] NCCL INFO comm 0x5577c97d4e40 rank 9 nRanks 16 nNodes 2 localRanks 8 localRank 1 MNNVL 0
a0006:93563:93563 [0] NCCL INFO comm 0x55f61607c700 rank 8 nRanks 16 nNodes 2 localRanks 8 localRank 0 MNNVL 0
a0006:93564:93564 [1] NCCL INFO Trees [0] 13/-1/-1->9->11 [1] 13/-1/-1->9->11
a0006:93564:93564 [1] NCCL INFO P2P Chunksize set to 131072
a0006:93563:93563 [0] NCCL INFO Trees [0] 12/-1/-1->8->15 [1] 12/-1/-1->8->15
a0006:93563:93563 [0] NCCL INFO P2P Chunksize set to 131072
a0005:154780:154780 [6] NCCL INFO PROFILER/Plugin: Could not find: libnccl-profiler.so
a0005:154780:154780 [6] NCCL INFO Check P2P Type isAllDirectP2p 0 directMode 0 isAllCudaP2p 1
a0005:154775:154775 [1] NCCL INFO PROFILER/Plugin: Could not find: libnccl-profiler.so
a0005:154781:154781 [7] NCCL INFO PROFILER/Plugin: Could not find: libnccl-profiler.so
a0005:154779:154779 [5] NCCL INFO PROFILER/Plugin: Could not find: libnccl-profiler.so
a0005:154774:154774 [0] NCCL INFO PROFILER/Plugin: Could not find: libnccl-profiler.so
a0005:154778:154778 [4] NCCL INFO PROFILER/Plugin: Could not find: libnccl-profiler.so
a0005:154775:154775 [1] NCCL INFO Check P2P Type isAllDirectP2p 0 directMode 0 isAllCudaP2p 1
a0005:154781:154781 [7] NCCL INFO Check P2P Type isAllDirectP2p 0 directMode 0 isAllCudaP2p 1
a0005:154777:154777 [3] NCCL INFO PROFILER/Plugin: Could not find: libnccl-profiler.so
a0005:154776:154776 [2] NCCL INFO PROFILER/Plugin: Could not find: libnccl-profiler.so
a0005:154779:154779 [5] NCCL INFO Check P2P Type isAllDirectP2p 0 directMode 0 isAllCudaP2p 1
a0005:154778:154778 [4] NCCL INFO Check P2P Type isAllDirectP2p 0 directMode 0 isAllCudaP2p 1
a0005:154774:154774 [0] NCCL INFO Check P2P Type isAllDirectP2p 0 directMode 0 isAllCudaP2p 1
a0005:154777:154777 [3] NCCL INFO Check P2P Type isAllDirectP2p 0 directMode 0 isAllCudaP2p 1
a0005:154776:154776 [2] NCCL INFO Check P2P Type isAllDirectP2p 0 directMode 0 isAllCudaP2p 1
a0006:93570:93570 [7] NCCL INFO PROFILER/Plugin: Could not find: libnccl-profiler.so
a0006:93570:93570 [7] NCCL INFO Check P2P Type isAllDirectP2p 0 directMode 0 isAllCudaP2p 1
a0005:154774:154869 [0] NCCL INFO [Proxy Service] Device 0 CPU core 27
a0005:154781:154868 [0] NCCL INFO [Proxy Service] Device 7 CPU core 78
a0005:154781:154875 [0] NCCL INFO [Proxy Service UDS] Device 7 CPU core 75
a0006:93568:93568 [5] NCCL INFO PROFILER/Plugin: Could not find: libnccl-profiler.so
a0006:93568:93568 [5] NCCL INFO Check P2P Type isAllDirectP2p 0 directMode 0 isAllCudaP2p 1
a0006:93563:93563 [0] NCCL INFO PROFILER/Plugin: Could not find: libnccl-profiler.so
a0006:93565:93565 [2] NCCL INFO PROFILER/Plugin: Could not find: libnccl-profiler.so
a0006:93563:93563 [0] NCCL INFO Check P2P Type isAllDirectP2p 0 directMode 0 isAllCudaP2p 1
a0006:93565:93565 [2] NCCL INFO Check P2P Type isAllDirectP2p 0 directMode 0 isAllCudaP2p 1
a0006:93569:93569 [6] NCCL INFO PROFILER/Plugin: Could not find: libnccl-profiler.so
a0006:93564:93564 [1] NCCL INFO PROFILER/Plugin: Could not find: libnccl-profiler.so
a0005:154775:154871 [0] NCCL INFO [Proxy Service] Device 1 CPU core 8
a0005:154777:154876 [0] NCCL INFO [Proxy Service] Device 3 CPU core 10
a0006:93567:93567 [4] NCCL INFO PROFILER/Plugin: Could not find: libnccl-profiler.so
a0006:93569:93569 [6] NCCL INFO Check P2P Type isAllDirectP2p 0 directMode 0 isAllCudaP2p 1
a0006:93566:93566 [3] NCCL INFO PROFILER/Plugin: Could not find: libnccl-profiler.so
a0006:93564:93564 [1] NCCL INFO Check P2P Type isAllDirectP2p 0 directMode 0 isAllCudaP2p 1
a0006:93567:93567 [4] NCCL INFO Check P2P Type isAllDirectP2p 0 directMode 0 isAllCudaP2p 1
a0006:93566:93566 [3] NCCL INFO Check P2P Type isAllDirectP2p 0 directMode 0 isAllCudaP2p 1
a0005:154774:154878 [0] NCCL INFO [Proxy Service UDS] Device 0 CPU core 17
a0005:154779:154872 [0] NCCL INFO [Proxy Service] Device 5 CPU core 1
a0005:154777:154881 [0] NCCL INFO [Proxy Service UDS] Device 3 CPU core 3
a0005:154775:154877 [0] NCCL INFO [Proxy Service UDS] Device 1 CPU core 18
a0005:154778:154873 [0] NCCL INFO [Proxy Service] Device 4 CPU core 86
a0005:154780:154870 [0] NCCL INFO [Proxy Service] Device 6 CPU core 17
a0005:154778:154879 [0] NCCL INFO [Proxy Service UDS] Device 4 CPU core 80
a0005:154776:154882 [0] NCCL INFO [Proxy Service UDS] Device 2 CPU core 28
a0005:154779:154880 [0] NCCL INFO [Proxy Service UDS] Device 5 CPU core 87
a0005:154780:154883 [0] NCCL INFO [Proxy Service UDS] Device 6 CPU core 82
a0005:154776:154874 [0] NCCL INFO [Proxy Service] Device 2 CPU core 10
a0006:93563:93657 [0] NCCL INFO [Proxy Service] Device 0 CPU core 17
a0006:93570:93655 [0] NCCL INFO [Proxy Service] Device 7 CPU core 73
a0006:93568:93656 [0] NCCL INFO [Proxy Service] Device 5 CPU core 28
a0006:93570:93663 [0] NCCL INFO [Proxy Service UDS] Device 7 CPU core 68
a0006:93569:93658 [0] NCCL INFO [Proxy Service] Device 6 CPU core 9
a0006:93563:93662 [0] NCCL INFO [Proxy Service UDS] Device 0 CPU core 30
a0006:93567:93665 [0] NCCL INFO [Proxy Service] Device 4 CPU core 80
a0006:93568:93664 [0] NCCL INFO [Proxy Service UDS] Device 5 CPU core 83
a0006:93564:93667 [0] NCCL INFO [Proxy Service UDS] Device 1 CPU core 4
a0006:93565:93659 [0] NCCL INFO [Proxy Service] Device 2 CPU core 94
a0006:93566:93660 [0] NCCL INFO [Proxy Service] Device 3 CPU core 8
a0006:93569:93666 [0] NCCL INFO [Proxy Service UDS] Device 6 CPU core 84
a0006:93564:93661 [0] NCCL INFO [Proxy Service] Device 1 CPU core 17
a0006:93566:93668 [0] NCCL INFO [Proxy Service UDS] Device 3 CPU core 5
a0006:93567:93669 [0] NCCL INFO [Proxy Service UDS] Device 4 CPU core 89
a0006:93565:93670 [0] NCCL INFO [Proxy Service UDS] Device 2 CPU core 28
a0006:93568:93568 [5] NCCL INFO TUNER/Plugin: Could not find: libnccl-tuner.so
a0006:93568:93568 [5] NCCL INFO threadThresholds 8/8/64 | 128/8/64 | 512 | 512
a0006:93568:93568 [5] NCCL INFO 2 coll channels, 2 collnet channels, 0 nvls channels, 2 p2p channels, 1 p2p channels per peer
a0006:93569:93569 [6] NCCL INFO TUNER/Plugin: Could not find: libnccl-tuner.so
a0006:93569:93569 [6] NCCL INFO threadThresholds 8/8/64 | 128/8/64 | 512 | 512
a0006:93569:93569 [6] NCCL INFO 2 coll channels, 2 collnet channels, 0 nvls channels, 2 p2p channels, 1 p2p channels per peer
a0006:93570:93570 [7] NCCL INFO TUNER/Plugin: Could not find: libnccl-tuner.so
a0006:93570:93570 [7] NCCL INFO threadThresholds 8/8/64 | 128/8/64 | 512 | 512
a0006:93570:93570 [7] NCCL INFO 2 coll channels, 2 collnet channels, 0 nvls channels, 2 p2p channels, 1 p2p channels per peer
a0006:93566:93566 [3] NCCL INFO TUNER/Plugin: Could not find: libnccl-tuner.so
a0006:93566:93566 [3] NCCL INFO threadThresholds 8/8/64 | 128/8/64 | 512 | 512
a0006:93566:93566 [3] NCCL INFO 2 coll channels, 2 collnet channels, 0 nvls channels, 2 p2p channels, 1 p2p channels per peer
a0005:154776:154776 [2] NCCL INFO TUNER/Plugin: Could not find: libnccl-tuner.so
a0005:154775:154775 [1] NCCL INFO TUNER/Plugin: Could not find: libnccl-tuner.so
a0005:154776:154776 [2] NCCL INFO threadThresholds 8/8/64 | 128/8/64 | 512 | 512
a0005:154775:154775 [1] NCCL INFO threadThresholds 8/8/64 | 128/8/64 | 512 | 512
a0005:154776:154776 [2] NCCL INFO 2 coll channels, 2 collnet channels, 0 nvls channels, 2 p2p channels, 1 p2p channels per peer
a0005:154775:154775 [1] NCCL INFO 2 coll channels, 2 collnet channels, 0 nvls channels, 2 p2p channels, 1 p2p channels per peer
a0005:154780:154780 [6] NCCL INFO TUNER/Plugin: Could not find: libnccl-tuner.so
a0005:154780:154780 [6] NCCL INFO threadThresholds 8/8/64 | 128/8/64 | 512 | 512
a0005:154780:154780 [6] NCCL INFO 2 coll channels, 2 collnet channels, 0 nvls channels, 2 p2p channels, 1 p2p channels per peer
a0005:154781:154781 [7] NCCL INFO TUNER/Plugin: Could not find: libnccl-tuner.so
a0005:154781:154781 [7] NCCL INFO threadThresholds 8/8/64 | 128/8/64 | 512 | 512
a0005:154781:154781 [7] NCCL INFO 2 coll channels, 2 collnet channels, 0 nvls channels, 2 p2p channels, 1 p2p channels per peer
a0005:154774:154774 [0] NCCL INFO TUNER/Plugin: Could not find: libnccl-tuner.so
a0005:154774:154774 [0] NCCL INFO threadThresholds 8/8/64 | 128/8/64 | 512 | 512
a0005:154774:154774 [0] NCCL INFO 2 coll channels, 2 collnet channels, 0 nvls channels, 2 p2p channels, 1 p2p channels per peer
a0006:93565:93565 [2] NCCL INFO TUNER/Plugin: Could not find: libnccl-tuner.so
a0006:93565:93565 [2] NCCL INFO threadThresholds 8/8/64 | 128/8/64 | 512 | 512
a0006:93565:93565 [2] NCCL INFO 2 coll channels, 2 collnet channels, 0 nvls channels, 2 p2p channels, 1 p2p channels per peer
a0006:93567:93567 [4] NCCL INFO TUNER/Plugin: Could not find: libnccl-tuner.so
a0006:93567:93567 [4] NCCL INFO threadThresholds 8/8/64 | 128/8/64 | 512 | 512
a0006:93567:93567 [4] NCCL INFO 2 coll channels, 2 collnet channels, 0 nvls channels, 2 p2p channels, 1 p2p channels per peer
a0005:154778:154778 [4] NCCL INFO TUNER/Plugin: Could not find: libnccl-tuner.so
a0005:154778:154778 [4] NCCL INFO threadThresholds 8/8/64 | 128/8/64 | 512 | 512
a0005:154778:154778 [4] NCCL INFO 2 coll channels, 2 collnet channels, 0 nvls channels, 2 p2p channels, 1 p2p channels per peer
a0005:154779:154779 [5] NCCL INFO TUNER/Plugin: Could not find: libnccl-tuner.so
a0005:154779:154779 [5] NCCL INFO threadThresholds 8/8/64 | 128/8/64 | 512 | 512
a0005:154779:154779 [5] NCCL INFO 2 coll channels, 2 collnet channels, 0 nvls channels, 2 p2p channels, 1 p2p channels per peer
a0005:154777:154777 [3] NCCL INFO TUNER/Plugin: Could not find: libnccl-tuner.so
a0005:154777:154777 [3] NCCL INFO threadThresholds 8/8/64 | 128/8/64 | 512 | 512
a0005:154777:154777 [3] NCCL INFO 2 coll channels, 2 collnet channels, 0 nvls channels, 2 p2p channels, 1 p2p channels per peer
a0006:93563:93563 [0] NCCL INFO TUNER/Plugin: Could not find: libnccl-tuner.so
a0006:93563:93563 [0] NCCL INFO threadThresholds 8/8/64 | 128/8/64 | 512 | 512
a0006:93563:93563 [0] NCCL INFO 2 coll channels, 2 collnet channels, 0 nvls channels, 2 p2p channels, 1 p2p channels per peer
a0006:93564:93564 [1] NCCL INFO TUNER/Plugin: Could not find: libnccl-tuner.so
a0006:93564:93564 [1] NCCL INFO threadThresholds 8/8/64 | 128/8/64 | 512 | 512
a0006:93564:93564 [1] NCCL INFO 2 coll channels, 2 collnet channels, 0 nvls channels, 2 p2p channels, 1 p2p channels per peer
a0005:154774:154774 [0] NCCL INFO CC Off, workFifoBytes 1048576
a0005:154775:154775 [1] NCCL INFO ncclCommInitRankConfig comm 0x559f3c646f40 rank 1 nranks 16 cudaDev 1 nvmlDev 1 busId 42000 commId 0x943dffca5ce57d86 - Init COMPLETE
a0005:154779:154779 [5] NCCL INFO ncclCommInitRankConfig comm 0x556ffe3a0740 rank 5 nranks 16 cudaDev 5 nvmlDev 5 busId 144000 commId 0x943dffca5ce57d86 - Init COMPLETE
a0005:154775:154775 [1] NCCL INFO Init timings - ncclCommInitRankConfig: rank 1 nranks 16 total 0.71 (kernels 0.10, alloc 0.03, bootstrap 0.55, allgathers 0.01, topo 0.02, graphs 0.00, connections 0.01, rest 0.00)
a0005:154780:154780 [6] NCCL INFO ncclCommInitRankConfig comm 0x55921b71ee40 rank 6 nranks 16 cudaDev 6 nvmlDev 6 busId 18e000 commId 0x943dffca5ce57d86 - Init COMPLETE
a0005:154776:154776 [2] NCCL INFO ncclCommInitRankConfig comm 0x55bd1fddf000 rank 2 nranks 16 cudaDev 2 nvmlDev 2 busId 8c000 commId 0x943dffca5ce57d86 - Init COMPLETE
a0005:154779:154779 [5] NCCL INFO Init timings - ncclCommInitRankConfig: rank 5 nranks 16 total 0.68 (kernels 0.08, alloc 0.02, bootstrap 0.54, allgathers 0.01, topo 0.02, graphs 0.00, connections 0.01, rest 0.00)
a0005:154780:154780 [6] NCCL INFO Init timings - ncclCommInitRankConfig: rank 6 nranks 16 total 0.71 (kernels 0.11, alloc 0.03, bootstrap 0.55, allgathers 0.00, topo 0.02, graphs 0.00, connections 0.01, rest 0.00)
a0005:154776:154776 [2] NCCL INFO Init timings - ncclCommInitRankConfig: rank 2 nranks 16 total 0.70 (kernels 0.10, alloc 0.02, bootstrap 0.55, allgathers 0.01, topo 0.02, graphs 0.00, connections 0.01, rest 0.00)
a0005:154781:154781 [7] NCCL INFO ncclCommInitRankConfig comm 0x5581dc5ff680 rank 7 nranks 16 cudaDev 7 nvmlDev 7 busId 1c8000 commId 0x943dffca5ce57d86 - Init COMPLETE
a0005:154777:154777 [3] NCCL INFO ncclCommInitRankConfig comm 0x555c3052a800 rank 3 nranks 16 cudaDev 3 nvmlDev 3 busId c7000 commId 0x943dffca5ce57d86 - Init COMPLETE
a0005:154774:154774 [0] NCCL INFO ncclCommInitRankConfig comm 0x5587b4bd9ac0 rank 0 nranks 16 cudaDev 0 nvmlDev 0 busId 3000 commId 0x943dffca5ce57d86 - Init COMPLETE
a0005:154781:154781 [7] NCCL INFO Init timings - ncclCommInitRankConfig: rank 7 nranks 16 total 0.71 (kernels 0.10, alloc 0.02, bootstrap 0.56, allgathers 0.01, topo 0.02, graphs 0.00, connections 0.01, rest 0.00)
a0005:154777:154777 [3] NCCL INFO Init timings - ncclCommInitRankConfig: rank 3 nranks 16 total 0.71 (kernels 0.10, alloc 0.03, bootstrap 0.55, allgathers 0.01, topo 0.02, graphs 0.00, connections 0.01, rest 0.00)
a0005:154774:154774 [0] NCCL INFO Init timings - ncclCommInitRankConfig: rank 0 nranks 16 total 0.72 (kernels 0.09, alloc 0.02, bootstrap 0.57, allgathers 0.01, topo 0.02, graphs 0.00, connections 0.01, rest 0.00)
a0005:154778:154778 [4] NCCL INFO ncclCommInitRankConfig comm 0x555ece773400 rank 4 nranks 16 cudaDev 4 nvmlDev 4 busId 104000 commId 0x943dffca5ce57d86 - Init COMPLETE
a0005:154778:154778 [4] NCCL INFO Init timings - ncclCommInitRankConfig: rank 4 nranks 16 total 0.68 (kernels 0.09, alloc 0.01, bootstrap 0.54, allgathers 0.01, topo 0.02, graphs 0.00, connections 0.01, rest 0.00)
a0006:93564:93564 [1] NCCL INFO ncclCommInitRankConfig comm 0x5577c97d4e40 rank 9 nranks 16 cudaDev 1 nvmlDev 1 busId 42000 commId 0x943dffca5ce57d86 - Init COMPLETE
a0006:93568:93568 [5] NCCL INFO ncclCommInitRankConfig comm 0x55a37c62d780 rank 13 nranks 16 cudaDev 5 nvmlDev 5 busId 144000 commId 0x943dffca5ce57d86 - Init COMPLETE
a0006:93570:93570 [7] NCCL INFO ncclCommInitRankConfig comm 0x55a5efa9ba40 rank 15 nranks 16 cudaDev 7 nvmlDev 7 busId 1c8000 commId 0x943dffca5ce57d86 - Init COMPLETE
a0006:93568:93568 [5] NCCL INFO Init timings - ncclCommInitRankConfig: rank 13 nranks 16 total 0.21 (kernels 0.09, alloc 0.01, bootstrap 0.08, allgathers 0.00, topo 0.02, graphs 0.00, connections 0.01, rest 0.00)
a0006:93564:93564 [1] NCCL INFO Init timings - ncclCommInitRankConfig: rank 9 nranks 16 total 0.19 (kernels 0.08, alloc 0.02, bootstrap 0.06, allgathers 0.01, topo 0.02, graphs 0.00, connections 0.01, rest 0.00)
a0006:93566:93566 [3] NCCL INFO ncclCommInitRankConfig comm 0x55eeaa574740 rank 11 nranks 16 cudaDev 3 nvmlDev 3 busId c7000 commId 0x943dffca5ce57d86 - Init COMPLETE
a0006:93570:93570 [7] NCCL INFO Init timings - ncclCommInitRankConfig: rank 15 nranks 16 total 0.15 (kernels 0.08, alloc 0.01, bootstrap 0.02, allgathers 0.00, topo 0.02, graphs 0.00, connections 0.01, rest 0.00)
a0006:93569:93569 [6] NCCL INFO ncclCommInitRankConfig comm 0x559564d569c0 rank 14 nranks 16 cudaDev 6 nvmlDev 6 busId 18e000 commId 0x943dffca5ce57d86 - Init COMPLETE
a0006:93566:93566 [3] NCCL INFO Init timings - ncclCommInitRankConfig: rank 11 nranks 16 total 0.23 (kernels 0.09, alloc 0.02, bootstrap 0.09, allgathers 0.00, topo 0.02, graphs 0.00, connections 0.01, rest 0.00)
a0006:93563:93563 [0] NCCL INFO ncclCommInitRankConfig comm 0x55f61607c700 rank 8 nranks 16 cudaDev 0 nvmlDev 0 busId 3000 commId 0x943dffca5ce57d86 - Init COMPLETE
a0006:93565:93565 [2] NCCL INFO ncclCommInitRankConfig comm 0x55c363d22280 rank 10 nranks 16 cudaDev 2 nvmlDev 2 busId 8c000 commId 0x943dffca5ce57d86 - Init COMPLETE
a0006:93569:93569 [6] NCCL INFO Init timings - ncclCommInitRankConfig: rank 14 nranks 16 total 0.13 (kernels 0.08, alloc 0.02, bootstrap 0.00, allgathers 0.00, topo 0.02, graphs 0.00, connections 0.01, rest 0.00)
a0006:93565:93565 [2] NCCL INFO Init timings - ncclCommInitRankConfig: rank 10 nranks 16 total 0.16 (kernels 0.09, alloc 0.01, bootstrap 0.03, allgathers 0.00, topo 0.02, graphs 0.00, connections 0.01, rest 0.00)
a0006:93563:93563 [0] NCCL INFO Init timings - ncclCommInitRankConfig: rank 8 nranks 16 total 0.36 (kernels 0.12, alloc 0.02, bootstrap 0.19, allgathers 0.00, topo 0.02, graphs 0.00, connections 0.01, rest 0.00)
a0006:93567:93567 [4] NCCL INFO ncclCommInitRankConfig comm 0x560516d6e7c0 rank 12 nranks 16 cudaDev 4 nvmlDev 4 busId 104000 commId 0x943dffca5ce57d86 - Init COMPLETE
a0006:93567:93567 [4] NCCL INFO Init timings - ncclCommInitRankConfig: rank 12 nranks 16 total 0.17 (kernels 0.09, alloc 0.02, bootstrap 0.03, allgathers 0.01, topo 0.02, graphs 0.00, connections 0.01, rest 0.00)
a0006:93566:93566 [3] NCCL INFO Channel 00 : 11[3] -> 12[4] via SHM/direct/direct
a0006:93564:93564 [1] NCCL INFO Channel 00 : 9[1] -> 11[3] via SHM/direct/direct
a0005:154775:154775 [1] NCCL INFO Channel 00 : 1[1] -> 3[3] via SHM/direct/direct
a0005:154779:154779 [5] NCCL INFO Channel 00 : 5[5] -> 1[1] via SHM/direct/direct
a0006:93563:93563 [0] NCCL INFO Channel 00 : 8[0] -> 15[7] via SHM/direct/direct
a0005:154777:154777 [3] NCCL INFO Channel 00 : 3[3] -> 4[4] via SHM/direct/direct
a0005:154774:154774 [0] NCCL INFO Channel 00 : 0[0] -> 7[7] via SHM/direct/direct
a0006:93568:93568 [5] NCCL INFO Channel 00 : 13[5] -> 9[1] via SHM/direct/direct
a0006:93566:93566 [3] NCCL INFO Channel 01 : 11[3] -> 12[4] via SHM/direct/direct
a0006:93564:93564 [1] NCCL INFO Channel 01 : 9[1] -> 11[3] via SHM/direct/direct
a0005:154776:154884 [0] NCCL INFO [Proxy Progress] Device 2 CPU core 10
a0005:154776:154776 [2] NCCL INFO Channel 00/0 : 12[4] -> 2[2] [receive] via NET/IB/0/GDRDMA
a0005:154776:154776 [2] NCCL INFO Channel 01/0 : 12[4] -> 2[2] [receive] via NET/IB/0/GDRDMA
a0006:93565:93671 [0] NCCL INFO [Proxy Progress] Device 2 CPU core 30
a0006:93565:93565 [2] NCCL INFO Channel 00/0 : 4[4] -> 10[2] [receive] via NET/IB/0/GDRDMA
a0006:93565:93565 [2] NCCL INFO Channel 01/0 : 4[4] -> 10[2] [receive] via NET/IB/0/GDRDMA
a0005:154775:154775 [1] NCCL INFO Channel 01 : 1[1] -> 3[3] via SHM/direct/direct
a0005:154779:154779 [5] NCCL INFO Channel 01 : 5[5] -> 1[1] via SHM/direct/direct
a0005:154777:154777 [3] NCCL INFO Channel 01 : 3[3] -> 4[4] via SHM/direct/direct
a0005:154774:154774 [0] NCCL INFO Channel 01 : 0[0] -> 7[7] via SHM/direct/direct
a0006:93568:93568 [5] NCCL INFO Channel 01 : 13[5] -> 9[1] via SHM/direct/direct
a0006:93563:93563 [0] NCCL INFO Channel 01 : 8[0] -> 15[7] via SHM/direct/direct
a0006:93569:93569 [6] NCCL INFO Channel 00 : 14[6] -> 13[5] via SHM/direct/direct
a0005:154781:154781 [7] NCCL INFO Channel 00 : 7[7] -> 6[6] via SHM/direct/direct
a0005:154780:154780 [6] NCCL INFO Channel 00 : 6[6] -> 5[5] via SHM/direct/direct
a0006:93570:93570 [7] NCCL INFO Channel 00 : 15[7] -> 14[6] via SHM/direct/direct
a0006:93569:93569 [6] NCCL INFO Channel 01 : 14[6] -> 13[5] via SHM/direct/direct
a0005:154781:154781 [7] NCCL INFO Channel 01 : 7[7] -> 6[6] via SHM/direct/direct
a0005:154780:154780 [6] NCCL INFO Channel 01 : 6[6] -> 5[5] via SHM/direct/direct
a0006:93570:93570 [7] NCCL INFO Channel 01 : 15[7] -> 14[6] via SHM/direct/direct
a0006:93567:93567 [4] NCCL INFO Channel 00/0 : 12[4] -> 2[2] [send] via NET/IB/0
a0005:154778:154885 [0] NCCL INFO [Proxy Progress] Device 4 CPU core 82
a0005:154778:154778 [4] NCCL INFO Channel 00/0 : 4[4] -> 10[2] [send] via NET/IB/0
a0005:154778:154778 [4] NCCL INFO Channel 01/0 : 4[4] -> 10[2] [send] via NET/IB/0
a0006:93567:93672 [0] NCCL INFO [Proxy Progress] Device 4 CPU core 94
a0006:93567:93567 [4] NCCL INFO Channel 01/0 : 12[4] -> 2[2] [send] via NET/IB/0
a0005:154776:154776 [2] NCCL INFO Channel 00 : 2[2] -> 0[0] via SHM/direct/direct
a0006:93565:93565 [2] NCCL INFO Channel 00 : 10[2] -> 8[0] via SHM/direct/direct
a0005:154776:154776 [2] NCCL INFO Channel 01 : 2[2] -> 0[0] via SHM/direct/direct
a0006:93565:93565 [2] NCCL INFO Channel 01 : 10[2] -> 8[0] via SHM/direct/direct
a0005:154777:154777 [3] NCCL INFO Connected all rings, use ring PXN 0 GDR 0
a0005:154776:154776 [2] NCCL INFO Connected all rings, use ring PXN 0 GDR 0
a0005:154775:154775 [1] NCCL INFO Connected all rings, use ring PXN 0 GDR 0
a0006:93569:93569 [6] NCCL INFO Connected all rings, use ring PXN 0 GDR 0
a0006:93568:93568 [5] NCCL INFO Connected all rings, use ring PXN 0 GDR 0
a0005:154774:154774 [0] NCCL INFO Connected all rings, use ring PXN 0 GDR 0
a0006:93570:93570 [7] NCCL INFO Connected all rings, use ring PXN 0 GDR 0
a0005:154779:154779 [5] NCCL INFO Connected all rings, use ring PXN 0 GDR 0
a0005:154778:154778 [4] NCCL INFO Connected all rings, use ring PXN 0 GDR 0
a0006:93567:93567 [4] NCCL INFO Connected all rings, use ring PXN 0 GDR 0
a0006:93566:93566 [3] NCCL INFO Connected all rings, use ring PXN 0 GDR 0
a0006:93565:93565 [2] NCCL INFO Connected all rings, use ring PXN 0 GDR 0
a0006:93564:93564 [1] NCCL INFO Connected all rings, use ring PXN 0 GDR 0
a0005:154780:154780 [6] NCCL INFO Connected all rings, use ring PXN 0 GDR 0
a0005:154781:154781 [7] NCCL INFO Connected all rings, use ring PXN 0 GDR 0
a0006:93563:93563 [0] NCCL INFO Connected all rings, use ring PXN 0 GDR 0
[rank0] Warmup: target 60.0s, min 20 steps
a0006:93568:93568 [5] NCCL INFO Channel 00 : 13[5] -> 14[6] via SHM/direct/direct
a0006:93565:93565 [2] NCCL INFO Channel 00 : 10[2] -> 11[3] via SHM/direct/direct
a0005:154776:154776 [2] NCCL INFO Channel 00 : 2[2] -> 3[3] via SHM/direct/direct
a0005:154775:154775 [1] NCCL INFO Channel 00 : 1[1] -> 5[5] via SHM/direct/direct
a0006:93564:93564 [1] NCCL INFO Channel 00 : 9[1] -> 13[5] via SHM/direct/direct
a0005:154779:154779 [5] NCCL INFO Channel 00 : 5[5] -> 6[6] via SHM/direct/direct
a0006:93568:93568 [5] NCCL INFO Channel 01 : 13[5] -> 14[6] via SHM/direct/direct
a0006:93565:93565 [2] NCCL INFO Channel 01 : 10[2] -> 11[3] via SHM/direct/direct
a0006:93565:93565 [2] NCCL INFO Channel 00/0 : 2[2] -> 10[2] [receive] via NET/IB/0/GDRDMA
a0006:93565:93565 [2] NCCL INFO Channel 01/0 : 2[2] -> 10[2] [receive] via NET/IB/0/GDRDMA
a0006:93565:93565 [2] NCCL INFO Channel 00/0 : 10[2] -> 2[2] [send] via NET/IB/0/GDRDMA
a0006:93565:93565 [2] NCCL INFO Channel 01/0 : 10[2] -> 2[2] [send] via NET/IB/0/GDRDMA
a0005:154776:154776 [2] NCCL INFO Channel 01 : 2[2] -> 3[3] via SHM/direct/direct
a0005:154775:154775 [1] NCCL INFO Channel 01 : 1[1] -> 5[5] via SHM/direct/direct
a0006:93563:93563 [0] NCCL INFO Channel 00 : 8[0] -> 12[4] via SHM/direct/direct
a0005:154774:154774 [0] NCCL INFO Channel 00 : 0[0] -> 4[4] via SHM/direct/direct
a0005:154779:154779 [5] NCCL INFO Channel 01 : 5[5] -> 6[6] via SHM/direct/direct
a0006:93566:93566 [3] NCCL INFO Channel 00 : 11[3] -> 9[1] via SHM/direct/direct
a0005:154776:154776 [2] NCCL INFO Channel 00/0 : 10[2] -> 2[2] [receive] via NET/IB/0/GDRDMA
a0005:154780:154780 [6] NCCL INFO Channel 00 : 6[6] -> 7[7] via SHM/direct/direct
a0005:154776:154776 [2] NCCL INFO Channel 01/0 : 10[2] -> 2[2] [receive] via NET/IB/0/GDRDMA
a0005:154776:154776 [2] NCCL INFO Channel 00/0 : 2[2] -> 10[2] [send] via NET/IB/0/GDRDMA
a0005:154776:154776 [2] NCCL INFO Channel 01/0 : 2[2] -> 10[2] [send] via NET/IB/0/GDRDMA
a0006:93569:93569 [6] NCCL INFO Channel 00 : 14[6] -> 15[7] via SHM/direct/direct
a0006:93564:93564 [1] NCCL INFO Channel 01 : 9[1] -> 13[5] via SHM/direct/direct
a0006:93563:93563 [0] NCCL INFO Channel 01 : 8[0] -> 12[4] via SHM/direct/direct
a0006:93566:93566 [3] NCCL INFO Channel 01 : 11[3] -> 9[1] via SHM/direct/direct
a0005:154777:154777 [3] NCCL INFO Channel 00 : 3[3] -> 1[1] via SHM/direct/direct
a0005:154780:154780 [6] NCCL INFO Channel 01 : 6[6] -> 7[7] via SHM/direct/direct
a0006:93569:93569 [6] NCCL INFO Channel 01 : 14[6] -> 15[7] via SHM/direct/direct
a0005:154774:154774 [0] NCCL INFO Channel 01 : 0[0] -> 4[4] via SHM/direct/direct
a0006:93567:93567 [4] NCCL INFO Channel 00 : 12[4] -> 8[0] via SHM/direct/direct
a0006:93570:93570 [7] NCCL INFO Channel 00 : 15[7] -> 8[0] via SHM/direct/direct
a0005:154777:154777 [3] NCCL INFO Channel 01 : 3[3] -> 1[1] via SHM/direct/direct
a0005:154781:154781 [7] NCCL INFO Channel 00 : 7[7] -> 0[0] via SHM/direct/direct
a0005:154778:154778 [4] NCCL INFO Channel 00 : 4[4] -> 0[0] via SHM/direct/direct
a0005:154778:154778 [4] NCCL INFO Channel 01 : 4[4] -> 0[0] via SHM/direct/direct
a0006:93570:93570 [7] NCCL INFO Channel 01 : 15[7] -> 8[0] via SHM/direct/direct
a0006:93567:93567 [4] NCCL INFO Channel 01 : 12[4] -> 8[0] via SHM/direct/direct
a0005:154781:154781 [7] NCCL INFO Channel 01 : 7[7] -> 0[0] via SHM/direct/direct
a0005:154777:154777 [3] NCCL INFO Channel 00 : 3[3] -> 2[2] via SHM/direct/direct
a0005:154777:154777 [3] NCCL INFO Channel 01 : 3[3] -> 2[2] via SHM/direct/direct
a0006:93566:93566 [3] NCCL INFO Channel 00 : 11[3] -> 10[2] via SHM/direct/direct
a0006:93566:93566 [3] NCCL INFO Channel 01 : 11[3] -> 10[2] via SHM/direct/direct
a0005:154780:154780 [6] NCCL INFO Connected all trees
a0006:93569:93569 [6] NCCL INFO Connected all trees
a0005:154779:154779 [5] NCCL INFO Connected all trees
a0005:154774:154774 [0] NCCL INFO Connected all trees
a0005:154778:154778 [4] NCCL INFO Connected all trees
a0005:154781:154781 [7] NCCL INFO Connected all trees
a0006:93568:93568 [5] NCCL INFO Connected all trees
a0006:93570:93570 [7] NCCL INFO Connected all trees
a0006:93567:93567 [4] NCCL INFO Connected all trees
a0006:93563:93563 [0] NCCL INFO Connected all trees
a0005:154775:154775 [1] NCCL INFO Connected all trees
a0006:93564:93564 [1] NCCL INFO Connected all trees
a0006:93566:93566 [3] NCCL INFO Connected all trees
a0006:93565:93565 [2] NCCL INFO Connected all trees
a0005:154777:154777 [3] NCCL INFO Connected all trees
a0005:154776:154776 [2] NCCL INFO Connected all trees
[rank0] Warmup done: 1494 steps in 57.0s
[rank0] Benchmark: target 600.0s, min 50 steps
[rank0] Bench target: 15417 steps (estimated 602s)
a0006:93565:93565 [2] NCCL INFO Channel 01/1 : 10[2] -> 0[0] [send] via NET/IB/0/GDRDMA/Shared
a0005:154777:154777 [3] NCCL INFO Channel 00 : 3[3] -> 0[0] via SHM/direct/direct
a0005:154776:154776 [2] NCCL INFO Channel 00 : 2[2] -> 0[0] via SHM/direct/direct
a0006:93567:93567 [4] NCCL INFO Channel 01/1 : 12[4] -> 0[0] [send] via NET/IB/1/GDRDMA/Shared
a0005:154775:154775 [1] NCCL INFO Channel 00 : 1[1] -> 0[0] via SHM/direct/direct
a0005:154779:154779 [5] NCCL INFO Channel 00 : 5[5] -> 0[0] via SHM/direct/direct
a0005:154781:154781 [7] NCCL INFO Channel 00 : 7[7] -> 0[0] via SHM/direct/direct
a0006:93564:102482 [0] NCCL INFO [Proxy Progress] Device 1 CPU core 30
a0006:93564:93564 [1] NCCL INFO Channel 01/1 : 9[1] -> 0[0] [send] via NET/IB/0/Shared
a0005:154780:154780 [6] NCCL INFO Channel 00 : 6[6] -> 0[0] via SHM/direct/direct
a0006:93566:102483 [0] NCCL INFO [Proxy Progress] Device 3 CPU core 0
a0005:154778:154778 [4] NCCL INFO Channel 00 : 4[4] -> 0[0] via SHM/direct/direct
a0006:93563:102484 [0] NCCL INFO [Proxy Progress] Device 0 CPU core 30
a0005:154774:163681 [0] NCCL INFO [Proxy Progress] Device 0 CPU core 29
a0006:93566:93566 [3] NCCL INFO Channel 01/1 : 11[3] -> 0[0] [send] via NET/IB/0/Shared
a0005:154774:154774 [0] NCCL INFO Channel 01/1 : 15[7] -> 0[0] [receive] via NET/IB/1/Shared
a0006:93563:93563 [0] NCCL INFO Channel 01/1 : 8[0] -> 0[0] [send] via NET/IB/1/Shared
a0006:93570:102485 [0] NCCL INFO [Proxy Progress] Device 7 CPU core 70
a0006:93570:93570 [7] NCCL INFO Channel 01/1 : 15[7] -> 0[0] [send] via NET/IB/0/Shared
a0006:93569:102486 [0] NCCL INFO [Proxy Progress] Device 6 CPU core 30
a0006:93569:93569 [6] NCCL INFO Channel 01/1 : 14[6] -> 0[0] [send] via NET/IB/1/Shared
a0006:93568:102487 [0] NCCL INFO [Proxy Progress] Device 5 CPU core 31
a0006:93568:93568 [5] NCCL INFO Channel 01/1 : 13[5] -> 0[0] [send] via NET/IB/0/Shared
a0005:154774:154774 [0] NCCL INFO Channel 01/1 : 14[6] -> 0[0] [receive] via NET/IB/1/Shared
a0005:154774:154774 [0] NCCL INFO Channel 01/1 : 13[5] -> 0[0] [receive] via NET/IB/1/Shared
a0005:154774:154774 [0] NCCL INFO Channel 01/1 : 12[4] -> 0[0] [receive] via NET/IB/1/Shared
a0005:154774:154774 [0] NCCL INFO Channel 01/1 : 11[3] -> 0[0] [receive] via NET/IB/1/Shared
a0005:154774:154774 [0] NCCL INFO Channel 01/1 : 10[2] -> 0[0] [receive] via NET/IB/1/Shared
a0005:154774:154774 [0] NCCL INFO Channel 01/1 : 9[1] -> 0[0] [receive] via NET/IB/1/Shared
a0005:154774:154774 [0] NCCL INFO Channel 01/1 : 8[0] -> 0[0] [receive] via NET/IB/1/Shared

================================================================
RESULTS [2node_8gpu_16rank_strong_resnet101_17486]
================================================================
Scaling mode         : strong
World size / nodes   : 16 / 2
Device               : NVIDIA RTX PRO 6000 Blackwell Server Edition
Compute capability   : [12, 0]
Model                : resnet101
Per-GPU / global bs  : 64 / 1024
Precision            : bf16
Steps measured       : 15417 in 586.6s
Mean step (s)        : 0.0380 (stdev 0.0003)
p50 / p95 / p99 (s)  : 0.0379 / 0.0385 / 0.0386
Images/sec per GPU   : 1682.1
Images/sec global    : 26913.8
Peak mem (GB)        : min=4.52 mean=4.52 max=4.52 spread=0.0%
Straggler ratio      : 1.000 (slowest/fastest rank)
GPU activity rank0   : min=29% mean=95% max=96% (540 samples)
Power rank0 (W)      : mean=385 max=396
SM clock rank0 (MHz) : mean=2370 max=2385
================================================================
[rank0] Wrote results/2node_8gpu_16rank_strong_resnet101_17486.json
a0006:93564:93564 [1] NCCL INFO comm 0x5577c97d4e40 rank 9 nranks 16 cudaDev 1 busId 42000 - Destroy COMPLETE
a0006:93567:93567 [4] NCCL INFO comm 0x560516d6e7c0 rank 12 nranks 16 cudaDev 4 busId 104000 - Destroy COMPLETE
a0006:93569:93569 [6] NCCL INFO comm 0x559564d569c0 rank 14 nranks 16 cudaDev 6 busId 18e000 - Destroy COMPLETE
a0006:93568:93568 [5] NCCL INFO comm 0x55a37c62d780 rank 13 nranks 16 cudaDev 5 busId 144000 - Destroy COMPLETE
a0006:93566:93566 [3] NCCL INFO comm 0x55eeaa574740 rank 11 nranks 16 cudaDev 3 busId c7000 - Destroy COMPLETE
a0006:93570:93570 [7] NCCL INFO comm 0x55a5efa9ba40 rank 15 nranks 16 cudaDev 7 busId 1c8000 - Destroy COMPLETE
a0006:93565:93565 [2] NCCL INFO comm 0x55c363d22280 rank 10 nranks 16 cudaDev 2 busId 8c000 - Destroy COMPLETE
a0005:154781:154781 [7] NCCL INFO comm 0x5581dc5ff680 rank 7 nranks 16 cudaDev 7 busId 1c8000 - Destroy COMPLETE
a0005:154774:154774 [0] NCCL INFO comm 0x5587b4bd9ac0 rank 0 nranks 16 cudaDev 0 busId 3000 - Destroy COMPLETE
a0006:93568:93568 [5] NCCL INFO ENV/Plugin: Closing env plugin ncclEnvDefault
a0005:154780:154780 [6] NCCL INFO comm 0x55921b71ee40 rank 6 nranks 16 cudaDev 6 busId 18e000 - Destroy COMPLETE
a0006:93564:93564 [1] NCCL INFO ENV/Plugin: Closing env plugin ncclEnvDefault
a0006:93569:93569 [6] NCCL INFO ENV/Plugin: Closing env plugin ncclEnvDefault
a0006:93566:93566 [3] NCCL INFO ENV/Plugin: Closing env plugin ncclEnvDefault
a0006:93567:93567 [4] NCCL INFO ENV/Plugin: Closing env plugin ncclEnvDefault
a0005:154778:154778 [4] NCCL INFO comm 0x555ece773400 rank 4 nranks 16 cudaDev 4 busId 104000 - Destroy COMPLETE
a0005:154779:154779 [5] NCCL INFO comm 0x556ffe3a0740 rank 5 nranks 16 cudaDev 5 busId 144000 - Destroy COMPLETE
a0005:154777:154777 [3] NCCL INFO comm 0x555c3052a800 rank 3 nranks 16 cudaDev 3 busId c7000 - Destroy COMPLETE
a0005:154776:154776 [2] NCCL INFO comm 0x55bd1fddf000 rank 2 nranks 16 cudaDev 2 busId 8c000 - Destroy COMPLETE
a0005:154775:154775 [1] NCCL INFO comm 0x559f3c646f40 rank 1 nranks 16 cudaDev 1 busId 42000 - Destroy COMPLETE
a0006:93570:93570 [7] NCCL INFO ENV/Plugin: Closing env plugin ncclEnvDefault
a0006:93563:93563 [0] NCCL INFO comm 0x55f61607c700 rank 8 nranks 16 cudaDev 0 busId 3000 - Destroy COMPLETE
a0006:93565:93565 [2] NCCL INFO ENV/Plugin: Closing env plugin ncclEnvDefault
a0005:154778:154778 [4] NCCL INFO ENV/Plugin: Closing env plugin ncclEnvDefault
a0005:154781:154781 [7] NCCL INFO ENV/Plugin: Closing env plugin ncclEnvDefault
a0006:93563:93563 [0] NCCL INFO ENV/Plugin: Closing env plugin ncclEnvDefault
a0005:154774:154774 [0] NCCL INFO ENV/Plugin: Closing env plugin ncclEnvDefault
a0005:154775:154775 [1] NCCL INFO ENV/Plugin: Closing env plugin ncclEnvDefault
a0005:154779:154779 [5] NCCL INFO ENV/Plugin: Closing env plugin ncclEnvDefault
a0005:154776:154776 [2] NCCL INFO ENV/Plugin: Closing env plugin ncclEnvDefault
a0005:154777:154777 [3] NCCL INFO ENV/Plugin: Closing env plugin ncclEnvDefault
a0005:154780:154780 [6] NCCL INFO ENV/Plugin: Closing env plugin ncclEnvDefault
