=== Wed May 20 19:00:33 EDT 2026 mode=write nodes=12 npernode=128 ===
[b0001 r0] base=/work/mit/datasets/test/writebench.b0001.0.1977342.265f6871
[b0010 r9] base=/work/mit/datasets/test/writebench.b0010.9.1187735.1ac5e4c1
[b0008 r7] base=/work/mit/datasets/test/writebench.b0008.7.1340202.372d0218
[b0006 r5] base=/work/mit/datasets/test/writebench.b0006.5.1337971.27610597
[b0011 r10] base=/work/mit/datasets/test/writebench.b0011.10.1144185.423bfb13
[b0005 r4] base=/work/mit/datasets/test/writebench.b0005.4.1681226.c28e7aff
[b0009 r8] base=/work/mit/datasets/test/writebench.b0009.8.1079934.f1ec3a6b
[b0012 r11] base=/work/mit/datasets/test/writebench.b0012.11.173233.cd5313b5
[b0003 r2] base=/work/mit/datasets/test/writebench.b0003.2.2539306.7c5818ac
[b0007 r6] base=/work/mit/datasets/test/writebench.b0007.6.504698.60d56626
[b0004 r3] base=/work/mit/datasets/test/writebench.b0004.3.952269.e3382f37
[b0002 r1] base=/work/mit/datasets/test/writebench.b0002.1.2827104.fba4f248
[b0009 r8] mode=raw size=102400 fpp=8 iter=0 bytes=104857600 t=1.23s 0.080 GB/s
[b0011 r10] mode=raw size=102400 fpp=8 iter=0 bytes=104857600 t=1.25s 0.078 GB/s
[b0008 r7] mode=raw size=102400 fpp=8 iter=0 bytes=104857600 t=1.33s 0.073 GB/s
[b0001 r0] mode=raw size=102400 fpp=8 iter=0 bytes=104857600 t=1.34s 0.073 GB/s
[b0005 r4] mode=raw size=102400 fpp=8 iter=0 bytes=104857600 t=1.31s 0.075 GB/s
[b0003 r2] mode=raw size=102400 fpp=8 iter=0 bytes=104857600 t=1.34s 0.073 GB/s
[b0010 r9] mode=raw size=102400 fpp=8 iter=0 bytes=104857600 t=1.25s 0.078 GB/s
[b0002 r1] mode=raw size=102400 fpp=8 iter=0 bytes=104857600 t=1.24s 0.078 GB/s
[b0004 r3] mode=raw size=102400 fpp=8 iter=0 bytes=104857600 t=1.32s 0.074 GB/s
[b0006 r5] mode=raw size=102400 fpp=8 iter=0 bytes=104857600 t=1.36s 0.072 GB/s
[b0007 r6] mode=raw size=102400 fpp=8 iter=0 bytes=104857600 t=1.39s 0.070 GB/s
[b0012 r11] mode=raw size=102400 fpp=8 iter=0 bytes=104857600 t=1.45s 0.067 GB/s
[b0009 r8] mode=raw size=102400 fpp=8 iter=1 bytes=104857600 t=1.18s 0.083 GB/s
[b0005 r4] mode=raw size=102400 fpp=8 iter=1 bytes=104857600 t=1.25s 0.078 GB/s
[b0011 r10] mode=raw size=102400 fpp=8 iter=1 bytes=104857600 t=1.32s 0.074 GB/s
[b0010 r9] mode=raw size=102400 fpp=8 iter=1 bytes=104857600 t=1.22s 0.080 GB/s
[b0002 r1] mode=raw size=102400 fpp=8 iter=1 bytes=104857600 t=1.25s 0.078 GB/s
[b0001 r0] mode=raw size=102400 fpp=8 iter=1 bytes=104857600 t=1.34s 0.073 GB/s
[b0003 r2] mode=raw size=102400 fpp=8 iter=1 bytes=104857600 t=1.34s 0.073 GB/s
[b0008 r7] mode=raw size=102400 fpp=8 iter=1 bytes=104857600 t=1.40s 0.070 GB/s
[b0004 r3] mode=raw size=102400 fpp=8 iter=1 bytes=104857600 t=1.27s 0.077 GB/s
[b0006 r5] mode=raw size=102400 fpp=8 iter=1 bytes=104857600 t=1.32s 0.074 GB/s
[b0007 r6] mode=raw size=102400 fpp=8 iter=1 bytes=104857600 t=1.37s 0.071 GB/s
[b0012 r11] mode=raw size=102400 fpp=8 iter=1 bytes=104857600 t=1.37s 0.071 GB/s
[b0009 r8] mode=raw size=102400 fpp=8 iter=2 bytes=104857600 t=1.16s 0.084 GB/s
[b0005 r4] mode=raw size=102400 fpp=8 iter=2 bytes=104857600 t=1.24s 0.079 GB/s
[b0010 r9] mode=raw size=102400 fpp=8 iter=2 bytes=104857600 t=1.22s 0.080 GB/s
[b0002 r1] mode=raw size=102400 fpp=8 iter=2 bytes=104857600 t=1.27s 0.077 GB/s
[b0011 r10] mode=raw size=102400 fpp=8 iter=2 bytes=104857600 t=1.40s 0.070 GB/s
[b0004 r3] mode=raw size=102400 fpp=8 iter=2 bytes=104857600 t=1.25s 0.078 GB/s
[b0008 r7] mode=raw size=102400 fpp=8 iter=2 bytes=104857600 t=1.31s 0.075 GB/s
[b0003 r2] mode=raw size=102400 fpp=8 iter=2 bytes=104857600 t=1.34s 0.073 GB/s
[b0001 r0] mode=raw size=102400 fpp=8 iter=2 bytes=104857600 t=1.37s 0.071 GB/s
[b0006 r5] mode=raw size=102400 fpp=8 iter=2 bytes=104857600 t=1.32s 0.074 GB/s
[b0007 r6] mode=raw size=102400 fpp=8 iter=2 bytes=104857600 t=1.32s 0.074 GB/s
[b0012 r11] mode=raw size=102400 fpp=8 iter=2 bytes=104857600 t=1.35s 0.073 GB/s
[b0009 r8] mode=torch_save size=102400 fpp=8 iter=0 bytes=106472448 t=1.21s 0.082 GB/s
[b0002 r1] mode=torch_save size=102400 fpp=8 iter=0 bytes=106472448 t=1.21s 0.082 GB/s
[b0005 r4] mode=torch_save size=102400 fpp=8 iter=0 bytes=106472448 t=1.24s 0.080 GB/s
[b0010 r9] mode=torch_save size=102400 fpp=8 iter=0 bytes=106472448 t=1.31s 0.076 GB/s
[b0004 r3] mode=torch_save size=102400 fpp=8 iter=0 bytes=106472448 t=1.29s 0.077 GB/s
[b0011 r10] mode=torch_save size=102400 fpp=8 iter=0 bytes=106472448 t=1.33s 0.075 GB/s
[b0003 r2] mode=torch_save size=102400 fpp=8 iter=0 bytes=106472448 t=1.31s 0.076 GB/s
[b0008 r7] mode=torch_save size=102400 fpp=8 iter=0 bytes=106472448 t=1.35s 0.073 GB/s
[b0001 r0] mode=torch_save size=102400 fpp=8 iter=0 bytes=106472448 t=1.31s 0.075 GB/s
[b0006 r5] mode=torch_save size=102400 fpp=8 iter=0 bytes=106472448 t=1.33s 0.075 GB/s
[b0007 r6] mode=torch_save size=102400 fpp=8 iter=0 bytes=106472448 t=1.38s 0.072 GB/s
[b0012 r11] mode=torch_save size=102400 fpp=8 iter=0 bytes=106472448 t=1.42s 0.070 GB/s
[b0009 r8] mode=torch_save size=102400 fpp=8 iter=1 bytes=106472448 t=1.19s 0.083 GB/s
[b0005 r4] mode=torch_save size=102400 fpp=8 iter=1 bytes=106472448 t=1.24s 0.080 GB/s
[b0002 r1] mode=torch_save size=102400 fpp=8 iter=1 bytes=106472448 t=1.29s 0.077 GB/s
[b0004 r3] mode=torch_save size=102400 fpp=8 iter=1 bytes=106472448 t=1.27s 0.078 GB/s
[b0011 r10] mode=torch_save size=102400 fpp=8 iter=1 bytes=106472448 t=1.32s 0.075 GB/s
[b0010 r9] mode=torch_save size=102400 fpp=8 iter=1 bytes=106472448 t=1.35s 0.074 GB/s
[b0008 r7] mode=torch_save size=102400 fpp=8 iter=1 bytes=106472448 t=1.32s 0.075 GB/s
[b0003 r2] mode=torch_save size=102400 fpp=8 iter=1 bytes=106472448 t=1.41s 0.070 GB/s
[b0001 r0] mode=torch_save size=102400 fpp=8 iter=1 bytes=106472448 t=1.41s 0.070 GB/s
[b0006 r5] mode=torch_save size=102400 fpp=8 iter=1 bytes=106472448 t=1.32s 0.075 GB/s
[b0007 r6] mode=torch_save size=102400 fpp=8 iter=1 bytes=106472448 t=1.45s 0.069 GB/s
[b0012 r11] mode=torch_save size=102400 fpp=8 iter=1 bytes=106472448 t=1.48s 0.067 GB/s
[b0009 r8] mode=torch_save size=102400 fpp=8 iter=2 bytes=106472448 t=1.16s 0.085 GB/s
[b0002 r1] mode=torch_save size=102400 fpp=8 iter=2 bytes=106472448 t=1.23s 0.080 GB/s
[b0005 r4] mode=torch_save size=102400 fpp=8 iter=2 bytes=106472448 t=1.23s 0.081 GB/s
[b0004 r3] mode=torch_save size=102400 fpp=8 iter=2 bytes=106472448 t=1.25s 0.080 GB/s
[b0008 r7] mode=torch_save size=102400 fpp=8 iter=2 bytes=106472448 t=1.31s 0.076 GB/s
[b0010 r9] mode=torch_save size=102400 fpp=8 iter=2 bytes=106472448 t=1.31s 0.076 GB/s
[b0011 r10] mode=torch_save size=102400 fpp=8 iter=2 bytes=106472448 t=1.43s 0.069 GB/s
[b0003 r2] mode=torch_save size=102400 fpp=8 iter=2 bytes=106472448 t=1.31s 0.076 GB/s
[b0001 r0] mode=torch_save size=102400 fpp=8 iter=2 bytes=106472448 t=1.33s 0.075 GB/s
[b0006 r5] mode=torch_save size=102400 fpp=8 iter=2 bytes=106472448 t=1.33s 0.074 GB/s
[b0007 r6] mode=torch_save size=102400 fpp=8 iter=2 bytes=106472448 t=1.31s 0.076 GB/s
[b0012 r11] mode=torch_save size=102400 fpp=8 iter=2 bytes=106472448 t=1.34s 0.074 GB/s
[b0009 r8] mode=dcp size=102400 fpp=8 iter=0 bytes=107419792 t=1.26s 0.080 GB/s
[b0002 r1] mode=dcp size=102400 fpp=8 iter=0 bytes=107419792 t=1.34s 0.075 GB/s
[b0005 r4] mode=dcp size=102400 fpp=8 iter=0 bytes=107419792 t=1.34s 0.075 GB/s
[b0004 r3] mode=dcp size=102400 fpp=8 iter=0 bytes=107418768 t=1.37s 0.073 GB/s
[b0003 r2] mode=dcp size=102400 fpp=8 iter=0 bytes=107419792 t=1.43s 0.070 GB/s
[b0011 r10] mode=dcp size=102400 fpp=8 iter=0 bytes=107420816 t=1.58s 0.063 GB/s
[b0001 r0] mode=dcp size=102400 fpp=8 iter=0 bytes=107419792 t=1.43s 0.070 GB/s
[b0010 r9] mode=dcp size=102400 fpp=8 iter=0 bytes=107419792 t=1.48s 0.068 GB/s
[b0008 r7] mode=dcp size=102400 fpp=8 iter=0 bytes=107419792 t=1.47s 0.068 GB/s
[b0006 r5] mode=dcp size=102400 fpp=8 iter=0 bytes=107419792 t=1.54s 0.065 GB/s
[b0007 r6] mode=dcp size=102400 fpp=8 iter=0 bytes=107418768 t=1.51s 0.066 GB/s
[b0012 r11] mode=dcp size=102400 fpp=8 iter=0 bytes=107419792 t=1.53s 0.065 GB/s
[b0009 r8] mode=dcp size=102400 fpp=8 iter=1 bytes=107419792 t=1.39s 0.072 GB/s
[b0002 r1] mode=dcp size=102400 fpp=8 iter=1 bytes=107419792 t=1.24s 0.081 GB/s
[b0005 r4] mode=dcp size=102400 fpp=8 iter=1 bytes=107419792 t=1.34s 0.075 GB/s
[b0004 r3] mode=dcp size=102400 fpp=8 iter=1 bytes=107418768 t=1.33s 0.075 GB/s
[b0003 r2] mode=dcp size=102400 fpp=8 iter=1 bytes=107419792 t=1.40s 0.071 GB/s
[b0011 r10] mode=dcp size=102400 fpp=8 iter=1 bytes=107420816 t=1.42s 0.070 GB/s
[b0010 r9] mode=dcp size=102400 fpp=8 iter=1 bytes=107419792 t=1.41s 0.071 GB/s
[b0001 r0] mode=dcp size=102400 fpp=8 iter=1 bytes=107419792 t=1.43s 0.070 GB/s
[b0008 r7] mode=dcp size=102400 fpp=8 iter=1 bytes=107419792 t=1.39s 0.072 GB/s
[b0007 r6] mode=dcp size=102400 fpp=8 iter=1 bytes=107418768 t=1.42s 0.070 GB/s
[b0006 r5] mode=dcp size=102400 fpp=8 iter=1 bytes=107419792 t=1.42s 0.070 GB/s
[b0012 r11] mode=dcp size=102400 fpp=8 iter=1 bytes=107419792 t=1.45s 0.069 GB/s
[b0009 r8] mode=dcp size=102400 fpp=8 iter=2 bytes=107419792 t=1.34s 0.075 GB/s
[b0002 r1] mode=dcp size=102400 fpp=8 iter=2 bytes=107419792 t=1.25s 0.080 GB/s
[b0005 r4] mode=dcp size=102400 fpp=8 iter=2 bytes=107419792 t=1.32s 0.076 GB/s
[b0004 r3] mode=dcp size=102400 fpp=8 iter=2 bytes=107418768 t=1.43s 0.070 GB/s
[b0003 r2] mode=dcp size=102400 fpp=8 iter=2 bytes=107419792 t=1.42s 0.071 GB/s
[b0011 r10] mode=dcp size=102400 fpp=8 iter=2 bytes=107420816 t=1.44s 0.070 GB/s
[b0010 r9] mode=dcp size=102400 fpp=8 iter=2 bytes=107419792 t=1.41s 0.071 GB/s
[b0008 r7] mode=dcp size=102400 fpp=8 iter=2 bytes=107419792 t=1.39s 0.072 GB/s
[b0001 r0] mode=dcp size=102400 fpp=8 iter=2 bytes=107419792 t=1.44s 0.070 GB/s
[b0007 r6] mode=dcp size=102400 fpp=8 iter=2 bytes=107418768 t=1.41s 0.071 GB/s
[b0006 r5] mode=dcp size=102400 fpp=8 iter=2 bytes=107419792 t=1.46s 0.069 GB/s
[b0012 r11] mode=dcp size=102400 fpp=8 iter=2 bytes=107419792 t=1.41s 0.071 GB/s
[b0002 r1] mode=raw size=1048576 fpp=8 iter=0 bytes=1073741824 t=1.19s 0.843 GB/s
[b0009 r8] mode=raw size=1048576 fpp=8 iter=0 bytes=1073741824 t=1.19s 0.843 GB/s
[b0005 r4] mode=raw size=1048576 fpp=8 iter=0 bytes=1073741824 t=1.15s 0.868 GB/s
[b0004 r3] mode=raw size=1048576 fpp=8 iter=0 bytes=1073741824 t=1.14s 0.878 GB/s
[b0003 r2] mode=raw size=1048576 fpp=8 iter=0 bytes=1073741824 t=1.18s 0.845 GB/s
[b0002 r1] mode=raw size=1048576 fpp=8 iter=1 bytes=1073741824 t=1.13s 0.888 GB/s
[b0009 r8] mode=raw size=1048576 fpp=8 iter=1 bytes=1073741824 t=1.16s 0.862 GB/s
[b0010 r9] mode=raw size=1048576 fpp=8 iter=0 bytes=1073741824 t=1.23s 0.815 GB/s
[b0005 r4] mode=raw size=1048576 fpp=8 iter=1 bytes=1073741824 t=1.16s 0.860 GB/s
[b0007 r6] mode=raw size=1048576 fpp=8 iter=0 bytes=1073741824 t=1.25s 0.798 GB/s
[b0008 r7] mode=raw size=1048576 fpp=8 iter=0 bytes=1073741824 t=1.25s 0.798 GB/s
[b0001 r0] mode=raw size=1048576 fpp=8 iter=0 bytes=1073741824 t=1.24s 0.806 GB/s
[b0011 r10] mode=raw size=1048576 fpp=8 iter=0 bytes=1073741824 t=1.72s 0.581 GB/s
[b0006 r5] mode=raw size=1048576 fpp=8 iter=0 bytes=1073741824 t=1.23s 0.810 GB/s
[b0012 r11] mode=raw size=1048576 fpp=8 iter=0 bytes=1073741824 t=1.20s 0.830 GB/s
[b0004 r3] mode=raw size=1048576 fpp=8 iter=1 bytes=1073741824 t=1.09s 0.919 GB/s
[b0002 r1] mode=raw size=1048576 fpp=8 iter=2 bytes=1073741824 t=1.10s 0.912 GB/s
[b0003 r2] mode=raw size=1048576 fpp=8 iter=1 bytes=1073741824 t=1.17s 0.856 GB/s
[b0009 r8] mode=raw size=1048576 fpp=8 iter=2 bytes=1073741824 t=1.24s 0.805 GB/s
[b0010 r9] mode=raw size=1048576 fpp=8 iter=1 bytes=1073741824 t=1.24s 0.806 GB/s
[b0005 r4] mode=raw size=1048576 fpp=8 iter=2 bytes=1073741824 t=1.22s 0.821 GB/s
[b0007 r6] mode=raw size=1048576 fpp=8 iter=1 bytes=1073741824 t=1.23s 0.810 GB/s
[b0008 r7] mode=raw size=1048576 fpp=8 iter=1 bytes=1073741824 t=1.24s 0.808 GB/s
[b0001 r0] mode=raw size=1048576 fpp=8 iter=1 bytes=1073741824 t=1.25s 0.801 GB/s
[b0011 r10] mode=raw size=1048576 fpp=8 iter=1 bytes=1073741824 t=1.30s 0.768 GB/s
[b0006 r5] mode=raw size=1048576 fpp=8 iter=1 bytes=1073741824 t=1.30s 0.771 GB/s
[b0012 r11] mode=raw size=1048576 fpp=8 iter=1 bytes=1073741824 t=1.26s 0.791 GB/s
[b0004 r3] mode=raw size=1048576 fpp=8 iter=2 bytes=1073741824 t=1.17s 0.856 GB/s
[b0003 r2] mode=raw size=1048576 fpp=8 iter=2 bytes=1073741824 t=1.22s 0.820 GB/s
[b0010 r9] mode=raw size=1048576 fpp=8 iter=2 bytes=1073741824 t=1.26s 0.794 GB/s
[b0007 r6] mode=raw size=1048576 fpp=8 iter=2 bytes=1073741824 t=1.31s 0.763 GB/s
[b0008 r7] mode=raw size=1048576 fpp=8 iter=2 bytes=1073741824 t=1.27s 0.788 GB/s
[b0011 r10] mode=raw size=1048576 fpp=8 iter=2 bytes=1073741824 t=1.26s 0.794 GB/s
[b0006 r5] mode=raw size=1048576 fpp=8 iter=2 bytes=1073741824 t=1.27s 0.786 GB/s
[b0001 r0] mode=raw size=1048576 fpp=8 iter=2 bytes=1073741824 t=1.50s 0.666 GB/s
[b0012 r11] mode=raw size=1048576 fpp=8 iter=2 bytes=1073741824 t=1.30s 0.768 GB/s
[b0002 r1] mode=torch_save size=1048576 fpp=8 iter=0 bytes=1075356672 t=1.16s 0.864 GB/s
[b0009 r8] mode=torch_save size=1048576 fpp=8 iter=0 bytes=1075356672 t=1.24s 0.806 GB/s
[b0005 r4] mode=torch_save size=1048576 fpp=8 iter=0 bytes=1075356672 t=1.24s 0.806 GB/s
[b0004 r3] mode=torch_save size=1048576 fpp=8 iter=0 bytes=1075356672 t=1.22s 0.824 GB/s
[b0002 r1] mode=torch_save size=1048576 fpp=8 iter=1 bytes=1075356672 t=1.15s 0.869 GB/s
[b0009 r8] mode=torch_save size=1048576 fpp=8 iter=1 bytes=1075356672 t=1.19s 0.843 GB/s
[b0005 r4] mode=torch_save size=1048576 fpp=8 iter=1 bytes=1075356672 t=1.23s 0.814 GB/s
[b0003 r2] mode=torch_save size=1048576 fpp=8 iter=0 bytes=1075356672 t=1.33s 0.755 GB/s
[b0010 r9] mode=torch_save size=1048576 fpp=8 iter=0 bytes=1075356672 t=1.31s 0.762 GB/s
[b0008 r7] mode=torch_save size=1048576 fpp=8 iter=0 bytes=1075356672 t=1.29s 0.775 GB/s
[b0007 r6] mode=torch_save size=1048576 fpp=8 iter=0 bytes=1075356672 t=1.39s 0.719 GB/s
[b0004 r3] mode=torch_save size=1048576 fpp=8 iter=1 bytes=1075356672 t=1.27s 0.789 GB/s
[b0011 r10] mode=torch_save size=1048576 fpp=8 iter=0 bytes=1075356672 t=1.55s 0.647 GB/s
[b0006 r5] mode=torch_save size=1048576 fpp=8 iter=0 bytes=1075356672 t=1.56s 0.642 GB/s
[b0001 r0] mode=torch_save size=1048576 fpp=8 iter=0 bytes=1075356672 t=1.27s 0.790 GB/s
[b0002 r1] mode=torch_save size=1048576 fpp=8 iter=2 bytes=1075356672 t=1.13s 0.884 GB/s
[b0012 r11] mode=torch_save size=1048576 fpp=8 iter=0 bytes=1075356672 t=1.25s 0.799 GB/s
[b0009 r8] mode=torch_save size=1048576 fpp=8 iter=2 bytes=1075356672 t=1.18s 0.852 GB/s
[b0005 r4] mode=torch_save size=1048576 fpp=8 iter=2 bytes=1075356672 t=1.09s 0.917 GB/s
[b0003 r2] mode=torch_save size=1048576 fpp=8 iter=1 bytes=1075356672 t=1.27s 0.789 GB/s
[b0010 r9] mode=torch_save size=1048576 fpp=8 iter=1 bytes=1075356672 t=1.20s 0.833 GB/s
[b0008 r7] mode=torch_save size=1048576 fpp=8 iter=1 bytes=1075356672 t=1.20s 0.836 GB/s
[b0007 r6] mode=torch_save size=1048576 fpp=8 iter=1 bytes=1075356672 t=1.20s 0.834 GB/s
[b0004 r3] mode=torch_save size=1048576 fpp=8 iter=2 bytes=1075356672 t=1.17s 0.853 GB/s
[b0011 r10] mode=torch_save size=1048576 fpp=8 iter=1 bytes=1075356672 t=1.23s 0.817 GB/s
[b0006 r5] mode=torch_save size=1048576 fpp=8 iter=1 bytes=1075356672 t=1.25s 0.804 GB/s
[b0001 r0] mode=torch_save size=1048576 fpp=8 iter=1 bytes=1075356672 t=1.30s 0.769 GB/s
[b0012 r11] mode=torch_save size=1048576 fpp=8 iter=1 bytes=1075356672 t=1.25s 0.803 GB/s
[b0010 r9] mode=torch_save size=1048576 fpp=8 iter=2 bytes=1075356672 t=1.22s 0.821 GB/s
[b0003 r2] mode=torch_save size=1048576 fpp=8 iter=2 bytes=1075356672 t=1.27s 0.786 GB/s
[b0008 r7] mode=torch_save size=1048576 fpp=8 iter=2 bytes=1075356672 t=1.26s 0.794 GB/s
[b0007 r6] mode=torch_save size=1048576 fpp=8 iter=2 bytes=1075356672 t=1.49s 0.671 GB/s
[b0011 r10] mode=torch_save size=1048576 fpp=8 iter=2 bytes=1075356672 t=1.23s 0.813 GB/s
[b0006 r5] mode=torch_save size=1048576 fpp=8 iter=2 bytes=1075356672 t=1.26s 0.797 GB/s
[b0001 r0] mode=torch_save size=1048576 fpp=8 iter=2 bytes=1075356672 t=1.25s 0.801 GB/s
[b0012 r11] mode=torch_save size=1048576 fpp=8 iter=2 bytes=1075356672 t=1.23s 0.816 GB/s
[b0002 r1] mode=dcp size=1048576 fpp=8 iter=0 bytes=1076308112 t=1.44s 0.698 GB/s
[b0009 r8] mode=dcp size=1048576 fpp=8 iter=0 bytes=1076308112 t=1.48s 0.677 GB/s
[b0005 r4] mode=dcp size=1048576 fpp=8 iter=0 bytes=1076308112 t=1.45s 0.691 GB/s
[b0004 r3] mode=dcp size=1048576 fpp=8 iter=0 bytes=1076307088 t=1.42s 0.708 GB/s
[b0010 r9] mode=dcp size=1048576 fpp=8 iter=0 bytes=1076308112 t=1.49s 0.673 GB/s
[b0003 r2] mode=dcp size=1048576 fpp=8 iter=0 bytes=1076308112 t=1.52s 0.658 GB/s
[b0008 r7] mode=dcp size=1048576 fpp=8 iter=0 bytes=1076308112 t=1.53s 0.653 GB/s
[b0011 r10] mode=dcp size=1048576 fpp=8 iter=0 bytes=1076309136 t=1.56s 0.643 GB/s
[b0007 r6] mode=dcp size=1048576 fpp=8 iter=0 bytes=1076307088 t=1.54s 0.649 GB/s
[b0006 r5] mode=dcp size=1048576 fpp=8 iter=0 bytes=1076308112 t=1.55s 0.645 GB/s
[b0001 r0] mode=dcp size=1048576 fpp=8 iter=0 bytes=1076308112 t=1.67s 0.600 GB/s
[b0012 r11] mode=dcp size=1048576 fpp=8 iter=0 bytes=1076308112 t=1.65s 0.609 GB/s
[b0002 r1] mode=dcp size=1048576 fpp=8 iter=1 bytes=1076308112 t=1.50s 0.670 GB/s
[b0009 r8] mode=dcp size=1048576 fpp=8 iter=1 bytes=1076308112 t=1.47s 0.681 GB/s
[b0005 r4] mode=dcp size=1048576 fpp=8 iter=1 bytes=1076308112 t=1.46s 0.685 GB/s
[b0004 r3] mode=dcp size=1048576 fpp=8 iter=1 bytes=1076307088 t=1.41s 0.709 GB/s
[b0010 r9] mode=dcp size=1048576 fpp=8 iter=1 bytes=1076308112 t=1.49s 0.672 GB/s
[b0003 r2] mode=dcp size=1048576 fpp=8 iter=1 bytes=1076308112 t=1.59s 0.630 GB/s
[b0008 r7] mode=dcp size=1048576 fpp=8 iter=1 bytes=1076308112 t=1.52s 0.660 GB/s
[b0007 r6] mode=dcp size=1048576 fpp=8 iter=1 bytes=1076307088 t=1.48s 0.677 GB/s
[b0011 r10] mode=dcp size=1048576 fpp=8 iter=1 bytes=1076309136 t=1.50s 0.667 GB/s
[b0006 r5] mode=dcp size=1048576 fpp=8 iter=1 bytes=1076308112 t=1.52s 0.658 GB/s
[b0002 r1] mode=dcp size=1048576 fpp=8 iter=2 bytes=1076308112 t=1.46s 0.686 GB/s
[b0012 r11] mode=dcp size=1048576 fpp=8 iter=1 bytes=1076308112 t=1.54s 0.653 GB/s
[b0001 r0] mode=dcp size=1048576 fpp=8 iter=1 bytes=1076308112 t=1.56s 0.641 GB/s
[b0009 r8] mode=dcp size=1048576 fpp=8 iter=2 bytes=1076308112 t=1.42s 0.704 GB/s
[b0005 r4] mode=dcp size=1048576 fpp=8 iter=2 bytes=1076308112 t=1.42s 0.705 GB/s
[b0004 r3] mode=dcp size=1048576 fpp=8 iter=2 bytes=1076307088 t=1.41s 0.711 GB/s
[b0010 r9] mode=dcp size=1048576 fpp=8 iter=2 bytes=1076308112 t=1.45s 0.692 GB/s
[b0003 r2] mode=dcp size=1048576 fpp=8 iter=2 bytes=1076308112 t=1.54s 0.653 GB/s
[b0008 r7] mode=dcp size=1048576 fpp=8 iter=2 bytes=1076308112 t=1.58s 0.635 GB/s
[b0007 r6] mode=dcp size=1048576 fpp=8 iter=2 bytes=1076307088 t=1.72s 0.584 GB/s
[b0011 r10] mode=dcp size=1048576 fpp=8 iter=2 bytes=1076309136 t=1.79s 0.560 GB/s
[b0006 r5] mode=dcp size=1048576 fpp=8 iter=2 bytes=1076308112 t=2.14s 0.469 GB/s
[b0001 r0] mode=dcp size=1048576 fpp=8 iter=2 bytes=1076308112 t=2.22s 0.452 GB/s
[b0012 r11] mode=dcp size=1048576 fpp=8 iter=2 bytes=1076308112 t=2.49s 0.402 GB/s
[b0002 r1] mode=raw size=10485760 fpp=8 iter=0 bytes=10737418240 t=1.54s 6.479 GB/s
[b0009 r8] mode=raw size=10485760 fpp=8 iter=0 bytes=10737418240 t=1.52s 6.576 GB/s
[b0005 r4] mode=raw size=10485760 fpp=8 iter=0 bytes=10737418240 t=1.61s 6.207 GB/s
[b0004 r3] mode=raw size=10485760 fpp=8 iter=0 bytes=10737418240 t=1.61s 6.199 GB/s
[b0002 r1] mode=raw size=10485760 fpp=8 iter=1 bytes=10737418240 t=1.74s 5.752 GB/s
[b0009 r8] mode=raw size=10485760 fpp=8 iter=1 bytes=10737418240 t=1.68s 5.947 GB/s
[b0005 r4] mode=raw size=10485760 fpp=8 iter=1 bytes=10737418240 t=1.82s 5.486 GB/s
[b0010 r9] mode=raw size=10485760 fpp=8 iter=0 bytes=10737418240 t=1.78s 5.624 GB/s
[b0004 r3] mode=raw size=10485760 fpp=8 iter=1 bytes=10737418240 t=1.64s 6.107 GB/s
[b0003 r2] mode=raw size=10485760 fpp=8 iter=0 bytes=10737418240 t=1.69s 5.909 GB/s
[b0002 r1] mode=raw size=10485760 fpp=8 iter=2 bytes=10737418240 t=1.62s 6.184 GB/s
[b0011 r10] mode=raw size=10485760 fpp=8 iter=0 bytes=10737418240 t=1.74s 5.734 GB/s
[b0008 r7] mode=raw size=10485760 fpp=8 iter=0 bytes=10737418240 t=1.82s 5.495 GB/s
[b0007 r6] mode=raw size=10485760 fpp=8 iter=0 bytes=10737418240 t=2.04s 4.905 GB/s
[b0009 r8] mode=raw size=10485760 fpp=8 iter=2 bytes=10737418240 t=1.62s 6.189 GB/s
[b0005 r4] mode=raw size=10485760 fpp=8 iter=2 bytes=10737418240 t=1.71s 5.865 GB/s
[b0006 r5] mode=raw size=10485760 fpp=8 iter=0 bytes=10737418240 t=1.82s 5.483 GB/s
[b0001 r0] mode=raw size=10485760 fpp=8 iter=0 bytes=10737418240 t=1.75s 5.719 GB/s
[b0012 r11] mode=raw size=10485760 fpp=8 iter=0 bytes=10737418240 t=1.78s 5.629 GB/s
[b0010 r9] mode=raw size=10485760 fpp=8 iter=1 bytes=10737418240 t=1.70s 5.873 GB/s
[b0004 r3] mode=raw size=10485760 fpp=8 iter=2 bytes=10737418240 t=1.74s 5.750 GB/s
[b0003 r2] mode=raw size=10485760 fpp=8 iter=1 bytes=10737418240 t=1.71s 5.845 GB/s
[b0008 r7] mode=raw size=10485760 fpp=8 iter=1 bytes=10737418240 t=1.68s 5.956 GB/s
[b0007 r6] mode=raw size=10485760 fpp=8 iter=1 bytes=10737418240 t=1.72s 5.818 GB/s
[b0011 r10] mode=raw size=10485760 fpp=8 iter=1 bytes=10737418240 t=2.16s 4.638 GB/s
[b0006 r5] mode=raw size=10485760 fpp=8 iter=1 bytes=10737418240 t=1.78s 5.620 GB/s
[b0001 r0] mode=raw size=10485760 fpp=8 iter=1 bytes=10737418240 t=1.93s 5.183 GB/s
[b0010 r9] mode=raw size=10485760 fpp=8 iter=2 bytes=10737418240 t=1.89s 5.282 GB/s
[b0012 r11] mode=raw size=10485760 fpp=8 iter=1 bytes=10737418240 t=1.89s 5.299 GB/s
[b0002 r1] mode=torch_save size=10485760 fpp=8 iter=0 bytes=10739033088 t=1.69s 5.912 GB/s
[b0003 r2] mode=raw size=10485760 fpp=8 iter=2 bytes=10737418240 t=2.00s 5.008 GB/s
[b0009 r8] mode=torch_save size=10485760 fpp=8 iter=0 bytes=10739033088 t=1.64s 6.088 GB/s
[b0007 r6] mode=raw size=10485760 fpp=8 iter=2 bytes=10737418240 t=1.61s 6.196 GB/s
[b0008 r7] mode=raw size=10485760 fpp=8 iter=2 bytes=10737418240 t=1.64s 6.101 GB/s
[b0005 r4] mode=torch_save size=10485760 fpp=8 iter=0 bytes=10739033088 t=1.60s 6.239 GB/s
[b0011 r10] mode=raw size=10485760 fpp=8 iter=2 bytes=10737418240 t=1.80s 5.571 GB/s
[b0006 r5] mode=raw size=10485760 fpp=8 iter=2 bytes=10737418240 t=1.85s 5.416 GB/s
[b0004 r3] mode=torch_save size=10485760 fpp=8 iter=0 bytes=10739033088 t=1.69s 5.915 GB/s
[b0001 r0] mode=raw size=10485760 fpp=8 iter=2 bytes=10737418240 t=1.69s 5.928 GB/s
[b0012 r11] mode=raw size=10485760 fpp=8 iter=2 bytes=10737418240 t=1.76s 5.695 GB/s
[b0002 r1] mode=torch_save size=10485760 fpp=8 iter=1 bytes=10739033088 t=1.79s 5.601 GB/s
[b0009 r8] mode=torch_save size=10485760 fpp=8 iter=1 bytes=10739033088 t=1.61s 6.225 GB/s
[b0005 r4] mode=torch_save size=10485760 fpp=8 iter=1 bytes=10739033088 t=1.79s 5.603 GB/s
[b0004 r3] mode=torch_save size=10485760 fpp=8 iter=1 bytes=10739033088 t=1.68s 5.945 GB/s
[b0002 r1] mode=torch_save size=10485760 fpp=8 iter=2 bytes=10739033088 t=1.79s 5.579 GB/s
[b0009 r8] mode=torch_save size=10485760 fpp=8 iter=2 bytes=10739033088 t=1.68s 5.953 GB/s
[b0010 r9] mode=torch_save size=10485760 fpp=8 iter=0 bytes=10739033088 t=1.83s 5.478 GB/s
[b0003 r2] mode=torch_save size=10485760 fpp=8 iter=0 bytes=10739033088 t=1.97s 5.077 GB/s
[b0007 r6] mode=torch_save size=10485760 fpp=8 iter=0 bytes=10739033088 t=1.73s 5.790 GB/s
[b0008 r7] mode=torch_save size=10485760 fpp=8 iter=0 bytes=10739033088 t=2.02s 4.958 GB/s
[b0005 r4] mode=torch_save size=10485760 fpp=8 iter=2 bytes=10739033088 t=1.90s 5.267 GB/s
[b0011 r10] mode=torch_save size=10485760 fpp=8 iter=0 bytes=10739033088 t=1.88s 5.311 GB/s
[b0004 r3] mode=torch_save size=10485760 fpp=8 iter=2 bytes=10739033088 t=1.73s 5.793 GB/s
[b0012 r11] mode=torch_save size=10485760 fpp=8 iter=0 bytes=10739033088 t=1.73s 5.789 GB/s
[b0006 r5] mode=torch_save size=10485760 fpp=8 iter=0 bytes=10739033088 t=2.30s 4.351 GB/s
[b0001 r0] mode=torch_save size=10485760 fpp=8 iter=0 bytes=10739033088 t=2.26s 4.432 GB/s
[b0010 r9] mode=torch_save size=10485760 fpp=8 iter=1 bytes=10739033088 t=1.82s 5.510 GB/s
[b0003 r2] mode=torch_save size=10485760 fpp=8 iter=1 bytes=10739033088 t=2.36s 4.233 GB/s
[b0007 r6] mode=torch_save size=10485760 fpp=8 iter=1 bytes=10739033088 t=1.90s 5.274 GB/s
[b0008 r7] mode=torch_save size=10485760 fpp=8 iter=1 bytes=10739033088 t=1.68s 5.962 GB/s
[b0011 r10] mode=torch_save size=10485760 fpp=8 iter=1 bytes=10739033088 t=1.69s 5.908 GB/s
[b0006 r5] mode=torch_save size=10485760 fpp=8 iter=1 bytes=10739033088 t=1.64s 6.090 GB/s
[b0012 r11] mode=torch_save size=10485760 fpp=8 iter=1 bytes=10739033088 t=1.68s 5.943 GB/s
[b0010 r9] mode=torch_save size=10485760 fpp=8 iter=2 bytes=10739033088 t=1.63s 6.124 GB/s
[b0001 r0] mode=torch_save size=10485760 fpp=8 iter=1 bytes=10739033088 t=1.67s 5.994 GB/s
[b0003 r2] mode=torch_save size=10485760 fpp=8 iter=2 bytes=10739033088 t=1.68s 5.971 GB/s
[b0008 r7] mode=torch_save size=10485760 fpp=8 iter=2 bytes=10739033088 t=1.59s 6.310 GB/s
[b0007 r6] mode=torch_save size=10485760 fpp=8 iter=2 bytes=10739033088 t=1.91s 5.225 GB/s
[b0011 r10] mode=torch_save size=10485760 fpp=8 iter=2 bytes=10739033088 t=1.93s 5.185 GB/s
[b0006 r5] mode=torch_save size=10485760 fpp=8 iter=2 bytes=10739033088 t=1.53s 6.552 GB/s
[b0012 r11] mode=torch_save size=10485760 fpp=8 iter=2 bytes=10739033088 t=1.73s 5.772 GB/s
[b0001 r0] mode=torch_save size=10485760 fpp=8 iter=2 bytes=10739033088 t=1.96s 5.108 GB/s
[b0009 r8] mode=dcp size=10485760 fpp=8 iter=0 bytes=10739984528 t=2.07s 4.836 GB/s
[b0002 r1] mode=dcp size=10485760 fpp=8 iter=0 bytes=10739984528 t=2.31s 4.325 GB/s
[b0005 r4] mode=dcp size=10485760 fpp=8 iter=0 bytes=10739984528 t=2.02s 4.940 GB/s
[b0004 r3] mode=dcp size=10485760 fpp=8 iter=0 bytes=10739983504 t=1.98s 5.060 GB/s
[b0010 r9] mode=dcp size=10485760 fpp=8 iter=0 bytes=10739984528 t=2.26s 4.433 GB/s
[b0003 r2] mode=dcp size=10485760 fpp=8 iter=0 bytes=10739984528 t=2.63s 3.803 GB/s
[b0007 r6] mode=dcp size=10485760 fpp=8 iter=0 bytes=10739983504 t=2.19s 4.557 GB/s
[b0009 r8] mode=dcp size=10485760 fpp=8 iter=1 bytes=10739984528 t=2.13s 4.688 GB/s
[b0002 r1] mode=dcp size=10485760 fpp=8 iter=1 bytes=10739984528 t=2.38s 4.204 GB/s
[b0008 r7] mode=dcp size=10485760 fpp=8 iter=0 bytes=10739984528 t=2.27s 4.413 GB/s
[b0011 r10] mode=dcp size=10485760 fpp=8 iter=0 bytes=10739985552 t=2.21s 4.532 GB/s
[b0006 r5] mode=dcp size=10485760 fpp=8 iter=0 bytes=10739984528 t=2.18s 4.590 GB/s
[b0005 r4] mode=dcp size=10485760 fpp=8 iter=1 bytes=10739984528 t=2.07s 4.821 GB/s
[b0012 r11] mode=dcp size=10485760 fpp=8 iter=0 bytes=10739984528 t=2.29s 4.361 GB/s
[b0004 r3] mode=dcp size=10485760 fpp=8 iter=1 bytes=10739983504 t=2.02s 4.941 GB/s
[b0001 r0] mode=dcp size=10485760 fpp=8 iter=0 bytes=10739984528 t=2.43s 4.123 GB/s
[b0010 r9] mode=dcp size=10485760 fpp=8 iter=1 bytes=10739984528 t=2.19s 4.561 GB/s
[b0009 r8] mode=dcp size=10485760 fpp=8 iter=2 bytes=10739984528 t=2.31s 4.335 GB/s
[b0003 r2] mode=dcp size=10485760 fpp=8 iter=1 bytes=10739984528 t=2.35s 4.262 GB/s
[b0007 r6] mode=dcp size=10485760 fpp=8 iter=1 bytes=10739983504 t=2.34s 4.276 GB/s
[b0002 r1] mode=dcp size=10485760 fpp=8 iter=2 bytes=10739984528 t=2.24s 4.463 GB/s
[b0008 r7] mode=dcp size=10485760 fpp=8 iter=1 bytes=10739984528 t=2.32s 4.316 GB/s
[b0011 r10] mode=dcp size=10485760 fpp=8 iter=1 bytes=10739985552 t=2.25s 4.443 GB/s
[b0006 r5] mode=dcp size=10485760 fpp=8 iter=1 bytes=10739984528 t=2.02s 4.947 GB/s
[b0005 r4] mode=dcp size=10485760 fpp=8 iter=2 bytes=10739984528 t=2.00s 4.993 GB/s
[b0012 r11] mode=dcp size=10485760 fpp=8 iter=1 bytes=10739984528 t=2.05s 4.872 GB/s
[b0004 r3] mode=dcp size=10485760 fpp=8 iter=2 bytes=10739983504 t=1.98s 5.052 GB/s
[b0001 r0] mode=dcp size=10485760 fpp=8 iter=1 bytes=10739984528 t=1.92s 5.198 GB/s
[b0010 r9] mode=dcp size=10485760 fpp=8 iter=2 bytes=10739984528 t=2.71s 3.689 GB/s
[b0007 r6] mode=dcp size=10485760 fpp=8 iter=2 bytes=10739983504 t=3.63s 2.757 GB/s
[b0003 r2] mode=dcp size=10485760 fpp=8 iter=2 bytes=10739984528 t=3.89s 2.570 GB/s
[b0008 r7] mode=dcp size=10485760 fpp=8 iter=2 bytes=10739984528 t=5.26s 1.903 GB/s
[b0011 r10] mode=dcp size=10485760 fpp=8 iter=2 bytes=10739985552 t=5.15s 1.941 GB/s
[b0006 r5] mode=dcp size=10485760 fpp=8 iter=2 bytes=10739984528 t=4.26s 2.349 GB/s
[b0012 r11] mode=dcp size=10485760 fpp=8 iter=2 bytes=10739984528 t=4.47s 2.238 GB/s
[b0001 r0] mode=dcp size=10485760 fpp=8 iter=2 bytes=10739984528 t=4.67s 2.141 GB/s
[b0009 r8] mode=raw size=104857600 fpp=8 iter=0 bytes=107374182400 t=4.93s 20.286 GB/s
[b0002 r1] mode=raw size=104857600 fpp=8 iter=0 bytes=107374182400 t=5.20s 19.223 GB/s
[b0004 r3] mode=raw size=104857600 fpp=8 iter=0 bytes=107374182400 t=10.36s 9.651 GB/s
[b0005 r4] mode=raw size=104857600 fpp=8 iter=0 bytes=107374182400 t=11.57s 8.641 GB/s
[b0009 r8] mode=raw size=104857600 fpp=8 iter=1 bytes=107374182400 t=14.08s 7.101 GB/s
[b0002 r1] mode=raw size=104857600 fpp=8 iter=1 bytes=107374182400 t=16.46s 6.075 GB/s
[b0004 r3] mode=raw size=104857600 fpp=8 iter=1 bytes=107374182400 t=18.60s 5.375 GB/s
[b0003 r2] mode=raw size=104857600 fpp=8 iter=0 bytes=107374182400 t=15.45s 6.473 GB/s
[b0009 r8] mode=raw size=104857600 fpp=8 iter=2 bytes=107374182400 t=12.69s 7.883 GB/s
[b0005 r4] mode=raw size=104857600 fpp=8 iter=1 bytes=107374182400 t=19.62s 5.096 GB/s
[b0010 r9] mode=raw size=104857600 fpp=8 iter=0 bytes=107374182400 t=15.25s 6.556 GB/s
[b0007 r6] mode=raw size=104857600 fpp=8 iter=0 bytes=107374182400 t=14.97s 6.678 GB/s
[b0002 r1] mode=raw size=104857600 fpp=8 iter=2 bytes=107374182400 t=15.64s 6.396 GB/s
[b0011 r10] mode=raw size=104857600 fpp=8 iter=0 bytes=107374182400 t=25.16s 3.975 GB/s
[b0004 r3] mode=raw size=104857600 fpp=8 iter=2 bytes=107374182400 t=23.83s 4.196 GB/s
[b0006 r5] mode=raw size=104857600 fpp=8 iter=0 bytes=107374182400 t=25.28s 3.956 GB/s
[b0003 r2] mode=raw size=104857600 fpp=8 iter=1 bytes=107374182400 t=24.91s 4.015 GB/s
[b0010 r9] mode=raw size=104857600 fpp=8 iter=1 bytes=107374182400 t=20.22s 4.946 GB/s
[b0001 r0] mode=raw size=104857600 fpp=8 iter=0 bytes=107374182400 t=18.78s 5.326 GB/s
[b0012 r11] mode=raw size=104857600 fpp=8 iter=0 bytes=107374182400 t=24.26s 4.123 GB/s
[b0008 r7] mode=raw size=104857600 fpp=8 iter=0 bytes=107374182400 t=24.20s 4.133 GB/s
[b0007 r6] mode=raw size=104857600 fpp=8 iter=1 bytes=107374182400 t=20.10s 4.976 GB/s
[b0005 r4] mode=raw size=104857600 fpp=8 iter=2 bytes=107374182400 t=24.02s 4.163 GB/s
[b0002 r1] mode=torch_save size=104857600 fpp=8 iter=0 bytes=107375797248 t=21.67s 4.614 GB/s
[b0006 r5] mode=raw size=104857600 fpp=8 iter=1 bytes=107374182400 t=22.82s 4.381 GB/s
[b0003 r2] mode=raw size=104857600 fpp=8 iter=2 bytes=107374182400 t=22.97s 4.354 GB/s
[b0011 r10] mode=raw size=104857600 fpp=8 iter=1 bytes=107374182400 t=23.47s 4.260 GB/s
[b0010 r9] mode=raw size=104857600 fpp=8 iter=2 bytes=107374182400 t=21.41s 4.671 GB/s
[b0012 r11] mode=raw size=104857600 fpp=8 iter=1 bytes=107374182400 t=20.32s 4.921 GB/s
[b0001 r0] mode=raw size=104857600 fpp=8 iter=1 bytes=107374182400 t=20.16s 4.959 GB/s
[b0009 r8] mode=torch_save size=104857600 fpp=8 iter=0 bytes=107375797248 t=22.02s 4.542 GB/s
[b0008 r7] mode=raw size=104857600 fpp=8 iter=1 bytes=107374182400 t=20.47s 4.884 GB/s
[b0007 r6] mode=raw size=104857600 fpp=8 iter=2 bytes=107374182400 t=19.12s 5.230 GB/s
[b0004 r3] mode=torch_save size=104857600 fpp=8 iter=0 bytes=107375797248 t=12.56s 7.965 GB/s
[b0006 r5] mode=raw size=104857600 fpp=8 iter=2 bytes=107374182400 t=19.47s 5.136 GB/s
[b0012 r11] mode=raw size=104857600 fpp=8 iter=2 bytes=107374182400 t=18.90s 5.291 GB/s
[b0002 r1] mode=torch_save size=104857600 fpp=8 iter=1 bytes=107375797248 t=22.41s 4.462 GB/s
[b0005 r4] mode=torch_save size=104857600 fpp=8 iter=0 bytes=107375797248 t=21.17s 4.724 GB/s
[b0008 r7] mode=raw size=104857600 fpp=8 iter=2 bytes=107374182400 t=17.00s 5.881 GB/s
[b0009 r8] mode=torch_save size=104857600 fpp=8 iter=1 bytes=107375797248 t=21.45s 4.663 GB/s
[b0001 r0] mode=raw size=104857600 fpp=8 iter=2 bytes=107374182400 t=19.41s 5.151 GB/s
[b0011 r10] mode=raw size=104857600 fpp=8 iter=2 bytes=107374182400 t=19.24s 5.197 GB/s
[b0004 r3] mode=torch_save size=104857600 fpp=8 iter=1 bytes=107375797248 t=7.91s 12.639 GB/s
[b0003 r2] mode=torch_save size=104857600 fpp=8 iter=0 bytes=107375797248 t=16.83s 5.943 GB/s
[b0010 r9] mode=torch_save size=104857600 fpp=8 iter=0 bytes=107375797248 t=18.25s 5.480 GB/s
[b0005 r4] mode=torch_save size=104857600 fpp=8 iter=1 bytes=107375797248 t=21.06s 4.749 GB/s
[b0009 r8] mode=torch_save size=104857600 fpp=8 iter=2 bytes=107375797248 t=21.28s 4.699 GB/s
[b0002 r1] mode=torch_save size=104857600 fpp=8 iter=2 bytes=107375797248 t=24.66s 4.055 GB/s
[b0007 r6] mode=torch_save size=104857600 fpp=8 iter=0 bytes=107375797248 t=22.47s 4.451 GB/s
[b0004 r3] mode=torch_save size=104857600 fpp=8 iter=2 bytes=107375797248 t=17.47s 5.724 GB/s
[b0003 r2] mode=torch_save size=104857600 fpp=8 iter=1 bytes=107375797248 t=9.91s 10.088 GB/s
[b0006 r5] mode=torch_save size=104857600 fpp=8 iter=0 bytes=107375797248 t=9.44s 10.595 GB/s
[b0010 r9] mode=torch_save size=104857600 fpp=8 iter=1 bytes=107375797248 t=17.09s 5.852 GB/s
[b0005 r4] mode=torch_save size=104857600 fpp=8 iter=2 bytes=107375797248 t=24.03s 4.162 GB/s
[b0006 r5] mode=torch_save size=104857600 fpp=8 iter=1 bytes=107375797248 t=11.75s 8.511 GB/s
[b0012 r11] mode=torch_save size=104857600 fpp=8 iter=0 bytes=107375797248 t=24.62s 4.061 GB/s
[b0007 r6] mode=torch_save size=104857600 fpp=8 iter=1 bytes=107375797248 t=22.73s 4.400 GB/s
[b0001 r0] mode=torch_save size=104857600 fpp=8 iter=0 bytes=107375797248 t=23.05s 4.338 GB/s
[b0011 r10] mode=torch_save size=104857600 fpp=8 iter=0 bytes=107375797248 t=20.17s 4.958 GB/s
[b0008 r7] mode=torch_save size=104857600 fpp=8 iter=0 bytes=107375797248 t=19.04s 5.252 GB/s
[b0003 r2] mode=torch_save size=104857600 fpp=8 iter=2 bytes=107375797248 t=12.94s 7.728 GB/s
[b0010 r9] mode=torch_save size=104857600 fpp=8 iter=2 bytes=107375797248 t=6.42s 15.576 GB/s
[b0006 r5] mode=torch_save size=104857600 fpp=8 iter=2 bytes=107375797248 t=11.60s 8.621 GB/s
[b0012 r11] mode=torch_save size=104857600 fpp=8 iter=1 bytes=107375797248 t=12.82s 7.803 GB/s
[b0007 r6] mode=torch_save size=104857600 fpp=8 iter=2 bytes=107375797248 t=14.12s 7.081 GB/s
[b0001 r0] mode=torch_save size=104857600 fpp=8 iter=1 bytes=107375797248 t=14.68s 6.813 GB/s
[b0008 r7] mode=torch_save size=104857600 fpp=8 iter=1 bytes=107375797248 t=14.32s 6.983 GB/s
[b0011 r10] mode=torch_save size=104857600 fpp=8 iter=1 bytes=107375797248 t=13.32s 7.506 GB/s
[b0012 r11] mode=torch_save size=104857600 fpp=8 iter=2 bytes=107375797248 t=7.56s 13.229 GB/s
[b0001 r0] mode=torch_save size=104857600 fpp=8 iter=2 bytes=107375797248 t=13.77s 7.261 GB/s
[b0004 r3] mode=dcp size=104857600 fpp=8 iter=0 bytes=107376747664 t=12.73s 7.858 GB/s
[b0008 r7] mode=torch_save size=104857600 fpp=8 iter=2 bytes=107375797248 t=14.48s 6.908 GB/s
[b0002 r1] mode=dcp size=104857600 fpp=8 iter=0 bytes=107376748688 t=16.27s 6.147 GB/s
[b0011 r10] mode=torch_save size=104857600 fpp=8 iter=2 bytes=107375797248 t=13.94s 7.176 GB/s
[b0009 r8] mode=dcp size=104857600 fpp=8 iter=0 bytes=107376748688 t=12.38s 8.076 GB/s
[b0005 r4] mode=dcp size=104857600 fpp=8 iter=0 bytes=107376748688 t=9.60s 10.412 GB/s
[b0010 r9] mode=dcp size=104857600 fpp=8 iter=0 bytes=107376748688 t=9.92s 10.078 GB/s
[b0003 r2] mode=dcp size=104857600 fpp=8 iter=0 bytes=107376748688 t=11.44s 8.739 GB/s
[b0006 r5] mode=dcp size=104857600 fpp=8 iter=0 bytes=107376748688 t=6.71s 14.893 GB/s
[b0007 r6] mode=dcp size=104857600 fpp=8 iter=0 bytes=107376747664 t=8.89s 11.250 GB/s
[b0004 r3] mode=dcp size=104857600 fpp=8 iter=1 bytes=107376747664 t=8.63s 11.594 GB/s
[b0009 r8] mode=dcp size=104857600 fpp=8 iter=1 bytes=107376748688 t=7.73s 12.937 GB/s
[b0012 r11] mode=dcp size=104857600 fpp=8 iter=0 bytes=107376748688 t=7.23s 13.826 GB/s
[b0002 r1] mode=dcp size=104857600 fpp=8 iter=1 bytes=107376748688 t=10.97s 9.113 GB/s
[b0010 r9] mode=dcp size=104857600 fpp=8 iter=1 bytes=107376748688 t=8.09s 12.367 GB/s
[b0008 r7] mode=dcp size=104857600 fpp=8 iter=0 bytes=107376748688 t=8.13s 12.300 GB/s
[b0011 r10] mode=dcp size=104857600 fpp=8 iter=0 bytes=107376749712 t=9.72s 10.284 GB/s
[b0005 r4] mode=dcp size=104857600 fpp=8 iter=1 bytes=107376748688 t=10.35s 9.660 GB/s
[b0001 r0] mode=dcp size=104857600 fpp=8 iter=0 bytes=107376748688 t=10.78s 9.277 GB/s
[b0003 r2] mode=dcp size=104857600 fpp=8 iter=1 bytes=107376748688 t=9.01s 11.101 GB/s
[b0006 r5] mode=dcp size=104857600 fpp=8 iter=1 bytes=107376748688 t=6.43s 15.546 GB/s
[b0004 r3] mode=dcp size=104857600 fpp=8 iter=2 bytes=107376747664 t=8.61s 11.612 GB/s
[b0007 r6] mode=dcp size=104857600 fpp=8 iter=1 bytes=107376747664 t=9.11s 10.972 GB/s
[b0012 r11] mode=dcp size=104857600 fpp=8 iter=1 bytes=107376748688 t=8.16s 12.257 GB/s
[b0009 r8] mode=dcp size=104857600 fpp=8 iter=2 bytes=107376748688 t=8.98s 11.135 GB/s
[b0002 r1] mode=dcp size=104857600 fpp=8 iter=2 bytes=107376748688 t=9.22s 10.844 GB/s
[b0010 r9] mode=dcp size=104857600 fpp=8 iter=2 bytes=107376748688 t=7.15s 13.981 GB/s
[b0008 r7] mode=dcp size=104857600 fpp=8 iter=1 bytes=107376748688 t=8.62s 11.604 GB/s
[b0011 r10] mode=dcp size=104857600 fpp=8 iter=1 bytes=107376749712 t=9.91s 10.089 GB/s
[b0001 r0] mode=dcp size=104857600 fpp=8 iter=1 bytes=107376748688 t=10.33s 9.683 GB/s
[b0005 r4] mode=dcp size=104857600 fpp=8 iter=2 bytes=107376748688 t=9.53s 10.493 GB/s
[b0003 r2] mode=dcp size=104857600 fpp=8 iter=2 bytes=107376748688 t=6.87s 14.550 GB/s
[b0006 r5] mode=dcp size=104857600 fpp=8 iter=2 bytes=107376748688 t=6.91s 14.472 GB/s
[b0012 r11] mode=dcp size=104857600 fpp=8 iter=2 bytes=107376748688 t=5.91s 16.926 GB/s
[b0007 r6] mode=dcp size=104857600 fpp=8 iter=2 bytes=107376747664 t=6.29s 15.908 GB/s
[b0008 r7] mode=dcp size=104857600 fpp=8 iter=2 bytes=107376748688 t=5.77s 17.346 GB/s
[b0011 r10] mode=dcp size=104857600 fpp=8 iter=2 bytes=107376749712 t=6.22s 16.068 GB/s
[b0001 r0] mode=dcp size=104857600 fpp=8 iter=2 bytes=107376748688 t=6.12s 16.352 GB/s
Done. Results: results/12node_128cpu_b200-batch_26105/all.csv
