++ date +%Y-%m-%dT%H:%M:%S
+ DATESTRING=2026-04-06T22:22:21
+ SIF=/home/knevins/aicr-benchmarks/hpc-benchmarks_25.09.sif
++ scontrol show hostname
++ tr '\n' ' '
+ echo 'Running on hosts: a0001 a0002 a0003 a0004 a0005 a0006 a0007 a0008 '
Running on hosts: a0001 a0002 a0003 a0004 a0005 a0006 a0007 a0008 
+ echo 2026-04-06T22:22:21
2026-04-06T22:22:21
+ GPU_AFFINITY=0:1:2:3:4:5:6:7
+ N_SIZE=1140736
+ srun --cpu-bind=none --mpi=pmix apptainer exec --nv --no-mount /etc/localtime --bind /var/spool/slurm/slurmd /home/knevins/aicr-benchmarks/hpc-benchmarks_25.09.sif /workspace/hpl-mxp.sh --gpu-affinity 0:1:2:3:4:5:6:7 --n 1140736 --nb 4096 --nprow 8 --npcol 8 --nporder row
[a0002:124450:0:124727] ib_mlx5_log.c:179  Remote operation error on mlx5_0:1/IB (synd 0x14 vend 0x89 hw_synd 0/0)
[a0002:124450:0:124727] ib_mlx5_log.c:179  DCI QP 0x27f6 wqe[0]: RDMA_READ s-- [rqpn 0x32ce rlid 83] [rva 0x7ecc3c000000 rkey 0x20792d] [va 0x7f27ec000000 len 2097152 lkey 0x206519] 
==== backtrace (tid: 124727) ====
 0  /opt/hpcx/ompi/lib/openmpi/../../../ucx/lib/libucs.so.0(ucs_handle_error+0x2e4) [0x7f8b355a1774]
 1  /opt/hpcx/ompi/lib/openmpi/../../../ucx/lib/libucs.so.0(ucs_fatal_error_message+0xc2) [0x7f8b3559e732]
 2  /opt/hpcx/ompi/lib/openmpi/../../../ucx/lib/libucs.so.0(+0x3956a) [0x7f8b355a356a]
 3  /opt/hpcx/ompi/lib/openmpi/../../../ucx/lib/libucs.so.0(ucs_log_dispatch+0xe4) [0x7f8b355a38f4]
 4  /opt/hpcx/ompi/lib/openmpi/../../../ucx/lib/ucx/libuct_ib_mlx5.so.0(uct_ib_mlx5_completion_with_err+0x550) [0x7f8b26c89550]
 5  /opt/hpcx/ompi/lib/openmpi/../../../ucx/lib/ucx/libuct_ib_mlx5.so.0(uct_dc_mlx5_ep_handle_failure+0xb2) [0x7f8b26cbde82]
 6  /opt/hpcx/ompi/lib/openmpi/../../../ucx/lib/ucx/libuct_ib_mlx5.so.0(uct_ib_mlx5_check_completion+0x3d) [0x7f8b26c8a74d]
 7  /opt/hpcx/ompi/lib/openmpi/../../../ucx/lib/ucx/libuct_ib_mlx5.so.0(+0x4b097) [0x7f8b26cc0097]
 8  /opt/hpcx/ompi/lib/openmpi/../../../ucx/lib/libucp.so.0(ucp_worker_progress+0x5a) [0x7f8b356350ea]
 9  /opt/hpcx/ompi/lib/./libopen-pal.so.40(opal_progress+0x34) [0x7f8b778623b4]
10  /opt/hpcx/ompi/lib/./libopen-pal.so.40(ompi_sync_wait_mt+0x115) [0x7f8b77868bb5]
11  /opt/hpcx/ompi/lib/libmpi.so.40(ompi_request_default_wait+0x24b) [0x7f8b8076b03b]
12  /opt/hpcx/ompi/lib/libmpi.so.40(PMPI_Wait+0x1e) [0x7f8b80797e9e]
13  /workspace/hpl-mxp-linux-x86_64/xhpl_mxp() [0x50e9d3]
14  /workspace/hpl-mxp-linux-x86_64/xhpl_mxp() [0x4dc7d3]
15  /workspace/hpl-mxp-linux-x86_64/xhpl_mxp() [0x4df810]
16  /workspace/hpl-mxp-linux-x86_64/xhpl_mxp() [0x4df793]
17  /workspace/hpl-mxp-linux-x86_64/xhpl_mxp() [0x4df703]
18  /workspace/hpl-mxp-linux-x86_64/xhpl_mxp() [0x4df6bc]
19  /workspace/hpl-mxp-linux-x86_64/xhpl_mxp() [0x4df6a0]
20  /workspace/hpl-mxp-linux-x86_64/xhpl_mxp() [0x5bd493]
21  /lib/x86_64-linux-gnu/libc.so.6(+0x9caa4) [0x7f8b4728aaa4]
22  /lib/x86_64-linux-gnu/libc.so.6(+0x129c3c) [0x7f8b47317c3c]
=================================
[a0002:124450] *** Process received signal ***
[a0002:124450] Signal: Aborted (6)
[a0002:124450] Signal code:  (-6)
[a0002:124450] [ 0] /lib/x86_64-linux-gnu/libc.so.6(+0x45330)[0x7f8b47233330]
[a0002:124450] [ 1] /lib/x86_64-linux-gnu/libc.so.6(pthread_kill+0x11c)[0x7f8b4728cb2c]
[a0002:124450] [ 2] /lib/x86_64-linux-gnu/libc.so.6(gsignal+0x1e)[0x7f8b4723327e]
[a0002:124450] [ 3] /lib/x86_64-linux-gnu/libc.so.6(abort+0xdf)[0x7f8b472168ff]
[a0002:124450] [ 4] /opt/hpcx/ompi/lib/openmpi/../../../ucx/lib/libucs.so.0(+0x34737)[0x7f8b3559e737]
[a0002:124450] [ 5] /opt/hpcx/ompi/lib/openmpi/../../../ucx/lib/libucs.so.0(+0x3956a)[0x7f8b355a356a]
[a0002:124450] [ 6] /opt/hpcx/ompi/lib/openmpi/../../../ucx/lib/libucs.so.0(ucs_log_dispatch+0xe4)[0x7f8b355a38f4]
[a0002:124450] [ 7] /opt/hpcx/ompi/lib/openmpi/../../../ucx/lib/ucx/libuct_ib_mlx5.so.0(uct_ib_mlx5_completion_with_err+0x550)[0x7f8b26c89550]
[a0002:124450] [ 8] /opt/hpcx/ompi/lib/openmpi/../../../ucx/lib/ucx/libuct_ib_mlx5.so.0(uct_dc_mlx5_ep_handle_failure+0xb2)[0x7f8b26cbde82]
[a0002:124450] [ 9] /opt/hpcx/ompi/lib/openmpi/../../../ucx/lib/ucx/libuct_ib_mlx5.so.0(uct_ib_mlx5_check_completion+0x3d)[0x7f8b26c8a74d]
[a0002:124450] [10] /opt/hpcx/ompi/lib/openmpi/../../../ucx/lib/ucx/libuct_ib_mlx5.so.0(+0x4b097)[0x7f8b26cc0097]
[a0002:124450] [11] /opt/hpcx/ompi/lib/openmpi/../../../ucx/lib/libucp.so.0(ucp_worker_progress+0x5a)[0x7f8b356350ea]
[a0002:124450] [12] /opt/hpcx/ompi/lib/./libopen-pal.so.40(opal_progress+0x34)[0x7f8b778623b4]
[a0002:124450] [13] /opt/hpcx/ompi/lib/./libopen-pal.so.40(ompi_sync_wait_mt+0x115)[0x7f8b77868bb5]
[a0002:124450] [14] /opt/hpcx/ompi/lib/libmpi.so.40(ompi_request_default_wait+0x24b)[0x7f8b8076b03b]
[a0002:124450] [15] /opt/hpcx/ompi/lib/libmpi.so.40(PMPI_Wait+0x1e)[0x7f8b80797e9e]
[a0002:124450] [16] /workspace/hpl-mxp-linux-x86_64/xhpl_mxp[0x50e9d3]
[a0002:124450] [17] /workspace/hpl-mxp-linux-x86_64/xhpl_mxp[0x4dc7d3]
[a0002:124450] [18] /workspace/hpl-mxp-linux-x86_64/xhpl_mxp[0x4df810]
[a0002:124450] [19] /workspace/hpl-mxp-linux-x86_64/xhpl_mxp[0x4df793]
[a0002:124450] [20] /workspace/hpl-mxp-linux-x86_64/xhpl_mxp[0x4df703]
[a0002:124450] [21] /workspace/hpl-mxp-linux-x86_64/xhpl_mxp[0x4df6bc]
[a0002:124450] [22] /workspace/hpl-mxp-linux-x86_64/xhpl_mxp[0x4df6a0]
[a0002:124450] [23] /workspace/hpl-mxp-linux-x86_64/xhpl_mxp[0x5bd493]
[a0002:124450] [24] /lib/x86_64-linux-gnu/libc.so.6(+0x9caa4)[0x7f8b4728aaa4]
[a0002:124450] [25] /lib/x86_64-linux-gnu/libc.so.6(+0x129c3c)[0x7f8b47317c3c]
[a0002:124450] *** End of error message ***
[a0002:124542:0:124707] ib_mlx5_log.c:179  Remote operation error on mlx5_0:1/IB (synd 0x14 vend 0x89 hw_synd 0/0)
[a0002:124542:0:124707] ib_mlx5_log.c:179  DCI QP 0x27f8 wqe[0]: RDMA_READ s-- [rqpn 0x32fe rlid 83] [rva 0x7eb7e4000000 rkey 0x207a2e] [va 0x7ed85c000000 len 2266496 lkey 0x20671a] 
[a0002:124526:0:124721] ib_mlx5_log.c:179  Remote operation error on mlx5_0:1/IB (synd 0x14 vend 0x89 hw_synd 0/0)
[a0002:124526:0:124721] ib_mlx5_log.c:179  DCI QP 0x27f7 wqe[0]: RDMA_READ s-- [rqpn 0x32f6 rlid 83] [rva 0x7f8504000000 rkey 0x207d2f] [va 0x7f4174000000 len 2097152 lkey 0x20681b] 
==== backtrace (tid: 124721) ====
 0  /opt/hpcx/ompi/lib/openmpi/../../../ucx/lib/libucs.so.0(ucs_handle_error+0x2e4) [0x7fa4bc625774]
 1  /opt/hpcx/ompi/lib/openmpi/../../../ucx/lib/libucs.so.0(ucs_fatal_error_message+0xc2) [0x7fa4bc622732]
 2  /opt/hpcx/ompi/lib/openmpi/../../../ucx/lib/libucs.so.0(+0x3956a) [0x7fa4bc62756a]
 3  /opt/hpcx/ompi/lib/openmpi/../../../ucx/lib/libucs.so.0(ucs_log_dispatch+0xe4) [0x7fa4bc6278f4]
 4  /opt/hpcx/ompi/lib/openmpi/../../../ucx/lib/ucx/libuct_ib_mlx5.so.0(uct_ib_mlx5_completion_with_err+0x550) [0x7fa4b5cf5550]
 5  /opt/hpcx/ompi/lib/openmpi/../../../ucx/lib/ucx/libuct_ib_mlx5.so.0(uct_dc_mlx5_ep_handle_failure+0xb2) [0x7fa4b5d29e82]
 6  /opt/hpcx/ompi/lib/openmpi/../../../ucx/lib/ucx/libuct_ib_mlx5.so.0(uct_ib_mlx5_check_completion+0x3d) [0x7fa4b5cf674d]
 7  /opt/hpcx/ompi/lib/openmpi/../../../ucx/lib/ucx/libuct_ib_mlx5.so.0(+0x4b097) [0x7fa4b5d2c097]
 8  /opt/hpcx/ompi/lib/openmpi/../../../ucx/lib/libucp.so.0(ucp_worker_progress+0x5a) [0x7fa4bc6b90ea]
 9  /opt/hpcx/ompi/lib/./libopen-pal.so.40(opal_progress+0x34) [0x7fa4fb3203b4]
10  /opt/hpcx/ompi/lib/./libopen-pal.so.40(ompi_sync_wait_mt+0x115) [0x7fa4fb326bb5]
11  /opt/hpcx/ompi/lib/libmpi.so.40(ompi_request_default_wait+0x24b) [0x7fa50753203b]
12  /opt/hpcx/ompi/lib/libmpi.so.40(PMPI_Wait+0x1e) [0x7fa50755ee9e]
13  /workspace/hpl-mxp-linux-x86_64/xhpl_mxp() [0x50e9d3]
14  /workspace/hpl-mxp-linux-x86_64/xhpl_mxp() [0x4dc7d3]
15  /workspace/hpl-mxp-linux-x86_64/xhpl_mxp() [0x4df810]
16  /workspace/hpl-mxp-linux-x86_64/xhpl_mxp() [0x4df793]
17  /workspace/hpl-mxp-linux-x86_64/xhpl_mxp() [0x4df703]
18  /workspace/hpl-mxp-linux-x86_64/xhpl_mxp() [0x4df6bc]
19  /workspace/hpl-mxp-linux-x86_64/xhpl_mxp() [0x4df6a0]
20  /workspace/hpl-mxp-linux-x86_64/xhpl_mxp() [0x5bd493]
21  /lib/x86_64-linux-gnu/libc.so.6(+0x9caa4) [0x7fa4ce48aaa4]
22  /lib/x86_64-linux-gnu/libc.so.6(+0x129c3c) [0x7fa4ce517c3c]
=================================
==== backtrace (tid: 124707) ====
 0  /opt/hpcx/ompi/lib/openmpi/../../../ucx/lib/libucs.so.0(ucs_handle_error+0x2e4) [0x7f3ba57b0774]
 1  /opt/hpcx/ompi/lib/openmpi/../../../ucx/lib/libucs.so.0(ucs_fatal_error_message+0xc2) [0x7f3ba57ad732]
 2  /opt/hpcx/ompi/lib/openmpi/../../../ucx/lib/libucs.so.0(+0x3956a) [0x7f3ba57b256a]
 3  /opt/hpcx/ompi/lib/openmpi/../../../ucx/lib/libucs.so.0(ucs_log_dispatch+0xe4) [0x7f3ba57b28f4]
 4  /opt/hpcx/ompi/lib/openmpi/../../../ucx/lib/ucx/libuct_ib_mlx5.so.0(uct_ib_mlx5_completion_with_err+0x550) [0x7f3ba40c0550]
 5  /opt/hpcx/ompi/lib/openmpi/../../../ucx/lib/ucx/libuct_ib_mlx5.so.0(uct_dc_mlx5_ep_handle_failure+0xb2) [0x7f3ba40f4e82]
 6  /opt/hpcx/ompi/lib/openmpi/../../../ucx/lib/ucx/libuct_ib_mlx5.so.0(uct_ib_mlx5_check_completion+0x3d) [0x7f3ba40c174d]
 7  /opt/hpcx/ompi/lib/openmpi/../../../ucx/lib/ucx/libuct_ib_mlx5.so.0(+0x4b097) [0x7f3ba40f7097]
 8  /opt/hpcx/ompi/lib/openmpi/../../../ucx/lib/libucp.so.0(ucp_worker_progress+0x5a) [0x7f3ba58440ea]
 9  /opt/hpcx/ompi/lib/./libopen-pal.so.40(opal_progress+0x34) [0x7f3be7a623b4]
10  /opt/hpcx/ompi/lib/./libopen-pal.so.40(ompi_sync_wait_mt+0x115) [0x7f3be7a68bb5]
11  /opt/hpcx/ompi/lib/libmpi.so.40(ompi_request_default_wait+0x24b) [0x7f3bf097703b]
12  /opt/hpcx/ompi/lib/libmpi.so.40(PMPI_Wait+0x1e) [0x7f3bf09a3e9e]
13  /workspace/hpl-mxp-linux-x86_64/xhpl_mxp() [0x50e9d3]
14  /workspace/hpl-mxp-linux-x86_64/xhpl_mxp() [0x4dc7d3]
15  /workspace/hpl-mxp-linux-x86_64/xhpl_mxp() [0x4df810]
16  /workspace/hpl-mxp-linux-x86_64/xhpl_mxp() [0x4df793]
17  /workspace/hpl-mxp-linux-x86_64/xhpl_mxp() [0x4df703]
18  /workspace/hpl-mxp-linux-x86_64/xhpl_mxp() [0x4df6bc]
19  /workspace/hpl-mxp-linux-x86_64/xhpl_mxp() [0x4df6a0]
20  /workspace/hpl-mxp-linux-x86_64/xhpl_mxp() [0x5bd493]
21  /lib/x86_64-linux-gnu/libc.so.6(+0x9caa4) [0x7f3bb748aaa4]
22  /lib/x86_64-linux-gnu/libc.so.6(+0x129c3c) [0x7f3bb7517c3c]
=================================
[a0002:124526] *** Process received signal ***
[a0002:124542] *** Process received signal ***
[a0002:124526] Signal: Aborted (6)
[a0002:124526] Signal code:  (-6)
[a0002:124542] Signal: Aborted (6)
[a0002:124542] Signal code:  (-6)
[a0002:124526] [ 0] /lib/x86_64-linux-gnu/libc.so.6(+0x45330)[0x7fa4ce433330]
[a0002:124542] [ 0] /lib/x86_64-linux-gnu/libc.so.6(+0x45330)[0x7f3bb7433330]
[a0002:124526] [ 1] /lib/x86_64-linux-gnu/libc.so.6(pthread_kill+0x11c)[0x7fa4ce48cb2c]
[a0002:124542] [ 1] /lib/x86_64-linux-gnu/libc.so.6(pthread_kill+0x11c)[0x7f3bb748cb2c]
[a0002:124526] [ 2] /lib/x86_64-linux-gnu/libc.so.6(gsignal+0x1e)[0x7fa4ce43327e]
[a0002:124542] [ 2] /lib/x86_64-linux-gnu/libc.so.6(gsignal+0x1e)[0x7f3bb743327e]
[a0002:124542] [ 3] /lib/x86_64-linux-gnu/libc.so.6(abort+0xdf)[0x7f3bb74168ff]
[a0002:124526] [ 3] /lib/x86_64-linux-gnu/libc.so.6(abort+0xdf)[0x7fa4ce4168ff]
[a0002:124542] [ 4] /opt/hpcx/ompi/lib/openmpi/../../../ucx/lib/libucs.so.0(+0x34737)[0x7f3ba57ad737]
[a0002:124526] [ 4] /opt/hpcx/ompi/lib/openmpi/../../../ucx/lib/libucs.so.0(+0x34737)[0x7fa4bc622737]
[a0002:124526] [ 5] /opt/hpcx/ompi/lib/openmpi/../../../ucx/lib/libucs.so.0(+0x3956a)[0x7fa4bc62756a]
[a0002:124526] [ 6] /opt/hpcx/ompi/lib/openmpi/../../../ucx/lib/libucs.so.0(ucs_log_dispatch+0xe4)[0x7fa4bc6278f4]
[a0002:124526] [ 7] /opt/hpcx/ompi/lib/openmpi/../../../ucx/lib/ucx/libuct_ib_mlx5.so.0(uct_ib_mlx5_completion_with_err+0x550)[0x7fa4b5cf5550]
[a0002:124542] [ 5] /opt/hpcx/ompi/lib/openmpi/../../../ucx/lib/libucs.so.0(+0x3956a)[0x7f3ba57b256a]
[a0002:124542] [ 6] /opt/hpcx/ompi/lib/openmpi/../../../ucx/lib/libucs.so.0(ucs_log_dispatch+0xe4)[0x7f3ba57b28f4]
[a0002:124542] [ 7] /opt/hpcx/ompi/lib/openmpi/../../../ucx/lib/ucx/libuct_ib_mlx5.so.0(uct_ib_mlx5_completion_with_err+0x550)[0x7f3ba40c0550]
[a0002:124542] [ 8] /opt/hpcx/ompi/lib/openmpi/../../../ucx/lib/ucx/libuct_ib_mlx5.so.0(uct_dc_mlx5_ep_handle_failure+0xb2)[0x7f3ba40f4e82]
[a0002:124542] [ 9] /opt/hpcx/ompi/lib/openmpi/../../../ucx/lib/ucx/libuct_ib_mlx5.so.0(uct_ib_mlx5_check_completion+0x3d)[0x7f3ba40c174d]
[a0002:124526] [ 8] /opt/hpcx/ompi/lib/openmpi/../../../ucx/lib/ucx/libuct_ib_mlx5.so.0(uct_dc_mlx5_ep_handle_failure+0xb2)[0x7fa4b5d29e82]
[a0002:124526] [ 9] /opt/hpcx/ompi/lib/openmpi/../../../ucx/lib/ucx/libuct_ib_mlx5.so.0(uct_ib_mlx5_check_completion+0x3d)[0x7fa4b5cf674d]
[a0002:124526] [10] /opt/hpcx/ompi/lib/openmpi/../../../ucx/lib/ucx/libuct_ib_mlx5.so.0(+0x4b097)[0x7fa4b5d2c097]
[a0002:124542] [10] /opt/hpcx/ompi/lib/openmpi/../../../ucx/lib/ucx/libuct_ib_mlx5.so.0(+0x4b097)[0x7f3ba40f7097]
[a0002:124542] [11] /opt/hpcx/ompi/lib/openmpi/../../../ucx/lib/libucp.so.0(ucp_worker_progress+0x5a)[0x7f3ba58440ea]
[a0002:124526] [11] /opt/hpcx/ompi/lib/openmpi/../../../ucx/lib/libucp.so.0(ucp_worker_progress+0x5a)[0x7fa4bc6b90ea]
[a0002:124526] [12] /opt/hpcx/ompi/lib/./libopen-pal.so.40(opal_progress+0x34)[0x7fa4fb3203b4]
[a0002:124542] [12] /opt/hpcx/ompi/lib/./libopen-pal.so.40(opal_progress+0x34)[0x7f3be7a623b4]
[a0002:124542] [13] /opt/hpcx/ompi/lib/./libopen-pal.so.40(ompi_sync_wait_mt+0x115)[0x7f3be7a68bb5]
[a0002:124526] [13] /opt/hpcx/ompi/lib/./libopen-pal.so.40(ompi_sync_wait_mt+0x115)[0x7fa4fb326bb5]
[a0002:124526] [14] /opt/hpcx/ompi/lib/libmpi.so.40(ompi_request_default_wait+0x24b)[0x7fa50753203b]
[a0002:124542] [14] /opt/hpcx/ompi/lib/libmpi.so.40(ompi_request_default_wait+0x24b)[0x7f3bf097703b]
[a0002:124542] [15] /opt/hpcx/ompi/lib/libmpi.so.40(PMPI_Wait+0x1e)[0x7f3bf09a3e9e]
[a0002:124526] [15] /opt/hpcx/ompi/lib/libmpi.so.40(PMPI_Wait+0x1e)[0x7fa50755ee9e]
[a0002:124542] [16] /workspace/hpl-mxp-linux-x86_64/xhpl_mxp[0x50e9d3]
[a0002:124526] [16] /workspace/hpl-mxp-linux-x86_64/xhpl_mxp[0x50e9d3]
[a0002:124542] [17] /workspace/hpl-mxp-linux-x86_64/xhpl_mxp[0x4dc7d3]
[a0002:124526] [17] /workspace/hpl-mxp-linux-x86_64/xhpl_mxp[0x4dc7d3]
[a0002:124542] [18] /workspace/hpl-mxp-linux-x86_64/xhpl_mxp[0x4df810]
[a0002:124542] [19] /workspace/hpl-mxp-linux-x86_64/xhpl_mxp[0x4df793]
[a0002:124526] [18] /workspace/hpl-mxp-linux-x86_64/xhpl_mxp[0x4df810]
[a0002:124526] [19] /workspace/hpl-mxp-linux-x86_64/xhpl_mxp[0x4df793]
[a0002:124542] [20] /workspace/hpl-mxp-linux-x86_64/xhpl_mxp[0x4df703]
[a0002:124526] [20] /workspace/hpl-mxp-linux-x86_64/xhpl_mxp[0x4df703]
[a0002:124542] [21] /workspace/hpl-mxp-linux-x86_64/xhpl_mxp[0x4df6bc]
[a0002:124542] [22] /workspace/hpl-mxp-linux-x86_64/xhpl_mxp[0x4df6a0]
[a0002:124526] [21] /workspace/hpl-mxp-linux-x86_64/xhpl_mxp[0x4df6bc]
[a0002:124526] [22] /workspace/hpl-mxp-linux-x86_64/xhpl_mxp[0x4df6a0]
[a0002:124542] [23] /workspace/hpl-mxp-linux-x86_64/xhpl_mxp[0x5bd493]
[a0002:124526] [23] /workspace/hpl-mxp-linux-x86_64/xhpl_mxp[0x5bd493]
[a0002:124542] [24] /lib/x86_64-linux-gnu/libc.so.6(+0x9caa4)[0x7f3bb748aaa4]
[a0002:124526] [24] /lib/x86_64-linux-gnu/libc.so.6(+0x9caa4)[0x7fa4ce48aaa4]
[a0002:124542] [25] /lib/x86_64-linux-gnu/libc.so.6(+0x129c3c)[0x7f3bb7517c3c]
[a0002:124542] *** End of error message ***
[a0002:124526] [25] /lib/x86_64-linux-gnu/libc.so.6(+0x129c3c)[0x7fa4ce517c3c]
[a0002:124526] *** End of error message ***
[a0002:124536:0:124735] ib_mlx5_log.c:179  Remote operation error on mlx5_0:1/IB (synd 0x14 vend 0x89 hw_synd 0/0)
[a0002:124536:0:124735] ib_mlx5_log.c:179  DCI QP 0x27fa wqe[0]: RDMA_READ s-- [rqpn 0x32b8 rlid 83] [rva 0x7ee1ac000000 rkey 0x207e30] [va 0x7f6ba4000000 len 2097152 lkey 0x206c1d] 
[a0002:124476:0:124723] ib_mlx5_log.c:179  Remote operation error on mlx5_0:1/IB (synd 0x14 vend 0x89 hw_synd 0/0)
[a0002:124476:0:124723] ib_mlx5_log.c:179  DCI QP 0x27f9 wqe[0]: RDMA_READ s-- [rqpn 0x32ec rlid 83] [rva 0x7eda9e000000 rkey 0x207f31] [va 0x7f8196000000 len 2097152 lkey 0x206a1c] 
==== backtrace (tid: 124735) ====
 0  /opt/hpcx/ompi/lib/openmpi/../../../ucx/lib/libucs.so.0(ucs_handle_error+0x2e4) [0x7fcd90066774]
 1  /opt/hpcx/ompi/lib/openmpi/../../../ucx/lib/libucs.so.0(ucs_fatal_error_message+0xc2) [0x7fcd90063732]
 2  /opt/hpcx/ompi/lib/openmpi/../../../ucx/lib/libucs.so.0(+0x3956a) [0x7fcd9006856a]
 3  /opt/hpcx/ompi/lib/openmpi/../../../ucx/lib/libucs.so.0(ucs_log_dispatch+0xe4) [0x7fcd900688f4]
 4  /opt/hpcx/ompi/lib/openmpi/../../../ucx/lib/ucx/libuct_ib_mlx5.so.0(uct_ib_mlx5_completion_with_err+0x550) [0x7fcd88d54550]
 5  /opt/hpcx/ompi/lib/openmpi/../../../ucx/lib/ucx/libuct_ib_mlx5.so.0(uct_dc_mlx5_ep_handle_failure+0xb2) [0x7fcd88d88e82]
 6  /opt/hpcx/ompi/lib/openmpi/../../../ucx/lib/ucx/libuct_ib_mlx5.so.0(uct_ib_mlx5_check_completion+0x3d) [0x7fcd88d5574d]
 7  /opt/hpcx/ompi/lib/openmpi/../../../ucx/lib/ucx/libuct_ib_mlx5.so.0(+0x4b097) [0x7fcd88d8b097]
 8  /opt/hpcx/ompi/lib/openmpi/../../../ucx/lib/libucp.so.0(ucp_worker_progress+0x5a) [0x7fcd8b65d0ea]
 9  /opt/hpcx/ompi/lib/./libopen-pal.so.40(opal_progress+0x34) [0x7fcdce3203b4]
10  /opt/hpcx/ompi/lib/./libopen-pal.so.40(ompi_sync_wait_mt+0x115) [0x7fcdce326bb5]
11  /opt/hpcx/ompi/lib/libmpi.so.40(ompi_request_default_wait+0x24b) [0x7fcdda53203b]
12  /opt/hpcx/ompi/lib/libmpi.so.40(PMPI_Wait+0x1e) [0x7fcdda55ee9e]
13  /workspace/hpl-mxp-linux-x86_64/xhpl_mxp() [0x50e9d3]
14  /workspace/hpl-mxp-linux-x86_64/xhpl_mxp() [0x4dc7d3]
15  /workspace/hpl-mxp-linux-x86_64/xhpl_mxp() [0x4df810]
16  /workspace/hpl-mxp-linux-x86_64/xhpl_mxp() [0x4df793]
17  /workspace/hpl-mxp-linux-x86_64/xhpl_mxp() [0x4df703]
18  /workspace/hpl-mxp-linux-x86_64/xhpl_mxp() [0x4df6bc]
19  /workspace/hpl-mxp-linux-x86_64/xhpl_mxp() [0x4df6a0]
20  /workspace/hpl-mxp-linux-x86_64/xhpl_mxp() [0x5bd493]
21  /lib/x86_64-linux-gnu/libc.so.6(+0x9caa4) [0x7fcda148aaa4]
22  /lib/x86_64-linux-gnu/libc.so.6(+0x129c3c) [0x7fcda1517c3c]
=================================
[a0002:124536] *** Process received signal ***
[a0002:124536] Signal: Aborted (6)
[a0002:124536] Signal code:  (-6)
[a0002:124536] [ 0] /lib/x86_64-linux-gnu/libc.so.6(+0x45330)[0x7fcda1433330]
[a0002:124536] [ 1] /lib/x86_64-linux-gnu/libc.so.6(pthread_kill+0x11c)[0x7fcda148cb2c]
[a0002:124536] [ 2] /lib/x86_64-linux-gnu/libc.so.6(gsignal+0x1e)[0x7fcda143327e]
==== backtrace (tid: 124723) ====
[a0002:124536] [ 3] /lib/x86_64-linux-gnu/libc.so.6(abort+0xdf)[0x7fcda14168ff]
[a0002:124536] [ 4] /opt/hpcx/ompi/lib/openmpi/../../../ucx/lib/libucs.so.0(+0x34737)[0x7fcd90063737]
 0  /opt/hpcx/ompi/lib/openmpi/../../../ucx/lib/libucs.so.0(ucs_handle_error+0x2e4) [0x7fe221089774]
 1  /opt/hpcx/ompi/lib/openmpi/../../../ucx/lib/libucs.so.0(ucs_fatal_error_message+0xc2) [0x7fe221086732]
 2  /opt/hpcx/ompi/lib/openmpi/../../../ucx/lib/libucs.so.0(+0x3956a) [0x7fe22108b56a]
 3  /opt/hpcx/ompi/lib/openmpi/../../../ucx/lib/libucs.so.0(ucs_log_dispatch+0xe4) [0x7fe22108b8f4]
 4  /opt/hpcx/ompi/lib/openmpi/../../../ucx/lib/ucx/libuct_ib_mlx5.so.0(uct_ib_mlx5_completion_with_err+0x550) [0x7fe22019a550]
 5  /opt/hpcx/ompi/lib/openmpi/../../../ucx/lib/ucx/libuct_ib_mlx5.so.0(uct_dc_mlx5_ep_handle_failure+0xb2) [0x7fe2201cee82]
 6  /opt/hpcx/ompi/lib/openmpi/../../../ucx/lib/ucx/libuct_ib_mlx5.so.0(uct_ib_mlx5_check_completion+0x3d) [0x7fe22019b74d]
 7  /opt/hpcx/ompi/lib/openmpi/../../../ucx/lib/ucx/libuct_ib_mlx5.so.0(+0x4b097) [0x7fe2201d1097]
 8  /opt/hpcx/ompi/lib/openmpi/../../../ucx/lib/libucp.so.0(ucp_worker_progress+0x5a) [0x7fe22111d0ea]
 9  /opt/hpcx/ompi/lib/./libopen-pal.so.40(opal_progress+0x34) [0x7fe25fd203b4]
10  /opt/hpcx/ompi/lib/./libopen-pal.so.40(ompi_sync_wait_mt+0x115) [0x7fe25fd26bb5]
11  /opt/hpcx/ompi/lib/libmpi.so.40(ompi_request_default_wait+0x24b) [0x7fe26bf3203b]
12  /opt/hpcx/ompi/lib/libmpi.so.40(PMPI_Wait+0x1e) [0x7fe26bf5ee9e]
13  /workspace/hpl-mxp-linux-x86_64/xhpl_mxp() [0x50e9d3]
14  /workspace/hpl-mxp-linux-x86_64/xhpl_mxp() [0x4dc7d3]
15  /workspace/hpl-mxp-linux-x86_64/xhpl_mxp() [0x4df810]
[a0002:124536] [ 5] /opt/hpcx/ompi/lib/openmpi/../../../ucx/lib/libucs.so.0(+0x3956a)[0x7fcd9006856a]
[a0002:124536] [ 6] /opt/hpcx/ompi/lib/openmpi/../../../ucx/lib/libucs.so.0(ucs_log_dispatch+0xe4)[0x7fcd900688f4]
[a0002:124536] [ 7] /opt/hpcx/ompi/lib/openmpi/../../../ucx/lib/ucx/libuct_ib_mlx5.so.0(uct_ib_mlx5_completion_with_err+0x550)[0x7fcd88d54550]
[a0002:124536] [ 8] /opt/hpcx/ompi/lib/openmpi/../../../ucx/lib/ucx/libuct_ib_mlx5.so.0(uct_dc_mlx5_ep_handle_failure+0xb2)[0x7fcd88d88e82]
[a0002:124536] [ 9] /opt/hpcx/ompi/lib/openmpi/../../../ucx/lib/ucx/libuct_ib_mlx5.so.0(uct_ib_mlx5_check_completion+0x3d)[0x7fcd88d5574d]
16  /workspace/hpl-mxp-linux-x86_64/xhpl_mxp() [0x4df793]
17  /workspace/hpl-mxp-linux-x86_64/xhpl_mxp() [0x4df703]
18  /workspace/hpl-mxp-linux-x86_64/xhpl_mxp() [0x4df6bc]
19  /workspace/hpl-mxp-linux-x86_64/xhpl_mxp() [0x4df6a0]
20  /workspace/hpl-mxp-linux-x86_64/xhpl_mxp() [0x5bd493]
21  /lib/x86_64-linux-gnu/libc.so.6(+0x9caa4) [0x7fe232e8aaa4]
22  /lib/x86_64-linux-gnu/libc.so.6(+0x129c3c) [0x7fe232f17c3c]
=================================
[a0002:124536] [10] /opt/hpcx/ompi/lib/openmpi/../../../ucx/lib/ucx/libuct_ib_mlx5.so.0(+0x4b097)[0x7fcd88d8b097]
[a0002:124536] [11] /opt/hpcx/ompi/lib/openmpi/../../../ucx/lib/libucp.so.0(ucp_worker_progress+0x5a)[0x7fcd8b65d0ea]
[a0002:124536] [12] /opt/hpcx/ompi/lib/./libopen-pal.so.40(opal_progress+0x34)[0x7fcdce3203b4]
[a0002:124536] [13] /opt/hpcx/ompi/lib/./libopen-pal.so.40(ompi_sync_wait_mt+0x115)[0x7fcdce326bb5]
[a0002:124476] *** Process received signal ***
[a0002:124536] [14] /opt/hpcx/ompi/lib/libmpi.so.40(ompi_request_default_wait+0x24b)[0x7fcdda53203b]
[a0002:124476] Signal: Aborted (6)
[a0002:124476] Signal code:  (-6)
[a0002:124536] [15] /opt/hpcx/ompi/lib/libmpi.so.40(PMPI_Wait+0x1e)[0x7fcdda55ee9e]
[a0002:124536] [16] /workspace/hpl-mxp-linux-x86_64/xhpl_mxp[0x50e9d3]
[a0002:124536] [17] /workspace/hpl-mxp-linux-x86_64/xhpl_mxp[0x4dc7d3]
[a0002:124476] [ 0] /lib/x86_64-linux-gnu/libc.so.6(+0x45330)[0x7fe232e33330]
[a0002:124536] [18] /workspace/hpl-mxp-linux-x86_64/xhpl_mxp[0x4df810]
[a0002:124536] [19] /workspace/hpl-mxp-linux-x86_64/xhpl_mxp[0x4df793]
[a0002:124536] [20] /workspace/hpl-mxp-linux-x86_64/xhpl_mxp[0x4df703]
[a0002:124476] [ 1] /lib/x86_64-linux-gnu/libc.so.6(pthread_kill+0x11c)[0x7fe232e8cb2c]
[a0002:124476] [ 2] /lib/x86_64-linux-gnu/libc.so.6(gsignal+0x1e)[0x7fe232e3327e]
[a0002:124536] [21] /workspace/hpl-mxp-linux-x86_64/xhpl_mxp[0x4df6bc]
[a0002:124536] [22] /workspace/hpl-mxp-linux-x86_64/xhpl_mxp[0x4df6a0]
[a0002:124476] [ 3] /lib/x86_64-linux-gnu/libc.so.6(abort+0xdf)[0x7fe232e168ff]
[a0002:124476] [ 4] /opt/hpcx/ompi/lib/openmpi/../../../ucx/lib/libucs.so.0(+0x34737)[0x7fe221086737]
[a0002:124476] [ 5] /opt/hpcx/ompi/lib/openmpi/../../../ucx/lib/libucs.so.0(+0x3956a)[0x7fe22108b56a]
[a0002:124476] [ 6] /opt/hpcx/ompi/lib/openmpi/../../../ucx/lib/libucs.so.0(ucs_log_dispatch+0xe4)[0x7fe22108b8f4]
[a0002:124476] [ 7] /opt/hpcx/ompi/lib/openmpi/../../../ucx/lib/ucx/libuct_ib_mlx5.so.0(uct_ib_mlx5_completion_with_err+0x550)[0x7fe22019a550]
[a0002:124476] [ 8] /opt/hpcx/ompi/lib/openmpi/../../../ucx/lib/ucx/libuct_ib_mlx5.so.0(uct_dc_mlx5_ep_handle_failure+0xb2)[0x7fe2201cee82]
[a0002:124476] [ 9] /opt/hpcx/ompi/lib/openmpi/../../../ucx/lib/ucx/libuct_ib_mlx5.so.0(uct_ib_mlx5_check_completion+0x3d)[0x7fe22019b74d]
[a0002:124476] [10] /opt/hpcx/ompi/lib/openmpi/../../../ucx/lib/ucx/libuct_ib_mlx5.so.0(+0x4b097)[0x7fe2201d1097]
[a0002:124536] [23] /workspace/hpl-mxp-linux-x86_64/xhpl_mxp[0x5bd493]
[a0002:124476] [11] /opt/hpcx/ompi/lib/openmpi/../../../ucx/lib/libucp.so.0(ucp_worker_progress+0x5a)[0x7fe22111d0ea]
[a0002:124476] [12] /opt/hpcx/ompi/lib/./libopen-pal.so.40(opal_progress+0x34)[0x7fe25fd203b4]
[a0002:124536] [24] /lib/x86_64-linux-gnu/libc.so.6(+0x9caa4)[0x7fcda148aaa4]
[a0002:124476] [13] /opt/hpcx/ompi/lib/./libopen-pal.so.40(ompi_sync_wait_mt+0x115)[0x7fe25fd26bb5]
[a0002:124476] [14] /opt/hpcx/ompi/lib/libmpi.so.40(ompi_request_default_wait+0x24b)[0x7fe26bf3203b]
[a0002:124536] [25] /lib/x86_64-linux-gnu/libc.so.6(+0x129c3c)[0x7fcda1517c3c]
[a0002:124536] *** End of error message ***
[a0002:124476] [15] /opt/hpcx/ompi/lib/libmpi.so.40(PMPI_Wait+0x1e)[0x7fe26bf5ee9e]
[a0002:124476] [16] /workspace/hpl-mxp-linux-x86_64/xhpl_mxp[0x50e9d3]
[a0002:124476] [17] /workspace/hpl-mxp-linux-x86_64/xhpl_mxp[0x4dc7d3]
[a0002:124476] [18] /workspace/hpl-mxp-linux-x86_64/xhpl_mxp[0x4df810]
[a0002:124476] [19] /workspace/hpl-mxp-linux-x86_64/xhpl_mxp[0x4df793]
[a0002:124476] [20] /workspace/hpl-mxp-linux-x86_64/xhpl_mxp[0x4df703]
[a0002:124476] [21] /workspace/hpl-mxp-linux-x86_64/xhpl_mxp[0x4df6bc]
[a0002:124476] [22] /workspace/hpl-mxp-linux-x86_64/xhpl_mxp[0x4df6a0]
[a0002:124476] [23] /workspace/hpl-mxp-linux-x86_64/xhpl_mxp[0x5bd493]
[a0002:124476] [24] /lib/x86_64-linux-gnu/libc.so.6(+0x9caa4)[0x7fe232e8aaa4]
[a0002:124476] [25] /lib/x86_64-linux-gnu/libc.so.6(+0x129c3c)[0x7fe232f17c3c]
[a0002:124476] *** End of error message ***
[a0002:124433:0:124731] ib_mlx5_log.c:179  Remote operation error on mlx5_0:1/IB (synd 0x14 vend 0x89 hw_synd 0/0)
[a0002:124433:0:124731] ib_mlx5_log.c:179  DCI QP 0x27fb wqe[0]: RDMA_READ s-- [rqpn 0x32e1 rlid 83] [rva 0x7f6148000000 rkey 0x208234] [va 0x7f42c8000000 len 2097152 lkey 0x206f1f] 
[a0002:124444:0:124729] ib_mlx5_log.c:179  Remote operation error on mlx5_0:1/IB (synd 0x14 vend 0x89 hw_synd 0/0)
[a0002:124444:0:124729] ib_mlx5_log.c:179  DCI QP 0x27fc wqe[0]: RDMA_READ s-- [rqpn 0x32c2 rlid 83] [rva 0x7f78d8000000 rkey 0x208032] [va 0x7efbac000000 len 2097152 lkey 0x206d1e] 
==== backtrace (tid: 124731) ====
 0  /opt/hpcx/ompi/lib/openmpi/../../../ucx/lib/libucs.so.0(ucs_handle_error+0x2e4) [0x7fa612701774]
 1  /opt/hpcx/ompi/lib/openmpi/../../../ucx/lib/libucs.so.0(ucs_fatal_error_message+0xc2) [0x7fa6126fe732]
 2  /opt/hpcx/ompi/lib/openmpi/../../../ucx/lib/libucs.so.0(+0x3956a) [0x7fa61270356a]
 3  /opt/hpcx/ompi/lib/openmpi/../../../ucx/lib/libucs.so.0(ucs_log_dispatch+0xe4) [0x7fa6127038f4]
 4  /opt/hpcx/ompi/lib/openmpi/../../../ucx/lib/ucx/libuct_ib_mlx5.so.0(uct_ib_mlx5_completion_with_err+0x550) [0x7fa611013550]
 5  /opt/hpcx/ompi/lib/openmpi/../../../ucx/lib/ucx/libuct_ib_mlx5.so.0(uct_dc_mlx5_ep_handle_failure+0xb2) [0x7fa611047e82]
 6  /opt/hpcx/ompi/lib/openmpi/../../../ucx/lib/ucx/libuct_ib_mlx5.so.0(uct_ib_mlx5_check_completion+0x3d) [0x7fa61101474d]
 7  /opt/hpcx/ompi/lib/openmpi/../../../ucx/lib/ucx/libuct_ib_mlx5.so.0(+0x4b097) [0x7fa61104a097]
 8  /opt/hpcx/ompi/lib/openmpi/../../../ucx/lib/libucp.so.0(ucp_worker_progress+0x5a) [0x7fa6127950ea]
 9  /opt/hpcx/ompi/lib/./libopen-pal.so.40(opal_progress+0x34) [0x7fa6513203b4]
10  /opt/hpcx/ompi/lib/./libopen-pal.so.40(ompi_sync_wait_mt+0x115) [0x7fa651326bb5]
11  /opt/hpcx/ompi/lib/libmpi.so.40(ompi_request_default_wait+0x24b) [0x7fa65d53203b]
12  /opt/hpcx/ompi/lib/libmpi.so.40(PMPI_Wait+0x1e) [0x7fa65d55ee9e]
13  /workspace/hpl-mxp-linux-x86_64/xhpl_mxp() [0x50e9d3]
14  /workspace/hpl-mxp-linux-x86_64/xhpl_mxp() [0x4dc7d3]
15  /workspace/hpl-mxp-linux-x86_64/xhpl_mxp() [0x4df810]
16  /workspace/hpl-mxp-linux-x86_64/xhpl_mxp() [0x4df793]
17  /workspace/hpl-mxp-linux-x86_64/xhpl_mxp() [0x4df703]
18  /workspace/hpl-mxp-linux-x86_64/xhpl_mxp() [0x4df6bc]
19  /workspace/hpl-mxp-linux-x86_64/xhpl_mxp() [0x4df6a0]
20  /workspace/hpl-mxp-linux-x86_64/xhpl_mxp() [0x5bd493]
21  /lib/x86_64-linux-gnu/libc.so.6(+0x9caa4) [0x7fa62448aaa4]
22  /lib/x86_64-linux-gnu/libc.so.6(+0x129c3c) [0x7fa624517c3c]
=================================
[a0002:124433] *** Process received signal ***
[a0002:124433] Signal: Aborted (6)
[a0002:124433] Signal code:  (-6)
[a0002:124433] [ 0] /lib/x86_64-linux-gnu/libc.so.6(+0x45330)[0x7fa624433330]
[a0002:124433] [ 1] /lib/x86_64-linux-gnu/libc.so.6(pthread_kill+0x11c)[0x7fa62448cb2c]
[a0002:124433] [ 2] /lib/x86_64-linux-gnu/libc.so.6(gsignal+0x1e)[0x7fa62443327e]
[a0002:124433] [ 3] /lib/x86_64-linux-gnu/libc.so.6(abort+0xdf)[0x7fa6244168ff]
[a0002:124433] [ 4] /opt/hpcx/ompi/lib/openmpi/../../../ucx/lib/libucs.so.0(+0x34737)[0x7fa6126fe737]
[a0002:124433] [ 5] /opt/hpcx/ompi/lib/openmpi/../../../ucx/lib/libucs.so.0(+0x3956a)[0x7fa61270356a]
[a0002:124433] [ 6] /opt/hpcx/ompi/lib/openmpi/../../../ucx/lib/libucs.so.0(ucs_log_dispatch+0xe4)[0x7fa6127038f4]
[a0002:124433] [ 7] /opt/hpcx/ompi/lib/openmpi/../../../ucx/lib/ucx/libuct_ib_mlx5.so.0(uct_ib_mlx5_completion_with_err+0x550)[0x7fa611013550]
[a0002:124433] [ 8] /opt/hpcx/ompi/lib/openmpi/../../../ucx/lib/ucx/libuct_ib_mlx5.so.0(uct_dc_mlx5_ep_handle_failure+0xb2)[0x7fa611047e82]
[a0002:124433] [ 9] /opt/hpcx/ompi/lib/openmpi/../../../ucx/lib/ucx/libuct_ib_mlx5.so.0(uct_ib_mlx5_check_completion+0x3d)[0x7fa61101474d]
[a0002:124433] [10] /opt/hpcx/ompi/lib/openmpi/../../../ucx/lib/ucx/libuct_ib_mlx5.so.0(+0x4b097)[0x7fa61104a097]
[a0002:124433] [11] /opt/hpcx/ompi/lib/openmpi/../../../ucx/lib/libucp.so.0(ucp_worker_progress+0x5a)[0x7fa6127950ea]
[a0002:124433] [12] /opt/hpcx/ompi/lib/./libopen-pal.so.40(opal_progress+0x34)[0x7fa6513203b4]
[a0002:124433] [13] /opt/hpcx/ompi/lib/./libopen-pal.so.40(ompi_sync_wait_mt+0x115)[0x7fa651326bb5]
[a0002:124433] [14] /opt/hpcx/ompi/lib/libmpi.so.40(ompi_request_default_wait+0x24b)[0x7fa65d53203b]
[a0002:124433] [15] /opt/hpcx/ompi/lib/libmpi.so.40(PMPI_Wait+0x1e)[0x7fa65d55ee9e]
[a0002:124433] [16] /workspace/hpl-mxp-linux-x86_64/xhpl_mxp[0x50e9d3]
[a0002:124433] [17] /workspace/hpl-mxp-linux-x86_64/xhpl_mxp[0x4dc7d3]
[a0002:124433] [18] /workspace/hpl-mxp-linux-x86_64/xhpl_mxp[0x4df810]
[a0002:124433] [19] /workspace/hpl-mxp-linux-x86_64/xhpl_mxp[0x4df793]
[a0002:124433] [20] /workspace/hpl-mxp-linux-x86_64/xhpl_mxp[0x4df703]
[a0002:124433] [21] /workspace/hpl-mxp-linux-x86_64/xhpl_mxp[0x4df6bc]
[a0002:124433] [22] /workspace/hpl-mxp-linux-x86_64/xhpl_mxp[0x4df6a0]
[a0002:124433] [23] /workspace/hpl-mxp-linux-x86_64/xhpl_mxp[0x5bd493]
[a0002:124433] [24] /lib/x86_64-linux-gnu/libc.so.6(+0x9caa4)[0x7fa62448aaa4]
[a0002:124433] [25] /lib/x86_64-linux-gnu/libc.so.6(+0x129c3c)[0x7fa624517c3c]
[a0002:124433] *** End of error message ***
==== backtrace (tid: 124729) ====
 0  /opt/hpcx/ompi/lib/openmpi/../../../ucx/lib/libucs.so.0(ucs_handle_error+0x2e4) [0x7f5ef7890774]
 1  /opt/hpcx/ompi/lib/openmpi/../../../ucx/lib/libucs.so.0(ucs_fatal_error_message+0xc2) [0x7f5ef788d732]
 2  /opt/hpcx/ompi/lib/openmpi/../../../ucx/lib/libucs.so.0(+0x3956a) [0x7f5ef789256a]
 3  /opt/hpcx/ompi/lib/openmpi/../../../ucx/lib/libucs.so.0(ucs_log_dispatch+0xe4) [0x7f5ef78928f4]
 4  /opt/hpcx/ompi/lib/openmpi/../../../ucx/lib/ucx/libuct_ib_mlx5.so.0(uct_ib_mlx5_completion_with_err+0x550) [0x7f5ef4f7d550]
 5  /opt/hpcx/ompi/lib/openmpi/../../../ucx/lib/ucx/libuct_ib_mlx5.so.0(uct_dc_mlx5_ep_handle_failure+0xb2) [0x7f5ef4fb1e82]
 6  /opt/hpcx/ompi/lib/openmpi/../../../ucx/lib/ucx/libuct_ib_mlx5.so.0(uct_ib_mlx5_check_completion+0x3d) [0x7f5ef4f7e74d]
 7  /opt/hpcx/ompi/lib/openmpi/../../../ucx/lib/ucx/libuct_ib_mlx5.so.0(+0x4b097) [0x7f5ef4fb4097]
 8  /opt/hpcx/ompi/lib/openmpi/../../../ucx/lib/libucp.so.0(ucp_worker_progress+0x5a) [0x7f5ef79240ea]
 9  /opt/hpcx/ompi/lib/./libopen-pal.so.40(opal_progress+0x34) [0x7f5f3a5203b4]
10  /opt/hpcx/ompi/lib/./libopen-pal.so.40(ompi_sync_wait_mt+0x115) [0x7f5f3a526bb5]
11  /opt/hpcx/ompi/lib/libmpi.so.40(ompi_request_default_wait+0x24b) [0x7f5f4673203b]
12  /opt/hpcx/ompi/lib/libmpi.so.40(PMPI_Wait+0x1e) [0x7f5f4675ee9e]
13  /workspace/hpl-mxp-linux-x86_64/xhpl_mxp() [0x50e9d3]
14  /workspace/hpl-mxp-linux-x86_64/xhpl_mxp() [0x4dc7d3]
15  /workspace/hpl-mxp-linux-x86_64/xhpl_mxp() [0x4df810]
16  /workspace/hpl-mxp-linux-x86_64/xhpl_mxp() [0x4df793]
17  /workspace/hpl-mxp-linux-x86_64/xhpl_mxp() [0x4df703]
18  /workspace/hpl-mxp-linux-x86_64/xhpl_mxp() [0x4df6bc]
19  /workspace/hpl-mxp-linux-x86_64/xhpl_mxp() [0x4df6a0]
20  /workspace/hpl-mxp-linux-x86_64/xhpl_mxp() [0x5bd493]
21  /lib/x86_64-linux-gnu/libc.so.6(+0x9caa4) [0x7f5f0d68aaa4]
22  /lib/x86_64-linux-gnu/libc.so.6(+0x129c3c) [0x7f5f0d717c3c]
=================================
[a0002:124444] *** Process received signal ***
[a0002:124444] Signal: Aborted (6)
[a0002:124444] Signal code:  (-6)
[a0002:124444] [ 0] /lib/x86_64-linux-gnu/libc.so.6(+0x45330)[0x7f5f0d633330]
[a0002:124444] [ 1] /lib/x86_64-linux-gnu/libc.so.6(pthread_kill+0x11c)[0x7f5f0d68cb2c]
[a0002:124444] [ 2] /lib/x86_64-linux-gnu/libc.so.6(gsignal+0x1e)[0x7f5f0d63327e]
[a0002:124444] [ 3] /lib/x86_64-linux-gnu/libc.so.6(abort+0xdf)[0x7f5f0d6168ff]
[a0002:124444] [ 4] /opt/hpcx/ompi/lib/openmpi/../../../ucx/lib/libucs.so.0(+0x34737)[0x7f5ef788d737]
[a0002:124444] [ 5] /opt/hpcx/ompi/lib/openmpi/../../../ucx/lib/libucs.so.0(+0x3956a)[0x7f5ef789256a]
[a0002:124444] [ 6] /opt/hpcx/ompi/lib/openmpi/../../../ucx/lib/libucs.so.0(ucs_log_dispatch+0xe4)[0x7f5ef78928f4]
[a0002:124444] [ 7] /opt/hpcx/ompi/lib/openmpi/../../../ucx/lib/ucx/libuct_ib_mlx5.so.0(uct_ib_mlx5_completion_with_err+0x550)[0x7f5ef4f7d550]
[a0002:124444] [ 8] /opt/hpcx/ompi/lib/openmpi/../../../ucx/lib/ucx/libuct_ib_mlx5.so.0(uct_dc_mlx5_ep_handle_failure+0xb2)[0x7f5ef4fb1e82]
[a0002:124444] [ 9] /opt/hpcx/ompi/lib/openmpi/../../../ucx/lib/ucx/libuct_ib_mlx5.so.0(uct_ib_mlx5_check_completion+0x3d)[0x7f5ef4f7e74d]
[a0002:124444] [10] /opt/hpcx/ompi/lib/openmpi/../../../ucx/lib/ucx/libuct_ib_mlx5.so.0(+0x4b097)[0x7f5ef4fb4097]
[a0002:124444] [11] /opt/hpcx/ompi/lib/openmpi/../../../ucx/lib/libucp.so.0(ucp_worker_progress+0x5a)[0x7f5ef79240ea]
[a0002:124444] [12] /opt/hpcx/ompi/lib/./libopen-pal.so.40(opal_progress+0x34)[0x7f5f3a5203b4]
[a0002:124444] [13] /opt/hpcx/ompi/lib/./libopen-pal.so.40(ompi_sync_wait_mt+0x115)[0x7f5f3a526bb5]
[a0002:124444] [14] /opt/hpcx/ompi/lib/libmpi.so.40(ompi_request_default_wait+0x24b)[0x7f5f4673203b]
[a0002:124444] [15] /opt/hpcx/ompi/lib/libmpi.so.40(PMPI_Wait+0x1e)[0x7f5f4675ee9e]
[a0002:124444] [16] /workspace/hpl-mxp-linux-x86_64/xhpl_mxp[0x50e9d3]
[a0002:124444] [17] /workspace/hpl-mxp-linux-x86_64/xhpl_mxp[0x4dc7d3]
[a0002:124444] [18] /workspace/hpl-mxp-linux-x86_64/xhpl_mxp[0x4df810]
[a0002:124444] [19] /workspace/hpl-mxp-linux-x86_64/xhpl_mxp[0x4df793]
[a0002:124444] [20] /workspace/hpl-mxp-linux-x86_64/xhpl_mxp[0x4df703]
[a0002:124444] [21] /workspace/hpl-mxp-linux-x86_64/xhpl_mxp[0x4df6bc]
[a0002:124444] [22] /workspace/hpl-mxp-linux-x86_64/xhpl_mxp[0x4df6a0]
[a0002:124444] [23] /workspace/hpl-mxp-linux-x86_64/xhpl_mxp[0x5bd493]
[a0002:124444] [24] /lib/x86_64-linux-gnu/libc.so.6(+0x9caa4)[0x7f5f0d68aaa4]
[a0002:124444] [25] /lib/x86_64-linux-gnu/libc.so.6(+0x129c3c)[0x7f5f0d717c3c]
[a0002:124444] *** End of error message ***
[a0002:124379:0:124725] ib_mlx5_log.c:179  Remote operation error on mlx5_0:1/IB (synd 0x14 vend 0x89 hw_synd 0/0)
[a0002:124379:0:124725] ib_mlx5_log.c:179  DCI QP 0x27fd wqe[0]: RDMA_READ s-- [rqpn 0x32d6 rlid 83] [rva 0x7f165c000000 rkey 0x208133] [va 0x7edf38000000 len 1927872 lkey 0x207320] 
==== backtrace (tid: 124725) ====
 0  /opt/hpcx/ompi/lib/openmpi/../../../ucx/lib/libucs.so.0(ucs_handle_error+0x2e4) [0x7f42825ec774]
 1  /opt/hpcx/ompi/lib/openmpi/../../../ucx/lib/libucs.so.0(ucs_fatal_error_message+0xc2) [0x7f42825e9732]
 2  /opt/hpcx/ompi/lib/openmpi/../../../ucx/lib/libucs.so.0(+0x3956a) [0x7f42825ee56a]
 3  /opt/hpcx/ompi/lib/openmpi/../../../ucx/lib/libucs.so.0(ucs_log_dispatch+0xe4) [0x7f42825ee8f4]
 4  /opt/hpcx/ompi/lib/openmpi/../../../ucx/lib/ucx/libuct_ib_mlx5.so.0(uct_ib_mlx5_completion_with_err+0x550) [0x7f4280efe550]
 5  /opt/hpcx/ompi/lib/openmpi/../../../ucx/lib/ucx/libuct_ib_mlx5.so.0(uct_dc_mlx5_ep_handle_failure+0xb2) [0x7f4280f32e82]
 6  /opt/hpcx/ompi/lib/openmpi/../../../ucx/lib/ucx/libuct_ib_mlx5.so.0(uct_ib_mlx5_check_completion+0x3d) [0x7f4280eff74d]
 7  /opt/hpcx/ompi/lib/openmpi/../../../ucx/lib/ucx/libuct_ib_mlx5.so.0(+0x4b097) [0x7f4280f35097]
 8  /opt/hpcx/ompi/lib/openmpi/../../../ucx/lib/libucp.so.0(ucp_worker_progress+0x5a) [0x7f42826800ea]
 9  /opt/hpcx/ompi/lib/./libopen-pal.so.40(opal_progress+0x34) [0x7f42c48623b4]
10  /opt/hpcx/ompi/lib/./libopen-pal.so.40(ompi_sync_wait_mt+0x115) [0x7f42c4868bb5]
11  /opt/hpcx/ompi/lib/libmpi.so.40(ompi_request_default_wait+0x24b) [0x7f42cd7bf03b]
12  /opt/hpcx/ompi/lib/libmpi.so.40(PMPI_Wait+0x1e) [0x7f42cd7ebe9e]
13  /workspace/hpl-mxp-linux-x86_64/xhpl_mxp() [0x50e9d3]
14  /workspace/hpl-mxp-linux-x86_64/xhpl_mxp() [0x4dc7d3]
15  /workspace/hpl-mxp-linux-x86_64/xhpl_mxp() [0x4df810]
16  /workspace/hpl-mxp-linux-x86_64/xhpl_mxp() [0x4df793]
17  /workspace/hpl-mxp-linux-x86_64/xhpl_mxp() [0x4df703]
18  /workspace/hpl-mxp-linux-x86_64/xhpl_mxp() [0x4df6bc]
19  /workspace/hpl-mxp-linux-x86_64/xhpl_mxp() [0x4df6a0]
20  /workspace/hpl-mxp-linux-x86_64/xhpl_mxp() [0x5bd493]
21  /lib/x86_64-linux-gnu/libc.so.6(+0x9caa4) [0x7f429428aaa4]
22  /lib/x86_64-linux-gnu/libc.so.6(+0x129c3c) [0x7f4294317c3c]
=================================
[a0002:124379] *** Process received signal ***
[a0002:124379] Signal: Aborted (6)
[a0002:124379] Signal code:  (-6)
[a0002:124379] [ 0] /lib/x86_64-linux-gnu/libc.so.6(+0x45330)[0x7f4294233330]
[a0002:124379] [ 1] /lib/x86_64-linux-gnu/libc.so.6(pthread_kill+0x11c)[0x7f429428cb2c]
[a0002:124379] [ 2] /lib/x86_64-linux-gnu/libc.so.6(gsignal+0x1e)[0x7f429423327e]
[a0002:124379] [ 3] /lib/x86_64-linux-gnu/libc.so.6(abort+0xdf)[0x7f42942168ff]
[a0002:124379] [ 4] /opt/hpcx/ompi/lib/openmpi/../../../ucx/lib/libucs.so.0(+0x34737)[0x7f42825e9737]
[a0002:124379] [ 5] /opt/hpcx/ompi/lib/openmpi/../../../ucx/lib/libucs.so.0(+0x3956a)[0x7f42825ee56a]
[a0002:124379] [ 6] /opt/hpcx/ompi/lib/openmpi/../../../ucx/lib/libucs.so.0(ucs_log_dispatch+0xe4)[0x7f42825ee8f4]
[a0002:124379] [ 7] /opt/hpcx/ompi/lib/openmpi/../../../ucx/lib/ucx/libuct_ib_mlx5.so.0(uct_ib_mlx5_completion_with_err+0x550)[0x7f4280efe550]
[a0002:124379] [ 8] /opt/hpcx/ompi/lib/openmpi/../../../ucx/lib/ucx/libuct_ib_mlx5.so.0(uct_dc_mlx5_ep_handle_failure+0xb2)[0x7f4280f32e82]
[a0002:124379] [ 9] /opt/hpcx/ompi/lib/openmpi/../../../ucx/lib/ucx/libuct_ib_mlx5.so.0(uct_ib_mlx5_check_completion+0x3d)[0x7f4280eff74d]
[a0002:124379] [10] /opt/hpcx/ompi/lib/openmpi/../../../ucx/lib/ucx/libuct_ib_mlx5.so.0(+0x4b097)[0x7f4280f35097]
[a0002:124379] [11] /opt/hpcx/ompi/lib/openmpi/../../../ucx/lib/libucp.so.0(ucp_worker_progress+0x5a)[0x7f42826800ea]
[a0002:124379] [12] /opt/hpcx/ompi/lib/./libopen-pal.so.40(opal_progress+0x34)[0x7f42c48623b4]
[a0002:124379] [13] /opt/hpcx/ompi/lib/./libopen-pal.so.40(ompi_sync_wait_mt+0x115)[0x7f42c4868bb5]
[a0002:124379] [14] /opt/hpcx/ompi/lib/libmpi.so.40(ompi_request_default_wait+0x24b)[0x7f42cd7bf03b]
[a0002:124379] [15] /opt/hpcx/ompi/lib/libmpi.so.40(PMPI_Wait+0x1e)[0x7f42cd7ebe9e]
[a0002:124379] [16] /workspace/hpl-mxp-linux-x86_64/xhpl_mxp[0x50e9d3]
[a0002:124379] [17] /workspace/hpl-mxp-linux-x86_64/xhpl_mxp[0x4dc7d3]
[a0002:124379] [18] /workspace/hpl-mxp-linux-x86_64/xhpl_mxp[0x4df810]
[a0002:124379] [19] /workspace/hpl-mxp-linux-x86_64/xhpl_mxp[0x4df793]
[a0002:124379] [20] /workspace/hpl-mxp-linux-x86_64/xhpl_mxp[0x4df703]
[a0002:124379] [21] /workspace/hpl-mxp-linux-x86_64/xhpl_mxp[0x4df6bc]
[a0002:124379] [22] /workspace/hpl-mxp-linux-x86_64/xhpl_mxp[0x4df6a0]
[a0002:124379] [23] /workspace/hpl-mxp-linux-x86_64/xhpl_mxp[0x5bd493]
[a0002:124379] [24] /lib/x86_64-linux-gnu/libc.so.6(+0x9caa4)[0x7f429428aaa4]
[a0002:124379] [25] /lib/x86_64-linux-gnu/libc.so.6(+0x129c3c)[0x7f4294317c3c]
[a0002:124379] *** End of error message ***
/workspace/hpl-mxp.sh: line 261: 124476 Aborted                 (core dumped) ${NUMCMD} ${CPUBIND} ${MEMBIND} ${XHPL} ${HPL_MXP_PARAMS}
srun: error: a0002: task 15: Exited with exit code 134
[2026-04-06T22:24:54.511] error:  mpi/pmix_v3: _errhandler: a0002 [1]: pmixp_client_v2.c:225: Error handler invoked: status = -25, source = [slurm.pmix.2077.0:15]
srun: Job step aborted: Waiting up to 32 seconds for job step to finish.
[2026-04-06T22:24:54.515] error: *** STEP 2077.0 ON a0001 CANCELLED AT 2026-04-06T22:24:54 DUE to SIGNAL Killed ***
[2026-04-06T22:24:55.592] error:  mpi/pmix_v3: _errhandler: a0002 [1]: pmixp_client_v2.c:225: Error handler invoked: status = -25, source = [slurm.pmix.2077.0:12]
srun: error: a0006: tasks 40-47: Killed
srun: error: a0001: tasks 0-7: Killed
srun: error: a0007: tasks 48-55: Killed
srun: error: a0005: tasks 32-39: Killed
srun: error: a0003: tasks 16-23: Killed
srun: error: a0004: tasks 24-31: Killed
srun: error: a0008: tasks 56-63: Killed
[2026-04-06T22:24:57.345] error:  mpi/pmix_v3: _errhandler: a0002 [1]: pmixp_client_v2.c:225: Error handler invoked: status = -25, source = [slurm.pmix.2077.0:13]
srun: error: a0002: tasks 8-14: Killed
+ echo Done
Done
++ date +%Y-%m-%dT%H:%M:%S
+ echo 2026-04-06T22:24:57
2026-04-06T22:24:57
