++ date +%Y-%m-%dT%H:%M:%S
+ DATESTRING=2026-04-01T00:20:10
+ SIF=/home/knevins/aicr-benchmarks/hpc-benchmarks_25.09.sif
+ NCCL_BIN=/workspace/microbenchmarks/nccl_tests
+++ scontrol show hostname
++ echo a0017
+ echo 'Running on hosts: a0017'
Running on hosts: a0017
+ echo 2026-04-01T00:20:10
2026-04-01T00:20:10
+ export UCX_NET_DEVICES=mlx5_0:1,mlx5_3:1
+ UCX_NET_DEVICES=mlx5_0:1,mlx5_3:1
+ export NCCL_BUFFSIZE=4194304
+ NCCL_BUFFSIZE=4194304
+ export NCCL_P2P_DISABLE=1
+ NCCL_P2P_DISABLE=1
+ export CUDA_P2P_LEVEL=0
+ CUDA_P2P_LEVEL=0
+ export UCX_TLS=self,shm,cuda_copy
+ UCX_TLS=self,shm,cuda_copy
+ srun -N1 --ntasks-per-node=8 --exclusive --mpi=pmix apptainer exec --nv --no-mount /etc/localtime --bind /var/spool/slurm/slurmd /home/knevins/aicr-benchmarks/hpc-benchmarks_25.09.sif /workspace/microbenchmarks/nccl_tests/all_reduce_perf -b 8 -e 8G -f 2 -g 1 -n 20 -w 5
# Collective test starting: all_reduce_perf
# nThread 1 nGpus 1 minBytes 8 maxBytes 8589934592 step: 2(factor) warmup iters: 5 iters: 20 agg iters: 1 validation: 1 graph: 0
#
# Using devices
# Collective test starting: all_reduce_perf
# nThread 1 nGpus 1 minBytes 8 maxBytes 8589934592 step: 2(factor) warmup iters: 5 iters: 20 agg iters: 1 validation: 1 graph: 0
#
# Using devices
# Collective test starting: all_reduce_perf
# nThread 1 nGpus 1 minBytes 8 maxBytes 8589934592 step: 2(factor) warmup iters: 5 iters: 20 agg iters: 1 validation: 1 graph: 0
#
# Using devices
# Collective test starting: all_reduce_perf
# nThread 1 nGpus 1 minBytes 8 maxBytes 8589934592 step: 2(factor) warmup iters: 5 iters: 20 agg iters: 1 validation: 1 graph: 0
#
# Using devices
# Collective test starting: all_reduce_perf
# nThread 1 nGpus 1 minBytes 8 maxBytes 8589934592 step: 2(factor) warmup iters: 5 iters: 20 agg iters: 1 validation: 1 graph: 0
#
# Using devices
# Collective test starting: all_reduce_perf
# nThread 1 nGpus 1 minBytes 8 maxBytes 8589934592 step: 2(factor) warmup iters: 5 iters: 20 agg iters: 1 validation: 1 graph: 0
#
# Using devices
# Collective test starting: all_reduce_perf
# nThread 1 nGpus 1 minBytes 8 maxBytes 8589934592 step: 2(factor) warmup iters: 5 iters: 20 agg iters: 1 validation: 1 graph: 0
#
# Using devices
# Collective test starting: all_reduce_perf
# nThread 1 nGpus 1 minBytes 8 maxBytes 8589934592 step: 2(factor) warmup iters: 5 iters: 20 agg iters: 1 validation: 1 graph: 0
#
# Using devices
#  Rank  0 Group  0 Pid 181064 on      a0017 device  0 [0000:03:00] NVIDIA RTX PRO 6000 Blackwell Server Edition
#  Rank  0 Group  0 Pid 181063 on      a0017 device  0 [0000:03:00] NVIDIA RTX PRO 6000 Blackwell Server Edition
#  Rank  0 Group  0 Pid 181068 on      a0017 device  0 [0000:03:00] NVIDIA RTX PRO 6000 Blackwell Server Edition
#  Rank  0 Group  0 Pid 181066 on      a0017 device  0 [0000:03:00] NVIDIA RTX PRO 6000 Blackwell Server Edition
#  Rank  0 Group  0 Pid 181062 on      a0017 device  0 [0000:03:00] NVIDIA RTX PRO 6000 Blackwell Server Edition
#  Rank  0 Group  0 Pid 181069 on      a0017 device  0 [0000:03:00] NVIDIA RTX PRO 6000 Blackwell Server Edition
#  Rank  0 Group  0 Pid 181067 on      a0017 device  0 [0000:03:00] NVIDIA RTX PRO 6000 Blackwell Server Edition
#  Rank  0 Group  0 Pid 181065 on      a0017 device  0 [0000:03:00] NVIDIA RTX PRO 6000 Blackwell Server Edition
a0017: Test NCCL failure common.cu:782 'unhandled cuda error (run with NCCL_DEBUG=INFO for details) / '
 .. a0017 pid 181068: Test failure common.cu:1197
 .. a0017 pid 181068: Test failure common.cu:1050
a0017: Test NCCL failure common.cu:780 'unhandled cuda error (run with NCCL_DEBUG=INFO for details) / '
 .. a0017 pid 181065: Test failure common.cu:1197
 .. a0017 pid 181065: Test failure common.cu:1050
a0017: Test NCCL failure common.cu:782 'unhandled cuda error (run with NCCL_DEBUG=INFO for details) / '
 .. a0017 pid 181063: Test failure common.cu:1197
 .. a0017 pid 181063: Test failure common.cu:1050
a0017: Test NCCL failure common.cu:781 'unhandled cuda error (run with NCCL_DEBUG=INFO for details) / '
 .. a0017 pid 181066: Test failure common.cu:1197
 .. a0017 pid 181066: Test failure common.cu:1050
a0017: Test NCCL failure common.cu:781 'unhandled cuda error (run with NCCL_DEBUG=INFO for details) / '
 .. a0017 pid 181062: Test failure common.cu:1197
 .. a0017 pid 181062: Test failure common.cu:1050
a0017: Test NCCL failure common.cu:781 'unhandled cuda error (run with NCCL_DEBUG=INFO for details) / '
 .. a0017 pid 181067: Test failure common.cu:1197
 .. a0017 pid 181067: Test failure common.cu:1050
a0017: Test NCCL failure common.cu:781 'unhandled cuda error (run with NCCL_DEBUG=INFO for details) / '
 .. a0017 pid 181069: Test failure common.cu:1197
 .. a0017 pid 181069: Test failure common.cu:1050
srun: error: a0017: task 6: Exited with exit code 3
srun: error: a0017: task 4: Exited with exit code 3
srun: error: a0017: tasks 0-1: Exited with exit code 3
srun: error: a0017: tasks 3,5: Exited with exit code 3
srun: error: a0017: task 2: Exited with exit code 3
#
#                                                              out-of-place                       in-place          
#       size         count      type   redop    root     time   algbw   busbw #wrong     time   algbw   busbw #wrong
#        (B)    (elements)                               (us)  (GB/s)  (GB/s)            (us)  (GB/s)  (GB/s)       
           8             2     float     sum      -1     3.35    0.00    0.00      0     0.08    0.10    0.00      0
          16             4     float     sum      -1     3.20    0.01    0.00      0     0.08    0.19    0.00      0
          32             8     float     sum      -1     3.24    0.01    0.00      0     0.08    0.39    0.00      0
          64            16     float     sum      -1     3.20    0.02    0.00      0     0.08    0.78    0.00      0
         128            32     float     sum      -1     3.25    0.04    0.00      0     0.11    1.12    0.00      0
         256            64     float     sum      -1     3.10    0.08    0.00      0     0.08    3.14    0.00      0
         512           128     float     sum      -1     3.21    0.16    0.00      0     0.10    5.27    0.00      0
        1024           256     float     sum      -1     3.30    0.31    0.00      0     0.08   12.32    0.00      0
        2048           512     float     sum      -1     3.35    0.61    0.00      0     0.08   25.10    0.00      0
        4096          1024     float     sum      -1     3.29    1.25    0.00      0     0.08   50.17    0.00      0
        8192          2048     float     sum      -1     3.23    2.53    0.00      0     0.08  101.01    0.00      0
       16384          4096     float     sum      -1     3.19    5.13    0.00      0     0.06  294.68    0.00      0
       32768          8192     float     sum      -1     3.10   10.58    0.00      0     0.06  589.88    0.00      0
       65536         16384     float     sum      -1     3.40   19.28    0.00      0     0.06  1157.88    0.00      0
      131072         32768     float     sum      -1     3.43   38.17    0.00      0     0.08  1625.20    0.00      0
      262144         65536     float     sum      -1     3.81   68.85    0.00      0     0.08  3173.66    0.00      0
      524288        131072     float     sum      -1     3.76  139.28    0.00      0     0.09  6089.29    0.00      0
     1048576        262144     float     sum      -1     3.72  282.25    0.00      0     0.08  13009.63    0.00      0
     2097152        524288     float     sum      -1     4.68  448.07    0.00      0     0.09  23007.70    0.00      0
     4194304       1048576     float     sum      -1     6.26  669.74    0.00      0     0.09  45051.60    0.00      0
     8388608       2097152     float     sum      -1    12.96  647.40    0.00      0     0.08  104077.02    0.00      0
    16777216       4194304     float     sum      -1    22.84  734.57    0.00      0     0.13  132469.14    0.00      0
    33554432       8388608     float     sum      -1    43.34  774.22    0.00      0     0.08  416308.09    0.00      0
    67108864      16777216     float     sum      -1    88.52  758.15    0.00      0     0.06  1196236.43    0.00      0
   134217728      33554432     float     sum      -1    183.5  731.60    0.00      0     0.06  2416160.72    0.00      0
   268435456      67108864     float     sum      -1    366.6  732.19    0.00      0     0.06  4784945.74    0.00      0
   536870912     134217728     float     sum      -1    736.5  728.90    0.00      0     0.09  5826054.39    0.00      0
  1073741824     268435456     float     sum      -1   1470.1  730.40    0.00      0     0.08  13158600.78    0.00      0
  2147483648     536870912     float     sum      -1   2938.1  730.91    0.00      0     0.09  24514653.52    0.00      0
  4294967296    1073741824     float     sum      -1   5880.1  730.42    0.00      0     0.10  41238284.17    0.00      0
  8589934592    2147483648     float     sum      -1    11752  730.91    0.00      0     0.10  88464825.87    0.00      0
# Out of bounds values : 0 OK
# Avg bus bandwidth    : 0 
#
# Collective test concluded: all_reduce_perf

+ echo Done
Done
+ echo 2026-04-01T00:20:10
2026-04-01T00:20:10
