++ date +%Y-%m-%dT%H:%M:%S
+ DATESTRING=2026-04-01T01:20:17
+ SIF=/home/knevins/aicr-benchmarks/hpc-benchmarks_25.09.sif
+ NCCL_BIN=/workspace/microbenchmarks/nccl_tests
+++ scontrol show hostname
++ echo a0017 a0018
+ echo 'Running on hosts: a0017 a0018'
Running on hosts: a0017 a0018
+ echo 2026-04-01T01:20:17
2026-04-01T01:20:17
+ export NCCL_DEBUG=INFO
+ NCCL_DEBUG=INFO
+ srun -N2 --ntasks-per-node=8 --exclusive --mpi=pmix apptainer exec --nv --no-mount /etc/localtime --bind /var/spool/slurm/slurmd /home/knevins/aicr-benchmarks/hpc-benchmarks_25.09.sif /workspace/microbenchmarks/nccl_tests/all_reduce_perf -b 8 -e 8G -f 2 -g 1 -n 20 -w 5
# Collective test starting: all_reduce_perf
# nThread 1 nGpus 1 minBytes 8 maxBytes 8589934592 step: 2(factor) warmup iters: 5 iters: 20 agg iters: 1 validation: 1 graph: 0
#
# Using devices
# Collective test starting: all_reduce_perf
# nThread 1 nGpus 1 minBytes 8 maxBytes 8589934592 step: 2(factor) warmup iters: 5 iters: 20 agg iters: 1 validation: 1 graph: 0
#
# Using devices
# Collective test starting: all_reduce_perf
# nThread 1 nGpus 1 minBytes 8 maxBytes 8589934592 step: 2(factor) warmup iters: 5 iters: 20 agg iters: 1 validation: 1 graph: 0
#
# Using devices
# Collective test starting: all_reduce_perf
# nThread 1 nGpus 1 minBytes 8 maxBytes 8589934592 step: 2(factor) warmup iters: 5 iters: 20 agg iters: 1 validation: 1 graph: 0
#
# Using devices
# Collective test starting: all_reduce_perf
# nThread 1 nGpus 1 minBytes 8 maxBytes 8589934592 step: 2(factor) warmup iters: 5 iters: 20 agg iters: 1 validation: 1 graph: 0
#
# Using devices
# Collective test starting: all_reduce_perf
# nThread 1 nGpus 1 minBytes 8 maxBytes 8589934592 step: 2(factor) warmup iters: 5 iters: 20 agg iters: 1 validation: 1 graph: 0
#
# Using devices
# Collective test starting: all_reduce_perf
# nThread 1 nGpus 1 minBytes 8 maxBytes 8589934592 step: 2(factor) warmup iters: 5 iters: 20 agg iters: 1 validation: 1 graph: 0
#
# Using devices
# Collective test starting: all_reduce_perf
# nThread 1 nGpus 1 minBytes 8 maxBytes 8589934592 step: 2(factor) warmup iters: 5 iters: 20 agg iters: 1 validation: 1 graph: 0
#
# Using devices
# Collective test starting: all_reduce_perf
# nThread 1 nGpus 1 minBytes 8 maxBytes 8589934592 step: 2(factor) warmup iters: 5 iters: 20 agg iters: 1 validation: 1 graph: 0
#
# Using devices
# Collective test starting: all_reduce_perf
# nThread 1 nGpus 1 minBytes 8 maxBytes 8589934592 step: 2(factor) warmup iters: 5 iters: 20 agg iters: 1 validation: 1 graph: 0
#
# Using devices
# Collective test starting: all_reduce_perf
# nThread 1 nGpus 1 minBytes 8 maxBytes 8589934592 step: 2(factor) warmup iters: 5 iters: 20 agg iters: 1 validation: 1 graph: 0
#
# Using devices
# Collective test starting: all_reduce_perf
# nThread 1 nGpus 1 minBytes 8 maxBytes 8589934592 step: 2(factor) warmup iters: 5 iters: 20 agg iters: 1 validation: 1 graph: 0
#
# Using devices
# Collective test starting: all_reduce_perf
# nThread 1 nGpus 1 minBytes 8 maxBytes 8589934592 step: 2(factor) warmup iters: 5 iters: 20 agg iters: 1 validation: 1 graph: 0
#
# Using devices
# Collective test starting: all_reduce_perf
# nThread 1 nGpus 1 minBytes 8 maxBytes 8589934592 step: 2(factor) warmup iters: 5 iters: 20 agg iters: 1 validation: 1 graph: 0
#
# Using devices
# Collective test starting: all_reduce_perf
# nThread 1 nGpus 1 minBytes 8 maxBytes 8589934592 step: 2(factor) warmup iters: 5 iters: 20 agg iters: 1 validation: 1 graph: 0
#
# Using devices
# Collective test starting: all_reduce_perf
# nThread 1 nGpus 1 minBytes 8 maxBytes 8589934592 step: 2(factor) warmup iters: 5 iters: 20 agg iters: 1 validation: 1 graph: 0
#
# Using devices
#  Rank  0 Group  0 Pid  57735 on      a0018 device  0 [0000:03:00] NVIDIA RTX PRO 6000 Blackwell Server Edition
a0018:57735:57735 [0] NCCL INFO Bootstrap: Using bond1:172.23.101.18<0>
#  Rank  0 Group  0 Pid  57736 on      a0018 device  0 [0000:03:00] NVIDIA RTX PRO 6000 Blackwell Server Edition
a0018:57736:57736 [0] NCCL INFO Bootstrap: Using bond1:172.23.101.18<0>
#  Rank  0 Group  0 Pid  57741 on      a0018 device  0 [0000:03:00] NVIDIA RTX PRO 6000 Blackwell Server Edition
a0018:57741:57741 [0] NCCL INFO Bootstrap: Using bond1:172.23.101.18<0>
#  Rank  0 Group  0 Pid  57738 on      a0018 device  0 [0000:03:00] NVIDIA RTX PRO 6000 Blackwell Server Edition
a0018:57738:57738 [0] NCCL INFO Bootstrap: Using bond1:172.23.101.18<0>
#  Rank  0 Group  0 Pid  57739 on      a0018 device  0 [0000:03:00] NVIDIA RTX PRO 6000 Blackwell Server Edition
a0018:57739:57739 [0] NCCL INFO Bootstrap: Using bond1:172.23.101.18<0>
#  Rank  0 Group  0 Pid  57734 on      a0018 device  0 [0000:03:00] NVIDIA RTX PRO 6000 Blackwell Server Edition
a0018:57734:57734 [0] NCCL INFO Bootstrap: Using bond1:172.23.101.18<0>
#  Rank  0 Group  0 Pid 186633 on      a0017 device  0 [0000:03:00] NVIDIA RTX PRO 6000 Blackwell Server Edition
a0017:186633:186633 [0] NCCL INFO Bootstrap: Using bond1:172.23.101.17<0>
#  Rank  0 Group  0 Pid  57737 on      a0018 device  0 [0000:03:00] NVIDIA RTX PRO 6000 Blackwell Server Edition
a0018:57737:57737 [0] NCCL INFO Bootstrap: Using bond1:172.23.101.18<0>
#  Rank  0 Group  0 Pid  57740 on      a0018 device  0 [0000:03:00] NVIDIA RTX PRO 6000 Blackwell Server Edition
a0018:57740:57740 [0] NCCL INFO Bootstrap: Using bond1:172.23.101.18<0>
#  Rank  0 Group  0 Pid 186594 on      a0017 device  0 [0000:03:00] NVIDIA RTX PRO 6000 Blackwell Server Edition
a0017:186594:186594 [0] NCCL INFO Bootstrap: Using bond1:172.23.101.17<0>
#  Rank  0 Group  0 Pid 186599 on      a0017 device  0 [0000:03:00] NVIDIA RTX PRO 6000 Blackwell Server Edition
a0017:186599:186599 [0] NCCL INFO Bootstrap: Using bond1:172.23.101.17<0>
#  Rank  0 Group  0 Pid 186636 on      a0017 device  0 [0000:03:00] NVIDIA RTX PRO 6000 Blackwell Server Edition
a0017:186636:186636 [0] NCCL INFO Bootstrap: Using bond1:172.23.101.17<0>
#  Rank  0 Group  0 Pid 186591 on      a0017 device  0 [0000:03:00] NVIDIA RTX PRO 6000 Blackwell Server Edition
a0017:186591:186591 [0] NCCL INFO Bootstrap: Using bond1:172.23.101.17<0>
#  Rank  0 Group  0 Pid 186625 on      a0017 device  0 [0000:03:00] NVIDIA RTX PRO 6000 Blackwell Server Edition
a0017:186625:186625 [0] NCCL INFO Bootstrap: Using bond1:172.23.101.17<0>
#  Rank  0 Group  0 Pid 186611 on      a0017 device  0 [0000:03:00] NVIDIA RTX PRO 6000 Blackwell Server Edition
a0017:186611:186611 [0] NCCL INFO Bootstrap: Using bond1:172.23.101.17<0>
#  Rank  0 Group  0 Pid 186638 on      a0017 device  0 [0000:03:00] NVIDIA RTX PRO 6000 Blackwell Server Edition
a0017:186638:186638 [0] NCCL INFO Bootstrap: Using bond1:172.23.101.17<0>
a0018:57735:57735 [0] NCCL INFO cudaDriverVersion 13000
a0018:57736:57736 [0] NCCL INFO cudaDriverVersion 13000
a0018:57741:57741 [0] NCCL INFO cudaDriverVersion 13000
a0018:57738:57738 [0] NCCL INFO cudaDriverVersion 13000
a0018:57737:57737 [0] NCCL INFO cudaDriverVersion 13000
a0017:186633:186633 [0] NCCL INFO cudaDriverVersion 13000
a0017:186594:186594 [0] NCCL INFO cudaDriverVersion 13000
a0017:186636:186636 [0] NCCL INFO cudaDriverVersion 13000
a0018:57736:57736 [0] NCCL INFO NCCL version 2.27.7+cuda13.0
a0018:57741:57741 [0] NCCL INFO NCCL version 2.27.7+cuda13.0
a0018:57735:57735 [0] NCCL INFO NCCL version 2.27.7+cuda13.0
a0017:186599:186599 [0] NCCL INFO cudaDriverVersion 13000
a0017:186591:186591 [0] NCCL INFO cudaDriverVersion 13000
a0018:57740:57740 [0] NCCL INFO cudaDriverVersion 13000

[2026-04-01 01:20:21] a0018:57740:57740 [0] allocator.cc:62 NCCL WARN Cuda failure 2 'out of memory'
a0018: Test NCCL failure common.cu:780 'unhandled cuda error (run with NCCL_DEBUG=INFO for details) / '
 .. a0018 pid 57740: Test failure common.cu:1197
 .. a0018 pid 57740: Test failure common.cu:1050

[2026-04-01 01:20:21] a0018:57737:57737 [0] allocator.cc:62 NCCL WARN Cuda failure 2 'out of memory'
a0018: Test NCCL failure common.cu:781 'unhandled cuda error (run with NCCL_DEBUG=INFO for details) / '
 .. a0018 pid 57737: Test failure common.cu:1197
 .. a0018 pid 57737: Test failure common.cu:1050
a0018:57734:57734 [0] NCCL INFO cudaDriverVersion 13000
a0018:57739:57739 [0] NCCL INFO cudaDriverVersion 13000

[2026-04-01 01:20:21] a0018:57738:57738 [0] allocator.cc:62 NCCL WARN Cuda failure 2 'out of memory'
a0018: Test NCCL failure common.cu:781 'unhandled cuda error (run with NCCL_DEBUG=INFO for details) / '
 .. a0018 pid 57738: Test failure common.cu:1197
 .. a0018 pid 57738: Test failure common.cu:1050
a0017:186625:186625 [0] NCCL INFO cudaDriverVersion 13000
a0017:186638:186638 [0] NCCL INFO cudaDriverVersion 13000

[2026-04-01 01:20:21] a0018:57734:57734 [0] allocator.cc:62 NCCL WARN Cuda failure 2 'out of memory'
a0018: Test NCCL failure common.cu:780 'unhandled cuda error (run with NCCL_DEBUG=INFO for details) / '
 .. a0018 pid 57734: Test failure common.cu:1197
 .. a0018 pid 57734: Test failure common.cu:1050

[2026-04-01 01:20:21] a0018:57739:57739 [0] allocator.cc:62 NCCL WARN Cuda failure 2 'out of memory'
a0018: Test NCCL failure common.cu:780 'unhandled cuda error (run with NCCL_DEBUG=INFO for details) / '
 .. a0018 pid 57739: Test failure common.cu:1197
 .. a0018 pid 57739: Test failure common.cu:1050
a0017:186611:186611 [0] NCCL INFO cudaDriverVersion 13000

[2026-04-01 01:20:21] a0017:186633:186633 [0] allocator.cc:59 NCCL WARN Cuda failure 2 'out of memory'
a0017: Test NCCL failure common.cu:782 'unhandled cuda error (run with NCCL_DEBUG=INFO for details) / '
 .. a0017 pid 186633: Test failure common.cu:1197
 .. a0017 pid 186633: Test failure common.cu:1050
a0017:186594:186594 [0] NCCL INFO NCCL version 2.27.7+cuda13.0

[2026-04-01 01:20:21] a0017:186636:186636 [0] allocator.cc:62 NCCL WARN Cuda failure 2 'out of memory'
a0017: Test NCCL failure common.cu:781 'unhandled cuda error (run with NCCL_DEBUG=INFO for details) / '
 .. a0017 pid 186636: Test failure common.cu:1197
 .. a0017 pid 186636: Test failure common.cu:1050

[2026-04-01 01:20:21] a0017:186591:186591 [0] allocator.cc:62 NCCL WARN Cuda failure 2 'out of memory'
a0017: Test NCCL failure common.cu:781 'unhandled cuda error (run with NCCL_DEBUG=INFO for details) / '
 .. a0017 pid 186591: Test failure common.cu:1197
 .. a0017 pid 186591: Test failure common.cu:1050

[2026-04-01 01:20:21] a0017:186599:186599 [0] allocator.cc:62 NCCL WARN Cuda failure 2 'out of memory'
a0017: Test NCCL failure common.cu:781 'unhandled cuda error (run with NCCL_DEBUG=INFO for details) / '
 .. a0017 pid 186599: Test failure common.cu:1197
 .. a0017 pid 186599: Test failure common.cu:1050

[2026-04-01 01:20:21] a0017:186611:186611 [0] allocator.cc:62 NCCL WARN Cuda failure 2 'out of memory'
a0017: Test NCCL failure common.cu:781 'unhandled cuda error (run with NCCL_DEBUG=INFO for details) / '
 .. a0017 pid 186611: Test failure common.cu:1197
 .. a0017 pid 186611: Test failure common.cu:1050
srun: error: a0018: tasks 12,14: Exited with exit code 3

[2026-04-01 01:20:21] a0017:186625:186625 [0] allocator.cc:62 NCCL WARN Cuda failure 2 'out of memory'
a0017: Test NCCL failure common.cu:781 'unhandled cuda error (run with NCCL_DEBUG=INFO for details) / '
 .. a0017 pid 186625: Test failure common.cu:1197
 .. a0017 pid 186625: Test failure common.cu:1050

[2026-04-01 01:20:21] a0017:186638:186638 [0] allocator.cc:62 NCCL WARN Cuda failure 2 'out of memory'
a0017: Test NCCL failure common.cu:781 'unhandled cuda error (run with NCCL_DEBUG=INFO for details) / '
 .. a0017 pid 186638: Test failure common.cu:1197
 .. a0017 pid 186638: Test failure common.cu:1050
srun: error: a0018: tasks 8-9: Exited with exit code 3
srun: error: a0017: task 7: Exited with exit code 3
srun: error: a0018: task 15: Exited with exit code 3
a0018:57741:58197 [0] NCCL INFO NET/Plugin: Plugin name set by env to libnccl-net.so
a0018:57741:58197 [0] NCCL INFO NET/Plugin: Loaded net plugin NCCL RDMA Plugin v10 (v10)
a0018:57741:58197 [0] NCCL INFO NET/Plugin: Loaded collnet plugin NCCL RDMA Plugin v10 (v10)
a0018:57741:58197 [0] NCCL INFO Successfully loaded external plugin libnccl-net.so
a0018:57741:58197 [0] NCCL INFO Plugin Path : /opt/hpcx/nccl_rdma_sharp_plugin/lib/libnccl-net.so
a0018:57741:58197 [0] NCCL INFO P2P plugin v10 IBext_v10
a0018:57736:58196 [0] NCCL INFO NET/Plugin: Plugin name set by env to libnccl-net.so
a0018:57736:58196 [0] NCCL INFO NET/Plugin: Loaded net plugin NCCL RDMA Plugin v10 (v10)
a0018:57736:58196 [0] NCCL INFO NET/Plugin: Loaded collnet plugin NCCL RDMA Plugin v10 (v10)
a0018:57736:58196 [0] NCCL INFO Successfully loaded external plugin libnccl-net.so
a0018:57736:58196 [0] NCCL INFO Plugin Path : /opt/hpcx/nccl_rdma_sharp_plugin/lib/libnccl-net.so
a0018:57736:58196 [0] NCCL INFO P2P plugin v10 IBext_v10
a0018:57735:58198 [0] NCCL INFO NET/Plugin: Plugin name set by env to libnccl-net.so
a0018:57735:58198 [0] NCCL INFO NET/Plugin: Loaded net plugin NCCL RDMA Plugin v10 (v10)
a0018:57735:58198 [0] NCCL INFO NET/Plugin: Loaded collnet plugin NCCL RDMA Plugin v10 (v10)
a0018:57735:58198 [0] NCCL INFO Successfully loaded external plugin libnccl-net.so
a0018:57735:58198 [0] NCCL INFO Plugin Path : /opt/hpcx/nccl_rdma_sharp_plugin/lib/libnccl-net.so
a0018:57735:58198 [0] NCCL INFO P2P plugin v10 IBext_v10
a0018:57736:58196 [0] NCCL INFO NET/IB : Using [0]mlx5_0:1/IB/SHARP [1]mlx5_3:1/IB/SHARP [2]mlx5_bond_0:1/RoCE [RO]; OOB bond1:172.23.101.18<0>
a0018:57736:58196 [0] NCCL INFO Initialized NET plugin IBext_v10
a0018:57736:58196 [0] NCCL INFO Assigned NET plugin IBext_v10 to comm
a0018:57736:58196 [0] NCCL INFO Using network IBext_v10
a0018:57741:58197 [0] NCCL INFO NET/IB : Using [0]mlx5_0:1/IB/SHARP [1]mlx5_3:1/IB/SHARP [2]mlx5_bond_0:1/RoCE [RO]; OOB bond1:172.23.101.18<0>
a0018:57741:58197 [0] NCCL INFO Initialized NET plugin IBext_v10
a0018:57735:58198 [0] NCCL INFO NET/IB : Using [0]mlx5_0:1/IB/SHARP [1]mlx5_3:1/IB/SHARP [2]mlx5_bond_0:1/RoCE [RO]; OOB bond1:172.23.101.18<0>
a0018:57735:58198 [0] NCCL INFO Initialized NET plugin IBext_v10
a0018:57741:58197 [0] NCCL INFO Assigned NET plugin IBext_v10 to comm
a0018:57741:58197 [0] NCCL INFO Using network IBext_v10
a0018:57735:58198 [0] NCCL INFO Assigned NET plugin IBext_v10 to comm
a0018:57735:58198 [0] NCCL INFO Using network IBext_v10
a0018:57736:58196 [0] NCCL INFO DMA-BUF is available on GPU device 0
a0018:57736:58196 [0] NCCL INFO ncclCommInitRankConfig comm 0x5623adb52770 rank 0 nranks 1 cudaDev 0 nvmlDev 0 busId 3000 commId 0xdfa8105ea2260bb3 - Init START
a0018:57736:58196 [0] NCCL INFO RAS client listening socket at ::1<28028>
a0018:57736:58196 [0] NCCL INFO Bootstrap timings total 0.000759 (create 0.000026, send 0.000084, recv 0.000052, ring 0.000001, delay 0.000000)
srun: error: a0017: tasks 1-2: Exited with exit code 3
a0018:57736:58196 [0] NCCL INFO comm 0x5623adb52770 rank 0 nRanks 1 nNodes 1 localRanks 1 localRank 0 MNNVL 0
a0018:57736:58196 [0] NCCL INFO Channel 00/64 : 0
a0018:57736:58196 [0] NCCL INFO Channel 01/64 : 0
a0018:57736:58196 [0] NCCL INFO Channel 02/64 : 0
a0018:57736:58196 [0] NCCL INFO Channel 03/64 : 0
a0018:57736:58196 [0] NCCL INFO Channel 04/64 : 0
a0018:57736:58196 [0] NCCL INFO Channel 05/64 : 0
a0018:57736:58196 [0] NCCL INFO Channel 06/64 : 0
a0018:57736:58196 [0] NCCL INFO Channel 07/64 : 0
a0018:57736:58196 [0] NCCL INFO Channel 08/64 : 0
a0018:57736:58196 [0] NCCL INFO Channel 09/64 : 0
a0018:57736:58196 [0] NCCL INFO Channel 10/64 : 0
a0018:57736:58196 [0] NCCL INFO Channel 11/64 : 0
a0018:57736:58196 [0] NCCL INFO Channel 12/64 : 0
a0018:57736:58196 [0] NCCL INFO Channel 13/64 : 0
a0018:57736:58196 [0] NCCL INFO Channel 14/64 : 0
a0018:57736:58196 [0] NCCL INFO Channel 15/64 : 0
a0018:57736:58196 [0] NCCL INFO Channel 16/64 : 0
a0018:57736:58196 [0] NCCL INFO Channel 17/64 : 0
a0018:57736:58196 [0] NCCL INFO Channel 18/64 : 0
a0018:57736:58196 [0] NCCL INFO Channel 19/64 : 0
a0018:57736:58196 [0] NCCL INFO Channel 20/64 : 0
a0018:57736:58196 [0] NCCL INFO Channel 21/64 : 0
a0018:57736:58196 [0] NCCL INFO Channel 22/64 : 0
a0018:57736:58196 [0] NCCL INFO Channel 23/64 : 0
a0018:57736:58196 [0] NCCL INFO Channel 24/64 : 0
a0018:57736:58196 [0] NCCL INFO Channel 25/64 : 0
a0018:57736:58196 [0] NCCL INFO Channel 26/64 : 0
a0018:57736:58196 [0] NCCL INFO Channel 27/64 : 0
a0018:57736:58196 [0] NCCL INFO Channel 28/64 : 0
a0018:57736:58196 [0] NCCL INFO Channel 29/64 : 0
a0018:57736:58196 [0] NCCL INFO Channel 30/64 : 0
a0018:57736:58196 [0] NCCL INFO Channel 31/64 : 0
a0018:57736:58196 [0] NCCL INFO Channel 32/64 : 0
a0018:57736:58196 [0] NCCL INFO Channel 33/64 : 0
a0018:57736:58196 [0] NCCL INFO Channel 34/64 : 0
a0018:57736:58196 [0] NCCL INFO Channel 35/64 : 0
a0018:57736:58196 [0] NCCL INFO Channel 36/64 : 0
a0018:57736:58196 [0] NCCL INFO Channel 37/64 : 0
a0018:57736:58196 [0] NCCL INFO Channel 38/64 : 0
a0018:57736:58196 [0] NCCL INFO Channel 39/64 : 0
a0018:57736:58196 [0] NCCL INFO Channel 40/64 : 0
a0018:57736:58196 [0] NCCL INFO Channel 41/64 : 0
a0018:57736:58196 [0] NCCL INFO Channel 42/64 : 0
a0018:57736:58196 [0] NCCL INFO Channel 43/64 : 0
a0018:57736:58196 [0] NCCL INFO Channel 44/64 : 0
a0018:57736:58196 [0] NCCL INFO Channel 45/64 : 0
a0018:57736:58196 [0] NCCL INFO Channel 46/64 : 0
a0018:57736:58196 [0] NCCL INFO Channel 47/64 : 0
a0018:57736:58196 [0] NCCL INFO Channel 48/64 : 0
a0018:57736:58196 [0] NCCL INFO Channel 49/64 : 0
a0018:57736:58196 [0] NCCL INFO Channel 50/64 : 0
a0018:57736:58196 [0] NCCL INFO Channel 51/64 : 0
a0018:57736:58196 [0] NCCL INFO Channel 52/64 : 0
a0018:57736:58196 [0] NCCL INFO Channel 53/64 : 0
a0018:57736:58196 [0] NCCL INFO Channel 54/64 : 0
a0018:57736:58196 [0] NCCL INFO Channel 55/64 : 0
a0018:57736:58196 [0] NCCL INFO Channel 56/64 : 0
a0018:57736:58196 [0] NCCL INFO Channel 57/64 : 0
a0018:57736:58196 [0] NCCL INFO Channel 58/64 : 0
a0018:57736:58196 [0] NCCL INFO Channel 59/64 : 0
a0018:57736:58196 [0] NCCL INFO Channel 60/64 : 0
a0018:57736:58196 [0] NCCL INFO Channel 61/64 : 0
a0018:57736:58196 [0] NCCL INFO Channel 62/64 : 0
a0018:57736:58196 [0] NCCL INFO Channel 63/64 : 0
a0018:57736:58196 [0] NCCL INFO Trees [0] -1/-1/-1->0->-1 [1] -1/-1/-1->0->-1 [2] -1/-1/-1->0->-1 [3] -1/-1/-1->0->-1 [4] -1/-1/-1->0->-1 [5] -1/-1/-1->0->-1 [6] -1/-1/-1->0->-1 [7] -1/-1/-1->0->-1 [8] -1/-1/-1->0->-1 [9] -1/-1/-1->0->-1 [10] -1/-1/-1->0->-1 [11] -1/-1/-1->0->-1 [12] -1/-1/-1->0->-1 [13] -1/-1/-1->0->-1 [14] -1/-1/-1->0->-1 [15] -1/-1/-1->0->-1 [16] -1/-1/-1->0->-1 [17] -1/-1/-1->0->-1 [18] -1/-1/-1->0->-1 [19] -1/-1/-1->0->-1 [20] -1/-1/-1->0->-1 [21] -1/-1/-1->0->-1 [22] -1/-1/-1->0->-1 [23] -1/-1/-1->0->-1 [24] -1/-1/-1->0->-1 [25] -1/-1/-1->0->-1 [26] -1/-1/-1->0->-1 [27] -1/-1/-1->0->-1 [28] -1/-1/-1->0->-1 [29] -1/-1/-1->0->-1 [30] -1/-1/-1->0->-1 [31] -1/-1/-1->0->-1 [32] -1/-1/-1->0->-1 [33] -1/-1/-1->0->-1 [34] -1/-1/-1->0->-1 [35] -1/-1/-1->0->-1 [36] -1/-1/-1->0->-1 [37] -1/-1/-1->0->-1 [38] -1/-1/-1->0->-1 [39] -1/-1/-1->0->-1 [40] -1/-1/-1->0->-1 [41] -1/-1/-1->0->-1 [42] -1/-1/-1->0->-1 [43] -1/-1/-1->0->-1 [44] -1/-1/-1->0->-1 [45] -1/-1/-1->0->-1 [46] -1/-1/-1->0->-1 [47] -1/
a0018:57736:58196 [0] NCCL INFO P2P Chunksize set to 524288
a0018:57736:58196 [0] NCCL INFO PROFILER/Plugin: Could not find: libnccl-profiler.so. 
a0018:57736:58196 [0] NCCL INFO Check P2P Type isAllDirectP2p 0 directMode 0
a0018:57736:58214 [0] NCCL INFO [Proxy Service] Device 0 CPU core 81
a0018:57736:58215 [0] NCCL INFO [Proxy Service UDS] Device 0 CPU core 82
a0018:57735:58198 [0] NCCL INFO DMA-BUF is available on GPU device 0
a0018:57735:58198 [0] NCCL INFO ncclCommInitRankConfig comm 0x561347f1d750 rank 0 nranks 1 cudaDev 0 nvmlDev 0 busId 3000 commId 0x31d48e4feeb77de0 - Init START
a0018:57735:58198 [0] NCCL INFO RAS client listening socket at ::1<28028>
a0018:57735:58198 [0] NCCL INFO Bootstrap timings total 0.000735 (create 0.000026, send 0.000079, recv 0.000049, ring 0.000001, delay 0.000000)
a0018:57741:58197 [0] NCCL INFO DMA-BUF is available on GPU device 0
a0018:57741:58197 [0] NCCL INFO ncclCommInitRankConfig comm 0x561a61153710 rank 0 nranks 1 cudaDev 0 nvmlDev 0 busId 3000 commId 0x90f0532000c5be0f - Init START
a0018:57741:58197 [0] NCCL INFO RAS client listening socket at ::1<28028>
a0018:57741:58197 [0] NCCL INFO Bootstrap timings total 0.000741 (create 0.000021, send 0.000068, recv 0.000055, ring 0.000001, delay 0.000000)
a0018:57735:58198 [0] NCCL INFO comm 0x561347f1d750 rank 0 nRanks 1 nNodes 1 localRanks 1 localRank 0 MNNVL 0
a0018:57735:58198 [0] NCCL INFO Channel 00/64 : 0
a0018:57735:58198 [0] NCCL INFO Channel 01/64 : 0
a0018:57735:58198 [0] NCCL INFO Channel 02/64 : 0
a0018:57735:58198 [0] NCCL INFO Channel 03/64 : 0
a0018:57735:58198 [0] NCCL INFO Channel 04/64 : 0
a0018:57735:58198 [0] NCCL INFO Channel 05/64 : 0
a0018:57735:58198 [0] NCCL INFO Channel 06/64 : 0
a0018:57735:58198 [0] NCCL INFO Channel 07/64 : 0
a0018:57735:58198 [0] NCCL INFO Channel 08/64 : 0
a0018:57735:58198 [0] NCCL INFO Channel 09/64 : 0
a0018:57735:58198 [0] NCCL INFO Channel 10/64 : 0
a0018:57735:58198 [0] NCCL INFO Channel 11/64 : 0
a0018:57735:58198 [0] NCCL INFO Channel 12/64 : 0
a0018:57735:58198 [0] NCCL INFO Channel 13/64 : 0
a0018:57735:58198 [0] NCCL INFO Channel 14/64 : 0
a0018:57735:58198 [0] NCCL INFO Channel 15/64 : 0
a0018:57735:58198 [0] NCCL INFO Channel 16/64 : 0
a0018:57735:58198 [0] NCCL INFO Channel 17/64 : 0
a0018:57735:58198 [0] NCCL INFO Channel 18/64 : 0
a0018:57735:58198 [0] NCCL INFO Channel 19/64 : 0
a0018:57735:58198 [0] NCCL INFO Channel 20/64 : 0
a0018:57735:58198 [0] NCCL INFO Channel 21/64 : 0
a0018:57735:58198 [0] NCCL INFO Channel 22/64 : 0
a0018:57735:58198 [0] NCCL INFO Channel 23/64 : 0
a0018:57735:58198 [0] NCCL INFO Channel 24/64 : 0
a0018:57735:58198 [0] NCCL INFO Channel 25/64 : 0
a0018:57735:58198 [0] NCCL INFO Channel 26/64 : 0
a0018:57735:58198 [0] NCCL INFO Channel 27/64 : 0
a0018:57735:58198 [0] NCCL INFO Channel 28/64 : 0
a0018:57735:58198 [0] NCCL INFO Channel 29/64 : 0
a0018:57735:58198 [0] NCCL INFO Channel 30/64 : 0
a0018:57735:58198 [0] NCCL INFO Channel 31/64 : 0
a0018:57735:58198 [0] NCCL INFO Channel 32/64 : 0
a0018:57735:58198 [0] NCCL INFO Channel 33/64 : 0
a0018:57735:58198 [0] NCCL INFO Channel 34/64 : 0
a0018:57735:58198 [0] NCCL INFO Channel 35/64 : 0
a0018:57735:58198 [0] NCCL INFO Channel 36/64 : 0
a0018:57735:58198 [0] NCCL INFO Channel 37/64 : 0
a0018:57735:58198 [0] NCCL INFO Channel 38/64 : 0
a0018:57735:58198 [0] NCCL INFO Channel 39/64 : 0
a0018:57735:58198 [0] NCCL INFO Channel 40/64 : 0
a0018:57735:58198 [0] NCCL INFO Channel 41/64 : 0
a0018:57735:58198 [0] NCCL INFO Channel 42/64 : 0
a0018:57735:58198 [0] NCCL INFO Channel 43/64 : 0
a0018:57735:58198 [0] NCCL INFO Channel 44/64 : 0
a0018:57735:58198 [0] NCCL INFO Channel 45/64 : 0
a0018:57735:58198 [0] NCCL INFO Channel 46/64 : 0
a0018:57735:58198 [0] NCCL INFO Channel 47/64 : 0
a0018:57735:58198 [0] NCCL INFO Channel 48/64 : 0
a0018:57735:58198 [0] NCCL INFO Channel 49/64 : 0
a0018:57735:58198 [0] NCCL INFO Channel 50/64 : 0
a0018:57735:58198 [0] NCCL INFO Channel 51/64 : 0
a0018:57735:58198 [0] NCCL INFO Channel 52/64 : 0
a0018:57735:58198 [0] NCCL INFO Channel 53/64 : 0
a0018:57735:58198 [0] NCCL INFO Channel 54/64 : 0
a0018:57735:58198 [0] NCCL INFO Channel 55/64 : 0
a0018:57735:58198 [0] NCCL INFO Channel 56/64 : 0
a0018:57735:58198 [0] NCCL INFO Channel 57/64 : 0
a0018:57735:58198 [0] NCCL INFO Channel 58/64 : 0
a0018:57735:58198 [0] NCCL INFO Channel 59/64 : 0
a0018:57735:58198 [0] NCCL INFO Channel 60/64 : 0
a0018:57735:58198 [0] NCCL INFO Channel 61/64 : 0
a0018:57735:58198 [0] NCCL INFO Channel 62/64 : 0
a0018:57735:58198 [0] NCCL INFO Channel 63/64 : 0
a0018:57735:58198 [0] NCCL INFO Trees [0] -1/-1/-1->0->-1 [1] -1/-1/-1->0->-1 [2] -1/-1/-1->0->-1 [3] -1/-1/-1->0->-1 [4] -1/-1/-1->0->-1 [5] -1/-1/-1->0->-1 [6] -1/-1/-1->0->-1 [7] -1/-1/-1->0->-1 [8] -1/-1/-1->0->-1 [9] -1/-1/-1->0->-1 [10] -1/-1/-1->0->-1 [11] -1/-1/-1->0->-1 [12] -1/-1/-1->0->-1 [13] -1/-1/-1->0->-1 [14] -1/-1/-1->0->-1 [15] -1/-1/-1->0->-1 [16] -1/-1/-1->0->-1 [17] -1/-1/-1->0->-1 [18] -1/-1/-1->0->-1 [19] -1/-1/-1->0->-1 [20] -1/-1/-1->0->-1 [21] -1/-1/-1->0->-1 [22] -1/-1/-1->0->-1 [23] -1/-1/-1->0->-1 [24] -1/-1/-1->0->-1 [25] -1/-1/-1->0->-1 [26] -1/-1/-1->0->-1 [27] -1/-1/-1->0->-1 [28] -1/-1/-1->0->-1 [29] -1/-1/-1->0->-1 [30] -1/-1/-1->0->-1 [31] -1/-1/-1->0->-1 [32] -1/-1/-1->0->-1 [33] -1/-1/-1->0->-1 [34] -1/-1/-1->0->-1 [35] -1/-1/-1->0->-1 [36] -1/-1/-1->0->-1 [37] -1/-1/-1->0->-1 [38] -1/-1/-1->0->-1 [39] -1/-1/-1->0->-1 [40] -1/-1/-1->0->-1 [41] -1/-1/-1->0->-1 [42] -1/-1/-1->0->-1 [43] -1/-1/-1->0->-1 [44] -1/-1/-1->0->-1 [45] -1/-1/-1->0->-1 [46] -1/-1/-1->0->-1 [47] -1/
a0018:57735:58198 [0] NCCL INFO P2P Chunksize set to 524288
a0018:57735:58198 [0] NCCL INFO PROFILER/Plugin: Could not find: libnccl-profiler.so. 
a0018:57735:58198 [0] NCCL INFO Check P2P Type isAllDirectP2p 0 directMode 0
a0018:57735:58218 [0] NCCL INFO [Proxy Service] Device 0 CPU core 97
a0018:57735:58219 [0] NCCL INFO [Proxy Service UDS] Device 0 CPU core 106
a0018:57741:58197 [0] NCCL INFO Setting affinity for GPU 0 to 16-31
a0018:57741:58197 [0] NCCL INFO comm 0x561a61153710 rank 0 nRanks 1 nNodes 1 localRanks 1 localRank 0 MNNVL 0
a0018:57741:58197 [0] NCCL INFO Channel 00/64 : 0
a0018:57741:58197 [0] NCCL INFO Channel 01/64 : 0
a0018:57741:58197 [0] NCCL INFO Channel 02/64 : 0
a0018:57741:58197 [0] NCCL INFO Channel 03/64 : 0
a0018:57741:58197 [0] NCCL INFO Channel 04/64 : 0
a0018:57741:58197 [0] NCCL INFO Channel 05/64 : 0
a0018:57741:58197 [0] NCCL INFO Channel 06/64 : 0
a0018:57741:58197 [0] NCCL INFO Channel 07/64 : 0
a0018:57741:58197 [0] NCCL INFO Channel 08/64 : 0
a0018:57741:58197 [0] NCCL INFO Channel 09/64 : 0
a0018:57741:58197 [0] NCCL INFO Channel 10/64 : 0
a0018:57741:58197 [0] NCCL INFO Channel 11/64 : 0
a0018:57741:58197 [0] NCCL INFO Channel 12/64 : 0
a0018:57741:58197 [0] NCCL INFO Channel 13/64 : 0
a0018:57741:58197 [0] NCCL INFO Channel 14/64 : 0
a0018:57741:58197 [0] NCCL INFO Channel 15/64 : 0
a0018:57741:58197 [0] NCCL INFO Channel 16/64 : 0
a0018:57741:58197 [0] NCCL INFO Channel 17/64 : 0
a0018:57741:58197 [0] NCCL INFO Channel 18/64 : 0
a0018:57741:58197 [0] NCCL INFO Channel 19/64 : 0
a0018:57741:58197 [0] NCCL INFO Channel 20/64 : 0
a0018:57741:58197 [0] NCCL INFO Channel 21/64 : 0
a0018:57741:58197 [0] NCCL INFO Channel 22/64 : 0
a0018:57741:58197 [0] NCCL INFO Channel 23/64 : 0
a0018:57741:58197 [0] NCCL INFO Channel 24/64 : 0
a0018:57741:58197 [0] NCCL INFO Channel 25/64 : 0
a0018:57741:58197 [0] NCCL INFO Channel 26/64 : 0
a0018:57741:58197 [0] NCCL INFO Channel 27/64 : 0
a0018:57741:58197 [0] NCCL INFO Channel 28/64 : 0
a0018:57741:58197 [0] NCCL INFO Channel 29/64 : 0
a0018:57741:58197 [0] NCCL INFO Channel 30/64 : 0
a0018:57741:58197 [0] NCCL INFO Channel 31/64 : 0
a0018:57741:58197 [0] NCCL INFO Channel 32/64 : 0
a0018:57741:58197 [0] NCCL INFO Channel 33/64 : 0
a0018:57741:58197 [0] NCCL INFO Channel 34/64 : 0
a0018:57741:58197 [0] NCCL INFO Channel 35/64 : 0
a0018:57741:58197 [0] NCCL INFO Channel 36/64 : 0
a0018:57741:58197 [0] NCCL INFO Channel 37/64 : 0
a0018:57741:58197 [0] NCCL INFO Channel 38/64 : 0
a0018:57741:58197 [0] NCCL INFO Channel 39/64 : 0
a0018:57741:58197 [0] NCCL INFO Channel 40/64 : 0
a0018:57741:58197 [0] NCCL INFO Channel 41/64 : 0
a0018:57741:58197 [0] NCCL INFO Channel 42/64 : 0
a0018:57741:58197 [0] NCCL INFO Channel 43/64 : 0
a0018:57741:58197 [0] NCCL INFO Channel 44/64 : 0
a0018:57741:58197 [0] NCCL INFO Channel 45/64 : 0
a0018:57741:58197 [0] NCCL INFO Channel 46/64 : 0
a0018:57741:58197 [0] NCCL INFO Channel 47/64 : 0
a0018:57741:58197 [0] NCCL INFO Channel 48/64 : 0
a0018:57741:58197 [0] NCCL INFO Channel 49/64 : 0
a0018:57741:58197 [0] NCCL INFO Channel 50/64 : 0
a0018:57741:58197 [0] NCCL INFO Channel 51/64 : 0
a0018:57741:58197 [0] NCCL INFO Channel 52/64 : 0
a0018:57741:58197 [0] NCCL INFO Channel 53/64 : 0
a0018:57741:58197 [0] NCCL INFO Channel 54/64 : 0
a0018:57741:58197 [0] NCCL INFO Channel 55/64 : 0
a0018:57741:58197 [0] NCCL INFO Channel 56/64 : 0
a0018:57741:58197 [0] NCCL INFO Channel 57/64 : 0
a0018:57741:58197 [0] NCCL INFO Channel 58/64 : 0
a0018:57741:58197 [0] NCCL INFO Channel 59/64 : 0
a0018:57741:58197 [0] NCCL INFO Channel 60/64 : 0
a0018:57741:58197 [0] NCCL INFO Channel 61/64 : 0
a0018:57741:58197 [0] NCCL INFO Channel 62/64 : 0
a0018:57741:58197 [0] NCCL INFO Channel 63/64 : 0
a0018:57741:58197 [0] NCCL INFO Trees [0] -1/-1/-1->0->-1 [1] -1/-1/-1->0->-1 [2] -1/-1/-1->0->-1 [3] -1/-1/-1->0->-1 [4] -1/-1/-1->0->-1 [5] -1/-1/-1->0->-1 [6] -1/-1/-1->0->-1 [7] -1/-1/-1->0->-1 [8] -1/-1/-1->0->-1 [9] -1/-1/-1->0->-1 [10] -1/-1/-1->0->-1 [11] -1/-1/-1->0->-1 [12] -1/-1/-1->0->-1 [13] -1/-1/-1->0->-1 [14] -1/-1/-1->0->-1 [15] -1/-1/-1->0->-1 [16] -1/-1/-1->0->-1 [17] -1/-1/-1->0->-1 [18] -1/-1/-1->0->-1 [19] -1/-1/-1->0->-1 [20] -1/-1/-1->0->-1 [21] -1/-1/-1->0->-1 [22] -1/-1/-1->0->-1 [23] -1/-1/-1->0->-1 [24] -1/-1/-1->0->-1 [25] -1/-1/-1->0->-1 [26] -1/-1/-1->0->-1 [27] -1/-1/-1->0->-1 [28] -1/-1/-1->0->-1 [29] -1/-1/-1->0->-1 [30] -1/-1/-1->0->-1 [31] -1/-1/-1->0->-1 [32] -1/-1/-1->0->-1 [33] -1/-1/-1->0->-1 [34] -1/-1/-1->0->-1 [35] -1/-1/-1->0->-1 [36] -1/-1/-1->0->-1 [37] -1/-1/-1->0->-1 [38] -1/-1/-1->0->-1 [39] -1/-1/-1->0->-1 [40] -1/-1/-1->0->-1 [41] -1/-1/-1->0->-1 [42] -1/-1/-1->0->-1 [43] -1/-1/-1->0->-1 [44] -1/-1/-1->0->-1 [45] -1/-1/-1->0->-1 [46] -1/-1/-1->0->-1 [47] -1/
a0018:57741:58197 [0] NCCL INFO P2P Chunksize set to 524288
a0018:57741:58197 [0] NCCL INFO PROFILER/Plugin: Could not find: libnccl-profiler.so. 
a0018:57741:58197 [0] NCCL INFO Check P2P Type isAllDirectP2p 0 directMode 0
a0018:57741:58220 [0] NCCL INFO [Proxy Service] Device 0 CPU core 26
a0018:57741:58221 [0] NCCL INFO [Proxy Service UDS] Device 0 CPU core 17
a0018:57736:58196 [0] NCCL INFO 64 coll channels, 64 collnet channels, 0 nvls channels, 64 p2p channels, 64 p2p channels per peer
a0018:57736:58196 [0] NCCL INFO CC Off, workFifoBytes 1048576
a0018:57736:58196 [0] NCCL INFO TUNER/Plugin: Could not find: libnccl-tuner.so. Using internal tuner plugin.
a0018:57736:58196 [0] NCCL INFO TUNER/Plugin: Failed to find ncclTunerPlugin_v4 symbol.
a0018:57736:58196 [0] NCCL INFO TUNER/Plugin: Failed to find ncclTunerPlugin_v3 symbol.
a0018:57736:58196 [0] NCCL INFO TUNER/Plugin: Failed to find ncclTunerPlugin_v2 symbol, using internal tuner instead.
a0018:57736:58196 [0] NCCL INFO ncclCommInitRankConfig comm 0x5623adb52770 rank 0 nranks 1 cudaDev 0 nvmlDev 0 busId 3000 commId 0xdfa8105ea2260bb3 - Init COMPLETE
a0018:57736:58196 [0] NCCL INFO Init timings - ncclCommInitRankConfig: rank 0 nranks 1 total 0.82 (kernels 0.62, alloc 0.15, bootstrap 0.00, allgathers 0.00, topo 0.00, graphs 0.00, connections 0.05, rest 0.00)
#
#                                                              out-of-place                       in-place          
#       size         count      type   redop    root     time   algbw   busbw #wrong     time   algbw   busbw #wrong
#        (B)    (elements)                               (us)  (GB/s)  (GB/s)            (us)  (GB/s)  (GB/s)       
a0018:57735:58198 [0] NCCL INFO 64 coll channels, 64 collnet channels, 0 nvls channels, 64 p2p channels, 64 p2p channels per peer
a0018:57735:58198 [0] NCCL INFO CC Off, workFifoBytes 1048576
a0018:57735:58198 [0] NCCL INFO TUNER/Plugin: Could not find: libnccl-tuner.so. Using internal tuner plugin.
a0018:57735:58198 [0] NCCL INFO TUNER/Plugin: Failed to find ncclTunerPlugin_v4 symbol.
a0018:57735:58198 [0] NCCL INFO TUNER/Plugin: Failed to find ncclTunerPlugin_v3 symbol.
a0018:57735:58198 [0] NCCL INFO TUNER/Plugin: Failed to find ncclTunerPlugin_v2 symbol, using internal tuner instead.
a0018:57735:58198 [0] NCCL INFO ncclCommInitRankConfig comm 0x561347f1d750 rank 0 nranks 1 cudaDev 0 nvmlDev 0 busId 3000 commId 0x31d48e4feeb77de0 - Init COMPLETE
a0018:57735:58198 [0] NCCL INFO Init timings - ncclCommInitRankConfig: rank 0 nranks 1 total 0.83 (kernels 0.61, alloc 0.15, bootstrap 0.00, allgathers 0.00, topo 0.00, graphs 0.00, connections 0.06, rest 0.00)
#
#                                                              out-of-place                       in-place          
#       size         count      type   redop    root     time   algbw   busbw #wrong     time   algbw   busbw #wrong
#        (B)    (elements)                               (us)  (GB/s)  (GB/s)            (us)  (GB/s)  (GB/s)       
a0018:57741:58197 [0] NCCL INFO 64 coll channels, 64 collnet channels, 0 nvls channels, 64 p2p channels, 64 p2p channels per peer
a0018:57741:58197 [0] NCCL INFO CC Off, workFifoBytes 1048576
a0018:57741:58197 [0] NCCL INFO TUNER/Plugin: Could not find: libnccl-tuner.so. Using internal tuner plugin.
a0018:57741:58197 [0] NCCL INFO TUNER/Plugin: Failed to find ncclTunerPlugin_v4 symbol.
a0018:57741:58197 [0] NCCL INFO TUNER/Plugin: Failed to find ncclTunerPlugin_v3 symbol.
a0018:57741:58197 [0] NCCL INFO TUNER/Plugin: Failed to find ncclTunerPlugin_v2 symbol, using internal tuner instead.
a0018:57741:58197 [0] NCCL INFO ncclCommInitRankConfig comm 0x561a61153710 rank 0 nranks 1 cudaDev 0 nvmlDev 0 busId 3000 commId 0x90f0532000c5be0f - Init COMPLETE
a0018:57741:58197 [0] NCCL INFO Init timings - ncclCommInitRankConfig: rank 0 nranks 1 total 0.84 (kernels 0.62, alloc 0.15, bootstrap 0.00, allgathers 0.00, topo 0.00, graphs 0.00, connections 0.07, rest 0.00)
#
#                                                              out-of-place                       in-place          
#       size         count      type   redop    root     time   algbw   busbw #wrong     time   algbw   busbw #wrong
#        (B)    (elements)                               (us)  (GB/s)  (GB/s)            (us)  (GB/s)  (GB/s)       
srun: error: a0017: tasks 4-5: Exited with exit code 3
srun: error: a0017: tasks 0,6: Exited with exit code 3
           8             2     float     sum      -1    231.4    0.00    0.00      0     0.06    0.14    0.00      0
a0017:186594:187034 [0] NCCL INFO NET/Plugin: Plugin name set by env to libnccl-net.so
a0017:186594:187034 [0] NCCL INFO NET/Plugin: Loaded net plugin NCCL RDMA Plugin v10 (v10)
a0017:186594:187034 [0] NCCL INFO NET/Plugin: Loaded collnet plugin NCCL RDMA Plugin v10 (v10)
a0017:186594:187034 [0] NCCL INFO Successfully loaded external plugin libnccl-net.so
a0017:186594:187034 [0] NCCL INFO Plugin Path : /opt/hpcx/nccl_rdma_sharp_plugin/lib/libnccl-net.so
a0017:186594:187034 [0] NCCL INFO P2P plugin v10 IBext_v10
a0017:186594:187034 [0] NCCL INFO NET/IB : Using [0]mlx5_0:1/IB/SHARP [1]mlx5_3:1/IB/SHARP [2]mlx5_bond_0:1/RoCE [RO]; OOB bond1:172.23.101.17<0>
a0017:186594:187034 [0] NCCL INFO Initialized NET plugin IBext_v10
a0017:186594:187034 [0] NCCL INFO Assigned NET plugin IBext_v10 to comm
a0017:186594:187034 [0] NCCL INFO Using network IBext_v10
          16             4     float     sum      -1    231.2    0.00    0.00      0     0.14    0.11    0.00      0
          32             8     float     sum      -1    231.9    0.00    0.00      0     0.08    0.40    0.00      0
          64            16     float     sum      -1    42.92    0.00    0.00      0     0.08    0.79    0.00      0
           8             2     float     sum      -1    13.73    0.00    0.00      0     0.06    0.14    0.00      0
         128            32     float     sum      -1     9.32    0.01    0.00      0     0.08    1.51    0.00      0
          16             4     float     sum      -1     9.37    0.00    0.00      0     0.08    0.20    0.00      0
a0017:186594:187034 [0] NCCL INFO DMA-BUF is available on GPU device 0
a0017:186594:187034 [0] NCCL INFO ncclCommInitRankConfig comm 0x56319e9757f0 rank 0 nranks 1 cudaDev 0 nvmlDev 0 busId 3000 commId 0x4103caff79421bd8 - Init START
a0017:186594:187034 [0] NCCL INFO RAS client listening socket at ::1<28028>
a0017:186594:187034 [0] NCCL INFO Bootstrap timings total 0.000730 (create 0.000023, send 0.000068, recv 0.000047, ring 0.000001, delay 0.000000)
         256            64     float     sum      -1     9.30    0.03    0.00      0     0.08    3.16    0.00      0
          32             8     float     sum      -1     9.34    0.00    0.00      0     0.09    0.36    0.00      0
a0017:186594:187034 [0] NCCL INFO comm 0x56319e9757f0 rank 0 nRanks 1 nNodes 1 localRanks 1 localRank 0 MNNVL 0
a0017:186594:187034 [0] NCCL INFO Channel 00/64 : 0
a0017:186594:187034 [0] NCCL INFO Channel 01/64 : 0
a0017:186594:187034 [0] NCCL INFO Channel 02/64 : 0
a0017:186594:187034 [0] NCCL INFO Channel 03/64 : 0
a0017:186594:187034 [0] NCCL INFO Channel 04/64 : 0
a0017:186594:187034 [0] NCCL INFO Channel 05/64 : 0
a0017:186594:187034 [0] NCCL INFO Channel 06/64 : 0
a0017:186594:187034 [0] NCCL INFO Channel 07/64 : 0
a0017:186594:187034 [0] NCCL INFO Channel 08/64 : 0
a0017:186594:187034 [0] NCCL INFO Channel 09/64 : 0
a0017:186594:187034 [0] NCCL INFO Channel 10/64 : 0
a0017:186594:187034 [0] NCCL INFO Channel 11/64 : 0
a0017:186594:187034 [0] NCCL INFO Channel 12/64 : 0
a0017:186594:187034 [0] NCCL INFO Channel 13/64 : 0
a0017:186594:187034 [0] NCCL INFO Channel 14/64 : 0
a0017:186594:187034 [0] NCCL INFO Channel 15/64 : 0
a0017:186594:187034 [0] NCCL INFO Channel 16/64 : 0
a0017:186594:187034 [0] NCCL INFO Channel 17/64 : 0
a0017:186594:187034 [0] NCCL INFO Channel 18/64 : 0
a0017:186594:187034 [0] NCCL INFO Channel 19/64 : 0
a0017:186594:187034 [0] NCCL INFO Channel 20/64 : 0
a0017:186594:187034 [0] NCCL INFO Channel 21/64 : 0
a0017:186594:187034 [0] NCCL INFO Channel 22/64 : 0
a0017:186594:187034 [0] NCCL INFO Channel 23/64 : 0
a0017:186594:187034 [0] NCCL INFO Channel 24/64 : 0
a0017:186594:187034 [0] NCCL INFO Channel 25/64 : 0
a0017:186594:187034 [0] NCCL INFO Channel 26/64 : 0
a0017:186594:187034 [0] NCCL INFO Channel 27/64 : 0
a0017:186594:187034 [0] NCCL INFO Channel 28/64 : 0
a0017:186594:187034 [0] NCCL INFO Channel 29/64 : 0
a0017:186594:187034 [0] NCCL INFO Channel 30/64 : 0
a0017:186594:187034 [0] NCCL INFO Channel 31/64 : 0
a0017:186594:187034 [0] NCCL INFO Channel 32/64 : 0
a0017:186594:187034 [0] NCCL INFO Channel 33/64 : 0
a0017:186594:187034 [0] NCCL INFO Channel 34/64 : 0
a0017:186594:187034 [0] NCCL INFO Channel 35/64 : 0
a0017:186594:187034 [0] NCCL INFO Channel 36/64 : 0
a0017:186594:187034 [0] NCCL INFO Channel 37/64 : 0
a0017:186594:187034 [0] NCCL INFO Channel 38/64 : 0
a0017:186594:187034 [0] NCCL INFO Channel 39/64 : 0
a0017:186594:187034 [0] NCCL INFO Channel 40/64 : 0
a0017:186594:187034 [0] NCCL INFO Channel 41/64 : 0
a0017:186594:187034 [0] NCCL INFO Channel 42/64 : 0
a0017:186594:187034 [0] NCCL INFO Channel 43/64 : 0
a0017:186594:187034 [0] NCCL INFO Channel 44/64 : 0
a0017:186594:187034 [0] NCCL INFO Channel 45/64 : 0
a0017:186594:187034 [0] NCCL INFO Channel 46/64 : 0
a0017:186594:187034 [0] NCCL INFO Channel 47/64 : 0
a0017:186594:187034 [0] NCCL INFO Channel 48/64 : 0
a0017:186594:187034 [0] NCCL INFO Channel 49/64 : 0
a0017:186594:187034 [0] NCCL INFO Channel 50/64 : 0
a0017:186594:187034 [0] NCCL INFO Channel 51/64 : 0
a0017:186594:187034 [0] NCCL INFO Channel 52/64 : 0
a0017:186594:187034 [0] NCCL INFO Channel 53/64 : 0
a0017:186594:187034 [0] NCCL INFO Channel 54/64 : 0
a0017:186594:187034 [0] NCCL INFO Channel 55/64 : 0
a0017:186594:187034 [0] NCCL INFO Channel 56/64 : 0
a0017:186594:187034 [0] NCCL INFO Channel 57/64 : 0
a0017:186594:187034 [0] NCCL INFO Channel 58/64 : 0
a0017:186594:187034 [0] NCCL INFO Channel 59/64 : 0
a0017:186594:187034 [0] NCCL INFO Channel 60/64 : 0
a0017:186594:187034 [0] NCCL INFO Channel 61/64 : 0
a0017:186594:187034 [0] NCCL INFO Channel 62/64 : 0
a0017:186594:187034 [0] NCCL INFO Channel 63/64 : 0
a0017:186594:187034 [0] NCCL INFO Trees [0] -1/-1/-1->0->-1 [1] -1/-1/-1->0->-1 [2] -1/-1/-1->0->-1 [3] -1/-1/-1->0->-1 [4] -1/-1/-1->0->-1 [5] -1/-1/-1->0->-1 [6] -1/-1/-1->0->-1 [7] -1/-1/-1->0->-1 [8] -1/-1/-1->0->-1 [9] -1/-1/-1->0->-1 [10] -1/-1/-1->0->-1 [11] -1/-1/-1->0->-1 [12] -1/-1/-1->0->-1 [13] -1/-1/-1->0->-1 [14] -1/-1/-1->0->-1 [15] -1/-1/-1->0->-1 [16] -1/-1/-1->0->-1 [17] -1/-1/-1->0->-1 [18] -1/-1/-1->0->-1 [19] -1/-1/-1->0->-1 [20] -1/-1/-1->0->-1 [21] -1/-1/-1->0->-1 [22] -1/-1/-1->0->-1 [23] -1/-1/-1->0->-1 [24] -1/-1/-1->0->-1 [25] -1/-1/-1->0->-1 [26] -1/-1/-1->0->-1 [27] -1/-1/-1->0->-1 [28] -1/-1/-1->0->-1 [29] -1/-1/-1->0->-1 [30] -1/-1/-1->0->-1 [31] -1/-1/-1->0->-1 [32] -1/-1/-1->0->-1 [33] -1/-1/-1->0->-1 [34] -1/-1/-1->0->-1 [35] -1/-1/-1->0->-1 [36] -1/-1/-1->0->-1 [37] -1/-1/-1->0->-1 [38] -1/-1/-1->0->-1 [39] -1/-1/-1->0->-1 [40] -1/-1/-1->0->-1 [41] -1/-1/-1->0->-1 [42] -1/-1/-1->0->-1 [43] -1/-1/-1->0->-1 [44] -1/-1/-1->0->-1 [45] -1/-1/-1->0->-1 [46] -1/-1/-1->0->-1 [47] -
a0017:186594:187034 [0] NCCL INFO P2P Chunksize set to 524288
a0017:186594:187034 [0] NCCL INFO PROFILER/Plugin: Could not find: libnccl-profiler.so. 
a0017:186594:187034 [0] NCCL INFO Check P2P Type isAllDirectP2p 0 directMode 0
a0017:186594:187046 [0] NCCL INFO [Proxy Service] Device 0 CPU core 84
a0017:186594:187047 [0] NCCL INFO [Proxy Service UDS] Device 0 CPU core 91
         512           128     float     sum      -1    13.92    0.04    0.00      0     0.09    5.65    0.00      0
          64            16     float     sum      -1    13.46    0.00    0.00      0     0.09    0.73    0.00      0
           8             2     float     sum      -1    15.33    0.00    0.00      0     0.23    0.03    0.00      0
        1024           256     float     sum      -1    36.14    0.03    0.00      0     0.08   12.70    0.00      0
         128            32     float     sum      -1    13.50    0.01    0.00      0     0.08    1.52    0.00      0
          16             4     float     sum      -1    15.41    0.00    0.00      0     0.08    0.20    0.00      0
        2048           512     float     sum      -1    36.24    0.06    0.00      0     0.08   25.57    0.00      0
a0017:186594:187034 [0] NCCL INFO 64 coll channels, 64 collnet channels, 0 nvls channels, 64 p2p channels, 64 p2p channels per peer
a0017:186594:187034 [0] NCCL INFO CC Off, workFifoBytes 1048576
a0017:186594:187034 [0] NCCL INFO TUNER/Plugin: Could not find: libnccl-tuner.so. Using internal tuner plugin.
a0017:186594:187034 [0] NCCL INFO TUNER/Plugin: Failed to find ncclTunerPlugin_v4 symbol.
a0017:186594:187034 [0] NCCL INFO TUNER/Plugin: Failed to find ncclTunerPlugin_v3 symbol.
a0017:186594:187034 [0] NCCL INFO TUNER/Plugin: Failed to find ncclTunerPlugin_v2 symbol, using internal tuner instead.
a0017:186594:187034 [0] NCCL INFO ncclCommInitRankConfig comm 0x56319e9757f0 rank 0 nranks 1 cudaDev 0 nvmlDev 0 busId 3000 commId 0x4103caff79421bd8 - Init COMPLETE
a0017:186594:187034 [0] NCCL INFO Init timings - ncclCommInitRankConfig: rank 0 nranks 1 total 1.00 (kernels 0.85, alloc 0.13, bootstrap 0.00, allgathers 0.00, topo 0.00, graphs 0.00, connections 0.01, rest 0.00)
         256            64     float     sum      -1    13.38    0.02    0.00      0     0.08    3.08    0.00      0
#
#                                                              out-of-place                       in-place          
#       size         count      type   redop    root     time   algbw   busbw #wrong     time   algbw   busbw #wrong
#        (B)    (elements)                               (us)  (GB/s)  (GB/s)            (us)  (GB/s)  (GB/s)       
          32             8     float     sum      -1    15.26    0.00    0.00      0     0.08    0.40    0.00      0
        4096          1024     float     sum      -1    36.21    0.11    0.00      0     0.08   50.82    0.00      0
         512           128     float     sum      -1    13.37    0.04    0.00      0     0.08    6.27    0.00      0
          64            16     float     sum      -1    15.18    0.00    0.00      0     0.08    0.78    0.00      0
        8192          2048     float     sum      -1    36.21    0.23    0.00      0     0.08   97.99    0.00      0
        1024           256     float     sum      -1    13.53    0.08    0.00      0     0.09   11.75    0.00      0
         128            32     float     sum      -1    15.35    0.01    0.00      0     0.12    1.08    0.00      0
       16384          4096     float     sum      -1    36.33    0.45    0.00      0     0.08  207.13    0.00      0
        2048           512     float     sum      -1    13.48    0.15    0.00      0     0.08   25.39    0.00      0
         256            64     float     sum      -1    15.37    0.02    0.00      0     0.09    2.75    0.00      0
       32768          8192     float     sum      -1    36.42    0.90    0.00      0     0.06  594.70    0.00      0
        4096          1024     float     sum      -1    13.48    0.30    0.00      0     0.08   51.14    0.00      0
         512           128     float     sum      -1    15.36    0.03    0.00      0     0.08    6.39    0.00      0
        8192          2048     float     sum      -1    13.56    0.60    0.00      0     0.08  100.39    0.00      0
       65536         16384     float     sum      -1    36.33    1.80    0.00      0     0.05  1201.39    0.00      0
        1024           256     float     sum      -1    15.42    0.07    0.00      0     0.08   12.63    0.00      0
       16384          4096     float     sum      -1    13.18    1.24    0.00      0     0.13  123.05    0.00      0
        2048           512     float     sum      -1    17.41    0.12    0.00      0     0.09   22.59    0.00      0
      131072         32768     float     sum      -1    15.25    8.60    0.00      0     0.06  2357.41    0.00      0
       32768          8192     float     sum      -1    13.40    2.44    0.00      0     0.05  600.70    0.00      0
        4096          1024     float     sum      -1    15.69    0.26    0.00      0     0.08   48.42    0.00      0
      262144         65536     float     sum      -1    13.84   18.94    0.00      0     0.08  3173.66    0.00      0
        8192          2048     float     sum      -1    831.1    0.01    0.00      0     0.09   92.93    0.00      0
       65536         16384     float     sum      -1    13.07    5.01    0.00      0     0.05  1212.51    0.00      0
           8             2     float     sum      -1     3.23    0.00    0.00      0     0.06    0.14    0.00      0
          16             4     float     sum      -1     3.26    0.00    0.00      0     0.20    0.08    0.00      0
          32             8     float     sum      -1     3.20    0.01    0.00      0     0.09    0.37    0.00      0
          64            16     float     sum      -1     3.23    0.02    0.00      0     0.08    0.79    0.00      0
         128            32     float     sum      -1     3.35    0.04    0.00      0     0.10    1.33    0.00      0
         256            64     float     sum      -1     3.28    0.08    0.00      0     0.08    3.08    0.00      0
         512           128     float     sum      -1     3.30    0.16    0.00      0     0.08    6.20    0.00      0
        1024           256     float     sum      -1     3.27    0.31    0.00      0     0.08   12.32    0.00      0
        2048           512     float     sum      -1     3.27    0.63    0.00      0     0.08   25.25    0.00      0
        4096          1024     float     sum      -1     3.28    1.25    0.00      0     0.09   48.10    0.00      0
        8192          2048     float     sum      -1     3.28    2.49    0.00      0     0.08  102.27    0.00      0
       16384          4096     float     sum      -1     3.24    5.05    0.00      0     0.08  203.28    0.00      0
      524288        131072     float     sum      -1    36.47   14.38    0.00      0     0.09  5539.23    0.00      0
       32768          8192     float     sum      -1     3.30    9.92    0.00      0     0.08  411.66    0.00      0
       16384          4096     float     sum      -1    13.98    1.17    0.00      0     0.11  151.49    0.00      0
       65536         16384     float     sum      -1     3.28   19.96    0.00      0     0.06  1190.48    0.00      0
      131072         32768     float     sum      -1     3.25   40.27    0.00      0     0.06  2338.48    0.00      0
      131072         32768     float     sum      -1    14.00    9.37    0.00      0     0.06  2357.41    0.00      0
     1048576        262144     float     sum      -1    14.61   71.76    0.00      0     0.09  11902.11    0.00      0
       32768          8192     float     sum      -1   1249.2    0.03    0.00      0     0.06  584.62    0.00      0
      262144         65536     float     sum      -1     3.30   79.34    0.00      0     0.08  3173.66    0.00      0
      524288        131072     float     sum      -1     3.72  140.86    0.00      0     0.08  6425.10    0.00      0
      262144         65536     float     sum      -1    104.5    2.51    0.00      0     0.12  2190.92    0.00      0
     1048576        262144     float     sum      -1     3.80  275.60    0.00      0     0.08  13001.56    0.00      0
     2097152        524288     float     sum      -1    15.37  136.43    0.00      0     0.09  24643.38    0.00      0
       65536         16384     float     sum      -1    14.35    4.57    0.00      0     0.06  1169.24    0.00      0
     2097152        524288     float     sum      -1     4.72  444.64    0.00      0     0.08  26019.26    0.00      0
      524288        131072     float     sum      -1    14.97   35.02    0.00      0     0.08  6309.12    0.00      0
     4194304       1048576     float     sum      -1     6.56  639.57    0.00      0     0.08  52363.35    0.00      0
     4194304       1048576     float     sum      -1    17.56  238.80    0.00      0     0.09  45789.34    0.00      0
      131072         32768     float     sum      -1    15.11    8.67    0.00      0     0.06  2357.41    0.00      0
     8388608       2097152     float     sum      -1    13.60  616.60    0.00      0     0.08  102738.62    0.00      0
    16777216       4194304     float     sum      -1    22.66  740.38    0.00      0     0.10  170934.45    0.00      0
     1048576        262144     float     sum      -1    16.37   64.05    0.00      0     0.08  13009.63    0.00      0
    33554432       8388608     float     sum      -1    43.43  772.68    0.00      0     0.10  326881.95    0.00      0
     8388608       2097152     float     sum      -1    23.73  353.55    0.00      0     0.09  98573.54    0.00      0
      262144         65536     float     sum      -1    15.44   16.98    0.00      0     0.10  2727.83    0.00      0
    67108864      16777216     float     sum      -1    88.83  755.50    0.00      0     0.09  728256.80    0.00      0
     2097152        524288     float     sum      -1    18.70  112.18    0.00      0     0.09  22647.43    0.00      0
   134217728      33554432     float     sum      -1    183.3  732.29    0.00      0     0.06  2438105.87    0.00      0
   268435456      67108864     float     sum      -1    366.6  732.23    0.00      0     0.05  4916400.29    0.00      0
      524288        131072     float     sum      -1    18.44   28.44    0.00      0     0.08  6425.10    0.00      0
    16777216       4194304     float     sum      -1    33.67  498.25    0.00      0     0.09  195881.10    0.00      0
     4194304       1048576     float     sum      -1    22.03  190.42    0.00      0     0.11  37233.06    0.00      0
   536870912     134217728     float     sum      -1    735.7  729.71    0.00      0     0.06  9743573.72    0.00      0
     1048576        262144     float     sum      -1    17.13   61.23    0.00      0     0.08  12535.28    0.00      0
    33554432       8388608     float     sum      -1    59.30  565.84    0.00      0     0.09  380867.56    0.00      0
  1073741824     268435456     float     sum      -1   1468.7  731.07    0.00      0     0.10  10829468.72    0.00      0
     8388608       2097152     float     sum      -1    322.8   25.99    0.00      0     0.09  94095.43    0.00      0
     2097152        524288     float     sum      -1    64.31   32.61    0.00      0     0.09  23926.43    0.00      0
    67108864      16777216     float     sum      -1    733.2   91.53    0.00      0     0.10  660195.42    0.00      0
    16777216       4194304     float     sum      -1   1028.0   16.32    0.00      0     0.09  187245.71    0.00      0
  2147483648     536870912     float     sum      -1   2934.6  731.77    0.00      0     0.10  22451475.67    0.00      0
     4194304       1048576     float     sum      -1   1186.5    3.54    0.00      0     0.08  49548.78    0.00      0
   134217728      33554432     float     sum      -1    413.3  324.74    0.00      0     0.06  2416160.72    0.00      0
    33554432       8388608     float     sum      -1    81.12  413.66    0.00      0     0.09  370153.69    0.00      0
     8388608       2097152     float     sum      -1    143.0   58.68    0.00      0     0.10  87701.08    0.00      0
    16777216       4194304     float     sum      -1    179.7   93.36    0.00      0     0.09  197147.07    0.00      0
    67108864      16777216     float     sum      -1    212.5  315.78    0.00      0     0.08  816906.44    0.00      0
  4294967296    1073741824     float     sum      -1   5869.0  731.81    0.00      0     0.10  41238284.17    0.00      0
   268435456      67108864     float     sum      -1   1318.8  203.54    0.00      0     0.05  4961838.37    0.00      0
    33554432       8388608     float     sum      -1    253.9  132.14    0.00      0     0.09  391991.03    0.00      0
   134217728      33554432     float     sum      -1    318.8  421.05    0.00      0     0.05  2458200.15    0.00      0
    67108864      16777216     float     sum      -1    554.1  121.11    0.00      0     0.08  812455.98    0.00      0
   536870912     134217728     float     sum      -1   3632.4  147.80    0.00      0     0.06  9402292.68    0.00      0
   268435456      67108864     float     sum      -1   1790.2  149.94    0.00      0     0.06  4871786.86    0.00      0
   134217728      33554432     float     sum      -1    430.6  311.71    0.00      0     0.06  2413987.91    0.00      0
   536870912     134217728     float     sum      -1   2672.2  200.91    0.00      0     0.08  6345991.87    0.00      0
  8589934592    2147483648     float     sum      -1    11734  732.08    0.00      0     0.13  68066042.73    0.00      0
   268435456      67108864     float     sum      -1   1005.7  266.92    0.00      0     0.06  4429627.99    0.00      0
  1073741824     268435456     float     sum      -1   5422.4  198.02    0.00      0     0.08  12684486.99    0.00      0
a0017:186594:187050 [0] NCCL INFO comm 0x56319e9757f0 rank 0 nranks 1 cudaDev 0 busId 3000 - Destroy COMPLETE
# Out of bounds values : 0 OK
# Avg bus bandwidth    : 0 
#
# Collective test concluded: all_reduce_perf

   536870912     134217728     float     sum      -1   2444.0  219.67    0.00      0     0.09  5794613.19    0.00      0
  1073741824     268435456     float     sum      -1   5048.9  212.67    0.00      0     0.13  8474678.96    0.00      0
  1073741824     268435456     float     sum      -1   5108.9  210.17    0.00      0     0.10  10511422.65    0.00      0
  2147483648     536870912     float     sum      -1    10492  204.68    0.00      0     0.09  22700672.81    0.00      0
  2147483648     536870912     float     sum      -1    10340  207.69    0.00      0     0.10  20920444.70    0.00      0
  2147483648     536870912     float     sum      -1   9822.0  218.64    0.00      0     0.10  22104823.96    0.00      0
  4294967296    1073741824     float     sum      -1    19628  218.82    0.00      0     0.30  14369244.88    0.00      0
  4294967296    1073741824     float     sum      -1    19349  221.97    0.00      0     0.30  14297494.33    0.00      0
  4294967296    1073741824     float     sum      -1    19730  217.69    0.00      0     0.23  19063325.77    0.00      0
  8589934592    2147483648     float     sum      -1    38897  220.84    0.00      0     0.66  12958115.24    0.00      0
a0018:57736:58225 [0] NCCL INFO comm 0x5623adb52770 rank 0 nranks 1 cudaDev 0 busId 3000 - Destroy COMPLETE
# Out of bounds values : 0 OK
# Avg bus bandwidth    : 0 
#
# Collective test concluded: all_reduce_perf

  8589934592    2147483648     float     sum      -1    38593  222.58    0.00      0     0.15  56253664.65    0.00      0
  8589934592    2147483648     float     sum      -1    38333  224.09    0.00      0     0.14  61931756.25    0.00      0
a0018:57735:58226 [0] NCCL INFO comm 0x561347f1d750 rank 0 nranks 1 cudaDev 0 busId 3000 - Destroy COMPLETE
a0018:57741:58227 [0] NCCL INFO comm 0x561a61153710 rank 0 nranks 1 cudaDev 0 busId 3000 - Destroy COMPLETE
# Out of bounds values : 0 OK
# Avg bus bandwidth    : 0 
#
# Collective test concluded: all_reduce_perf

# Out of bounds values : 0 OK
# Avg bus bandwidth    : 0 
#
# Collective test concluded: all_reduce_perf

+ echo Done
Done
+ echo 2026-04-01T01:20:17
2026-04-01T01:20:17
