++ date +%Y-%m-%dT%H:%M:%S
+ DATESTRING=2026-04-07T14:46:58
+ SIF=/home/knevins/aicr-benchmarks/hpc-benchmarks_25.09.sif
++ date +%Y-%m-%dT%H:%M:%S
+ DATESTRING=2026-04-07T14:46:58
+++ scontrol show hostname
++ echo a0007 a0008
+ echo 'Running on hosts: a0007 a0008'
Running on hosts: a0007 a0008
+ echo 2026-04-07T14:46:58
2026-04-07T14:46:58
+ N_SIZE=860080
+ srun -N 2 --ntasks-per-node=8 --exclusive --mpi=pmix apptainer exec --nv --no-mount /etc/localtime --bind /var/spool/slurm/slurmd /home/knevins/aicr-benchmarks/hpc-benchmarks_25.09.sif /workspace/hpl-mxp.sh --gpu-affinity 0:1:2:3:4:5:6:7 --n 860080 --nb 1024 --nporder row --nprow 4 --npcol 2
 ERROR 2 (4->a0007): Number of processes (16) != nprow (4) * npcol (2)
 at (src/grid.hpp:29)
--------------------------------------------------------------------------
MPI_ABORT was invoked on rank 4 in communicator MPI_COMM_WORLD
with errorcode 2.

NOTE: invoking MPI_ABORT causes Open MPI to kill all MPI processes.
You may or may not see output from other processes, depending on
exactly when Open MPI kills them.
--------------------------------------------------------------------------
[2026-04-07T14:47:03.613] error: *** STEP 2124.0 ON a0007 CANCELLED AT 2026-04-07T14:47:03 DUE to SIGNAL Killed ***
srun: Job step aborted: Waiting up to 32 seconds for job step to finish.
srun: error: a0007: tasks 0-7: Killed
srun: error: a0008: tasks 8-15: Killed
+ echo Done
Done
+ echo 2026-04-07T14:46:58
2026-04-07T14:46:58
