++ date +%Y-%m-%dT%H:%M:%S
+ DATESTRING=2026-04-01T19:49:25
+ SIF=/home/knevins/aicr-benchmarks/hpc-benchmarks_25.09.sif
+ NCCL_BIN=/workspace/microbenchmarks/nccl_tests
+++ scontrol show hostname
++ echo a0017
+ echo 'Running on hosts: a0017'
Running on hosts: a0017
+ echo 2026-04-01T19:49:25
2026-04-01T19:49:25
+ srun -N1 --ntasks-per-node=8 --exclusive --mpi=pmix apptainer exec --nv --no-mount /etc/localtime --bind /var/spool/slurm/slurmd /home/knevins/aicr-benchmarks/hpc-benchmarks_25.09.sif /workspace/microbenchmarks/nccl_tests/all_reduce_perf -b 8 -e 8G -f 2 -g 8
# Collective test starting: all_reduce_perf
# nThread 1 nGpus 8 minBytes 8 maxBytes 8589934592 step: 2(factor) warmup iters: 1 iters: 20 agg iters: 1 validation: 1 graph: 0
#
# Using devices
# Collective test starting: all_reduce_perf
# nThread 1 nGpus 8 minBytes 8 maxBytes 8589934592 step: 2(factor) warmup iters: 1 iters: 20 agg iters: 1 validation: 1 graph: 0
#
# Using devices
# Collective test starting: all_reduce_perf
# nThread 1 nGpus 8 minBytes 8 maxBytes 8589934592 step: 2(factor) warmup iters: 1 iters: 20 agg iters: 1 validation: 1 graph: 0
#
# Using devices
# Collective test starting: all_reduce_perf
# nThread 1 nGpus 8 minBytes 8 maxBytes 8589934592 step: 2(factor) warmup iters: 1 iters: 20 agg iters: 1 validation: 1 graph: 0
#
# Using devices
# Collective test starting: all_reduce_perf
# nThread 1 nGpus 8 minBytes 8 maxBytes 8589934592 step: 2(factor) warmup iters: 1 iters: 20 agg iters: 1 validation: 1 graph: 0
#
# Using devices
# Collective test starting: all_reduce_perf
# nThread 1 nGpus 8 minBytes 8 maxBytes 8589934592 step: 2(factor) warmup iters: 1 iters: 20 agg iters: 1 validation: 1 graph: 0
#
# Using devices
# Collective test starting: all_reduce_perf
# nThread 1 nGpus 8 minBytes 8 maxBytes 8589934592 step: 2(factor) warmup iters: 1 iters: 20 agg iters: 1 validation: 1 graph: 0
#
# Using devices
# Collective test starting: all_reduce_perf
# nThread 1 nGpus 8 minBytes 8 maxBytes 8589934592 step: 2(factor) warmup iters: 1 iters: 20 agg iters: 1 validation: 1 graph: 0
#
# Using devices
#  Rank  0 Group  0 Pid 197314 on      a0017 device  0 [0000:03:00] NVIDIA RTX PRO 6000 Blackwell Server Edition
#  Rank  1 Group  0 Pid 197314 on      a0017 device  1 [0000:42:00] NVIDIA RTX PRO 6000 Blackwell Server Edition
#  Rank  2 Group  0 Pid 197314 on      a0017 device  2 [0000:8c:00] NVIDIA RTX PRO 6000 Blackwell Server Edition
#  Rank  3 Group  0 Pid 197314 on      a0017 device  3 [0000:c7:00] NVIDIA RTX PRO 6000 Blackwell Server Edition
#  Rank  4 Group  0 Pid 197314 on      a0017 device  4 [0001:04:00] NVIDIA RTX PRO 6000 Blackwell Server Edition
#  Rank  5 Group  0 Pid 197314 on      a0017 device  5 [0001:44:00] NVIDIA RTX PRO 6000 Blackwell Server Edition
#  Rank  6 Group  0 Pid 197314 on      a0017 device  6 [0001:8e:00] NVIDIA RTX PRO 6000 Blackwell Server Edition
#  Rank  7 Group  0 Pid 197314 on      a0017 device  7 [0001:c8:00] NVIDIA RTX PRO 6000 Blackwell Server Edition
#  Rank  0 Group  0 Pid 197303 on      a0017 device  0 [0000:03:00] NVIDIA RTX PRO 6000 Blackwell Server Edition
#  Rank  1 Group  0 Pid 197303 on      a0017 device  1 [0000:42:00] NVIDIA RTX PRO 6000 Blackwell Server Edition
#  Rank  2 Group  0 Pid 197303 on      a0017 device  2 [0000:8c:00] NVIDIA RTX PRO 6000 Blackwell Server Edition
#  Rank  3 Group  0 Pid 197303 on      a0017 device  3 [0000:c7:00] NVIDIA RTX PRO 6000 Blackwell Server Edition
#  Rank  4 Group  0 Pid 197303 on      a0017 device  4 [0001:04:00] NVIDIA RTX PRO 6000 Blackwell Server Edition
#  Rank  5 Group  0 Pid 197303 on      a0017 device  5 [0001:44:00] NVIDIA RTX PRO 6000 Blackwell Server Edition
#  Rank  6 Group  0 Pid 197303 on      a0017 device  6 [0001:8e:00] NVIDIA RTX PRO 6000 Blackwell Server Edition
#  Rank  7 Group  0 Pid 197303 on      a0017 device  7 [0001:c8:00] NVIDIA RTX PRO 6000 Blackwell Server Edition
#  Rank  0 Group  0 Pid 197318 on      a0017 device  0 [0000:03:00] NVIDIA RTX PRO 6000 Blackwell Server Edition
#  Rank  1 Group  0 Pid 197318 on      a0017 device  1 [0000:42:00] NVIDIA RTX PRO 6000 Blackwell Server Edition
#  Rank  2 Group  0 Pid 197318 on      a0017 device  2 [0000:8c:00] NVIDIA RTX PRO 6000 Blackwell Server Edition
#  Rank  3 Group  0 Pid 197318 on      a0017 device  3 [0000:c7:00] NVIDIA RTX PRO 6000 Blackwell Server Edition
#  Rank  4 Group  0 Pid 197318 on      a0017 device  4 [0001:04:00] NVIDIA RTX PRO 6000 Blackwell Server Edition
#  Rank  5 Group  0 Pid 197318 on      a0017 device  5 [0001:44:00] NVIDIA RTX PRO 6000 Blackwell Server Edition
#  Rank  6 Group  0 Pid 197318 on      a0017 device  6 [0001:8e:00] NVIDIA RTX PRO 6000 Blackwell Server Edition
#  Rank  7 Group  0 Pid 197318 on      a0017 device  7 [0001:c8:00] NVIDIA RTX PRO 6000 Blackwell Server Edition
#  Rank  0 Group  0 Pid 197315 on      a0017 device  0 [0000:03:00] NVIDIA RTX PRO 6000 Blackwell Server Edition
#  Rank  1 Group  0 Pid 197315 on      a0017 device  1 [0000:42:00] NVIDIA RTX PRO 6000 Blackwell Server Edition
#  Rank  2 Group  0 Pid 197315 on      a0017 device  2 [0000:8c:00] NVIDIA RTX PRO 6000 Blackwell Server Edition
#  Rank  3 Group  0 Pid 197315 on      a0017 device  3 [0000:c7:00] NVIDIA RTX PRO 6000 Blackwell Server Edition
#  Rank  4 Group  0 Pid 197315 on      a0017 device  4 [0001:04:00] NVIDIA RTX PRO 6000 Blackwell Server Edition
#  Rank  5 Group  0 Pid 197315 on      a0017 device  5 [0001:44:00] NVIDIA RTX PRO 6000 Blackwell Server Edition
#  Rank  6 Group  0 Pid 197315 on      a0017 device  6 [0001:8e:00] NVIDIA RTX PRO 6000 Blackwell Server Edition
#  Rank  7 Group  0 Pid 197315 on      a0017 device  7 [0001:c8:00] NVIDIA RTX PRO 6000 Blackwell Server Edition
#  Rank  0 Group  0 Pid 197317 on      a0017 device  0 [0000:03:00] NVIDIA RTX PRO 6000 Blackwell Server Edition
#  Rank  1 Group  0 Pid 197317 on      a0017 device  1 [0000:42:00] NVIDIA RTX PRO 6000 Blackwell Server Edition
#  Rank  2 Group  0 Pid 197317 on      a0017 device  2 [0000:8c:00] NVIDIA RTX PRO 6000 Blackwell Server Edition
#  Rank  3 Group  0 Pid 197317 on      a0017 device  3 [0000:c7:00] NVIDIA RTX PRO 6000 Blackwell Server Edition
#  Rank  4 Group  0 Pid 197317 on      a0017 device  4 [0001:04:00] NVIDIA RTX PRO 6000 Blackwell Server Edition
#  Rank  5 Group  0 Pid 197317 on      a0017 device  5 [0001:44:00] NVIDIA RTX PRO 6000 Blackwell Server Edition
#  Rank  6 Group  0 Pid 197317 on      a0017 device  6 [0001:8e:00] NVIDIA RTX PRO 6000 Blackwell Server Edition
#  Rank  7 Group  0 Pid 197317 on      a0017 device  7 [0001:c8:00] NVIDIA RTX PRO 6000 Blackwell Server Edition
#  Rank  0 Group  0 Pid 197331 on      a0017 device  0 [0000:03:00] NVIDIA RTX PRO 6000 Blackwell Server Edition
#  Rank  1 Group  0 Pid 197331 on      a0017 device  1 [0000:42:00] NVIDIA RTX PRO 6000 Blackwell Server Edition
#  Rank  2 Group  0 Pid 197331 on      a0017 device  2 [0000:8c:00] NVIDIA RTX PRO 6000 Blackwell Server Edition
#  Rank  3 Group  0 Pid 197331 on      a0017 device  3 [0000:c7:00] NVIDIA RTX PRO 6000 Blackwell Server Edition
#  Rank  4 Group  0 Pid 197331 on      a0017 device  4 [0001:04:00] NVIDIA RTX PRO 6000 Blackwell Server Edition
#  Rank  5 Group  0 Pid 197331 on      a0017 device  5 [0001:44:00] NVIDIA RTX PRO 6000 Blackwell Server Edition
#  Rank  6 Group  0 Pid 197331 on      a0017 device  6 [0001:8e:00] NVIDIA RTX PRO 6000 Blackwell Server Edition
#  Rank  7 Group  0 Pid 197331 on      a0017 device  7 [0001:c8:00] NVIDIA RTX PRO 6000 Blackwell Server Edition
#  Rank  0 Group  0 Pid 197333 on      a0017 device  0 [0000:03:00] NVIDIA RTX PRO 6000 Blackwell Server Edition
#  Rank  1 Group  0 Pid 197333 on      a0017 device  1 [0000:42:00] NVIDIA RTX PRO 6000 Blackwell Server Edition
#  Rank  2 Group  0 Pid 197333 on      a0017 device  2 [0000:8c:00] NVIDIA RTX PRO 6000 Blackwell Server Edition
#  Rank  3 Group  0 Pid 197333 on      a0017 device  3 [0000:c7:00] NVIDIA RTX PRO 6000 Blackwell Server Edition
#  Rank  4 Group  0 Pid 197333 on      a0017 device  4 [0001:04:00] NVIDIA RTX PRO 6000 Blackwell Server Edition
#  Rank  5 Group  0 Pid 197333 on      a0017 device  5 [0001:44:00] NVIDIA RTX PRO 6000 Blackwell Server Edition
#  Rank  6 Group  0 Pid 197333 on      a0017 device  6 [0001:8e:00] NVIDIA RTX PRO 6000 Blackwell Server Edition
#  Rank  7 Group  0 Pid 197333 on      a0017 device  7 [0001:c8:00] NVIDIA RTX PRO 6000 Blackwell Server Edition
#  Rank  0 Group  0 Pid 197334 on      a0017 device  0 [0000:03:00] NVIDIA RTX PRO 6000 Blackwell Server Edition
#  Rank  1 Group  0 Pid 197334 on      a0017 device  1 [0000:42:00] NVIDIA RTX PRO 6000 Blackwell Server Edition
#  Rank  2 Group  0 Pid 197334 on      a0017 device  2 [0000:8c:00] NVIDIA RTX PRO 6000 Blackwell Server Edition
#  Rank  3 Group  0 Pid 197334 on      a0017 device  3 [0000:c7:00] NVIDIA RTX PRO 6000 Blackwell Server Edition
#  Rank  4 Group  0 Pid 197334 on      a0017 device  4 [0001:04:00] NVIDIA RTX PRO 6000 Blackwell Server Edition
#  Rank  5 Group  0 Pid 197334 on      a0017 device  5 [0001:44:00] NVIDIA RTX PRO 6000 Blackwell Server Edition
#  Rank  6 Group  0 Pid 197334 on      a0017 device  6 [0001:8e:00] NVIDIA RTX PRO 6000 Blackwell Server Edition
#  Rank  7 Group  0 Pid 197334 on      a0017 device  7 [0001:c8:00] NVIDIA RTX PRO 6000 Blackwell Server Edition
a0017: Test NCCL failure common.cu:780 'unhandled cuda error (run with NCCL_DEBUG=INFO for details) / '
 .. a0017 pid 197317: Test failure common.cu:1197
 .. a0017 pid 197317: Test failure common.cu:1050
a0017: Test NCCL failure common.cu:780 'unhandled cuda error (run with NCCL_DEBUG=INFO for details) / '
 .. a0017 pid 197315: Test failure common.cu:1197
 .. a0017 pid 197315: Test failure common.cu:1050
a0017: Test NCCL failure common.cu:780 'unhandled cuda error (run with NCCL_DEBUG=INFO for details) / '
 .. a0017 pid 197334: Test failure common.cu:1197
 .. a0017 pid 197334: Test failure common.cu:1050
a0017: Test NCCL failure common.cu:781 'unhandled cuda error (run with NCCL_DEBUG=INFO for details) / '
 .. a0017 pid 197331: Test failure common.cu:1197
 .. a0017 pid 197331: Test failure common.cu:1050
srun: error: a0017: task 7: Exited with exit code 3
a0017: Test NCCL failure common.cu:781 'unhandled cuda error (run with NCCL_DEBUG=INFO for details) / '
 .. a0017 pid 197333: Test failure common.cu:1197
 .. a0017 pid 197333: Test failure common.cu:1050
srun: error: a0017: tasks 1,3: Exited with exit code 3
srun: error: a0017: tasks 4,6: Exited with exit code 3
#
#                                                              out-of-place                       in-place          
#       size         count      type   redop    root     time   algbw   busbw #wrong     time   algbw   busbw #wrong
#        (B)    (elements)                               (us)  (GB/s)  (GB/s)            (us)  (GB/s)  (GB/s)       
#
#                                                              out-of-place                       in-place          
#       size         count      type   redop    root     time   algbw   busbw #wrong     time   algbw   busbw #wrong
#        (B)    (elements)                               (us)  (GB/s)  (GB/s)            (us)  (GB/s)  (GB/s)       
#
#                                                              out-of-place                       in-place          
#       size         count      type   redop    root     time   algbw   busbw #wrong     time   algbw   busbw #wrong
#        (B)    (elements)                               (us)  (GB/s)  (GB/s)            (us)  (GB/s)  (GB/s)       
a0017: Test CUDA failure common.cu:321 'unknown error'
 .. a0017 pid 197303: Test failure common.cu:451
 .. a0017 pid 197303: Test failure common.cu:639
 .. a0017 pid 197303: Test failure all_reduce.cu:518
 .. a0017 pid 197303: Test failure common.cu:664
 .. a0017 pid 197303: Test failure common.cu:1386
 .. a0017 pid 197303: Test failure common.cu:1050
a0017: Test NCCL failure common.cu:438 'unhandled cuda error (run with NCCL_DEBUG=INFO for details) / '
 .. a0017 pid 197314: Test failure common.cu:637
 .. a0017 pid 197314: Test failure all_reduce.cu:518
 .. a0017 pid 197314: Test failure common.cu:664
 .. a0017 pid 197314: Test failure common.cu:1386
 .. a0017 pid 197314: Test failure common.cu:1050
a0017: Test NCCL failure common.cu:438 'unhandled cuda error (run with NCCL_DEBUG=INFO for details) / '
 .. a0017 pid 197318: Test failure common.cu:637
 .. a0017 pid 197318: Test failure all_reduce.cu:518
 .. a0017 pid 197318: Test failure common.cu:664
 .. a0017 pid 197318: Test failure common.cu:1386
 .. a0017 pid 197318: Test failure common.cu:1050
srun: error: a0017: task 2: Exited with exit code 2
srun: error: a0017: task 5: Exited with exit code 3
srun: error: a0017: task 0: Exited with exit code 3
+ echo Done
Done
+ echo 2026-04-01T19:49:25
2026-04-01T19:49:25
