++ date +%Y-%m-%dT%H:%M:%S
+ DATESTRING=2026-04-08T01:32:00
+ SIF=/home/knevins/aicr-benchmarks/hpc-benchmarks_25.09.sif
++ date +%Y-%m-%dT%H:%M:%S
+ DATESTRING=2026-04-08T01:32:00
+++ scontrol show hostname
++ echo a0001 a0002 a0003 a0004
+ echo 'Running on hosts: a0001 a0002 a0003 a0004'
Running on hosts: a0001 a0002 a0003 a0004
+ echo 2026-04-08T01:32:00
2026-04-08T01:32:00
+ N_SIZE=860080
+ srun -N 4 --ntasks-per-node=8 --exclusive --mpi=pmix apptainer exec --nv --no-mount /etc/localtime --bind /var/spool/slurm/slurmd /home/knevins/aicr-benchmarks/hpc-benchmarks_25.09.sif /workspace/hpl-mxp.sh --gpu-affinity 0:1:2:3:4:5:6:7 --n 860080 --nb 1024 --nporder row --nprow 4 --npcol 4
 ERROR 2 (0->a0001): Number of processes (32) != nprow (4) * npcol (4)
 at (src/grid.hpp:29)
--------------------------------------------------------------------------
MPI_ABORT was invoked on rank 0 in communicator MPI_COMM_WORLD
with errorcode 2.

NOTE: invoking MPI_ABORT causes Open MPI to kill all MPI processes.
You may or may not see output from other processes, depending on
exactly when Open MPI kills them.
--------------------------------------------------------------------------
 ERROR 2 (25->a0004): Number of processes (32) != nprow (4) * npcol (4)
 at (src/grid.hpp:29)
 ERROR 2 (21->a0003): Number of processes (32) != nprow (4) * npcol (4)
 at (src/grid.hpp:29)
 ERROR 2 (23->a0003): Number of processes (32) != nprow (4) * npcol (4)
 at (src/grid.hpp:29)
--------------------------------------------------------------------------
MPI_ABORT was invoked on rank 25 in communicator MPI_COMM_WORLD
with errorcode 2.

NOTE: invoking MPI_ABORT causes Open MPI to kill all MPI processes.
You may or may not see output from other processes, depending on
exactly when Open MPI kills them.
--------------------------------------------------------------------------
--------------------------------------------------------------------------
MPI_ABORT was invoked on rank 23 in communicator MPI_COMM_WORLD
with errorcode 2.

NOTE: invoking MPI_ABORT causes Open MPI to kill all MPI processes.
You may or may not see output from other processes, depending on
exactly when Open MPI kills them.
--------------------------------------------------------------------------
--------------------------------------------------------------------------
MPI_ABORT was invoked on rank 21 in communicator MPI_COMM_WORLD
with errorcode 2.

NOTE: invoking MPI_ABORT causes Open MPI to kill all MPI processes.
You may or may not see output from other processes, depending on
exactly when Open MPI kills them.
--------------------------------------------------------------------------
srun: Job step aborted: Waiting up to 32 seconds for job step to finish.
[2026-04-08T01:32:06.989] error: *** STEP 2222.0 ON a0001 CANCELLED AT 2026-04-08T01:32:06 DUE to SIGNAL Killed ***
srun: error: a0004: tasks 24-31: Killed
srun: error: a0001: tasks 0-7: Killed
srun: error: a0003: tasks 16-23: Killed
srun: error: a0002: tasks 8-15: Killed
+ echo Done
Done
+ echo 2026-04-08T01:32:00
2026-04-08T01:32:00
