++ date +%Y-%m-%dT%H:%M:%S
+ DATESTRING=2026-04-07T01:40:04
+ SIF=/home/knevins/aicr-benchmarks/hpc-benchmarks_25.09.sif
++ scontrol show hostname
++ tr '\n' ' '
+ echo 'Running on hosts: a0009 a0010 a0011 a0012 a0013 a0014 a0015 a0018 '
Running on hosts: a0009 a0010 a0011 a0012 a0013 a0014 a0015 a0018 
+ echo 2026-04-07T01:40:04
2026-04-07T01:40:04
+ export UCX_TLS=rc,cuda_copy,cuda_ipc
+ UCX_TLS=rc,cuda_copy,cuda_ipc
+ GPU_AFFINITY=0:1:2:3:4:5:6:7
+ N_SIZE=1140736
+ srun --cpu-bind=none --mpi=pmix apptainer exec --nv --no-mount /etc/localtime --bind /var/spool/slurm/slurmd /home/knevins/aicr-benchmarks/hpc-benchmarks_25.09.sif /workspace/hpl-mxp.sh --gpu-affinity 0:1:2:3:4:5:6:7 --n 1140736 --nb 4096 --nprow 8 --npcol 8 --nporder row
[a0010:92800:0:92971] ib_mlx5_log.c:179  Remote operation error on mlx5_3:1/IB (synd 0x14 vend 0x89 hw_synd 0/0)
[a0010:92800:0:92971] ib_mlx5_log.c:179  RC QP 0x3d5 wqe[0]: RDMA_READ s-- [rva 0x7f5a88200000 rkey 0x2065be] [va 0x7edbc0200000 len 2097152 lkey 0x205781] [rqpn 0x49e dlid=74 sl=0 port=1 src_path_bits=0]
==== backtrace (tid:  92971) ====
 0  /opt/hpcx/ompi/lib/openmpi/../../../ucx/lib/libucs.so.0(ucs_handle_error+0x2e4) [0x7f3f06f39774]
 1  /opt/hpcx/ompi/lib/openmpi/../../../ucx/lib/libucs.so.0(ucs_fatal_error_message+0xc2) [0x7f3f06f36732]
 2  /opt/hpcx/ompi/lib/openmpi/../../../ucx/lib/libucs.so.0(+0x3956a) [0x7f3f06f3b56a]
 3  /opt/hpcx/ompi/lib/openmpi/../../../ucx/lib/libucs.so.0(ucs_log_dispatch+0xe4) [0x7f3f06f3b8f4]
 4  /opt/hpcx/ompi/lib/openmpi/../../../ucx/lib/ucx/libuct_ib_mlx5.so.0(uct_ib_mlx5_completion_with_err+0x550) [0x7f3f0462a550]
 5  /opt/hpcx/ompi/lib/openmpi/../../../ucx/lib/ucx/libuct_ib_mlx5.so.0(uct_rc_mlx5_iface_handle_failure+0x134) [0x7f3f046405e4]
 6  /opt/hpcx/ompi/lib/openmpi/../../../ucx/lib/ucx/libuct_ib_mlx5.so.0(uct_ib_mlx5_check_completion+0x3d) [0x7f3f0462b74d]
 7  /opt/hpcx/ompi/lib/openmpi/../../../ucx/lib/ucx/libuct_ib_mlx5.so.0(+0x2bae7) [0x7f3f04641ae7]
 8  /opt/hpcx/ompi/lib/openmpi/../../../ucx/lib/libucp.so.0(ucp_worker_progress+0x5a) [0x7f3f06fcd0ea]
 9  /opt/hpcx/ompi/lib/./libopen-pal.so.40(opal_progress+0x34) [0x7f3f492623b4]
10  /opt/hpcx/ompi/lib/./libopen-pal.so.40(ompi_sync_wait_mt+0x115) [0x7f3f49268bb5]
11  /opt/hpcx/ompi/lib/libmpi.so.40(ompi_request_default_wait+0x24b) [0x7f3f5210203b]
12  /opt/hpcx/ompi/lib/libmpi.so.40(PMPI_Wait+0x1e) [0x7f3f5212ee9e]
13  /workspace/hpl-mxp-linux-x86_64/xhpl_mxp() [0x50e9d3]
14  /workspace/hpl-mxp-linux-x86_64/xhpl_mxp() [0x4dc7d3]
15  /workspace/hpl-mxp-linux-x86_64/xhpl_mxp() [0x4df810]
16  /workspace/hpl-mxp-linux-x86_64/xhpl_mxp() [0x4df793]
17  /workspace/hpl-mxp-linux-x86_64/xhpl_mxp() [0x4df703]
18  /workspace/hpl-mxp-linux-x86_64/xhpl_mxp() [0x4df6bc]
19  /workspace/hpl-mxp-linux-x86_64/xhpl_mxp() [0x4df6a0]
20  /workspace/hpl-mxp-linux-x86_64/xhpl_mxp() [0x5bd493]
21  /lib/x86_64-linux-gnu/libc.so.6(+0x9caa4) [0x7f3f18c8aaa4]
22  /lib/x86_64-linux-gnu/libc.so.6(+0x129c3c) [0x7f3f18d17c3c]
=================================
[a0010:92800] *** Process received signal ***
[a0010:92800] Signal: Aborted (6)
[a0010:92800] Signal code:  (-6)
[a0010:92800] [ 0] /lib/x86_64-linux-gnu/libc.so.6(+0x45330)[0x7f3f18c33330]
[a0010:92800] [ 1] /lib/x86_64-linux-gnu/libc.so.6(pthread_kill+0x11c)[0x7f3f18c8cb2c]
[a0010:92800] [ 2] /lib/x86_64-linux-gnu/libc.so.6(gsignal+0x1e)[0x7f3f18c3327e]
[a0010:92800] [ 3] /lib/x86_64-linux-gnu/libc.so.6(abort+0xdf)[0x7f3f18c168ff]
[a0010:92800] [ 4] /opt/hpcx/ompi/lib/openmpi/../../../ucx/lib/libucs.so.0(+0x34737)[0x7f3f06f36737]
[a0010:92800] [ 5] /opt/hpcx/ompi/lib/openmpi/../../../ucx/lib/libucs.so.0(+0x3956a)[0x7f3f06f3b56a]
[a0010:92800] [ 6] /opt/hpcx/ompi/lib/openmpi/../../../ucx/lib/libucs.so.0(ucs_log_dispatch+0xe4)[0x7f3f06f3b8f4]
[a0010:92800] [ 7] /opt/hpcx/ompi/lib/openmpi/../../../ucx/lib/ucx/libuct_ib_mlx5.so.0(uct_ib_mlx5_completion_with_err+0x550)[0x7f3f0462a550]
[a0010:92800] [ 8] /opt/hpcx/ompi/lib/openmpi/../../../ucx/lib/ucx/libuct_ib_mlx5.so.0(uct_rc_mlx5_iface_handle_failure+0x134)[0x7f3f046405e4]
[a0010:92800] [ 9] /opt/hpcx/ompi/lib/openmpi/../../../ucx/lib/ucx/libuct_ib_mlx5.so.0(uct_ib_mlx5_check_completion+0x3d)[0x7f3f0462b74d]
[a0010:92800] [10] /opt/hpcx/ompi/lib/openmpi/../../../ucx/lib/ucx/libuct_ib_mlx5.so.0(+0x2bae7)[0x7f3f04641ae7]
[a0010:92800] [11] /opt/hpcx/ompi/lib/openmpi/../../../ucx/lib/libucp.so.0(ucp_worker_progress+0x5a)[0x7f3f06fcd0ea]
[a0010:92800] [12] /opt/hpcx/ompi/lib/./libopen-pal.so.40(opal_progress+0x34)[0x7f3f492623b4]
[a0010:92800] [13] /opt/hpcx/ompi/lib/./libopen-pal.so.40(ompi_sync_wait_mt+0x115)[0x7f3f49268bb5]
[a0010:92800] [14] /opt/hpcx/ompi/lib/libmpi.so.40(ompi_request_default_wait+0x24b)[0x7f3f5210203b]
[a0010:92800] [15] /opt/hpcx/ompi/lib/libmpi.so.40(PMPI_Wait+0x1e)[0x7f3f5212ee9e]
[a0010:92800] [16] /workspace/hpl-mxp-linux-x86_64/xhpl_mxp[0x50e9d3]
[a0010:92800] [17] /workspace/hpl-mxp-linux-x86_64/xhpl_mxp[0x4dc7d3]
[a0010:92800] [18] /workspace/hpl-mxp-linux-x86_64/xhpl_mxp[0x4df810]
[a0010:92800] [19] /workspace/hpl-mxp-linux-x86_64/xhpl_mxp[0x4df793]
[a0010:92800] [20] /workspace/hpl-mxp-linux-x86_64/xhpl_mxp[0x4df703]
[a0010:92800] [21] /workspace/hpl-mxp-linux-x86_64/xhpl_mxp[0x4df6bc]
[a0010:92800] [22] /workspace/hpl-mxp-linux-x86_64/xhpl_mxp[0x4df6a0]
[a0010:92800] [23] /workspace/hpl-mxp-linux-x86_64/xhpl_mxp[0x5bd493]
[a0010:92800] [24] /lib/x86_64-linux-gnu/libc.so.6(+0x9caa4)[0x7f3f18c8aaa4]
[a0010:92800] [25] /lib/x86_64-linux-gnu/libc.so.6(+0x129c3c)[0x7f3f18d17c3c]
[a0010:92800] *** End of error message ***
[a0010:92803:0:92975] ib_mlx5_log.c:179  Remote operation error on mlx5_3:1/IB (synd 0x14 vend 0x89 hw_synd 0/0)
[a0010:92803:0:92975] ib_mlx5_log.c:179  RC QP 0x3cc wqe[0]: RDMA_READ s-- [rva 0x7f0a38229580 rkey 0x206ec1] [va 0x7ecf54229580 len 128 lkey 0x205982] [rqpn 0x494 dlid=74 sl=0 port=1 src_path_bits=0]
==== backtrace (tid:  92975) ====
 0  /opt/hpcx/ompi/lib/openmpi/../../../ucx/lib/libucs.so.0(ucs_handle_error+0x2e4) [0x7f329ae87774]
 1  /opt/hpcx/ompi/lib/openmpi/../../../ucx/lib/libucs.so.0(ucs_fatal_error_message+0xc2) [0x7f329ae84732]
 2  /opt/hpcx/ompi/lib/openmpi/../../../ucx/lib/libucs.so.0(+0x3956a) [0x7f329ae8956a]
 3  /opt/hpcx/ompi/lib/openmpi/../../../ucx/lib/libucs.so.0(ucs_log_dispatch+0xe4) [0x7f329ae898f4]
 4  /opt/hpcx/ompi/lib/openmpi/../../../ucx/lib/ucx/libuct_ib_mlx5.so.0(uct_ib_mlx5_completion_with_err+0x550) [0x7f3298575550]
 5  /opt/hpcx/ompi/lib/openmpi/../../../ucx/lib/ucx/libuct_ib_mlx5.so.0(uct_rc_mlx5_iface_handle_failure+0x134) [0x7f329858b5e4]
 6  /opt/hpcx/ompi/lib/openmpi/../../../ucx/lib/ucx/libuct_ib_mlx5.so.0(uct_ib_mlx5_check_completion+0x3d) [0x7f329857674d]
 7  /opt/hpcx/ompi/lib/openmpi/../../../ucx/lib/ucx/libuct_ib_mlx5.so.0(+0x2bae7) [0x7f329858cae7]
 8  /opt/hpcx/ompi/lib/openmpi/../../../ucx/lib/libucp.so.0(ucp_worker_progress+0x5a) [0x7f329af1b0ea]
 9  /opt/hpcx/ompi/lib/./libopen-pal.so.40(opal_progress+0x34) [0x7f32d9b203b4]
10  /opt/hpcx/ompi/lib/./libopen-pal.so.40(ompi_sync_wait_mt+0x115) [0x7f32d9b26bb5]
11  /opt/hpcx/ompi/lib/libmpi.so.40(ompi_request_default_wait+0x24b) [0x7f32e5d3203b]
12  /opt/hpcx/ompi/lib/libmpi.so.40(PMPI_Wait+0x1e) [0x7f32e5d5ee9e]
13  /workspace/hpl-mxp-linux-x86_64/xhpl_mxp() [0x50e9d3]
14  /workspace/hpl-mxp-linux-x86_64/xhpl_mxp() [0x4dc7d3]
15  /workspace/hpl-mxp-linux-x86_64/xhpl_mxp() [0x4df810]
16  /workspace/hpl-mxp-linux-x86_64/xhpl_mxp() [0x4df793]
17  /workspace/hpl-mxp-linux-x86_64/xhpl_mxp() [0x4df703]
18  /workspace/hpl-mxp-linux-x86_64/xhpl_mxp() [0x4df6bc]
19  /workspace/hpl-mxp-linux-x86_64/xhpl_mxp() [0x4df6a0]
20  /workspace/hpl-mxp-linux-x86_64/xhpl_mxp() [0x5bd493]
21  /lib/x86_64-linux-gnu/libc.so.6(+0x9caa4) [0x7f32acc8aaa4]
22  /lib/x86_64-linux-gnu/libc.so.6(+0x129c3c) [0x7f32acd17c3c]
=================================
[a0010:92803] *** Process received signal ***
[a0010:92803] Signal: Aborted (6)
[a0010:92803] Signal code:  (-6)
[a0010:92803] [ 0] /lib/x86_64-linux-gnu/libc.so.6(+0x45330)[0x7f32acc33330]
[a0010:92803] [ 1] /lib/x86_64-linux-gnu/libc.so.6(pthread_kill+0x11c)[0x7f32acc8cb2c]
[a0010:92803] [ 2] /lib/x86_64-linux-gnu/libc.so.6(gsignal+0x1e)[0x7f32acc3327e]
[a0010:92803] [ 3] /lib/x86_64-linux-gnu/libc.so.6(abort+0xdf)[0x7f32acc168ff]
[a0010:92803] [ 4] /opt/hpcx/ompi/lib/openmpi/../../../ucx/lib/libucs.so.0(+0x34737)[0x7f329ae84737]
[a0010:92803] [ 5] /opt/hpcx/ompi/lib/openmpi/../../../ucx/lib/libucs.so.0(+0x3956a)[0x7f329ae8956a]
[a0010:92803] [ 6] /opt/hpcx/ompi/lib/openmpi/../../../ucx/lib/libucs.so.0(ucs_log_dispatch+0xe4)[0x7f329ae898f4]
[a0010:92803] [ 7] /opt/hpcx/ompi/lib/openmpi/../../../ucx/lib/ucx/libuct_ib_mlx5.so.0(uct_ib_mlx5_completion_with_err+0x550)[0x7f3298575550]
[a0010:92803] [ 8] /opt/hpcx/ompi/lib/openmpi/../../../ucx/lib/ucx/libuct_ib_mlx5.so.0(uct_rc_mlx5_iface_handle_failure+0x134)[0x7f329858b5e4]
[a0010:92803] [ 9] /opt/hpcx/ompi/lib/openmpi/../../../ucx/lib/ucx/libuct_ib_mlx5.so.0(uct_ib_mlx5_check_completion+0x3d)[0x7f329857674d]
[a0010:92803] [10] /opt/hpcx/ompi/lib/openmpi/../../../ucx/lib/ucx/libuct_ib_mlx5.so.0(+0x2bae7)[0x7f329858cae7]
[a0010:92803] [11] /opt/hpcx/ompi/lib/openmpi/../../../ucx/lib/libucp.so.0(ucp_worker_progress+0x5a)[0x7f329af1b0ea]
[a0010:92803] [12] /opt/hpcx/ompi/lib/./libopen-pal.so.40(opal_progress+0x34)[0x7f32d9b203b4]
[a0010:92803] [13] /opt/hpcx/ompi/lib/./libopen-pal.so.40(ompi_sync_wait_mt+0x115)[0x7f32d9b26bb5]
[a0010:92803] [14] /opt/hpcx/ompi/lib/libmpi.so.40(ompi_request_default_wait+0x24b)[0x7f32e5d3203b]
[a0010:92803] [15] /opt/hpcx/ompi/lib/libmpi.so.40(PMPI_Wait+0x1e)[0x7f32e5d5ee9e]
[a0010:92803] [16] /workspace/hpl-mxp-linux-x86_64/xhpl_mxp[0x50e9d3]
[a0010:92803] [17] /workspace/hpl-mxp-linux-x86_64/xhpl_mxp[0x4dc7d3]
[a0010:92803] [18] /workspace/hpl-mxp-linux-x86_64/xhpl_mxp[0x4df810]
[a0010:92803] [19] /workspace/hpl-mxp-linux-x86_64/xhpl_mxp[0x4df793]
[a0010:92803] [20] /workspace/hpl-mxp-linux-x86_64/xhpl_mxp[0x4df703]
[a0010:92803] [21] /workspace/hpl-mxp-linux-x86_64/xhpl_mxp[0x4df6bc]
[a0010:92803] [22] /workspace/hpl-mxp-linux-x86_64/xhpl_mxp[0x4df6a0]
[a0010:92803] [23] /workspace/hpl-mxp-linux-x86_64/xhpl_mxp[0x5bd493]
[a0010:92803] [24] /lib/x86_64-linux-gnu/libc.so.6(+0x9caa4)[0x7f32acc8aaa4]
[a0010:92803] [25] /lib/x86_64-linux-gnu/libc.so.6(+0x129c3c)[0x7f32acd17c3c]
[a0010:92803] *** End of error message ***
[a0010:92659:0:92951] ib_mlx5_log.c:179  Remote operation error on mlx5_3:1/IB (synd 0x14 vend 0x89 hw_synd 0/0)
[a0010:92659:0:92951] ib_mlx5_log.c:179  RC QP 0x3cf wqe[0]: RDMA_READ s-- [rva 0x7eb414200000 rkey 0x206ac0] [va 0x7ec3d8200000 len 2097152 lkey 0x205b84] [rqpn 0x49d dlid=74 sl=0 port=1 src_path_bits=0]
[a0010:92668:0:92967] ib_mlx5_log.c:179  Remote operation error on mlx5_0:1/IB (synd 0x14 vend 0x89 hw_synd 0/0)
[a0010:92668:0:92967] ib_mlx5_log.c:179  RC QP 0x4cc wqe[6]: RDMA_READ s-- [rva 0x7f4210000000 rkey 0x20909d] [va 0x7ea8f4000000 len 2097152 lkey 0x20a148] [rqpn 0x47f dlid=6 sl=0 port=1 src_path_bits=0]
==== backtrace (tid:  92951) ====
 0  /opt/hpcx/ompi/lib/openmpi/../../../ucx/lib/libucs.so.0(ucs_handle_error+0x2e4) [0x7f271fbc1774]
 1  /opt/hpcx/ompi/lib/openmpi/../../../ucx/lib/libucs.so.0(ucs_fatal_error_message+0xc2) [0x7f271fbbe732]
 2  /opt/hpcx/ompi/lib/openmpi/../../../ucx/lib/libucs.so.0(+0x3956a) [0x7f271fbc356a]
 3  /opt/hpcx/ompi/lib/openmpi/../../../ucx/lib/libucs.so.0(ucs_log_dispatch+0xe4) [0x7f271fbc38f4]
 4  /opt/hpcx/ompi/lib/openmpi/../../../ucx/lib/ucx/libuct_ib_mlx5.so.0(uct_ib_mlx5_completion_with_err+0x550) [0x7f271d2c9550]
 5  /opt/hpcx/ompi/lib/openmpi/../../../ucx/lib/ucx/libuct_ib_mlx5.so.0(uct_rc_mlx5_iface_handle_failure+0x134) [0x7f271d2df5e4]
 6  /opt/hpcx/ompi/lib/openmpi/../../../ucx/lib/ucx/libuct_ib_mlx5.so.0(uct_ib_mlx5_check_completion+0x3d) [0x7f271d2ca74d]
 7  /opt/hpcx/ompi/lib/openmpi/../../../ucx/lib/ucx/libuct_ib_mlx5.so.0(+0x2bae7) [0x7f271d2e0ae7]
 8  /opt/hpcx/ompi/lib/openmpi/../../../ucx/lib/libucp.so.0(ucp_worker_progress+0x5a) [0x7f27240730ea]
 9  /opt/hpcx/ompi/lib/./libopen-pal.so.40(opal_progress+0x34) [0x7f2765e623b4]
10  /opt/hpcx/ompi/lib/./libopen-pal.so.40(ompi_sync_wait_mt+0x115) [0x7f2765e68bb5]
11  /opt/hpcx/ompi/lib/libmpi.so.40(ompi_request_default_wait+0x24b) [0x7f276eda803b]
12  /opt/hpcx/ompi/lib/libmpi.so.40(PMPI_Wait+0x1e) [0x7f276edd4e9e]
13  /workspace/hpl-mxp-linux-x86_64/xhpl_mxp() [0x50e9d3]
14  /workspace/hpl-mxp-linux-x86_64/xhpl_mxp() [0x4dc7d3]
15  /workspace/hpl-mxp-linux-x86_64/xhpl_mxp() [0x4df810]
16  /workspace/hpl-mxp-linux-x86_64/xhpl_mxp() [0x4df793]
17  /workspace/hpl-mxp-linux-x86_64/xhpl_mxp() [0x4df703]
18  /workspace/hpl-mxp-linux-x86_64/xhpl_mxp() [0x4df6bc]
19  /workspace/hpl-mxp-linux-x86_64/xhpl_mxp() [0x4df6a0]
20  /workspace/hpl-mxp-linux-x86_64/xhpl_mxp() [0x5bd493]
21  /lib/x86_64-linux-gnu/libc.so.6(+0x9caa4) [0x7f273588aaa4]
22  /lib/x86_64-linux-gnu/libc.so.6(+0x129c3c) [0x7f2735917c3c]
=================================
[a0010:92659] *** Process received signal ***
[a0010:92659] Signal: Aborted (6)
[a0010:92659] Signal code:  (-6)
[a0010:92659] [ 0] /lib/x86_64-linux-gnu/libc.so.6(+0x45330)[0x7f2735833330]
[a0010:92659] [ 1] /lib/x86_64-linux-gnu/libc.so.6(pthread_kill+0x11c)[0x7f273588cb2c]
[a0010:92659] [ 2] /lib/x86_64-linux-gnu/libc.so.6(gsignal+0x1e)[0x7f273583327e]
[a0010:92659] [ 3] /lib/x86_64-linux-gnu/libc.so.6(abort+0xdf)[0x7f27358168ff]
[a0010:92659] [ 4] /opt/hpcx/ompi/lib/openmpi/../../../ucx/lib/libucs.so.0(+0x34737)[0x7f271fbbe737]
[a0010:92659] [ 5] /opt/hpcx/ompi/lib/openmpi/../../../ucx/lib/libucs.so.0(+0x3956a)[0x7f271fbc356a]
[a0010:92659] [ 6] /opt/hpcx/ompi/lib/openmpi/../../../ucx/lib/libucs.so.0(ucs_log_dispatch+0xe4)[0x7f271fbc38f4]
[a0010:92659] [ 7] /opt/hpcx/ompi/lib/openmpi/../../../ucx/lib/ucx/libuct_ib_mlx5.so.0(uct_ib_mlx5_completion_with_err+0x550)[0x7f271d2c9550]
[a0010:92659] [ 8] /opt/hpcx/ompi/lib/openmpi/../../../ucx/lib/ucx/libuct_ib_mlx5.so.0(uct_rc_mlx5_iface_handle_failure+0x134)[0x7f271d2df5e4]
[a0010:92659] [ 9] /opt/hpcx/ompi/lib/openmpi/../../../ucx/lib/ucx/libuct_ib_mlx5.so.0(uct_ib_mlx5_check_completion+0x3d)[0x7f271d2ca74d]
[a0010:92659] [10] /opt/hpcx/ompi/lib/openmpi/../../../ucx/lib/ucx/libuct_ib_mlx5.so.0(+0x2bae7)[0x7f271d2e0ae7]
[a0010:92659] [11] /opt/hpcx/ompi/lib/openmpi/../../../ucx/lib/libucp.so.0(ucp_worker_progress+0x5a)[0x7f27240730ea]
[a0010:92659] [12] /opt/hpcx/ompi/lib/./libopen-pal.so.40(opal_progress+0x34)[0x7f2765e623b4]
[a0010:92659] [13] /opt/hpcx/ompi/lib/./libopen-pal.so.40(ompi_sync_wait_mt+0x115)[0x7f2765e68bb5]
[a0010:92659] [14] /opt/hpcx/ompi/lib/libmpi.so.40(ompi_request_default_wait+0x24b)[0x7f276eda803b]
[a0010:92659] [15] /opt/hpcx/ompi/lib/libmpi.so.40(PMPI_Wait+0x1e)[0x7f276edd4e9e]
[a0010:92659] [16] /workspace/hpl-mxp-linux-x86_64/xhpl_mxp[0x50e9d3]
[a0010:92659] [17] /workspace/hpl-mxp-linux-x86_64/xhpl_mxp[0x4dc7d3]
[a0010:92659] [18] /workspace/hpl-mxp-linux-x86_64/xhpl_mxp[0x4df810]
[a0010:92659] [19] /workspace/hpl-mxp-linux-x86_64/xhpl_mxp[0x4df793]
[a0010:92659] [20] /workspace/hpl-mxp-linux-x86_64/xhpl_mxp[0x4df703]
[a0010:92659] [21] /workspace/hpl-mxp-linux-x86_64/xhpl_mxp[0x4df6bc]
[a0010:92659] [22] /workspace/hpl-mxp-linux-x86_64/xhpl_mxp[0x4df6a0]
[a0010:92659] [23] /workspace/hpl-mxp-linux-x86_64/xhpl_mxp[0x5bd493]
[a0010:92659] [24] /lib/x86_64-linux-gnu/libc.so.6(+0x9caa4)[0x7f273588aaa4]
[a0010:92659] [25] /lib/x86_64-linux-gnu/libc.so.6(+0x129c3c)[0x7f2735917c3c]
[a0010:92659] *** End of error message ***
==== backtrace (tid:  92967) ====
 0  /opt/hpcx/ompi/lib/openmpi/../../../ucx/lib/libucs.so.0(ucs_handle_error+0x2e4) [0x7f0c3a953774]
 1  /opt/hpcx/ompi/lib/openmpi/../../../ucx/lib/libucs.so.0(ucs_fatal_error_message+0xc2) [0x7f0c3a950732]
 2  /opt/hpcx/ompi/lib/openmpi/../../../ucx/lib/libucs.so.0(+0x3956a) [0x7f0c3a95556a]
 3  /opt/hpcx/ompi/lib/openmpi/../../../ucx/lib/libucs.so.0(ucs_log_dispatch+0xe4) [0x7f0c3a9558f4]
 4  /opt/hpcx/ompi/lib/openmpi/../../../ucx/lib/ucx/libuct_ib_mlx5.so.0(uct_ib_mlx5_completion_with_err+0x550) [0x7f0c3803e550]
 5  /opt/hpcx/ompi/lib/openmpi/../../../ucx/lib/ucx/libuct_ib_mlx5.so.0(uct_rc_mlx5_iface_handle_failure+0x134) [0x7f0c380545e4]
 6  /opt/hpcx/ompi/lib/openmpi/../../../ucx/lib/ucx/libuct_ib_mlx5.so.0(uct_ib_mlx5_check_completion+0x3d) [0x7f0c3803f74d]
 7  /opt/hpcx/ompi/lib/openmpi/../../../ucx/lib/ucx/libuct_ib_mlx5.so.0(+0x2bae7) [0x7f0c38055ae7]
 8  /opt/hpcx/ompi/lib/openmpi/../../../ucx/lib/libucp.so.0(ucp_worker_progress+0x5a) [0x7f0c3a9e70ea]
 9  /opt/hpcx/ompi/lib/./libopen-pal.so.40(opal_progress+0x34) [0x7f0c7cc623b4]
10  /opt/hpcx/ompi/lib/./libopen-pal.so.40(ompi_sync_wait_mt+0x115) [0x7f0c7cc68bb5]
11  /opt/hpcx/ompi/lib/libmpi.so.40(ompi_request_default_wait+0x24b) [0x7f0c85b1603b]
12  /opt/hpcx/ompi/lib/libmpi.so.40(PMPI_Wait+0x1e) [0x7f0c85b42e9e]
13  /workspace/hpl-mxp-linux-x86_64/xhpl_mxp() [0x50e9d3]
14  /workspace/hpl-mxp-linux-x86_64/xhpl_mxp() [0x4dc7d3]
15  /workspace/hpl-mxp-linux-x86_64/xhpl_mxp() [0x4df810]
16  /workspace/hpl-mxp-linux-x86_64/xhpl_mxp() [0x4df793]
17  /workspace/hpl-mxp-linux-x86_64/xhpl_mxp() [0x4df703]
18  /workspace/hpl-mxp-linux-x86_64/xhpl_mxp() [0x4df6bc]
19  /workspace/hpl-mxp-linux-x86_64/xhpl_mxp() [0x4df6a0]
20  /workspace/hpl-mxp-linux-x86_64/xhpl_mxp() [0x5bd493]
21  /lib/x86_64-linux-gnu/libc.so.6(+0x9caa4) [0x7f0c4c68aaa4]
22  /lib/x86_64-linux-gnu/libc.so.6(+0x129c3c) [0x7f0c4c717c3c]
=================================
[a0010:92668] *** Process received signal ***
[a0010:92668] Signal: Aborted (6)
[a0010:92668] Signal code:  (-6)
[a0010:92668] [ 0] /lib/x86_64-linux-gnu/libc.so.6(+0x45330)[0x7f0c4c633330]
[a0010:92668] [ 1] /lib/x86_64-linux-gnu/libc.so.6(pthread_kill+0x11c)[0x7f0c4c68cb2c]
[a0010:92668] [ 2] /lib/x86_64-linux-gnu/libc.so.6(gsignal+0x1e)[0x7f0c4c63327e]
[a0010:92668] [ 3] /lib/x86_64-linux-gnu/libc.so.6(abort+0xdf)[0x7f0c4c6168ff]
[a0010:92668] [ 4] /opt/hpcx/ompi/lib/openmpi/../../../ucx/lib/libucs.so.0(+0x34737)[0x7f0c3a950737]
[a0010:92668] [ 5] /opt/hpcx/ompi/lib/openmpi/../../../ucx/lib/libucs.so.0(+0x3956a)[0x7f0c3a95556a]
[a0010:92668] [ 6] /opt/hpcx/ompi/lib/openmpi/../../../ucx/lib/libucs.so.0(ucs_log_dispatch+0xe4)[0x7f0c3a9558f4]
[a0010:92668] [ 7] /opt/hpcx/ompi/lib/openmpi/../../../ucx/lib/ucx/libuct_ib_mlx5.so.0(uct_ib_mlx5_completion_with_err+0x550)[0x7f0c3803e550]
[a0010:92668] [ 8] /opt/hpcx/ompi/lib/openmpi/../../../ucx/lib/ucx/libuct_ib_mlx5.so.0(uct_rc_mlx5_iface_handle_failure+0x134)[0x7f0c380545e4]
[a0010:92668] [ 9] /opt/hpcx/ompi/lib/openmpi/../../../ucx/lib/ucx/libuct_ib_mlx5.so.0(uct_ib_mlx5_check_completion+0x3d)[0x7f0c3803f74d]
[a0010:92668] [10] /opt/hpcx/ompi/lib/openmpi/../../../ucx/lib/ucx/libuct_ib_mlx5.so.0(+0x2bae7)[0x7f0c38055ae7]
[a0010:92668] [11] /opt/hpcx/ompi/lib/openmpi/../../../ucx/lib/libucp.so.0(ucp_worker_progress+0x5a)[0x7f0c3a9e70ea]
[a0010:92668] [12] /opt/hpcx/ompi/lib/./libopen-pal.so.40(opal_progress+0x34)[0x7f0c7cc623b4]
[a0010:92668] [13] /opt/hpcx/ompi/lib/./libopen-pal.so.40(ompi_sync_wait_mt+0x115)[0x7f0c7cc68bb5]
[a0010:92668] [14] /opt/hpcx/ompi/lib/libmpi.so.40(ompi_request_default_wait+0x24b)[0x7f0c85b1603b]
[a0010:92668] [15] /opt/hpcx/ompi/lib/libmpi.so.40(PMPI_Wait+0x1e)[0x7f0c85b42e9e]
[a0010:92668] [16] /workspace/hpl-mxp-linux-x86_64/xhpl_mxp[0x50e9d3]
[a0010:92668] [17] /workspace/hpl-mxp-linux-x86_64/xhpl_mxp[0x4dc7d3]
[a0010:92668] [18] /workspace/hpl-mxp-linux-x86_64/xhpl_mxp[0x4df810]
[a0010:92668] [19] /workspace/hpl-mxp-linux-x86_64/xhpl_mxp[0x4df793]
[a0010:92668] [20] /workspace/hpl-mxp-linux-x86_64/xhpl_mxp[0x4df703]
[a0010:92668] [21] /workspace/hpl-mxp-linux-x86_64/xhpl_mxp[0x4df6bc]
[a0010:92668] [22] /workspace/hpl-mxp-linux-x86_64/xhpl_mxp[0x4df6a0]
[a0010:92668] [23] /workspace/hpl-mxp-linux-x86_64/xhpl_mxp[0x5bd493]
[a0010:92668] [24] /lib/x86_64-linux-gnu/libc.so.6(+0x9caa4)[0x7f0c4c68aaa4]
[a0010:92668] [25] /lib/x86_64-linux-gnu/libc.so.6(+0x129c3c)[0x7f0c4c717c3c]
[a0010:92668] *** End of error message ***
[a0010:92796:0:92947] ib_mlx5_log.c:179  Remote operation error on mlx5_0:1/IB (synd 0x14 vend 0x89 hw_synd 0/0)
[a0010:92796:0:92947] ib_mlx5_log.c:179  RC QP 0x4d4 wqe[6]: RDMA_READ s-- [rva 0x7ea338000000 rkey 0x2098a1] [va 0x7f13bc000000 len 2097152 lkey 0x20a64b] [rqpn 0x474 dlid=6 sl=0 port=1 src_path_bits=0]
==== backtrace (tid:  92947) ====
 0  /opt/hpcx/ompi/lib/openmpi/../../../ucx/lib/libucs.so.0(ucs_handle_error+0x2e4) [0x7f770af53774]
 1  /opt/hpcx/ompi/lib/openmpi/../../../ucx/lib/libucs.so.0(ucs_fatal_error_message+0xc2) [0x7f770af50732]
 2  /opt/hpcx/ompi/lib/openmpi/../../../ucx/lib/libucs.so.0(+0x3956a) [0x7f770af5556a]
 3  /opt/hpcx/ompi/lib/openmpi/../../../ucx/lib/libucs.so.0(ucs_log_dispatch+0xe4) [0x7f770af558f4]
 4  /opt/hpcx/ompi/lib/openmpi/../../../ucx/lib/ucx/libuct_ib_mlx5.so.0(uct_ib_mlx5_completion_with_err+0x550) [0x7f770863f550]
 5  /opt/hpcx/ompi/lib/openmpi/../../../ucx/lib/ucx/libuct_ib_mlx5.so.0(uct_rc_mlx5_iface_handle_failure+0x134) [0x7f77086555e4]
 6  /opt/hpcx/ompi/lib/openmpi/../../../ucx/lib/ucx/libuct_ib_mlx5.so.0(uct_ib_mlx5_check_completion+0x3d) [0x7f770864074d]
 7  /opt/hpcx/ompi/lib/openmpi/../../../ucx/lib/ucx/libuct_ib_mlx5.so.0(+0x2bae7) [0x7f7708656ae7]
 8  /opt/hpcx/ompi/lib/openmpi/../../../ucx/lib/libucp.so.0(ucp_worker_progress+0x5a) [0x7f770afe70ea]
 9  /opt/hpcx/ompi/lib/./libopen-pal.so.40(opal_progress+0x34) [0x7f774d2623b4]
10  /opt/hpcx/ompi/lib/./libopen-pal.so.40(ompi_sync_wait_mt+0x115) [0x7f774d268bb5]
11  /opt/hpcx/ompi/lib/libmpi.so.40(ompi_request_default_wait+0x24b) [0x7f775611803b]
12  /opt/hpcx/ompi/lib/libmpi.so.40(PMPI_Wait+0x1e) [0x7f7756144e9e]
13  /workspace/hpl-mxp-linux-x86_64/xhpl_mxp() [0x50e9d3]
14  /workspace/hpl-mxp-linux-x86_64/xhpl_mxp() [0x4dc7d3]
15  /workspace/hpl-mxp-linux-x86_64/xhpl_mxp() [0x4df810]
16  /workspace/hpl-mxp-linux-x86_64/xhpl_mxp() [0x4df793]
17  /workspace/hpl-mxp-linux-x86_64/xhpl_mxp() [0x4df703]
18  /workspace/hpl-mxp-linux-x86_64/xhpl_mxp() [0x4df6bc]
19  /workspace/hpl-mxp-linux-x86_64/xhpl_mxp() [0x4df6a0]
20  /workspace/hpl-mxp-linux-x86_64/xhpl_mxp() [0x5bd493]
21  /lib/x86_64-linux-gnu/libc.so.6(+0x9caa4) [0x7f771cc8aaa4]
22  /lib/x86_64-linux-gnu/libc.so.6(+0x129c3c) [0x7f771cd17c3c]
=================================
[a0010:92796] *** Process received signal ***
[a0010:92796] Signal: Aborted (6)
[a0010:92796] Signal code:  (-6)
[a0010:92796] [ 0] /lib/x86_64-linux-gnu/libc.so.6(+0x45330)[0x7f771cc33330]
[a0010:92796] [ 1] /lib/x86_64-linux-gnu/libc.so.6(pthread_kill+0x11c)[0x7f771cc8cb2c]
[a0010:92796] [ 2] /lib/x86_64-linux-gnu/libc.so.6(gsignal+0x1e)[0x7f771cc3327e]
[a0010:92796] [ 3] /lib/x86_64-linux-gnu/libc.so.6(abort+0xdf)[0x7f771cc168ff]
[a0010:92796] [ 4] /opt/hpcx/ompi/lib/openmpi/../../../ucx/lib/libucs.so.0(+0x34737)[0x7f770af50737]
[a0010:92796] [ 5] /opt/hpcx/ompi/lib/openmpi/../../../ucx/lib/libucs.so.0(+0x3956a)[0x7f770af5556a]
[a0010:92796] [ 6] /opt/hpcx/ompi/lib/openmpi/../../../ucx/lib/libucs.so.0(ucs_log_dispatch+0xe4)[0x7f770af558f4]
[a0010:92796] [ 7] /opt/hpcx/ompi/lib/openmpi/../../../ucx/lib/ucx/libuct_ib_mlx5.so.0(uct_ib_mlx5_completion_with_err+0x550)[0x7f770863f550]
[a0010:92796] [ 8] /opt/hpcx/ompi/lib/openmpi/../../../ucx/lib/ucx/libuct_ib_mlx5.so.0(uct_rc_mlx5_iface_handle_failure+0x134)[0x7f77086555e4]
[a0010:92796] [ 9] /opt/hpcx/ompi/lib/openmpi/../../../ucx/lib/ucx/libuct_ib_mlx5.so.0(uct_ib_mlx5_check_completion+0x3d)[0x7f770864074d]
[a0010:92796] [10] /opt/hpcx/ompi/lib/openmpi/../../../ucx/lib/ucx/libuct_ib_mlx5.so.0(+0x2bae7)[0x7f7708656ae7]
[a0010:92796] [11] /opt/hpcx/ompi/lib/openmpi/../../../ucx/lib/libucp.so.0(ucp_worker_progress+0x5a)[0x7f770afe70ea]
[a0010:92796] [12] /opt/hpcx/ompi/lib/./libopen-pal.so.40(opal_progress+0x34)[0x7f774d2623b4]
[a0010:92796] [13] /opt/hpcx/ompi/lib/./libopen-pal.so.40(ompi_sync_wait_mt+0x115)[0x7f774d268bb5]
[a0010:92796] [14] /opt/hpcx/ompi/lib/libmpi.so.40(ompi_request_default_wait+0x24b)[0x7f775611803b]
[a0010:92796] [15] /opt/hpcx/ompi/lib/libmpi.so.40(PMPI_Wait+0x1e)[0x7f7756144e9e]
[a0010:92796] [16] /workspace/hpl-mxp-linux-x86_64/xhpl_mxp[0x50e9d3]
[a0010:92796] [17] /workspace/hpl-mxp-linux-x86_64/xhpl_mxp[0x4dc7d3]
[a0010:92796] [18] /workspace/hpl-mxp-linux-x86_64/xhpl_mxp[0x4df810]
[a0010:92796] [19] /workspace/hpl-mxp-linux-x86_64/xhpl_mxp[0x4df793]
[a0010:92796] [20] /workspace/hpl-mxp-linux-x86_64/xhpl_mxp[0x4df703]
[a0010:92796] [21] /workspace/hpl-mxp-linux-x86_64/xhpl_mxp[0x4df6bc]
[a0010:92796] [22] /workspace/hpl-mxp-linux-x86_64/xhpl_mxp[0x4df6a0]
[a0010:92796] [23] /workspace/hpl-mxp-linux-x86_64/xhpl_mxp[0x5bd493]
[a0010:92796] [24] /lib/x86_64-linux-gnu/libc.so.6(+0x9caa4)[0x7f771cc8aaa4]
[a0010:92796] [25] /lib/x86_64-linux-gnu/libc.so.6(+0x129c3c)[0x7f771cd17c3c]
[a0010:92796] *** End of error message ***
[a0010:92789:0:92959] ib_mlx5_log.c:179  Remote operation error on mlx5_0:1/IB (synd 0x14 vend 0x89 hw_synd 0/0)
[a0010:92789:0:92959] ib_mlx5_log.c:179  RC QP 0x4d3 wqe[6]: RDMA_READ s-- [rva 0x7f3d38000000 rkey 0x209ca3] [va 0x7f4280000000 len 1927872 lkey 0x20aa4d] [rqpn 0x473 dlid=6 sl=0 port=1 src_path_bits=0]
==== backtrace (tid:  92959) ====
 0  /opt/hpcx/ompi/lib/openmpi/../../../ucx/lib/libucs.so.0(ucs_handle_error+0x2e4) [0x7fa5c3bc1774]
 1  /opt/hpcx/ompi/lib/openmpi/../../../ucx/lib/libucs.so.0(ucs_fatal_error_message+0xc2) [0x7fa5c3bbe732]
 2  /opt/hpcx/ompi/lib/openmpi/../../../ucx/lib/libucs.so.0(+0x3956a) [0x7fa5c3bc356a]
 3  /opt/hpcx/ompi/lib/openmpi/../../../ucx/lib/libucs.so.0(ucs_log_dispatch+0xe4) [0x7fa5c3bc38f4]
 4  /opt/hpcx/ompi/lib/openmpi/../../../ucx/lib/ucx/libuct_ib_mlx5.so.0(uct_ib_mlx5_completion_with_err+0x550) [0x7fa5c12d7550]
 5  /opt/hpcx/ompi/lib/openmpi/../../../ucx/lib/ucx/libuct_ib_mlx5.so.0(uct_rc_mlx5_iface_handle_failure+0x134) [0x7fa5c12ed5e4]
 6  /opt/hpcx/ompi/lib/openmpi/../../../ucx/lib/ucx/libuct_ib_mlx5.so.0(uct_ib_mlx5_check_completion+0x3d) [0x7fa5c12d874d]
 7  /opt/hpcx/ompi/lib/openmpi/../../../ucx/lib/ucx/libuct_ib_mlx5.so.0(+0x2bae7) [0x7fa5c12eeae7]
 8  /opt/hpcx/ompi/lib/openmpi/../../../ucx/lib/libucp.so.0(ucp_worker_progress+0x5a) [0x7fa5c807d0ea]
 9  /opt/hpcx/ompi/lib/./libopen-pal.so.40(opal_progress+0x34) [0x7fa609e623b4]
10  /opt/hpcx/ompi/lib/./libopen-pal.so.40(ompi_sync_wait_mt+0x115) [0x7fa609e68bb5]
11  /opt/hpcx/ompi/lib/libmpi.so.40(ompi_request_default_wait+0x24b) [0x7fa612db103b]
12  /opt/hpcx/ompi/lib/libmpi.so.40(PMPI_Wait+0x1e) [0x7fa612ddde9e]
13  /workspace/hpl-mxp-linux-x86_64/xhpl_mxp() [0x50e9d3]
14  /workspace/hpl-mxp-linux-x86_64/xhpl_mxp() [0x4dc7d3]
15  /workspace/hpl-mxp-linux-x86_64/xhpl_mxp() [0x4df810]
16  /workspace/hpl-mxp-linux-x86_64/xhpl_mxp() [0x4df793]
17  /workspace/hpl-mxp-linux-x86_64/xhpl_mxp() [0x4df703]
18  /workspace/hpl-mxp-linux-x86_64/xhpl_mxp() [0x4df6bc]
19  /workspace/hpl-mxp-linux-x86_64/xhpl_mxp() [0x4df6a0]
20  /workspace/hpl-mxp-linux-x86_64/xhpl_mxp() [0x5bd493]
21  /lib/x86_64-linux-gnu/libc.so.6(+0x9caa4) [0x7fa5d988aaa4]
22  /lib/x86_64-linux-gnu/libc.so.6(+0x129c3c) [0x7fa5d9917c3c]
=================================
[a0010:92789] *** Process received signal ***
[a0010:92789] Signal: Aborted (6)
[a0010:92789] Signal code:  (-6)
[a0010:92789] [ 0] /lib/x86_64-linux-gnu/libc.so.6(+0x45330)[0x7fa5d9833330]
[a0010:92789] [ 1] /lib/x86_64-linux-gnu/libc.so.6(pthread_kill+0x11c)[0x7fa5d988cb2c]
[a0010:92789] [ 2] /lib/x86_64-linux-gnu/libc.so.6(gsignal+0x1e)[0x7fa5d983327e]
[a0010:92789] [ 3] /lib/x86_64-linux-gnu/libc.so.6(abort+0xdf)[0x7fa5d98168ff]
[a0010:92789] [ 4] /opt/hpcx/ompi/lib/openmpi/../../../ucx/lib/libucs.so.0(+0x34737)[0x7fa5c3bbe737]
[a0010:92789] [ 5] /opt/hpcx/ompi/lib/openmpi/../../../ucx/lib/libucs.so.0(+0x3956a)[0x7fa5c3bc356a]
[a0010:92789] [ 6] /opt/hpcx/ompi/lib/openmpi/../../../ucx/lib/libucs.so.0(ucs_log_dispatch+0xe4)[0x7fa5c3bc38f4]
[a0010:92789] [ 7] /opt/hpcx/ompi/lib/openmpi/../../../ucx/lib/ucx/libuct_ib_mlx5.so.0(uct_ib_mlx5_completion_with_err+0x550)[0x7fa5c12d7550]
[a0010:92789] [ 8] /opt/hpcx/ompi/lib/openmpi/../../../ucx/lib/ucx/libuct_ib_mlx5.so.0(uct_rc_mlx5_iface_handle_failure+0x134)[0x7fa5c12ed5e4]
[a0010:92789] [ 9] /opt/hpcx/ompi/lib/openmpi/../../../ucx/lib/ucx/libuct_ib_mlx5.so.0(uct_ib_mlx5_check_completion+0x3d)[0x7fa5c12d874d]
[a0010:92789] [10] /opt/hpcx/ompi/lib/openmpi/../../../ucx/lib/ucx/libuct_ib_mlx5.so.0(+0x2bae7)[0x7fa5c12eeae7]
[a0010:92789] [11] /opt/hpcx/ompi/lib/openmpi/../../../ucx/lib/libucp.so.0(ucp_worker_progress+0x5a)[0x7fa5c807d0ea]
[a0010:92789] [12] /opt/hpcx/ompi/lib/./libopen-pal.so.40(opal_progress+0x34)[0x7fa609e623b4]
[a0010:92789] [13] /opt/hpcx/ompi/lib/./libopen-pal.so.40(ompi_sync_wait_mt+0x115)[0x7fa609e68bb5]
[a0010:92789] [14] /opt/hpcx/ompi/lib/libmpi.so.40(ompi_request_default_wait+0x24b)[0x7fa612db103b]
[a0010:92789] [15] /opt/hpcx/ompi/lib/libmpi.so.40(PMPI_Wait+0x1e)[0x7fa612ddde9e]
[a0010:92789] [16] /workspace/hpl-mxp-linux-x86_64/xhpl_mxp[0x50e9d3]
[a0010:92789] [17] /workspace/hpl-mxp-linux-x86_64/xhpl_mxp[0x4dc7d3]
[a0010:92789] [18] /workspace/hpl-mxp-linux-x86_64/xhpl_mxp[0x4df810]
[a0010:92789] [19] /workspace/hpl-mxp-linux-x86_64/xhpl_mxp[0x4df793]
[a0010:92789] [20] /workspace/hpl-mxp-linux-x86_64/xhpl_mxp[0x4df703]
[a0010:92789] [21] /workspace/hpl-mxp-linux-x86_64/xhpl_mxp[0x4df6bc]
[a0010:92789] [22] /workspace/hpl-mxp-linux-x86_64/xhpl_mxp[0x4df6a0]
[a0010:92789] [23] /workspace/hpl-mxp-linux-x86_64/xhpl_mxp[0x5bd493]
[a0010:92789] [24] /lib/x86_64-linux-gnu/libc.so.6(+0x9caa4)[0x7fa5d988aaa4]
[a0010:92789] [25] /lib/x86_64-linux-gnu/libc.so.6(+0x129c3c)[0x7fa5d9917c3c]
[a0010:92789] *** End of error message ***
[a0010:92785:0:92965] ib_mlx5_log.c:179  Remote operation error on mlx5_0:1/IB (synd 0x14 vend 0x89 hw_synd 0/0)
[a0010:92785:0:92965] ib_mlx5_log.c:179  RC QP 0x4c4 wqe[6]: RDMA_READ s-- [rva 0x7f58e0000000 rkey 0x209aa2] [va 0x7f3b18000000 len 2097152 lkey 0x20a84c] [rqpn 0x46f dlid=6 sl=0 port=1 src_path_bits=0]
[a0010:92790:0:92955] ib_mlx5_log.c:179  Remote operation error on mlx5_3:1/IB (synd 0x14 vend 0x89 hw_synd 0/0)
[a0010:92790:0:92955] ib_mlx5_log.c:179  RC QP 0x3d1 wqe[0]: RDMA_READ s-- [rva 0x7ea12a200000 rkey 0x206fc2] [va 0x7f8676200000 len 2097152 lkey 0x206388] [rqpn 0x49b dlid=74 sl=0 port=1 src_path_bits=0]
==== backtrace (tid:  92965) ====
 0  /opt/hpcx/ompi/lib/openmpi/../../../ucx/lib/libucs.so.0(ucs_handle_error+0x2e4) [0x7f9cfb6ca774]
 1  /opt/hpcx/ompi/lib/openmpi/../../../ucx/lib/libucs.so.0(ucs_fatal_error_message+0xc2) [0x7f9cfb6c7732]
 2  /opt/hpcx/ompi/lib/openmpi/../../../ucx/lib/libucs.so.0(+0x3956a) [0x7f9cfb6cc56a]
 3  /opt/hpcx/ompi/lib/openmpi/../../../ucx/lib/libucs.so.0(ucs_log_dispatch+0xe4) [0x7f9cfb6cc8f4]
 4  /opt/hpcx/ompi/lib/openmpi/../../../ucx/lib/ucx/libuct_ib_mlx5.so.0(uct_ib_mlx5_completion_with_err+0x550) [0x7f9cf8ddb550]
 5  /opt/hpcx/ompi/lib/openmpi/../../../ucx/lib/ucx/libuct_ib_mlx5.so.0(uct_rc_mlx5_iface_handle_failure+0x134) [0x7f9cf8df15e4]
 6  /opt/hpcx/ompi/lib/openmpi/../../../ucx/lib/ucx/libuct_ib_mlx5.so.0(uct_ib_mlx5_check_completion+0x3d) [0x7f9cf8ddc74d]
 7  /opt/hpcx/ompi/lib/openmpi/../../../ucx/lib/ucx/libuct_ib_mlx5.so.0(+0x2bae7) [0x7f9cf8df2ae7]
 8  /opt/hpcx/ompi/lib/openmpi/../../../ucx/lib/libucp.so.0(ucp_worker_progress+0x5a) [0x7f9cfb75e0ea]
 9  /opt/hpcx/ompi/lib/./libopen-pal.so.40(opal_progress+0x34) [0x7f9d3e3203b4]
10  /opt/hpcx/ompi/lib/./libopen-pal.so.40(ompi_sync_wait_mt+0x115) [0x7f9d3e326bb5]
11  /opt/hpcx/ompi/lib/libmpi.so.40(ompi_request_default_wait+0x24b) [0x7f9d4a53203b]
12  /opt/hpcx/ompi/lib/libmpi.so.40(PMPI_Wait+0x1e) [0x7f9d4a55ee9e]
13  /workspace/hpl-mxp-linux-x86_64/xhpl_mxp() [0x50e9d3]
14  /workspace/hpl-mxp-linux-x86_64/xhpl_mxp() [0x4dc7d3]
15  /workspace/hpl-mxp-linux-x86_64/xhpl_mxp() [0x4df810]
16  /workspace/hpl-mxp-linux-x86_64/xhpl_mxp() [0x4df793]
17  /workspace/hpl-mxp-linux-x86_64/xhpl_mxp() [0x4df703]
18  /workspace/hpl-mxp-linux-x86_64/xhpl_mxp() [0x4df6bc]
19  /workspace/hpl-mxp-linux-x86_64/xhpl_mxp() [0x4df6a0]
20  /workspace/hpl-mxp-linux-x86_64/xhpl_mxp() [0x5bd493]
21  /lib/x86_64-linux-gnu/libc.so.6(+0x9caa4) [0x7f9d1148aaa4]
22  /lib/x86_64-linux-gnu/libc.so.6(+0x129c3c) [0x7f9d11517c3c]
=================================
[a0010:92785] *** Process received signal ***
[a0010:92785] Signal: Aborted (6)
[a0010:92785] Signal code:  (-6)
[a0010:92785] [ 0] /lib/x86_64-linux-gnu/libc.so.6(+0x45330)[0x7f9d11433330]
[a0010:92785] [ 1] /lib/x86_64-linux-gnu/libc.so.6(pthread_kill+0x11c)[0x7f9d1148cb2c]
[a0010:92785] [ 2] /lib/x86_64-linux-gnu/libc.so.6(gsignal+0x1e)[0x7f9d1143327e]
[a0010:92785] [ 3] /lib/x86_64-linux-gnu/libc.so.6(abort+0xdf)[0x7f9d114168ff]
[a0010:92785] [ 4] /opt/hpcx/ompi/lib/openmpi/../../../ucx/lib/libucs.so.0(+0x34737)[0x7f9cfb6c7737]
[a0010:92785] [ 5] /opt/hpcx/ompi/lib/openmpi/../../../ucx/lib/libucs.so.0(+0x3956a)[0x7f9cfb6cc56a]
[a0010:92785] [ 6] /opt/hpcx/ompi/lib/openmpi/../../../ucx/lib/libucs.so.0(ucs_log_dispatch+0xe4)[0x7f9cfb6cc8f4]
[a0010:92785] [ 7] /opt/hpcx/ompi/lib/openmpi/../../../ucx/lib/ucx/libuct_ib_mlx5.so.0(uct_ib_mlx5_completion_with_err+0x550)[0x7f9cf8ddb550]
[a0010:92785] [ 8] /opt/hpcx/ompi/lib/openmpi/../../../ucx/lib/ucx/libuct_ib_mlx5.so.0(uct_rc_mlx5_iface_handle_failure+0x134)[0x7f9cf8df15e4]
[a0010:92785] [ 9] /opt/hpcx/ompi/lib/openmpi/../../../ucx/lib/ucx/libuct_ib_mlx5.so.0(uct_ib_mlx5_check_completion+0x3d)[0x7f9cf8ddc74d]
[a0010:92785] [10] /opt/hpcx/ompi/lib/openmpi/../../../ucx/lib/ucx/libuct_ib_mlx5.so.0(+0x2bae7)[0x7f9cf8df2ae7]
[a0010:92785] [11] /opt/hpcx/ompi/lib/openmpi/../../../ucx/lib/libucp.so.0(ucp_worker_progress+0x5a)[0x7f9cfb75e0ea]
[a0010:92785] [12] /opt/hpcx/ompi/lib/./libopen-pal.so.40(opal_progress+0x34)[0x7f9d3e3203b4]
[a0010:92785] [13] /opt/hpcx/ompi/lib/./libopen-pal.so.40(ompi_sync_wait_mt+0x115)[0x7f9d3e326bb5]
[a0010:92785] [14] /opt/hpcx/ompi/lib/libmpi.so.40(ompi_request_default_wait+0x24b)[0x7f9d4a53203b]
[a0010:92785] [15] /opt/hpcx/ompi/lib/libmpi.so.40(PMPI_Wait+0x1e)[0x7f9d4a55ee9e]
[a0010:92785] [16] /workspace/hpl-mxp-linux-x86_64/xhpl_mxp[0x50e9d3]
[a0010:92785] [17] /workspace/hpl-mxp-linux-x86_64/xhpl_mxp[0x4dc7d3]
[a0010:92785] [18] /workspace/hpl-mxp-linux-x86_64/xhpl_mxp[0x4df810]
[a0010:92785] [19] /workspace/hpl-mxp-linux-x86_64/xhpl_mxp[0x4df793]
[a0010:92785] [20] /workspace/hpl-mxp-linux-x86_64/xhpl_mxp[0x4df703]
[a0010:92785] [21] /workspace/hpl-mxp-linux-x86_64/xhpl_mxp[0x4df6bc]
[a0010:92785] [22] /workspace/hpl-mxp-linux-x86_64/xhpl_mxp[0x4df6a0]
[a0010:92785] [23] /workspace/hpl-mxp-linux-x86_64/xhpl_mxp[0x5bd493]
[a0010:92785] [24] /lib/x86_64-linux-gnu/libc.so.6(+0x9caa4)[0x7f9d1148aaa4]
[a0010:92785] [25] /lib/x86_64-linux-gnu/libc.so.6(+0x129c3c)[0x7f9d11517c3c]
[a0010:92785] *** End of error message ***
==== backtrace (tid:  92955) ====
 0  /opt/hpcx/ompi/lib/openmpi/../../../ucx/lib/libucs.so.0(ucs_handle_error+0x2e4) [0x7fe6fb548774]
 1  /opt/hpcx/ompi/lib/openmpi/../../../ucx/lib/libucs.so.0(ucs_fatal_error_message+0xc2) [0x7fe6fb545732]
 2  /opt/hpcx/ompi/lib/openmpi/../../../ucx/lib/libucs.so.0(+0x3956a) [0x7fe6fb54a56a]
 3  /opt/hpcx/ompi/lib/openmpi/../../../ucx/lib/libucs.so.0(ucs_log_dispatch+0xe4) [0x7fe6fb54a8f4]
 4  /opt/hpcx/ompi/lib/openmpi/../../../ucx/lib/ucx/libuct_ib_mlx5.so.0(uct_ib_mlx5_completion_with_err+0x550) [0x7fe6f8c81550]
 5  /opt/hpcx/ompi/lib/openmpi/../../../ucx/lib/ucx/libuct_ib_mlx5.so.0(uct_rc_mlx5_iface_handle_failure+0x134) [0x7fe6f8c975e4]
 6  /opt/hpcx/ompi/lib/openmpi/../../../ucx/lib/ucx/libuct_ib_mlx5.so.0(uct_ib_mlx5_check_completion+0x3d) [0x7fe6f8c8274d]
 7  /opt/hpcx/ompi/lib/openmpi/../../../ucx/lib/ucx/libuct_ib_mlx5.so.0(+0x2bae7) [0x7fe6f8c98ae7]
 8  /opt/hpcx/ompi/lib/openmpi/../../../ucx/lib/libucp.so.0(ucp_worker_progress+0x5a) [0x7fe6fb5dc0ea]
 9  /opt/hpcx/ompi/lib/./libopen-pal.so.40(opal_progress+0x34) [0x7fe7418623b4]
10  /opt/hpcx/ompi/lib/./libopen-pal.so.40(ompi_sync_wait_mt+0x115) [0x7fe741868bb5]
11  /opt/hpcx/ompi/lib/libmpi.so.40(ompi_request_default_wait+0x24b) [0x7fe74a75a03b]
12  /opt/hpcx/ompi/lib/libmpi.so.40(PMPI_Wait+0x1e) [0x7fe74a786e9e]
13  /workspace/hpl-mxp-linux-x86_64/xhpl_mxp() [0x50e9d3]
14  /workspace/hpl-mxp-linux-x86_64/xhpl_mxp() [0x4dc7d3]
15  /workspace/hpl-mxp-linux-x86_64/xhpl_mxp() [0x4df810]
16  /workspace/hpl-mxp-linux-x86_64/xhpl_mxp() [0x4df793]
17  /workspace/hpl-mxp-linux-x86_64/xhpl_mxp() [0x4df703]
18  /workspace/hpl-mxp-linux-x86_64/xhpl_mxp() [0x4df6bc]
19  /workspace/hpl-mxp-linux-x86_64/xhpl_mxp() [0x4df6a0]
20  /workspace/hpl-mxp-linux-x86_64/xhpl_mxp() [0x5bd493]
21  /lib/x86_64-linux-gnu/libc.so.6(+0x9caa4) [0x7fe71128aaa4]
22  /lib/x86_64-linux-gnu/libc.so.6(+0x129c3c) [0x7fe711317c3c]
=================================
[a0010:92790] *** Process received signal ***
[a0010:92790] Signal: Aborted (6)
[a0010:92790] Signal code:  (-6)
[a0010:92790] [ 0] /lib/x86_64-linux-gnu/libc.so.6(+0x45330)[0x7fe711233330]
[a0010:92790] [ 1] /lib/x86_64-linux-gnu/libc.so.6(pthread_kill+0x11c)[0x7fe71128cb2c]
[a0010:92790] [ 2] /lib/x86_64-linux-gnu/libc.so.6(gsignal+0x1e)[0x7fe71123327e]
[a0010:92790] [ 3] /lib/x86_64-linux-gnu/libc.so.6(abort+0xdf)[0x7fe7112168ff]
[a0010:92790] [ 4] /opt/hpcx/ompi/lib/openmpi/../../../ucx/lib/libucs.so.0(+0x34737)[0x7fe6fb545737]
[a0010:92790] [ 5] /opt/hpcx/ompi/lib/openmpi/../../../ucx/lib/libucs.so.0(+0x3956a)[0x7fe6fb54a56a]
[a0010:92790] [ 6] /opt/hpcx/ompi/lib/openmpi/../../../ucx/lib/libucs.so.0(ucs_log_dispatch+0xe4)[0x7fe6fb54a8f4]
[a0010:92790] [ 7] /opt/hpcx/ompi/lib/openmpi/../../../ucx/lib/ucx/libuct_ib_mlx5.so.0(uct_ib_mlx5_completion_with_err+0x550)[0x7fe6f8c81550]
[a0010:92790] [ 8] /opt/hpcx/ompi/lib/openmpi/../../../ucx/lib/ucx/libuct_ib_mlx5.so.0(uct_rc_mlx5_iface_handle_failure+0x134)[0x7fe6f8c975e4]
[a0010:92790] [ 9] /opt/hpcx/ompi/lib/openmpi/../../../ucx/lib/ucx/libuct_ib_mlx5.so.0(uct_ib_mlx5_check_completion+0x3d)[0x7fe6f8c8274d]
[a0010:92790] [10] /opt/hpcx/ompi/lib/openmpi/../../../ucx/lib/ucx/libuct_ib_mlx5.so.0(+0x2bae7)[0x7fe6f8c98ae7]
[a0010:92790] [11] /opt/hpcx/ompi/lib/openmpi/../../../ucx/lib/libucp.so.0(ucp_worker_progress+0x5a)[0x7fe6fb5dc0ea]
[a0010:92790] [12] /opt/hpcx/ompi/lib/./libopen-pal.so.40(opal_progress+0x34)[0x7fe7418623b4]
[a0010:92790] [13] /opt/hpcx/ompi/lib/./libopen-pal.so.40(ompi_sync_wait_mt+0x115)[0x7fe741868bb5]
[a0010:92790] [14] /opt/hpcx/ompi/lib/libmpi.so.40(ompi_request_default_wait+0x24b)[0x7fe74a75a03b]
[a0010:92790] [15] /opt/hpcx/ompi/lib/libmpi.so.40(PMPI_Wait+0x1e)[0x7fe74a786e9e]
[a0010:92790] [16] /workspace/hpl-mxp-linux-x86_64/xhpl_mxp[0x50e9d3]
[a0010:92790] [17] /workspace/hpl-mxp-linux-x86_64/xhpl_mxp[0x4dc7d3]
[a0010:92790] [18] /workspace/hpl-mxp-linux-x86_64/xhpl_mxp[0x4df810]
[a0010:92790] [19] /workspace/hpl-mxp-linux-x86_64/xhpl_mxp[0x4df793]
[a0010:92790] [20] /workspace/hpl-mxp-linux-x86_64/xhpl_mxp[0x4df703]
[a0010:92790] [21] /workspace/hpl-mxp-linux-x86_64/xhpl_mxp[0x4df6bc]
[a0010:92790] [22] /workspace/hpl-mxp-linux-x86_64/xhpl_mxp[0x4df6a0]
[a0010:92790] [23] /workspace/hpl-mxp-linux-x86_64/xhpl_mxp[0x5bd493]
[a0010:92790] [24] /lib/x86_64-linux-gnu/libc.so.6(+0x9caa4)[0x7fe71128aaa4]
[a0010:92790] [25] /lib/x86_64-linux-gnu/libc.so.6(+0x129c3c)[0x7fe711317c3c]
[a0010:92790] *** End of error message ***
/workspace/hpl-mxp.sh: line 261: 92796 Aborted                 (core dumped) ${NUMCMD} ${CPUBIND} ${MEMBIND} ${XHPL} ${HPL_MXP_PARAMS}
srun: error: a0010: task 8: Exited with exit code 134
/workspace/hpl-mxp.sh: line 261: 92668 Aborted                 (core dumped) ${NUMCMD} ${CPUBIND} ${MEMBIND} ${XHPL} ${HPL_MXP_PARAMS}
srun: error: a0010: task 9: Exited with exit code 134
[2026-04-07T01:42:40.111] error:  mpi/pmix_v3: _errhandler: a0010 [1]: pmixp_client_v2.c:225: Error handler invoked: status = -25, source = [slurm.pmix.2109.0:8]
[2026-04-07T01:42:40.111] error: *** STEP 2109.0 ON a0009 CANCELLED AT 2026-04-07T01:42:40 DUE to SIGNAL Killed ***
srun: Job step aborted: Waiting up to 32 seconds for job step to finish.
srun: error: a0009: tasks 0-7: Killed
srun: error: a0012: tasks 24-31: Killed
srun: error: a0013: tasks 32-39: Killed
srun: error: a0015: tasks 48-55: Killed
srun: error: a0018: tasks 56-63: Killed
srun: error: a0011: tasks 16-23: Killed
srun: error: a0014: tasks 40-47: Killed
[2026-04-07T01:42:41.492] error:  mpi/pmix_v3: _errhandler: a0010 [1]: pmixp_client_v2.c:225: Error handler invoked: status = -25, source = [slurm.pmix.2109.0:14]
srun: error: a0010: tasks 10-15: Killed
+ echo Done
Done
++ date +%Y-%m-%dT%H:%M:%S
+ echo 2026-04-07T01:42:43
2026-04-07T01:42:43
