++ date +%Y-%m-%dT%H:%M:%S
+ DATESTRING=2026-04-01T19:45:08
+ SIF=/home/knevins/aicr-benchmarks/hpc-benchmarks_25.09.sif
+ NCCL_BIN=/workspace/microbenchmarks/nccl_tests
+++ scontrol show hostname
++ echo a0017
+ echo 'Running on hosts: a0017'
Running on hosts: a0017
+ echo 2026-04-01T19:45:08
2026-04-01T19:45:08
+ srun -N1 --ntasks-per-node=8 --exclusive --mpi=pmix apptainer exec --nv --no-mount /etc/localtime --bind /var/spool/slurm/slurmd /home/knevins/aicr-benchmarks/hpc-benchmarks_25.09.sif /workspace/microbenchmarks/nccl_tests/all_reduce_perf -b 8 -e 8G -f 2 -g 1
# Collective test starting: all_reduce_perf
# nThread 1 nGpus 1 minBytes 8 maxBytes 8589934592 step: 2(factor) warmup iters: 1 iters: 20 agg iters: 1 validation: 1 graph: 0
#
# Using devices
# Collective test starting: all_reduce_perf
# nThread 1 nGpus 1 minBytes 8 maxBytes 8589934592 step: 2(factor) warmup iters: 1 iters: 20 agg iters: 1 validation: 1 graph: 0
#
# Using devices
# Collective test starting: all_reduce_perf
# nThread 1 nGpus 1 minBytes 8 maxBytes 8589934592 step: 2(factor) warmup iters: 1 iters: 20 agg iters: 1 validation: 1 graph: 0
#
# Using devices
# Collective test starting: all_reduce_perf
# nThread 1 nGpus 1 minBytes 8 maxBytes 8589934592 step: 2(factor) warmup iters: 1 iters: 20 agg iters: 1 validation: 1 graph: 0
#
# Using devices
# Collective test starting: all_reduce_perf
# nThread 1 nGpus 1 minBytes 8 maxBytes 8589934592 step: 2(factor) warmup iters: 1 iters: 20 agg iters: 1 validation: 1 graph: 0
#
# Using devices
# Collective test starting: all_reduce_perf
# nThread 1 nGpus 1 minBytes 8 maxBytes 8589934592 step: 2(factor) warmup iters: 1 iters: 20 agg iters: 1 validation: 1 graph: 0
#
# Using devices
# Collective test starting: all_reduce_perf
# nThread 1 nGpus 1 minBytes 8 maxBytes 8589934592 step: 2(factor) warmup iters: 1 iters: 20 agg iters: 1 validation: 1 graph: 0
#
# Using devices
# Collective test starting: all_reduce_perf
# nThread 1 nGpus 1 minBytes 8 maxBytes 8589934592 step: 2(factor) warmup iters: 1 iters: 20 agg iters: 1 validation: 1 graph: 0
#
# Using devices
#  Rank  0 Group  0 Pid 196575 on      a0017 device  0 [0000:03:00] NVIDIA RTX PRO 6000 Blackwell Server Edition
#  Rank  0 Group  0 Pid 196583 on      a0017 device  0 [0000:03:00] NVIDIA RTX PRO 6000 Blackwell Server Edition
#  Rank  0 Group  0 Pid 196579 on      a0017 device  0 [0000:03:00] NVIDIA RTX PRO 6000 Blackwell Server Edition
#  Rank  0 Group  0 Pid 196576 on      a0017 device  0 [0000:03:00] NVIDIA RTX PRO 6000 Blackwell Server Edition
#  Rank  0 Group  0 Pid 196580 on      a0017 device  0 [0000:03:00] NVIDIA RTX PRO 6000 Blackwell Server Edition
#  Rank  0 Group  0 Pid 196578 on      a0017 device  0 [0000:03:00] NVIDIA RTX PRO 6000 Blackwell Server Edition
#  Rank  0 Group  0 Pid 196577 on      a0017 device  0 [0000:03:00] NVIDIA RTX PRO 6000 Blackwell Server Edition
#  Rank  0 Group  0 Pid 196581 on      a0017 device  0 [0000:03:00] NVIDIA RTX PRO 6000 Blackwell Server Edition
a0017: Test NCCL failure common.cu:781 'unhandled cuda error (run with NCCL_DEBUG=INFO for details) / '
 .. a0017 pid 196583: Test failure common.cu:1197
 .. a0017 pid 196583: Test failure common.cu:1050
a0017: Test NCCL failure common.cu:782 'unhandled cuda error (run with NCCL_DEBUG=INFO for details) / '
 .. a0017 pid 196576: Test failure common.cu:1197
 .. a0017 pid 196576: Test failure common.cu:1050
a0017: Test NCCL failure common.cu:781 'unhandled cuda error (run with NCCL_DEBUG=INFO for details) / '
 .. a0017 pid 196579: Test failure common.cu:1197
 .. a0017 pid 196579: Test failure common.cu:1050
a0017: Test NCCL failure common.cu:781 'unhandled cuda error (run with NCCL_DEBUG=INFO for details) / '
 .. a0017 pid 196578: Test failure common.cu:1197
 .. a0017 pid 196578: Test failure common.cu:1050
a0017: Test NCCL failure common.cu:781 'unhandled cuda error (run with NCCL_DEBUG=INFO for details) / '
 .. a0017 pid 196577: Test failure common.cu:1197
 .. a0017 pid 196577: Test failure common.cu:1050
a0017: Test NCCL failure common.cu:781 'unhandled cuda error (run with NCCL_DEBUG=INFO for details) / '
 .. a0017 pid 196580: Test failure common.cu:1197
 .. a0017 pid 196580: Test failure common.cu:1050
a0017: Test NCCL failure common.cu:781 'unhandled cuda error (run with NCCL_DEBUG=INFO for details) / '
 .. a0017 pid 196581: Test failure common.cu:1197
 .. a0017 pid 196581: Test failure common.cu:1050
srun: error: a0017: tasks 4-5: Exited with exit code 3
srun: error: a0017: tasks 1,7: Exited with exit code 3
srun: error: a0017: tasks 2-3: Exited with exit code 3
#
#                                                              out-of-place                       in-place          
#       size         count      type   redop    root     time   algbw   busbw #wrong     time   algbw   busbw #wrong
#        (B)    (elements)                               (us)  (GB/s)  (GB/s)            (us)  (GB/s)  (GB/s)       
srun: error: a0017: task 0: Exited with exit code 3
           8             2     float     sum      -1     2.75    0.00    0.00      0     0.08    0.10    0.00      0
          16             4     float     sum      -1     2.61    0.01    0.00      0     0.06    0.29    0.00      0
          32             8     float     sum      -1     2.55    0.01    0.00      0     0.08    0.40    0.00      0
          64            16     float     sum      -1     2.69    0.02    0.00      0     0.10    0.67    0.00      0
         128            32     float     sum      -1     2.66    0.05    0.00      0     0.08    1.52    0.00      0
         256            64     float     sum      -1     2.66    0.10    0.00      0     0.10    2.45    0.00      0
         512           128     float     sum      -1     2.61    0.20    0.00      0     0.08    6.43    0.00      0
        1024           256     float     sum      -1     2.63    0.39    0.00      0     0.08   12.40    0.00      0
        2048           512     float     sum      -1     2.71    0.76    0.00      0     0.05   37.54    0.00      0
        4096          1024     float     sum      -1     2.68    1.53    0.00      0     0.05   75.02    0.00      0
        8192          2048     float     sum      -1     2.68    3.05    0.00      0     0.08  101.64    0.00      0
       16384          4096     float     sum      -1     2.78    5.89    0.00      0     0.08  203.28    0.00      0
       32768          8192     float     sum      -1     2.92   11.21    0.00      0     0.23  145.41    0.00      0
       65536         16384     float     sum      -1     2.59   25.30    0.00      0     0.11  611.63    0.00      0
      131072         32768     float     sum      -1     3.30   39.76    0.00      0     0.09  1470.24    0.00      0
      262144         65536     float     sum      -1     3.18   82.52    0.00      0     0.09  2957.07    0.00      0
      524288        131072     float     sum      -1     3.52  148.93    0.00      0     0.08  6193.60    0.00      0
     1048576        262144     float     sum      -1     3.53  297.23    0.00      0     0.08  12394.52    0.00      0
     2097152        524288     float     sum      -1     4.31  486.02    0.00      0     0.09  22770.38    0.00      0
     4194304       1048576     float     sum      -1     6.37  657.96    0.00      0     0.06  76121.67    0.00      0
     8388608       2097152     float     sum      -1    13.41  625.43    0.00      0     0.06  150874.24    0.00      0
    16777216       4194304     float     sum      -1    22.59  742.76    0.00      0     0.06  299059.11    0.00      0
    33554432       8388608     float     sum      -1    43.39  773.36    0.00      0     0.08  413486.53    0.00      0
    67108864      16777216     float     sum      -1    88.56  757.77    0.00      0     0.08  812455.98    0.00      0
   134217728      33554432     float     sum      -1    183.5  731.58    0.00      0     0.08  1654965.82    0.00      0
   268435456      67108864     float     sum      -1    366.9  731.62    0.00      0     0.08  3209031.15    0.00      0
   536870912     134217728     float     sum      -1    736.4  729.01    0.00      0     0.09  6268195.12    0.00      0
  1073741824     268435456     float     sum      -1   1470.9  730.00    0.00      0     0.10  11290660.61    0.00      0
  2147483648     536870912     float     sum      -1   2940.4  730.35    0.00      0     0.09  23444144.63    0.00      0
  4294967296    1073741824     float     sum      -1   5880.2  730.41    0.00      0     0.11  37958173.19    0.00      0
  8589934592    2147483648     float     sum      -1    11761  730.36    0.00      0     0.09  93725418.35    0.00      0
# Out of bounds values : 0 OK
# Avg bus bandwidth    : 0 
#
# Collective test concluded: all_reduce_perf

+ echo Done
Done
+ echo 2026-04-01T19:45:08
2026-04-01T19:45:08
