++ date +%Y-%m-%dT%H:%M:%S
+ DATESTRING=2026-04-07T02:15:04
+ SIF=/home/knevins/aicr-benchmarks/hpc-benchmarks_25.09.sif
++ scontrol show hostname
++ tr '\n' ' '
+ echo 'Running on hosts: a0001 a0003 a0012 a0013 a0014 a0015 a0018 a0019 '
Running on hosts: a0001 a0003 a0012 a0013 a0014 a0015 a0018 a0019 
+ echo 2026-04-07T02:15:04
2026-04-07T02:15:04
+ export UCX_TLS=rc,cuda_copy,cuda_ipc
+ UCX_TLS=rc,cuda_copy,cuda_ipc
+ GPU_AFFINITY=0:1:2:3:4:5:6:7
+ N_SIZE=1140736
+ srun --cpu-bind=none --mpi=pmix apptainer exec --nv --no-mount /etc/localtime --bind /var/spool/slurm/slurmd /home/knevins/aicr-benchmarks/hpc-benchmarks_25.09.sif /workspace/hpl-mxp.sh --gpu-affinity 0:1:2:3:4:5:6:7 --n 1140736 --nb 4096 --nprow 8 --npcol 8 --nporder row
[a0003:128996:0:129155] ib_mlx5_log.c:179  Remote operation error on mlx5_0:1/IB (synd 0x14 vend 0x89 hw_synd 0/0)
[a0003:128996:0:129155] ib_mlx5_log.c:179  RC QP 0x2431 wqe[6]: RDMA_READ s-- [rva 0x7edd58000000 rkey 0x200f00] [va 0x7f4768000000 len 2266496 lkey 0x2097a3] [rqpn 0x256c dlid=83 sl=0 port=1 src_path_bits=0]
==== backtrace (tid: 129155) ====
 0  /opt/hpcx/ompi/lib/openmpi/../../../ucx/lib/libucs.so.0(ucs_handle_error+0x2e4) [0x7faaad985774]
 1  /opt/hpcx/ompi/lib/openmpi/../../../ucx/lib/libucs.so.0(ucs_fatal_error_message+0xc2) [0x7faaad982732]
 2  /opt/hpcx/ompi/lib/openmpi/../../../ucx/lib/libucs.so.0(+0x3956a) [0x7faaad98756a]
 3  /opt/hpcx/ompi/lib/openmpi/../../../ucx/lib/libucs.so.0(ucs_log_dispatch+0xe4) [0x7faaad9878f4]
 4  /opt/hpcx/ompi/lib/openmpi/../../../ucx/lib/ucx/libuct_ib_mlx5.so.0(uct_ib_mlx5_completion_with_err+0x550) [0x7faaac295550]
 5  /opt/hpcx/ompi/lib/openmpi/../../../ucx/lib/ucx/libuct_ib_mlx5.so.0(uct_rc_mlx5_iface_handle_failure+0x134) [0x7faaac2ab5e4]
 6  /opt/hpcx/ompi/lib/openmpi/../../../ucx/lib/ucx/libuct_ib_mlx5.so.0(uct_ib_mlx5_check_completion+0x3d) [0x7faaac29674d]
 7  /opt/hpcx/ompi/lib/openmpi/../../../ucx/lib/ucx/libuct_ib_mlx5.so.0(+0x2bae7) [0x7faaac2acae7]
 8  /opt/hpcx/ompi/lib/openmpi/../../../ucx/lib/libucp.so.0(ucp_worker_progress+0x5a) [0x7faaada190ea]
 9  /opt/hpcx/ompi/lib/./libopen-pal.so.40(opal_progress+0x34) [0x7faaefc623b4]
10  /opt/hpcx/ompi/lib/./libopen-pal.so.40(ompi_sync_wait_mt+0x115) [0x7faaefc68bb5]
11  /opt/hpcx/ompi/lib/libmpi.so.40(ompi_request_default_wait+0x24b) [0x7faaf8b4c03b]
12  /opt/hpcx/ompi/lib/libmpi.so.40(PMPI_Wait+0x1e) [0x7faaf8b78e9e]
13  /workspace/hpl-mxp-linux-x86_64/xhpl_mxp() [0x50e9d3]
14  /workspace/hpl-mxp-linux-x86_64/xhpl_mxp() [0x4dc7d3]
15  /workspace/hpl-mxp-linux-x86_64/xhpl_mxp() [0x4df810]
16  /workspace/hpl-mxp-linux-x86_64/xhpl_mxp() [0x4df793]
17  /workspace/hpl-mxp-linux-x86_64/xhpl_mxp() [0x4df703]
18  /workspace/hpl-mxp-linux-x86_64/xhpl_mxp() [0x4df6bc]
19  /workspace/hpl-mxp-linux-x86_64/xhpl_mxp() [0x4df6a0]
20  /workspace/hpl-mxp-linux-x86_64/xhpl_mxp() [0x5bd493]
21  /lib/x86_64-linux-gnu/libc.so.6(+0x9caa4) [0x7faabf68aaa4]
22  /lib/x86_64-linux-gnu/libc.so.6(+0x129c3c) [0x7faabf717c3c]
=================================
[a0003:128996] *** Process received signal ***
[a0003:128996] Signal: Aborted (6)
[a0003:128996] Signal code:  (-6)
[a0003:128996] [ 0] /lib/x86_64-linux-gnu/libc.so.6(+0x45330)[0x7faabf633330]
[a0003:128996] [ 1] /lib/x86_64-linux-gnu/libc.so.6(pthread_kill+0x11c)[0x7faabf68cb2c]
[a0003:128996] [ 2] /lib/x86_64-linux-gnu/libc.so.6(gsignal+0x1e)[0x7faabf63327e]
[a0003:128996] [ 3] /lib/x86_64-linux-gnu/libc.so.6(abort+0xdf)[0x7faabf6168ff]
[a0003:128996] [ 4] /opt/hpcx/ompi/lib/openmpi/../../../ucx/lib/libucs.so.0(+0x34737)[0x7faaad982737]
[a0003:128996] [ 5] /opt/hpcx/ompi/lib/openmpi/../../../ucx/lib/libucs.so.0(+0x3956a)[0x7faaad98756a]
[a0003:128996] [ 6] /opt/hpcx/ompi/lib/openmpi/../../../ucx/lib/libucs.so.0(ucs_log_dispatch+0xe4)[0x7faaad9878f4]
[a0003:128996] [ 7] /opt/hpcx/ompi/lib/openmpi/../../../ucx/lib/ucx/libuct_ib_mlx5.so.0(uct_ib_mlx5_completion_with_err+0x550)[0x7faaac295550]
[a0003:128996] [ 8] /opt/hpcx/ompi/lib/openmpi/../../../ucx/lib/ucx/libuct_ib_mlx5.so.0(uct_rc_mlx5_iface_handle_failure+0x134)[0x7faaac2ab5e4]
[a0003:128996] [ 9] /opt/hpcx/ompi/lib/openmpi/../../../ucx/lib/ucx/libuct_ib_mlx5.so.0(uct_ib_mlx5_check_completion+0x3d)[0x7faaac29674d]
[a0003:128996] [10] /opt/hpcx/ompi/lib/openmpi/../../../ucx/lib/ucx/libuct_ib_mlx5.so.0(+0x2bae7)[0x7faaac2acae7]
[a0003:128996] [11] /opt/hpcx/ompi/lib/openmpi/../../../ucx/lib/libucp.so.0(ucp_worker_progress+0x5a)[0x7faaada190ea]
[a0003:128996] [12] /opt/hpcx/ompi/lib/./libopen-pal.so.40(opal_progress+0x34)[0x7faaefc623b4]
[a0003:128996] [13] /opt/hpcx/ompi/lib/./libopen-pal.so.40(ompi_sync_wait_mt+0x115)[0x7faaefc68bb5]
[a0003:128996] [14] /opt/hpcx/ompi/lib/libmpi.so.40(ompi_request_default_wait+0x24b)[0x7faaf8b4c03b]
[a0003:128996] [15] /opt/hpcx/ompi/lib/libmpi.so.40(PMPI_Wait+0x1e)[0x7faaf8b78e9e]
[a0003:128996] [16] /workspace/hpl-mxp-linux-x86_64/xhpl_mxp[0x50e9d3]
[a0003:128996] [17] /workspace/hpl-mxp-linux-x86_64/xhpl_mxp[0x4dc7d3]
[a0003:128996] [18] /workspace/hpl-mxp-linux-x86_64/xhpl_mxp[0x4df810]
[a0003:128996] [19] /workspace/hpl-mxp-linux-x86_64/xhpl_mxp[0x4df793]
[a0003:128996] [20] /workspace/hpl-mxp-linux-x86_64/xhpl_mxp[0x4df703]
[a0003:128996] [21] /workspace/hpl-mxp-linux-x86_64/xhpl_mxp[0x4df6bc]
[a0003:128996] [22] /workspace/hpl-mxp-linux-x86_64/xhpl_mxp[0x4df6a0]
[a0003:128996] [23] /workspace/hpl-mxp-linux-x86_64/xhpl_mxp[0x5bd493]
[a0003:128996] [24] /lib/x86_64-linux-gnu/libc.so.6(+0x9caa4)[0x7faabf68aaa4]
[a0003:128996] [25] /lib/x86_64-linux-gnu/libc.so.6(+0x129c3c)[0x7faabf717c3c]
[a0003:128996] *** End of error message ***
[a0003:128860:0:129170] ib_mlx5_log.c:179  Remote operation error on mlx5_3:1/IB (synd 0x14 vend 0x89 hw_synd 0/0)
[a0003:128860:0:129170] ib_mlx5_log.c:179  RC QP 0x2051 wqe[0]: RDMA_READ s-- [rva 0x7f817c200000 rkey 0x202c00] [va 0x7eaa60200000 len 2097152 lkey 0x20595a] [rqpn 0x213f dlid=84 sl=0 port=1 src_path_bits=0]
==== backtrace (tid: 129170) ====
 0  /opt/hpcx/ompi/lib/openmpi/../../../ucx/lib/libucs.so.0(ucs_handle_error+0x2e4) [0x7f0da59c3774]
 1  /opt/hpcx/ompi/lib/openmpi/../../../ucx/lib/libucs.so.0(ucs_fatal_error_message+0xc2) [0x7f0da59c0732]
 2  /opt/hpcx/ompi/lib/openmpi/../../../ucx/lib/libucs.so.0(+0x3956a) [0x7f0da59c556a]
 3  /opt/hpcx/ompi/lib/openmpi/../../../ucx/lib/libucs.so.0(ucs_log_dispatch+0xe4) [0x7f0da59c58f4]
 4  /opt/hpcx/ompi/lib/openmpi/../../../ucx/lib/ucx/libuct_ib_mlx5.so.0(uct_ib_mlx5_completion_with_err+0x550) [0x7f0da42d7550]
 5  /opt/hpcx/ompi/lib/openmpi/../../../ucx/lib/ucx/libuct_ib_mlx5.so.0(uct_rc_mlx5_iface_handle_failure+0x134) [0x7f0da42ed5e4]
 6  /opt/hpcx/ompi/lib/openmpi/../../../ucx/lib/ucx/libuct_ib_mlx5.so.0(uct_ib_mlx5_check_completion+0x3d) [0x7f0da42d874d]
 7  /opt/hpcx/ompi/lib/openmpi/../../../ucx/lib/ucx/libuct_ib_mlx5.so.0(+0x2bae7) [0x7f0da42eeae7]
 8  /opt/hpcx/ompi/lib/openmpi/../../../ucx/lib/libucp.so.0(ucp_worker_progress+0x5a) [0x7f0da5a570ea]
 9  /opt/hpcx/ompi/lib/./libopen-pal.so.40(opal_progress+0x34) [0x7f0de7c623b4]
10  /opt/hpcx/ompi/lib/./libopen-pal.so.40(ompi_sync_wait_mt+0x115) [0x7f0de7c68bb5]
11  /opt/hpcx/ompi/lib/libmpi.so.40(ompi_request_default_wait+0x24b) [0x7f0df0b8e03b]
12  /opt/hpcx/ompi/lib/libmpi.so.40(PMPI_Wait+0x1e) [0x7f0df0bbae9e]
13  /workspace/hpl-mxp-linux-x86_64/xhpl_mxp() [0x50e9d3]
14  /workspace/hpl-mxp-linux-x86_64/xhpl_mxp() [0x4dc7d3]
15  /workspace/hpl-mxp-linux-x86_64/xhpl_mxp() [0x4df810]
16  /workspace/hpl-mxp-linux-x86_64/xhpl_mxp() [0x4df793]
17  /workspace/hpl-mxp-linux-x86_64/xhpl_mxp() [0x4df703]
18  /workspace/hpl-mxp-linux-x86_64/xhpl_mxp() [0x4df6bc]
19  /workspace/hpl-mxp-linux-x86_64/xhpl_mxp() [0x4df6a0]
20  /workspace/hpl-mxp-linux-x86_64/xhpl_mxp() [0x5bd493]
21  /lib/x86_64-linux-gnu/libc.so.6(+0x9caa4) [0x7f0db768aaa4]
22  /lib/x86_64-linux-gnu/libc.so.6(+0x129c3c) [0x7f0db7717c3c]
=================================
[a0003:128860] *** Process received signal ***
[a0003:128860] Signal: Aborted (6)
[a0003:128860] Signal code:  (-6)
[a0003:128860] [ 0] /lib/x86_64-linux-gnu/libc.so.6(+0x45330)[0x7f0db7633330]
[a0003:128860] [ 1] /lib/x86_64-linux-gnu/libc.so.6(pthread_kill+0x11c)[0x7f0db768cb2c]
[a0003:128860] [ 2] /lib/x86_64-linux-gnu/libc.so.6(gsignal+0x1e)[0x7f0db763327e]
[a0003:128860] [ 3] /lib/x86_64-linux-gnu/libc.so.6(abort+0xdf)[0x7f0db76168ff]
[a0003:128860] [ 4] /opt/hpcx/ompi/lib/openmpi/../../../ucx/lib/libucs.so.0(+0x34737)[0x7f0da59c0737]
[a0003:128860] [ 5] /opt/hpcx/ompi/lib/openmpi/../../../ucx/lib/libucs.so.0(+0x3956a)[0x7f0da59c556a]
[a0003:128860] [ 6] /opt/hpcx/ompi/lib/openmpi/../../../ucx/lib/libucs.so.0(ucs_log_dispatch+0xe4)[0x7f0da59c58f4]
[a0003:128860] [ 7] /opt/hpcx/ompi/lib/openmpi/../../../ucx/lib/ucx/libuct_ib_mlx5.so.0(uct_ib_mlx5_completion_with_err+0x550)[0x7f0da42d7550]
[a0003:128860] [ 8] /opt/hpcx/ompi/lib/openmpi/../../../ucx/lib/ucx/libuct_ib_mlx5.so.0(uct_rc_mlx5_iface_handle_failure+0x134)[0x7f0da42ed5e4]
[a0003:128860] [ 9] /opt/hpcx/ompi/lib/openmpi/../../../ucx/lib/ucx/libuct_ib_mlx5.so.0(uct_ib_mlx5_check_completion+0x3d)[0x7f0da42d874d]
[a0003:128860] [10] /opt/hpcx/ompi/lib/openmpi/../../../ucx/lib/ucx/libuct_ib_mlx5.so.0(+0x2bae7)[0x7f0da42eeae7]
[a0003:128860] [11] /opt/hpcx/ompi/lib/openmpi/../../../ucx/lib/libucp.so.0(ucp_worker_progress+0x5a)[0x7f0da5a570ea]
[a0003:128860] [12] /opt/hpcx/ompi/lib/./libopen-pal.so.40(opal_progress+0x34)[0x7f0de7c623b4]
[a0003:128860] [13] /opt/hpcx/ompi/lib/./libopen-pal.so.40(ompi_sync_wait_mt+0x115)[0x7f0de7c68bb5]
[a0003:128860] [14] /opt/hpcx/ompi/lib/libmpi.so.40(ompi_request_default_wait+0x24b)[0x7f0df0b8e03b]
[a0003:128860] [15] /opt/hpcx/ompi/lib/libmpi.so.40(PMPI_Wait+0x1e)[0x7f0df0bbae9e]
[a0003:128860] [16] /workspace/hpl-mxp-linux-x86_64/xhpl_mxp[0x50e9d3]
[a0003:128860] [17] /workspace/hpl-mxp-linux-x86_64/xhpl_mxp[0x4dc7d3]
[a0003:128860] [18] /workspace/hpl-mxp-linux-x86_64/xhpl_mxp[0x4df810]
[a0003:128860] [19] /workspace/hpl-mxp-linux-x86_64/xhpl_mxp[0x4df793]
[a0003:128860] [20] /workspace/hpl-mxp-linux-x86_64/xhpl_mxp[0x4df703]
[a0003:128860] [21] /workspace/hpl-mxp-linux-x86_64/xhpl_mxp[0x4df6bc]
[a0003:128860] [22] /workspace/hpl-mxp-linux-x86_64/xhpl_mxp[0x4df6a0]
[a0003:128860] [23] /workspace/hpl-mxp-linux-x86_64/xhpl_mxp[0x5bd493]
[a0003:128860] [24] /lib/x86_64-linux-gnu/libc.so.6(+0x9caa4)[0x7f0db768aaa4]
[a0003:128860] [25] /lib/x86_64-linux-gnu/libc.so.6(+0x129c3c)[0x7f0db7717c3c]
[a0003:128860] *** End of error message ***
[a0003:128994:0:129150] ib_mlx5_log.c:179  Remote operation error on mlx5_0:1/IB (synd 0x14 vend 0x89 hw_synd 0/0)
[a0003:128994:0:129150] ib_mlx5_log.c:179  RC QP 0x242a wqe[7]: RDMA_READ s-- [rva 0x7f593c000000 rkey 0x202f00] [va 0x7f5794000000 len 1927872 lkey 0x209ba6] [rqpn 0x2575 dlid=83 sl=0 port=1 src_path_bits=0]
==== backtrace (tid: 129150) ====
 0  /opt/hpcx/ompi/lib/openmpi/../../../ucx/lib/libucs.so.0(ucs_handle_error+0x2e4) [0x7fbadaeb1774]
 1  /opt/hpcx/ompi/lib/openmpi/../../../ucx/lib/libucs.so.0(ucs_fatal_error_message+0xc2) [0x7fbadaeae732]
 2  /opt/hpcx/ompi/lib/openmpi/../../../ucx/lib/libucs.so.0(+0x3956a) [0x7fbadaeb356a]
 3  /opt/hpcx/ompi/lib/openmpi/../../../ucx/lib/libucs.so.0(ucs_log_dispatch+0xe4) [0x7fbadaeb38f4]
 4  /opt/hpcx/ompi/lib/openmpi/../../../ucx/lib/ucx/libuct_ib_mlx5.so.0(uct_ib_mlx5_completion_with_err+0x550) [0x7fbad85a2550]
 5  /opt/hpcx/ompi/lib/openmpi/../../../ucx/lib/ucx/libuct_ib_mlx5.so.0(uct_rc_mlx5_iface_handle_failure+0x134) [0x7fbad85b85e4]
 6  /opt/hpcx/ompi/lib/openmpi/../../../ucx/lib/ucx/libuct_ib_mlx5.so.0(uct_ib_mlx5_check_completion+0x3d) [0x7fbad85a374d]
 7  /opt/hpcx/ompi/lib/openmpi/../../../ucx/lib/ucx/libuct_ib_mlx5.so.0(+0x2bae7) [0x7fbad85b9ae7]
 8  /opt/hpcx/ompi/lib/openmpi/../../../ucx/lib/libucp.so.0(ucp_worker_progress+0x5a) [0x7fbadaf450ea]
 9  /opt/hpcx/ompi/lib/./libopen-pal.so.40(opal_progress+0x34) [0x7fbb19b203b4]
10  /opt/hpcx/ompi/lib/./libopen-pal.so.40(ompi_sync_wait_mt+0x115) [0x7fbb19b26bb5]
11  /opt/hpcx/ompi/lib/libmpi.so.40(ompi_request_default_wait+0x24b) [0x7fbb25d3203b]
12  /opt/hpcx/ompi/lib/libmpi.so.40(PMPI_Wait+0x1e) [0x7fbb25d5ee9e]
13  /workspace/hpl-mxp-linux-x86_64/xhpl_mxp() [0x50e9d3]
14  /workspace/hpl-mxp-linux-x86_64/xhpl_mxp() [0x4dc7d3]
15  /workspace/hpl-mxp-linux-x86_64/xhpl_mxp() [0x4df810]
16  /workspace/hpl-mxp-linux-x86_64/xhpl_mxp() [0x4df793]
17  /workspace/hpl-mxp-linux-x86_64/xhpl_mxp() [0x4df703]
18  /workspace/hpl-mxp-linux-x86_64/xhpl_mxp() [0x4df6bc]
19  /workspace/hpl-mxp-linux-x86_64/xhpl_mxp() [0x4df6a0]
20  /workspace/hpl-mxp-linux-x86_64/xhpl_mxp() [0x5bd493]
21  /lib/x86_64-linux-gnu/libc.so.6(+0x9caa4) [0x7fbaecc8aaa4]
22  /lib/x86_64-linux-gnu/libc.so.6(+0x129c3c) [0x7fbaecd17c3c]
=================================
[a0003:128994] *** Process received signal ***
[a0003:128994] Signal: Aborted (6)
[a0003:128994] Signal code:  (-6)
[a0003:128994] [ 0] /lib/x86_64-linux-gnu/libc.so.6(+0x45330)[0x7fbaecc33330]
[a0003:128994] [ 1] /lib/x86_64-linux-gnu/libc.so.6(pthread_kill+0x11c)[0x7fbaecc8cb2c]
[a0003:128994] [ 2] /lib/x86_64-linux-gnu/libc.so.6(gsignal+0x1e)[0x7fbaecc3327e]
[a0003:128994] [ 3] /lib/x86_64-linux-gnu/libc.so.6(abort+0xdf)[0x7fbaecc168ff]
[a0003:128994] [ 4] /opt/hpcx/ompi/lib/openmpi/../../../ucx/lib/libucs.so.0(+0x34737)[0x7fbadaeae737]
[a0003:128994] [ 5] /opt/hpcx/ompi/lib/openmpi/../../../ucx/lib/libucs.so.0(+0x3956a)[0x7fbadaeb356a]
[a0003:128994] [ 6] /opt/hpcx/ompi/lib/openmpi/../../../ucx/lib/libucs.so.0(ucs_log_dispatch+0xe4)[0x7fbadaeb38f4]
[a0003:128994] [ 7] /opt/hpcx/ompi/lib/openmpi/../../../ucx/lib/ucx/libuct_ib_mlx5.so.0(uct_ib_mlx5_completion_with_err+0x550)[0x7fbad85a2550]
[a0003:128994] [ 8] /opt/hpcx/ompi/lib/openmpi/../../../ucx/lib/ucx/libuct_ib_mlx5.so.0(uct_rc_mlx5_iface_handle_failure+0x134)[0x7fbad85b85e4]
[a0003:128994] [ 9] /opt/hpcx/ompi/lib/openmpi/../../../ucx/lib/ucx/libuct_ib_mlx5.so.0(uct_ib_mlx5_check_completion+0x3d)[0x7fbad85a374d]
[a0003:128994] [10] /opt/hpcx/ompi/lib/openmpi/../../../ucx/lib/ucx/libuct_ib_mlx5.so.0(+0x2bae7)[0x7fbad85b9ae7]
[a0003:128994] [11] /opt/hpcx/ompi/lib/openmpi/../../../ucx/lib/libucp.so.0(ucp_worker_progress+0x5a)[0x7fbadaf450ea]
[a0003:128994] [12] /opt/hpcx/ompi/lib/./libopen-pal.so.40(opal_progress+0x34)[0x7fbb19b203b4]
[a0003:128994] [13] /opt/hpcx/ompi/lib/./libopen-pal.so.40(ompi_sync_wait_mt+0x115)[0x7fbb19b26bb5]
[a0003:128994] [14] /opt/hpcx/ompi/lib/libmpi.so.40(ompi_request_default_wait+0x24b)[0x7fbb25d3203b]
[a0003:128994] [15] /opt/hpcx/ompi/lib/libmpi.so.40(PMPI_Wait+0x1e)[0x7fbb25d5ee9e]
[a0003:128994] [16] /workspace/hpl-mxp-linux-x86_64/xhpl_mxp[0x50e9d3]
[a0003:128994] [17] /workspace/hpl-mxp-linux-x86_64/xhpl_mxp[0x4dc7d3]
[a0003:128994] [18] /workspace/hpl-mxp-linux-x86_64/xhpl_mxp[0x4df810]
[a0003:128994] [19] /workspace/hpl-mxp-linux-x86_64/xhpl_mxp[0x4df793]
[a0003:128994] [20] /workspace/hpl-mxp-linux-x86_64/xhpl_mxp[0x4df703]
[a0003:128994] [21] /workspace/hpl-mxp-linux-x86_64/xhpl_mxp[0x4df6bc]
[a0003:128994] [22] /workspace/hpl-mxp-linux-x86_64/xhpl_mxp[0x4df6a0]
[a0003:128994] [23] /workspace/hpl-mxp-linux-x86_64/xhpl_mxp[0x5bd493]
[a0003:128994] [24] /lib/x86_64-linux-gnu/libc.so.6(+0x9caa4)[0x7fbaecc8aaa4]
[a0003:128994] [25] /lib/x86_64-linux-gnu/libc.so.6(+0x129c3c)[0x7fbaecd17c3c]
[a0003:128994] *** End of error message ***
[a0003:128963:0:129162] ib_mlx5_log.c:179  Remote operation error on mlx5_0:1/IB (synd 0x14 vend 0x89 hw_synd 0/0)
[a0003:128963:0:129162] ib_mlx5_log.c:179  RC QP 0x2432 wqe[7]: RDMA_READ s-- [rva 0x7ef584000000 rkey 0x201100] [va 0x7f8ed4000000 len 2097152 lkey 0x209aa5] [rqpn 0x257a dlid=83 sl=0 port=1 src_path_bits=0]
==== backtrace (tid: 129162) ====
 0  /opt/hpcx/ompi/lib/openmpi/../../../ucx/lib/libucs.so.0(ucs_handle_error+0x2e4) [0x7ff0ba1b3774]
 1  /opt/hpcx/ompi/lib/openmpi/../../../ucx/lib/libucs.so.0(ucs_fatal_error_message+0xc2) [0x7ff0ba1b0732]
 2  /opt/hpcx/ompi/lib/openmpi/../../../ucx/lib/libucs.so.0(+0x3956a) [0x7ff0ba1b556a]
 3  /opt/hpcx/ompi/lib/openmpi/../../../ucx/lib/libucs.so.0(ucs_log_dispatch+0xe4) [0x7ff0ba1b58f4]
 4  /opt/hpcx/ompi/lib/openmpi/../../../ucx/lib/ucx/libuct_ib_mlx5.so.0(uct_ib_mlx5_completion_with_err+0x550) [0x7ff0b8ac5550]
 5  /opt/hpcx/ompi/lib/openmpi/../../../ucx/lib/ucx/libuct_ib_mlx5.so.0(uct_rc_mlx5_iface_handle_failure+0x134) [0x7ff0b8adb5e4]
 6  /opt/hpcx/ompi/lib/openmpi/../../../ucx/lib/ucx/libuct_ib_mlx5.so.0(uct_ib_mlx5_check_completion+0x3d) [0x7ff0b8ac674d]
 7  /opt/hpcx/ompi/lib/openmpi/../../../ucx/lib/ucx/libuct_ib_mlx5.so.0(+0x2bae7) [0x7ff0b8adcae7]
 8  /opt/hpcx/ompi/lib/openmpi/../../../ucx/lib/libucp.so.0(ucp_worker_progress+0x5a) [0x7ff0ba2470ea]
 9  /opt/hpcx/ompi/lib/./libopen-pal.so.40(opal_progress+0x34) [0x7ff0fc4623b4]
10  /opt/hpcx/ompi/lib/./libopen-pal.so.40(ompi_sync_wait_mt+0x115) [0x7ff0fc468bb5]
11  /opt/hpcx/ompi/lib/libmpi.so.40(ompi_request_default_wait+0x24b) [0x7ff10538003b]
12  /opt/hpcx/ompi/lib/libmpi.so.40(PMPI_Wait+0x1e) [0x7ff1053ace9e]
13  /workspace/hpl-mxp-linux-x86_64/xhpl_mxp() [0x50e9d3]
14  /workspace/hpl-mxp-linux-x86_64/xhpl_mxp() [0x4dc7d3]
15  /workspace/hpl-mxp-linux-x86_64/xhpl_mxp() [0x4df810]
16  /workspace/hpl-mxp-linux-x86_64/xhpl_mxp() [0x4df793]
17  /workspace/hpl-mxp-linux-x86_64/xhpl_mxp() [0x4df703]
18  /workspace/hpl-mxp-linux-x86_64/xhpl_mxp() [0x4df6bc]
19  /workspace/hpl-mxp-linux-x86_64/xhpl_mxp() [0x4df6a0]
20  /workspace/hpl-mxp-linux-x86_64/xhpl_mxp() [0x5bd493]
21  /lib/x86_64-linux-gnu/libc.so.6(+0x9caa4) [0x7ff0cbe8aaa4]
22  /lib/x86_64-linux-gnu/libc.so.6(+0x129c3c) [0x7ff0cbf17c3c]
=================================
[a0003:128963] *** Process received signal ***
[a0003:128963] Signal: Aborted (6)
[a0003:128963] Signal code:  (-6)
[a0003:128963] [ 0] /lib/x86_64-linux-gnu/libc.so.6(+0x45330)[0x7ff0cbe33330]
[a0003:128963] [ 1] /lib/x86_64-linux-gnu/libc.so.6(pthread_kill+0x11c)[0x7ff0cbe8cb2c]
[a0003:128963] [ 2] /lib/x86_64-linux-gnu/libc.so.6(gsignal+0x1e)[0x7ff0cbe3327e]
[a0003:128963] [ 3] /lib/x86_64-linux-gnu/libc.so.6(abort+0xdf)[0x7ff0cbe168ff]
[a0003:128963] [ 4] /opt/hpcx/ompi/lib/openmpi/../../../ucx/lib/libucs.so.0(+0x34737)[0x7ff0ba1b0737]
[a0003:128963] [ 5] /opt/hpcx/ompi/lib/openmpi/../../../ucx/lib/libucs.so.0(+0x3956a)[0x7ff0ba1b556a]
[a0003:128963] [ 6] /opt/hpcx/ompi/lib/openmpi/../../../ucx/lib/libucs.so.0(ucs_log_dispatch+0xe4)[0x7ff0ba1b58f4]
[a0003:128963] [ 7] /opt/hpcx/ompi/lib/openmpi/../../../ucx/lib/ucx/libuct_ib_mlx5.so.0(uct_ib_mlx5_completion_with_err+0x550)[0x7ff0b8ac5550]
[a0003:128963] [ 8] /opt/hpcx/ompi/lib/openmpi/../../../ucx/lib/ucx/libuct_ib_mlx5.so.0(uct_rc_mlx5_iface_handle_failure+0x134)[0x7ff0b8adb5e4]
[a0003:128963] [ 9] /opt/hpcx/ompi/lib/openmpi/../../../ucx/lib/ucx/libuct_ib_mlx5.so.0(uct_ib_mlx5_check_completion+0x3d)[0x7ff0b8ac674d]
[a0003:128963] [10] /opt/hpcx/ompi/lib/openmpi/../../../ucx/lib/ucx/libuct_ib_mlx5.so.0(+0x2bae7)[0x7ff0b8adcae7]
[a0003:128963] [11] /opt/hpcx/ompi/lib/openmpi/../../../ucx/lib/libucp.so.0(ucp_worker_progress+0x5a)[0x7ff0ba2470ea]
[a0003:128963] [12] /opt/hpcx/ompi/lib/./libopen-pal.so.40(opal_progress+0x34)[0x7ff0fc4623b4]
[a0003:128963] [13] /opt/hpcx/ompi/lib/./libopen-pal.so.40(ompi_sync_wait_mt+0x115)[0x7ff0fc468bb5]
[a0003:128963] [14] /opt/hpcx/ompi/lib/libmpi.so.40(ompi_request_default_wait+0x24b)[0x7ff10538003b]
[a0003:128963] [15] /opt/hpcx/ompi/lib/libmpi.so.40(PMPI_Wait+0x1e)[0x7ff1053ace9e]
[a0003:128963] [16] /workspace/hpl-mxp-linux-x86_64/xhpl_mxp[0x50e9d3]
[a0003:128963] [17] /workspace/hpl-mxp-linux-x86_64/xhpl_mxp[0x4dc7d3]
[a0003:128963] [18] /workspace/hpl-mxp-linux-x86_64/xhpl_mxp[0x4df810]
[a0003:128963] [19] /workspace/hpl-mxp-linux-x86_64/xhpl_mxp[0x4df793]
[a0003:128963] [20] /workspace/hpl-mxp-linux-x86_64/xhpl_mxp[0x4df703]
[a0003:128963] [21] /workspace/hpl-mxp-linux-x86_64/xhpl_mxp[0x4df6bc]
[a0003:128963] [22] /workspace/hpl-mxp-linux-x86_64/xhpl_mxp[0x4df6a0]
[a0003:128963] [23] /workspace/hpl-mxp-linux-x86_64/xhpl_mxp[0x5bd493]
[a0003:128963] [24] /lib/x86_64-linux-gnu/libc.so.6(+0x9caa4)[0x7ff0cbe8aaa4]
[a0003:128963] [25] /lib/x86_64-linux-gnu/libc.so.6(+0x129c3c)[0x7ff0cbf17c3c]
[a0003:128963] *** End of error message ***
[a0003:128859:0:129144] ib_mlx5_log.c:179  Remote operation error on mlx5_0:1/IB (synd 0x14 vend 0x89 hw_synd 0/0)
[a0003:128859:0:129144] ib_mlx5_log.c:179  RC QP 0x242c wqe[6]: RDMA_READ s-- [rva 0x7f41b8000000 rkey 0x201a00] [va 0x7f53b8000000 len 2097152 lkey 0x209ca7] [rqpn 0x2570 dlid=83 sl=0 port=1 src_path_bits=0]
==== backtrace (tid: 129144) ====
 0  /opt/hpcx/ompi/lib/openmpi/../../../ucx/lib/libucs.so.0(ucs_handle_error+0x2e4) [0x7fb6fe8b1774]
 1  /opt/hpcx/ompi/lib/openmpi/../../../ucx/lib/libucs.so.0(ucs_fatal_error_message+0xc2) [0x7fb6fe8ae732]
 2  /opt/hpcx/ompi/lib/openmpi/../../../ucx/lib/libucs.so.0(+0x3956a) [0x7fb6fe8b356a]
 3  /opt/hpcx/ompi/lib/openmpi/../../../ucx/lib/libucs.so.0(ucs_log_dispatch+0xe4) [0x7fb6fe8b38f4]
 4  /opt/hpcx/ompi/lib/openmpi/../../../ucx/lib/ucx/libuct_ib_mlx5.so.0(uct_ib_mlx5_completion_with_err+0x550) [0x7fb6fc02c550]
 5  /opt/hpcx/ompi/lib/openmpi/../../../ucx/lib/ucx/libuct_ib_mlx5.so.0(uct_rc_mlx5_iface_handle_failure+0x134) [0x7fb6fc0425e4]
 6  /opt/hpcx/ompi/lib/openmpi/../../../ucx/lib/ucx/libuct_ib_mlx5.so.0(uct_ib_mlx5_check_completion+0x3d) [0x7fb6fc02d74d]
 7  /opt/hpcx/ompi/lib/openmpi/../../../ucx/lib/ucx/libuct_ib_mlx5.so.0(+0x2bae7) [0x7fb6fc043ae7]
 8  /opt/hpcx/ompi/lib/openmpi/../../../ucx/lib/libucp.so.0(ucp_worker_progress+0x5a) [0x7fb6fe9450ea]
 9  /opt/hpcx/ompi/lib/./libopen-pal.so.40(opal_progress+0x34) [0x7fb73d5203b4]
10  /opt/hpcx/ompi/lib/./libopen-pal.so.40(ompi_sync_wait_mt+0x115) [0x7fb73d526bb5]
11  /opt/hpcx/ompi/lib/libmpi.so.40(ompi_request_default_wait+0x24b) [0x7fb74973203b]
12  /opt/hpcx/ompi/lib/libmpi.so.40(PMPI_Wait+0x1e) [0x7fb74975ee9e]
13  /workspace/hpl-mxp-linux-x86_64/xhpl_mxp() [0x50e9d3]
14  /workspace/hpl-mxp-linux-x86_64/xhpl_mxp() [0x4dc7d3]
15  /workspace/hpl-mxp-linux-x86_64/xhpl_mxp() [0x4df810]
16  /workspace/hpl-mxp-linux-x86_64/xhpl_mxp() [0x4df793]
17  /workspace/hpl-mxp-linux-x86_64/xhpl_mxp() [0x4df703]
18  /workspace/hpl-mxp-linux-x86_64/xhpl_mxp() [0x4df6bc]
19  /workspace/hpl-mxp-linux-x86_64/xhpl_mxp() [0x4df6a0]
20  /workspace/hpl-mxp-linux-x86_64/xhpl_mxp() [0x5bd493]
21  /lib/x86_64-linux-gnu/libc.so.6(+0x9caa4) [0x7fb71068aaa4]
22  /lib/x86_64-linux-gnu/libc.so.6(+0x129c3c) [0x7fb710717c3c]
=================================
[a0003:128859] *** Process received signal ***
[a0003:128859] Signal: Aborted (6)
[a0003:128859] Signal code:  (-6)
[a0003:128859] [ 0] /lib/x86_64-linux-gnu/libc.so.6(+0x45330)[0x7fb710633330]
[a0003:128859] [ 1] /lib/x86_64-linux-gnu/libc.so.6(pthread_kill+0x11c)[0x7fb71068cb2c]
[a0003:128859] [ 2] /lib/x86_64-linux-gnu/libc.so.6(gsignal+0x1e)[0x7fb71063327e]
[a0003:128859] [ 3] /lib/x86_64-linux-gnu/libc.so.6(abort+0xdf)[0x7fb7106168ff]
[a0003:128859] [ 4] /opt/hpcx/ompi/lib/openmpi/../../../ucx/lib/libucs.so.0(+0x34737)[0x7fb6fe8ae737]
[a0003:128859] [ 5] /opt/hpcx/ompi/lib/openmpi/../../../ucx/lib/libucs.so.0(+0x3956a)[0x7fb6fe8b356a]
[a0003:128859] [ 6] /opt/hpcx/ompi/lib/openmpi/../../../ucx/lib/libucs.so.0(ucs_log_dispatch+0xe4)[0x7fb6fe8b38f4]
[a0003:128859] [ 7] /opt/hpcx/ompi/lib/openmpi/../../../ucx/lib/ucx/libuct_ib_mlx5.so.0(uct_ib_mlx5_completion_with_err+0x550)[0x7fb6fc02c550]
[a0003:128859] [ 8] /opt/hpcx/ompi/lib/openmpi/../../../ucx/lib/ucx/libuct_ib_mlx5.so.0(uct_rc_mlx5_iface_handle_failure+0x134)[0x7fb6fc0425e4]
[a0003:128859] [ 9] /opt/hpcx/ompi/lib/openmpi/../../../ucx/lib/ucx/libuct_ib_mlx5.so.0(uct_ib_mlx5_check_completion+0x3d)[0x7fb6fc02d74d]
[a0003:128859] [10] /opt/hpcx/ompi/lib/openmpi/../../../ucx/lib/ucx/libuct_ib_mlx5.so.0(+0x2bae7)[0x7fb6fc043ae7]
[a0003:128859] [11] /opt/hpcx/ompi/lib/openmpi/../../../ucx/lib/libucp.so.0(ucp_worker_progress+0x5a)[0x7fb6fe9450ea]
[a0003:128859] [12] /opt/hpcx/ompi/lib/./libopen-pal.so.40(opal_progress+0x34)[0x7fb73d5203b4]
[a0003:128859] [13] /opt/hpcx/ompi/lib/./libopen-pal.so.40(ompi_sync_wait_mt+0x115)[0x7fb73d526bb5]
[a0003:128859] [14] /opt/hpcx/ompi/lib/libmpi.so.40(ompi_request_default_wait+0x24b)[0x7fb74973203b]
[a0003:128859] [15] /opt/hpcx/ompi/lib/libmpi.so.40(PMPI_Wait+0x1e)[0x7fb74975ee9e]
[a0003:128859] [16] /workspace/hpl-mxp-linux-x86_64/xhpl_mxp[0x50e9d3]
[a0003:128859] [17] /workspace/hpl-mxp-linux-x86_64/xhpl_mxp[0x4dc7d3]
[a0003:128859] [18] /workspace/hpl-mxp-linux-x86_64/xhpl_mxp[0x4df810]
[a0003:128859] [19] /workspace/hpl-mxp-linux-x86_64/xhpl_mxp[0x4df793]
[a0003:128859] [20] /workspace/hpl-mxp-linux-x86_64/xhpl_mxp[0x4df703]
[a0003:128859] [21] /workspace/hpl-mxp-linux-x86_64/xhpl_mxp[0x4df6bc]
[a0003:128859] [22] /workspace/hpl-mxp-linux-x86_64/xhpl_mxp[0x4df6a0]
[a0003:128859] [23] /workspace/hpl-mxp-linux-x86_64/xhpl_mxp[0x5bd493]
[a0003:128859] [24] /lib/x86_64-linux-gnu/libc.so.6(+0x9caa4)[0x7fb71068aaa4]
[a0003:128859] [25] /lib/x86_64-linux-gnu/libc.so.6(+0x129c3c)[0x7fb710717c3c]
[a0003:128859] *** End of error message ***
[a0003:128995:0:129166] ib_mlx5_log.c:179  Remote operation error on mlx5_0:1/IB (synd 0x14 vend 0x89 hw_synd 0/0)
[a0003:128995:0:129166] ib_mlx5_log.c:179  RC QP 0x2426 wqe[7]: RDMA_READ s-- [rva 0x7ef682000000 rkey 0x203c00] [va 0x7f657a000000 len 2097152 lkey 0x209da8] [rqpn 0x2577 dlid=83 sl=0 port=1 src_path_bits=0]
==== backtrace (tid: 129166) ====
 0  /opt/hpcx/ompi/lib/openmpi/../../../ucx/lib/libucs.so.0(ucs_handle_error+0x2e4) [0x7fc5ff7c1774]
 1  /opt/hpcx/ompi/lib/openmpi/../../../ucx/lib/libucs.so.0(ucs_fatal_error_message+0xc2) [0x7fc5ff7be732]
 2  /opt/hpcx/ompi/lib/openmpi/../../../ucx/lib/libucs.so.0(+0x3956a) [0x7fc5ff7c356a]
 3  /opt/hpcx/ompi/lib/openmpi/../../../ucx/lib/libucs.so.0(ucs_log_dispatch+0xe4) [0x7fc5ff7c38f4]
 4  /opt/hpcx/ompi/lib/openmpi/../../../ucx/lib/ucx/libuct_ib_mlx5.so.0(uct_ib_mlx5_completion_with_err+0x550) [0x7fc5fcec9550]
 5  /opt/hpcx/ompi/lib/openmpi/../../../ucx/lib/ucx/libuct_ib_mlx5.so.0(uct_rc_mlx5_iface_handle_failure+0x134) [0x7fc5fcedf5e4]
 6  /opt/hpcx/ompi/lib/openmpi/../../../ucx/lib/ucx/libuct_ib_mlx5.so.0(uct_ib_mlx5_check_completion+0x3d) [0x7fc5fceca74d]
 7  /opt/hpcx/ompi/lib/openmpi/../../../ucx/lib/ucx/libuct_ib_mlx5.so.0(+0x2bae7) [0x7fc5fcee0ae7]
 8  /opt/hpcx/ompi/lib/openmpi/../../../ucx/lib/libucp.so.0(ucp_worker_progress+0x5a) [0x7fc60406e0ea]
 9  /opt/hpcx/ompi/lib/./libopen-pal.so.40(opal_progress+0x34) [0x7fc645a623b4]
10  /opt/hpcx/ompi/lib/./libopen-pal.so.40(ompi_sync_wait_mt+0x115) [0x7fc645a68bb5]
11  /opt/hpcx/ompi/lib/libmpi.so.40(ompi_request_default_wait+0x24b) [0x7fc64e9a103b]
12  /opt/hpcx/ompi/lib/libmpi.so.40(PMPI_Wait+0x1e) [0x7fc64e9cde9e]
13  /workspace/hpl-mxp-linux-x86_64/xhpl_mxp() [0x50e9d3]
14  /workspace/hpl-mxp-linux-x86_64/xhpl_mxp() [0x4dc7d3]
15  /workspace/hpl-mxp-linux-x86_64/xhpl_mxp() [0x4df810]
16  /workspace/hpl-mxp-linux-x86_64/xhpl_mxp() [0x4df793]
17  /workspace/hpl-mxp-linux-x86_64/xhpl_mxp() [0x4df703]
18  /workspace/hpl-mxp-linux-x86_64/xhpl_mxp() [0x4df6bc]
19  /workspace/hpl-mxp-linux-x86_64/xhpl_mxp() [0x4df6a0]
20  /workspace/hpl-mxp-linux-x86_64/xhpl_mxp() [0x5bd493]
21  /lib/x86_64-linux-gnu/libc.so.6(+0x9caa4) [0x7fc61548aaa4]
22  /lib/x86_64-linux-gnu/libc.so.6(+0x129c3c) [0x7fc615517c3c]
=================================
[a0003:128995] *** Process received signal ***
[a0003:128995] Signal: Aborted (6)
[a0003:128995] Signal code:  (-6)
[a0003:128995] [ 0] /lib/x86_64-linux-gnu/libc.so.6(+0x45330)[0x7fc615433330]
[a0003:128995] [ 1] /lib/x86_64-linux-gnu/libc.so.6(pthread_kill+0x11c)[0x7fc61548cb2c]
[a0003:128995] [ 2] /lib/x86_64-linux-gnu/libc.so.6(gsignal+0x1e)[0x7fc61543327e]
[a0003:128995] [ 3] /lib/x86_64-linux-gnu/libc.so.6(abort+0xdf)[0x7fc6154168ff]
[a0003:128995] [ 4] /opt/hpcx/ompi/lib/openmpi/../../../ucx/lib/libucs.so.0(+0x34737)[0x7fc5ff7be737]
[a0003:128995] [ 5] /opt/hpcx/ompi/lib/openmpi/../../../ucx/lib/libucs.so.0(+0x3956a)[0x7fc5ff7c356a]
[a0003:128995] [ 6] /opt/hpcx/ompi/lib/openmpi/../../../ucx/lib/libucs.so.0(ucs_log_dispatch+0xe4)[0x7fc5ff7c38f4]
[a0003:128995] [ 7] /opt/hpcx/ompi/lib/openmpi/../../../ucx/lib/ucx/libuct_ib_mlx5.so.0(uct_ib_mlx5_completion_with_err+0x550)[0x7fc5fcec9550]
[a0003:128995] [ 8] /opt/hpcx/ompi/lib/openmpi/../../../ucx/lib/ucx/libuct_ib_mlx5.so.0(uct_rc_mlx5_iface_handle_failure+0x134)[0x7fc5fcedf5e4]
[a0003:128995] [ 9] /opt/hpcx/ompi/lib/openmpi/../../../ucx/lib/ucx/libuct_ib_mlx5.so.0(uct_ib_mlx5_check_completion+0x3d)[0x7fc5fceca74d]
[a0003:128995] [10] /opt/hpcx/ompi/lib/openmpi/../../../ucx/lib/ucx/libuct_ib_mlx5.so.0(+0x2bae7)[0x7fc5fcee0ae7]
[a0003:128995] [11] /opt/hpcx/ompi/lib/openmpi/../../../ucx/lib/libucp.so.0(ucp_worker_progress+0x5a)[0x7fc60406e0ea]
[a0003:128995] [12] /opt/hpcx/ompi/lib/./libopen-pal.so.40(opal_progress+0x34)[0x7fc645a623b4]
[a0003:128995] [13] /opt/hpcx/ompi/lib/./libopen-pal.so.40(ompi_sync_wait_mt+0x115)[0x7fc645a68bb5]
[a0003:128995] [14] /opt/hpcx/ompi/lib/libmpi.so.40(ompi_request_default_wait+0x24b)[0x7fc64e9a103b]
[a0003:128995] [15] /opt/hpcx/ompi/lib/libmpi.so.40(PMPI_Wait+0x1e)[0x7fc64e9cde9e]
[a0003:128995] [16] /workspace/hpl-mxp-linux-x86_64/xhpl_mxp[0x50e9d3]
[a0003:128995] [17] /workspace/hpl-mxp-linux-x86_64/xhpl_mxp[0x4dc7d3]
[a0003:128995] [18] /workspace/hpl-mxp-linux-x86_64/xhpl_mxp[0x4df810]
[a0003:128995] [19] /workspace/hpl-mxp-linux-x86_64/xhpl_mxp[0x4df793]
[a0003:128995] [20] /workspace/hpl-mxp-linux-x86_64/xhpl_mxp[0x4df703]
[a0003:128995] [21] /workspace/hpl-mxp-linux-x86_64/xhpl_mxp[0x4df6bc]
[a0003:128995] [22] /workspace/hpl-mxp-linux-x86_64/xhpl_mxp[0x4df6a0]
[a0003:128995] [23] /workspace/hpl-mxp-linux-x86_64/xhpl_mxp[0x5bd493]
[a0003:128995] [24] /lib/x86_64-linux-gnu/libc.so.6(+0x9caa4)[0x7fc61548aaa4]
[a0003:128995] [25] /lib/x86_64-linux-gnu/libc.so.6(+0x129c3c)[0x7fc615517c3c]
[a0003:128995] *** End of error message ***
[a0003:128977:0:129158] ib_mlx5_log.c:179  Remote operation error on mlx5_0:1/IB (synd 0x14 vend 0x89 hw_synd 0/0)
[a0003:128977:0:129158] ib_mlx5_log.c:179  RC QP 0x2428 wqe[7]: RDMA_READ s-- [rva 0x7ee12c000000 rkey 0x203500] [va 0x7f7df4000000 len 2097152 lkey 0x209fa9] [rqpn 0x256d dlid=83 sl=0 port=1 src_path_bits=0]
[a0003:128997:0:129146] ib_mlx5_log.c:179  Remote operation error on mlx5_0:1/IB (synd 0x14 vend 0x89 hw_synd 0/0)
[a0003:128997:0:129146] ib_mlx5_log.c:179  RC QP 0x242d wqe[6]: RDMA_READ s-- [rva 0x7edeec000000 rkey 0x203700] [va 0x7f8e10000000 len 2097152 lkey 0x20abaa] [rqpn 0x256e dlid=83 sl=0 port=1 src_path_bits=0]
==== backtrace (tid: 129158) ====
 0  /opt/hpcx/ompi/lib/openmpi/../../../ucx/lib/libucs.so.0(ucs_handle_error+0x2e4) [0x7fe13fbc1774]
 1  /opt/hpcx/ompi/lib/openmpi/../../../ucx/lib/libucs.so.0(ucs_fatal_error_message+0xc2) [0x7fe13fbbe732]
 2  /opt/hpcx/ompi/lib/openmpi/../../../ucx/lib/libucs.so.0(+0x3956a) [0x7fe13fbc356a]
 3  /opt/hpcx/ompi/lib/openmpi/../../../ucx/lib/libucs.so.0(ucs_log_dispatch+0xe4) [0x7fe13fbc38f4]
 4  /opt/hpcx/ompi/lib/openmpi/../../../ucx/lib/ucx/libuct_ib_mlx5.so.0(uct_ib_mlx5_completion_with_err+0x550) [0x7fe13d2f3550]
 5  /opt/hpcx/ompi/lib/openmpi/../../../ucx/lib/ucx/libuct_ib_mlx5.so.0(uct_rc_mlx5_iface_handle_failure+0x134) [0x7fe13d3095e4]
 6  /opt/hpcx/ompi/lib/openmpi/../../../ucx/lib/ucx/libuct_ib_mlx5.so.0(uct_ib_mlx5_check_completion+0x3d) [0x7fe13d2f474d]
 7  /opt/hpcx/ompi/lib/openmpi/../../../ucx/lib/ucx/libuct_ib_mlx5.so.0(+0x2bae7) [0x7fe13d30aae7]
 8  /opt/hpcx/ompi/lib/openmpi/../../../ucx/lib/libucp.so.0(ucp_worker_progress+0x5a) [0x7fe14409c0ea]
 9  /opt/hpcx/ompi/lib/./libopen-pal.so.40(opal_progress+0x34) [0x7fe185e623b4]
10  /opt/hpcx/ompi/lib/./libopen-pal.so.40(ompi_sync_wait_mt+0x115) [0x7fe185e68bb5]
11  /opt/hpcx/ompi/lib/libmpi.so.40(ompi_request_default_wait+0x24b) [0x7fe18edcc03b]
12  /opt/hpcx/ompi/lib/libmpi.so.40(PMPI_Wait+0x1e) [0x7fe18edf8e9e]
13  /workspace/hpl-mxp-linux-x86_64/xhpl_mxp() [0x50e9d3]
14  /workspace/hpl-mxp-linux-x86_64/xhpl_mxp() [0x4dc7d3]
15  /workspace/hpl-mxp-linux-x86_64/xhpl_mxp() [0x4df810]
16  /workspace/hpl-mxp-linux-x86_64/xhpl_mxp() [0x4df793]
17  /workspace/hpl-mxp-linux-x86_64/xhpl_mxp() [0x4df703]
18  /workspace/hpl-mxp-linux-x86_64/xhpl_mxp() [0x4df6bc]
19  /workspace/hpl-mxp-linux-x86_64/xhpl_mxp() [0x4df6a0]
20  /workspace/hpl-mxp-linux-x86_64/xhpl_mxp() [0x5bd493]
21  /lib/x86_64-linux-gnu/libc.so.6(+0x9caa4) [0x7fe15588aaa4]
22  /lib/x86_64-linux-gnu/libc.so.6(+0x129c3c) [0x7fe155917c3c]
=================================
[a0003:128977] *** Process received signal ***
[a0003:128977] Signal: Aborted (6)
[a0003:128977] Signal code:  (-6)
[a0003:128977] [ 0] /lib/x86_64-linux-gnu/libc.so.6(+0x45330)[0x7fe155833330]
==== backtrace (tid: 129146) ====
 0  /opt/hpcx/ompi/lib/openmpi/../../../ucx/lib/libucs.so.0(ucs_handle_error+0x2e4) [0x7ff1535c9774]
 1  /opt/hpcx/ompi/lib/openmpi/../../../ucx/lib/libucs.so.0(ucs_fatal_error_message+0xc2) [0x7ff1535c6732]
 2  /opt/hpcx/ompi/lib/openmpi/../../../ucx/lib/libucs.so.0(+0x3956a) [0x7ff1535cb56a]
 3  /opt/hpcx/ompi/lib/openmpi/../../../ucx/lib/libucs.so.0(ucs_log_dispatch+0xe4) [0x7ff1535cb8f4]
 4  /opt/hpcx/ompi/lib/openmpi/../../../ucx/lib/ucx/libuct_ib_mlx5.so.0(uct_ib_mlx5_completion_with_err+0x550) [0x7ff150ce8550]
 5  /opt/hpcx/ompi/lib/openmpi/../../../ucx/lib/ucx/libuct_ib_mlx5.so.0(uct_rc_mlx5_iface_handle_failure+0x134) [0x7ff150cfe5e4]
 6  /opt/hpcx/ompi/lib/openmpi/../../../ucx/lib/ucx/libuct_ib_mlx5.so.0(uct_ib_mlx5_check_completion+0x3d) [0x7ff150ce974d]
 7  /opt/hpcx/ompi/lib/openmpi/../../../ucx/lib/ucx/libuct_ib_mlx5.so.0(+0x2bae7) [0x7ff150cffae7]
 8  /opt/hpcx/ompi/lib/openmpi/../../../ucx/lib/libucp.so.0(ucp_worker_progress+0x5a) [0x7ff15365d0ea]
 9  /opt/hpcx/ompi/lib/./libopen-pal.so.40(opal_progress+0x34) [0x7ff1998623b4]
10  /opt/hpcx/ompi/lib/./libopen-pal.so.40(ompi_sync_wait_mt+0x115) [0x7ff199868bb5]
11  /opt/hpcx/ompi/lib/libmpi.so.40(ompi_request_default_wait+0x24b) [0x7ff1a27c203b]
12  /opt/hpcx/ompi/lib/libmpi.so.40(PMPI_Wait+0x1e) [0x7ff1a27eee9e]
13  /workspace/hpl-mxp-linux-x86_64/xhpl_mxp() [0x50e9d3]
14  /workspace/hpl-mxp-linux-x86_64/xhpl_mxp() [0x4dc7d3]
15  /workspace/hpl-mxp-linux-x86_64/xhpl_mxp() [0x4df810]
16  /workspace/hpl-mxp-linux-x86_64/xhpl_mxp() [0x4df793]
17  /workspace/hpl-mxp-linux-x86_64/xhpl_mxp() [0x4df703]
18  /workspace/hpl-mxp-linux-x86_64/xhpl_mxp() [0x4df6bc]
19  /workspace/hpl-mxp-linux-x86_64/xhpl_mxp() [0x4df6a0]
20  /workspace/hpl-mxp-linux-x86_64/xhpl_mxp() [0x5bd493]
21  /lib/x86_64-linux-gnu/libc.so.6(+0x9caa4) [0x7ff16928aaa4]
22  /lib/x86_64-linux-gnu/libc.so.6(+0x129c3c) [0x7ff169317c3c]
=================================
[a0003:128977] [ 1] /lib/x86_64-linux-gnu/libc.so.6(pthread_kill+0x11c)[0x7fe15588cb2c]
[a0003:128977] [ 2] /lib/x86_64-linux-gnu/libc.so.6(gsignal+0x1e)[0x7fe15583327e]
[a0003:128977] [ 3] /lib/x86_64-linux-gnu/libc.so.6(abort+0xdf)[0x7fe1558168ff]
[a0003:128977] [ 4] /opt/hpcx/ompi/lib/openmpi/../../../ucx/lib/libucs.so.0(+0x34737)[0x7fe13fbbe737]
[a0003:128977] [ 5] /opt/hpcx/ompi/lib/openmpi/../../../ucx/lib/libucs.so.0(+0x3956a)[0x7fe13fbc356a]
[a0003:128977] [ 6] /opt/hpcx/ompi/lib/openmpi/../../../ucx/lib/libucs.so.0(ucs_log_dispatch+0xe4)[0x7fe13fbc38f4]
[a0003:128977] [ 7] /opt/hpcx/ompi/lib/openmpi/../../../ucx/lib/ucx/libuct_ib_mlx5.so.0(uct_ib_mlx5_completion_with_err+0x550)[0x7fe13d2f3550]
[a0003:128977] [ 8] /opt/hpcx/ompi/lib/openmpi/../../../ucx/lib/ucx/libuct_ib_mlx5.so.0(uct_rc_mlx5_iface_handle_failure+0x134)[0x7fe13d3095e4]
[a0003:128977] [ 9] /opt/hpcx/ompi/lib/openmpi/../../../ucx/lib/ucx/libuct_ib_mlx5.so.0(uct_ib_mlx5_check_completion+0x3d)[0x7fe13d2f474d]
[a0003:128977] [10] /opt/hpcx/ompi/lib/openmpi/../../../ucx/lib/ucx/libuct_ib_mlx5.so.0(+0x2bae7)[0x7fe13d30aae7]
[a0003:128997] *** Process received signal ***
[a0003:128977] [11] /opt/hpcx/ompi/lib/openmpi/../../../ucx/lib/libucp.so.0(ucp_worker_progress+0x5a)[0x7fe14409c0ea]
[a0003:128977] [12] /opt/hpcx/ompi/lib/./libopen-pal.so.40(opal_progress+0x34)[0x7fe185e623b4]
[a0003:128977] [13] /opt/hpcx/ompi/lib/./libopen-pal.so.40(ompi_sync_wait_mt+0x115)[0x7fe185e68bb5]
[a0003:128997] Signal: Aborted (6)
[a0003:128997] Signal code:  (-6)
[a0003:128977] [14] /opt/hpcx/ompi/lib/libmpi.so.40(ompi_request_default_wait+0x24b)[0x7fe18edcc03b]
[a0003:128977] [15] /opt/hpcx/ompi/lib/libmpi.so.40(PMPI_Wait+0x1e)[0x7fe18edf8e9e]
[a0003:128997] [ 0] /lib/x86_64-linux-gnu/libc.so.6(+0x45330)[0x7ff169233330]
[a0003:128997] [ 1] /lib/x86_64-linux-gnu/libc.so.6(pthread_kill+0x11c)[0x7ff16928cb2c]
[a0003:128977] [16] /workspace/hpl-mxp-linux-x86_64/xhpl_mxp[0x50e9d3]
[a0003:128997] [ 2] /lib/x86_64-linux-gnu/libc.so.6(gsignal+0x1e)[0x7ff16923327e]
[a0003:128997] [ 3] /lib/x86_64-linux-gnu/libc.so.6(abort+0xdf)[0x7ff1692168ff]
[a0003:128977] [17] /workspace/hpl-mxp-linux-x86_64/xhpl_mxp[0x4dc7d3]
[a0003:128997] [ 4] /opt/hpcx/ompi/lib/openmpi/../../../ucx/lib/libucs.so.0(+0x34737)[0x7ff1535c6737]
[a0003:128997] [ 5] /opt/hpcx/ompi/lib/openmpi/../../../ucx/lib/libucs.so.0(+0x3956a)[0x7ff1535cb56a]
[a0003:128977] [18] /workspace/hpl-mxp-linux-x86_64/xhpl_mxp[0x4df810]
[a0003:128977] [19] /workspace/hpl-mxp-linux-x86_64/xhpl_mxp[0x4df793]
[a0003:128977] [20] /workspace/hpl-mxp-linux-x86_64/xhpl_mxp[0x4df703]
[a0003:128997] [ 6] /opt/hpcx/ompi/lib/openmpi/../../../ucx/lib/libucs.so.0(ucs_log_dispatch+0xe4)[0x7ff1535cb8f4]
[a0003:128997] [ 7] /opt/hpcx/ompi/lib/openmpi/../../../ucx/lib/ucx/libuct_ib_mlx5.so.0(uct_ib_mlx5_completion_with_err+0x550)[0x7ff150ce8550]
[a0003:128997] [ 8] /opt/hpcx/ompi/lib/openmpi/../../../ucx/lib/ucx/libuct_ib_mlx5.so.0(uct_rc_mlx5_iface_handle_failure+0x134)[0x7ff150cfe5e4]
[a0003:128997] [ 9] /opt/hpcx/ompi/lib/openmpi/../../../ucx/lib/ucx/libuct_ib_mlx5.so.0(uct_ib_mlx5_check_completion+0x3d)[0x7ff150ce974d]
[a0003:128997] [10] /opt/hpcx/ompi/lib/openmpi/../../../ucx/lib/ucx/libuct_ib_mlx5.so.0(+0x2bae7)[0x7ff150cffae7]
[a0003:128997] [11] /opt/hpcx/ompi/lib/openmpi/../../../ucx/lib/libucp.so.0(ucp_worker_progress+0x5a)[0x7ff15365d0ea]
[a0003:128977] [21] /workspace/hpl-mxp-linux-x86_64/xhpl_mxp[0x4df6bc]
[a0003:128977] [22] /workspace/hpl-mxp-linux-x86_64/xhpl_mxp[0x4df6a0]
[a0003:128997] [12] /opt/hpcx/ompi/lib/./libopen-pal.so.40(opal_progress+0x34)[0x7ff1998623b4]
[a0003:128997] [13] /opt/hpcx/ompi/lib/./libopen-pal.so.40(ompi_sync_wait_mt+0x115)[0x7ff199868bb5]
[a0003:128997] [14] /opt/hpcx/ompi/lib/libmpi.so.40(ompi_request_default_wait+0x24b)[0x7ff1a27c203b]
[a0003:128997] [15] /opt/hpcx/ompi/lib/libmpi.so.40(PMPI_Wait+0x1e)[0x7ff1a27eee9e]
[a0003:128977] [23] /workspace/hpl-mxp-linux-x86_64/xhpl_mxp[0x5bd493]
[a0003:128977] [24] /lib/x86_64-linux-gnu/libc.so.6(+0x9caa4)[0x7fe15588aaa4]
[a0003:128997] [16] /workspace/hpl-mxp-linux-x86_64/xhpl_mxp[0x50e9d3]
[a0003:128977] [25] /lib/x86_64-linux-gnu/libc.so.6(+0x129c3c)[0x7fe155917c3c]
[a0003:128977] *** End of error message ***
[a0003:128997] [17] /workspace/hpl-mxp-linux-x86_64/xhpl_mxp[0x4dc7d3]
[a0003:128997] [18] /workspace/hpl-mxp-linux-x86_64/xhpl_mxp[0x4df810]
[a0003:128997] [19] /workspace/hpl-mxp-linux-x86_64/xhpl_mxp[0x4df793]
[a0003:128997] [20] /workspace/hpl-mxp-linux-x86_64/xhpl_mxp[0x4df703]
[a0003:128997] [21] /workspace/hpl-mxp-linux-x86_64/xhpl_mxp[0x4df6bc]
[a0003:128997] [22] /workspace/hpl-mxp-linux-x86_64/xhpl_mxp[0x4df6a0]
[a0003:128997] [23] /workspace/hpl-mxp-linux-x86_64/xhpl_mxp[0x5bd493]
[a0003:128997] [24] /lib/x86_64-linux-gnu/libc.so.6(+0x9caa4)[0x7ff16928aaa4]
[a0003:128997] [25] /lib/x86_64-linux-gnu/libc.so.6(+0x129c3c)[0x7ff169317c3c]
[a0003:128997] *** End of error message ***
/workspace/hpl-mxp.sh: line 261: 128963 Aborted                 (core dumped) ${NUMCMD} ${CPUBIND} ${MEMBIND} ${XHPL} ${HPL_MXP_PARAMS}
srun: error: a0003: task 14: Exited with exit code 134
/workspace/hpl-mxp.sh: line 261: 128977 Aborted                 (core dumped) ${NUMCMD} ${CPUBIND} ${MEMBIND} ${XHPL} ${HPL_MXP_PARAMS}
srun: error: a0003: task 8: Exited with exit code 134
/workspace/hpl-mxp.sh: line 261: 128995 Aborted                 (core dumped) ${NUMCMD} ${CPUBIND} ${MEMBIND} ${XHPL} ${HPL_MXP_PARAMS}
srun: error: a0003: task 15: Exited with exit code 134
[2026-04-07T02:17:34.310] error:  mpi/pmix_v3: _errhandler: a0003 [1]: pmixp_client_v2.c:225: Error handler invoked: status = -25, source = [slurm.pmix.2112.0:14]
[2026-04-07T02:17:34.316] error: *** STEP 2112.0 ON a0001 CANCELLED AT 2026-04-07T02:17:34 DUE to SIGNAL Killed ***
srun: Job step aborted: Waiting up to 32 seconds for job step to finish.
srun: error: a0001: tasks 0-3: Killed
[2026-04-07T02:17:35.410] error:  mpi/pmix_v3: _errhandler: a0001 [0]: pmixp_client_v2.c:225: Error handler invoked: status = -25, source = [slurm.pmix.2112.0:6]
srun: error: a0013: tasks 24-31: Killed
srun: error: a0019: tasks 56-63: Killed
srun: error: a0012: tasks 16-23: Killed
srun: error: a0018: tasks 48-55: Killed
srun: error: a0015: tasks 40-47: Killed
srun: error: a0014: tasks 32-39: Killed
[2026-04-07T02:17:35.638] error:  mpi/pmix_v3: _errhandler: a0003 [1]: pmixp_client_v2.c:225: Error handler invoked: status = -25, source = [slurm.pmix.2112.0:9]
[2026-04-07T02:17:37.292] error:  mpi/pmix_v3: _errhandler: a0001 [0]: pmixp_client_v2.c:225: Error handler invoked: status = -25, source = [slurm.pmix.2112.0:1]
srun: error: a0003: tasks 9-13: Killed
srun: error: a0001: tasks 4-7: Killed
+ echo Done
Done
++ date +%Y-%m-%dT%H:%M:%S
+ echo 2026-04-07T02:17:37
2026-04-07T02:17:37
