++ date +%Y-%m-%dT%H:%M:%S
+ DATESTRING=2026-05-18T13:01:02
+ SIF=/home/knevins/aicr-benchmarks/hpc-benchmarks_25.09.sif
++ date +%Y-%m-%dT%H:%M:%S
+ DATESTRING=2026-05-18T13:01:02
+++ scontrol show hostname
++ echo a0002
+ echo 'Running on hosts: a0002'
Running on hosts: a0002
+ echo 2026-05-18T13:01:02
2026-05-18T13:01:02
+ export UCX_NET_DEVICES=mlx5_0:1,mlx5_3:1
+ UCX_NET_DEVICES=mlx5_0:1,mlx5_3:1
+ export NCCL_BUFFSIZE=4194304
+ NCCL_BUFFSIZE=4194304
+ export NCCL_P2P_DISABLE=1
+ NCCL_P2P_DISABLE=1
+ export CUDA_P2P_LEVEL=0
+ CUDA_P2P_LEVEL=0
+ export UCX_TLS=self,shm,cuda_copy
+ UCX_TLS=self,shm,cuda_copy
+ export UCX_POSIX_USE_PROC_LINK=n
+ UCX_POSIX_USE_PROC_LINK=n
+ N_SIZE=430080
+ srun -N1 --ntasks-per-node=8 --exclusive --mpi=pmix apptainer exec --nv --no-mount /etc/localtime --bind /var/spool/slurm/slurmd /home/knevins/aicr-benchmarks/hpc-benchmarks_25.09.sif /workspace/hpl-mxp.sh --gpu-affinity 0:1:2:3:4:5:6:7 --n 430080 --nb 2048 --nporder row --nprow 4 --npcol 2
WARNING: skipping mount of /var/spool/slurm/slurmd: stat /var/spool/slurm/slurmd: no such file or directory
WARNING: skipping mount of /var/spool/slurm/slurmd: stat /var/spool/slurm/slurmd: no such file or directory
WARNING: skipping mount of /var/spool/slurm/slurmd: stat /var/spool/slurm/slurmd: no such file or directory
WARNING: skipping mount of /var/spool/slurm/slurmd: stat /var/spool/slurm/slurmd: no such file or directory
WARNING: skipping mount of /var/spool/slurm/slurmd: stat /var/spool/slurm/slurmd: no such file or directory
WARNING: skipping mount of /var/spool/slurm/slurmd: stat /var/spool/slurm/slurmd: no such file or directory
WARNING: skipping mount of /var/spool/slurm/slurmd: stat /var/spool/slurm/slurmd: no such file or directory
WARNING: skipping mount of /var/spool/slurm/slurmd: stat /var/spool/slurm/slurmd: no such file or directory
INFO:    Terminating squashfuse_ll after timeout
INFO:    Timeouts can be caused by a running background process
INFO:    Terminating squashfuse_ll after timeout
INFO:    Timeouts can be caused by a running background process
INFO:    Terminating squashfuse_ll after timeout
INFO:    Timeouts can be caused by a running background process
FATAL:   container creation failed: mount hook function failure: mount /var/spool/slurm/slurmd->/var/spool/slurm/slurmd error: while mounting /var/spool/slurm/slurmd: mount source /var/spool/slurm/slurmd doesn't exist
INFO:    Terminating squashfuse_ll after timeout
INFO:    Timeouts can be caused by a running background process
INFO:    Terminating squashfuse_ll after timeout
INFO:    Timeouts can be caused by a running background process
INFO:    Terminating squashfuse_ll after timeout
INFO:    Timeouts can be caused by a running background process
FATAL:   container creation failed: mount hook function failure: mount /var/spool/slurm/slurmd->/var/spool/slurm/slurmd error: while mounting /var/spool/slurm/slurmd: mount source /var/spool/slurm/slurmd doesn't exist
FATAL:   container creation failed: mount hook function failure: mount /var/spool/slurm/slurmd->/var/spool/slurm/slurmd error: while mounting /var/spool/slurm/slurmd: mount source /var/spool/slurm/slurmd doesn't exist
INFO:    Terminating squashfuse_ll after timeout
INFO:    Timeouts can be caused by a running background process
INFO:    Terminating squashfuse_ll after timeout
INFO:    Timeouts can be caused by a running background process
FATAL:   container creation failed: mount hook function failure: mount /var/spool/slurm/slurmd->/var/spool/slurm/slurmd error: while mounting /var/spool/slurm/slurmd: mount source /var/spool/slurm/slurmd doesn't exist
FATAL:   container creation failed: mount hook function failure: mount /var/spool/slurm/slurmd->/var/spool/slurm/slurmd error: while mounting /var/spool/slurm/slurmd: mount source /var/spool/slurm/slurmd doesn't exist
FATAL:   container creation failed: mount hook function failure: mount /var/spool/slurm/slurmd->/var/spool/slurm/slurmd error: while mounting /var/spool/slurm/slurmd: mount source /var/spool/slurm/slurmd doesn't exist
FATAL:   container creation failed: mount hook function failure: mount /var/spool/slurm/slurmd->/var/spool/slurm/slurmd error: while mounting /var/spool/slurm/slurmd: mount source /var/spool/slurm/slurmd doesn't exist
FATAL:   container creation failed: mount hook function failure: mount /var/spool/slurm/slurmd->/var/spool/slurm/slurmd error: while mounting /var/spool/slurm/slurmd: mount source /var/spool/slurm/slurmd doesn't exist
srun: error: a0002: tasks 0-7: Exited with exit code 255
+ echo Done
Done
+ echo 2026-05-18T13:01:02
2026-05-18T13:01:02
