========================================================
 OSU Alltoall  |  b[0001-0002,0004-0031]  |  job 2045
 Ranks         : 30 (1 per node)
 Started       : Wed Apr  1 18:18:42 UTC 2026
========================================================


# OSU MPI All-to-All Personalized Exchange Latency Test v7.5.2
# Datatype: MPI_CHAR.
# Size       Avg Latency(us)
1                       7.38
2                       7.65
4                      16.53
8                      16.38
16                     16.45
32                     16.88
64                     17.40
128                    17.92
256                    19.01
512                    10.51
1024                   12.36
2048                   13.78
4096                   16.04
8192                   22.37
16384                  41.74
32768                  34.12
65536                  48.45
131072                 69.43
262144                108.55
524288                191.97
1048576               354.28

========================================================
 Completed : Wed Apr  1 18:18:44 UTC 2026
========================================================
