========================================================
 OSU MBW_MR  |  w[0001-0022],x[0001-0003],y[0001-0003]  |  job 2048
 Started   : Wed Apr  1 18:19:38 UTC 2026
========================================================

# OSU MPI Multiple Bandwidth / Message Rate Test v7.5.2
# [ pairs: 14 ] [ window size: 64 ]
# Datatype: MPI_CHAR.
# Size                  MB/s        Messages/s
1                      58.35       58347040.98
2                     116.60       58299103.21
4                     233.77       58443303.17
8                     465.36       58169817.28
16                    934.70       58418731.06
32                   1854.04       57938741.51
64                   3587.56       56055595.14
128                  7050.12       55079051.22
256                 13352.78       52159294.59
512                 26505.00       51767573.34
1024                43968.03       42937533.86
2048                76404.55       37306909.83
4096               117737.14       28744419.51
8192               159301.71       19446009.48
16384              338118.00       20637084.77
32768              501608.40       15307873.63
65536              580415.72        8856441.00
131072             627055.01        4784050.08
262144             653030.81        2491114.83
524288             666335.18        1270933.50
1048576            673071.66         641891.16
2097152            676474.20         322568.04
4194304            678251.34         161707.72
8388608            679155.13          80961.60

========================================================
 Completed : Wed Apr  1 18:19:41 UTC 2026
========================================================
