========================================================
 OSU MBW_MR  |  a[0001-0015,0017-0019]  |  job 2046
 Started   : Wed Apr  1 18:19:21 UTC 2026
========================================================

# OSU MPI Multiple Bandwidth / Message Rate Test v7.5.2
# [ pairs: 9 ] [ window size: 64 ]
# Datatype: MPI_CHAR.
# Size                  MB/s        Messages/s
1                      33.31       33306682.85
2                      66.63       33312851.24
4                     133.02       33254143.06
8                     266.23       33278773.86
16                    531.26       33203897.49
32                   1057.06       33033026.34
64                   2080.57       32508857.94
128                  4118.56       32176244.39
256                  7640.32       29844983.98
512                 14983.10       29263866.42
1024                27765.71       27114954.70
2048                48459.33       23661781.13
4096                77982.34       19038656.55
8192               110690.36       13512006.33
16384              213835.18       13051463.35
32768              301135.56        9189928.05
65536              407137.49        6212425.10
131072             485380.68        3703160.67
262144             581293.03        2217456.92
524288             621852.04        1186088.63
1048576            651476.14         621296.06
2097152            649178.77         309552.56
4194304            647018.76         154261.29
8388608            537563.62          64082.58

========================================================
 Completed : Wed Apr  1 18:19:24 UTC 2026
========================================================
