=== Wed May 20 17:51:54 EDT 2026 mode=write nodes=8 npernode=32 ===
[a0003 r0] base=/work/mit/datasets/test/writebench.a0003.0.845469.31423063
[a0008 r5] base=/work/mit/datasets/test/writebench.a0008.5.727541.ac65d36b
[a0007 r4] base=/work/mit/datasets/test/writebench.a0007.4.715838.0e3c8e18
[a0009 r6] base=/work/mit/datasets/test/writebench.a0009.6.1102973.e5b91f24
[a0004 r1] base=/work/mit/datasets/test/writebench.a0004.1.156391.85e00582
[a0006 r3] base=/work/mit/datasets/test/writebench.a0006.3.495725.cd30566e
[a0010 r7] base=/work/mit/datasets/test/writebench.a0010.7.893614.78af2a02
[a0005 r2] base=/work/mit/datasets/test/writebench.a0005.2.1292718.84cb040c
[a0003 r0] mode=raw size=102400 fpp=8 iter=0 bytes=26214400 t=0.32s 0.077 GB/s
[a0009 r6] mode=raw size=102400 fpp=8 iter=0 bytes=26214400 t=0.28s 0.086 GB/s
[a0007 r4] mode=raw size=102400 fpp=8 iter=0 bytes=26214400 t=0.32s 0.076 GB/s
[a0008 r5] mode=raw size=102400 fpp=8 iter=0 bytes=26214400 t=0.32s 0.076 GB/s
[a0010 r7] mode=raw size=102400 fpp=8 iter=0 bytes=26214400 t=0.31s 0.079 GB/s
[a0006 r3] mode=raw size=102400 fpp=8 iter=0 bytes=26214400 t=0.33s 0.074 GB/s
[a0004 r1] mode=raw size=102400 fpp=8 iter=0 bytes=26214400 t=0.32s 0.075 GB/s
[a0005 r2] mode=raw size=102400 fpp=8 iter=0 bytes=26214400 t=0.32s 0.077 GB/s
[a0003 r0] mode=raw size=102400 fpp=8 iter=1 bytes=26214400 t=0.31s 0.078 GB/s
[a0009 r6] mode=raw size=102400 fpp=8 iter=1 bytes=26214400 t=0.30s 0.080 GB/s
[a0008 r5] mode=raw size=102400 fpp=8 iter=1 bytes=26214400 t=0.32s 0.076 GB/s
[a0007 r4] mode=raw size=102400 fpp=8 iter=1 bytes=26214400 t=0.32s 0.076 GB/s
[a0010 r7] mode=raw size=102400 fpp=8 iter=1 bytes=26214400 t=0.30s 0.082 GB/s
[a0004 r1] mode=raw size=102400 fpp=8 iter=1 bytes=26214400 t=0.32s 0.077 GB/s
[a0006 r3] mode=raw size=102400 fpp=8 iter=1 bytes=26214400 t=0.35s 0.070 GB/s
[a0005 r2] mode=raw size=102400 fpp=8 iter=1 bytes=26214400 t=0.31s 0.078 GB/s
[a0003 r0] mode=raw size=102400 fpp=8 iter=2 bytes=26214400 t=0.32s 0.077 GB/s
[a0009 r6] mode=raw size=102400 fpp=8 iter=2 bytes=26214400 t=0.29s 0.084 GB/s
[a0008 r5] mode=raw size=102400 fpp=8 iter=2 bytes=26214400 t=0.31s 0.079 GB/s
[a0007 r4] mode=raw size=102400 fpp=8 iter=2 bytes=26214400 t=0.32s 0.077 GB/s
[a0010 r7] mode=raw size=102400 fpp=8 iter=2 bytes=26214400 t=0.31s 0.079 GB/s
[a0004 r1] mode=raw size=102400 fpp=8 iter=2 bytes=26214400 t=0.31s 0.079 GB/s
[a0006 r3] mode=raw size=102400 fpp=8 iter=2 bytes=26214400 t=0.35s 0.069 GB/s
[a0005 r2] mode=raw size=102400 fpp=8 iter=2 bytes=26214400 t=0.31s 0.078 GB/s
[a0003 r0] mode=torch_save size=102400 fpp=8 iter=0 bytes=26618112 t=0.32s 0.078 GB/s
[a0009 r6] mode=torch_save size=102400 fpp=8 iter=0 bytes=26618112 t=0.31s 0.079 GB/s
[a0008 r5] mode=torch_save size=102400 fpp=8 iter=0 bytes=26618112 t=0.33s 0.075 GB/s
[a0007 r4] mode=torch_save size=102400 fpp=8 iter=0 bytes=26618112 t=0.34s 0.074 GB/s
[a0010 r7] mode=torch_save size=102400 fpp=8 iter=0 bytes=26618112 t=0.31s 0.079 GB/s
[a0004 r1] mode=torch_save size=102400 fpp=8 iter=0 bytes=26618112 t=0.34s 0.074 GB/s
[a0005 r2] mode=torch_save size=102400 fpp=8 iter=0 bytes=26618112 t=0.31s 0.079 GB/s
[a0006 r3] mode=torch_save size=102400 fpp=8 iter=0 bytes=26618112 t=0.35s 0.070 GB/s
[a0003 r0] mode=torch_save size=102400 fpp=8 iter=1 bytes=26618112 t=0.31s 0.080 GB/s
[a0009 r6] mode=torch_save size=102400 fpp=8 iter=1 bytes=26618112 t=0.30s 0.082 GB/s
[a0010 r7] mode=torch_save size=102400 fpp=8 iter=1 bytes=26618112 t=0.31s 0.079 GB/s
[a0007 r4] mode=torch_save size=102400 fpp=8 iter=1 bytes=26618112 t=0.32s 0.077 GB/s
[a0008 r5] mode=torch_save size=102400 fpp=8 iter=1 bytes=26618112 t=0.34s 0.072 GB/s
[a0004 r1] mode=torch_save size=102400 fpp=8 iter=1 bytes=26618112 t=0.32s 0.078 GB/s
[a0005 r2] mode=torch_save size=102400 fpp=8 iter=1 bytes=26618112 t=0.34s 0.073 GB/s
[a0003 r0] mode=torch_save size=102400 fpp=8 iter=2 bytes=26618112 t=0.31s 0.079 GB/s
[a0006 r3] mode=torch_save size=102400 fpp=8 iter=1 bytes=26618112 t=0.34s 0.074 GB/s
[a0009 r6] mode=torch_save size=102400 fpp=8 iter=2 bytes=26618112 t=0.29s 0.087 GB/s
[a0010 r7] mode=torch_save size=102400 fpp=8 iter=2 bytes=26618112 t=0.31s 0.081 GB/s
[a0007 r4] mode=torch_save size=102400 fpp=8 iter=2 bytes=26618112 t=0.32s 0.078 GB/s
[a0008 r5] mode=torch_save size=102400 fpp=8 iter=2 bytes=26618112 t=0.33s 0.074 GB/s
[a0004 r1] mode=torch_save size=102400 fpp=8 iter=2 bytes=26618112 t=0.31s 0.080 GB/s
[a0005 r2] mode=torch_save size=102400 fpp=8 iter=2 bytes=26618112 t=0.32s 0.076 GB/s
[a0006 r3] mode=torch_save size=102400 fpp=8 iter=2 bytes=26618112 t=0.33s 0.076 GB/s
[a0003 r0] mode=dcp size=102400 fpp=8 iter=0 bytes=26854576 t=0.34s 0.074 GB/s
[a0009 r6] mode=dcp size=102400 fpp=8 iter=0 bytes=26854832 t=0.34s 0.074 GB/s
[a0007 r4] mode=dcp size=102400 fpp=8 iter=0 bytes=26854576 t=0.35s 0.072 GB/s
[a0010 r7] mode=dcp size=102400 fpp=8 iter=0 bytes=26854576 t=0.36s 0.070 GB/s
[a0008 r5] mode=dcp size=102400 fpp=8 iter=0 bytes=26854576 t=0.37s 0.068 GB/s
[a0004 r1] mode=dcp size=102400 fpp=8 iter=0 bytes=26854576 t=0.37s 0.068 GB/s
[a0005 r2] mode=dcp size=102400 fpp=8 iter=0 bytes=26854832 t=0.35s 0.072 GB/s
[a0006 r3] mode=dcp size=102400 fpp=8 iter=0 bytes=26854576 t=0.35s 0.071 GB/s
[a0003 r0] mode=dcp size=102400 fpp=8 iter=1 bytes=26854576 t=0.33s 0.076 GB/s
[a0009 r6] mode=dcp size=102400 fpp=8 iter=1 bytes=26854832 t=0.33s 0.077 GB/s
[a0007 r4] mode=dcp size=102400 fpp=8 iter=1 bytes=26854576 t=0.33s 0.075 GB/s
[a0010 r7] mode=dcp size=102400 fpp=8 iter=1 bytes=26854576 t=0.35s 0.072 GB/s
[a0008 r5] mode=dcp size=102400 fpp=8 iter=1 bytes=26854576 t=0.37s 0.068 GB/s
[a0004 r1] mode=dcp size=102400 fpp=8 iter=1 bytes=26854576 t=0.35s 0.072 GB/s
[a0005 r2] mode=dcp size=102400 fpp=8 iter=1 bytes=26854832 t=0.34s 0.074 GB/s
[a0006 r3] mode=dcp size=102400 fpp=8 iter=1 bytes=26854576 t=0.34s 0.073 GB/s
[a0003 r0] mode=dcp size=102400 fpp=8 iter=2 bytes=26854576 t=0.33s 0.076 GB/s
[a0009 r6] mode=dcp size=102400 fpp=8 iter=2 bytes=26854832 t=0.33s 0.076 GB/s
[a0007 r4] mode=dcp size=102400 fpp=8 iter=2 bytes=26854576 t=0.33s 0.076 GB/s
[a0010 r7] mode=dcp size=102400 fpp=8 iter=2 bytes=26854576 t=0.34s 0.073 GB/s
[a0005 r2] mode=dcp size=102400 fpp=8 iter=2 bytes=26854832 t=0.33s 0.076 GB/s
[a0004 r1] mode=dcp size=102400 fpp=8 iter=2 bytes=26854576 t=0.34s 0.073 GB/s
[a0008 r5] mode=dcp size=102400 fpp=8 iter=2 bytes=26854576 t=0.38s 0.066 GB/s
[a0006 r3] mode=dcp size=102400 fpp=8 iter=2 bytes=26854576 t=0.34s 0.075 GB/s
[a0003 r0] mode=raw size=1048576 fpp=8 iter=0 bytes=268435456 t=0.26s 0.947 GB/s
[a0009 r6] mode=raw size=1048576 fpp=8 iter=0 bytes=268435456 t=0.29s 0.877 GB/s
[a0007 r4] mode=raw size=1048576 fpp=8 iter=0 bytes=268435456 t=0.29s 0.860 GB/s
[a0003 r0] mode=raw size=1048576 fpp=8 iter=1 bytes=268435456 t=0.27s 0.942 GB/s
[a0010 r7] mode=raw size=1048576 fpp=8 iter=0 bytes=268435456 t=0.30s 0.826 GB/s
[a0005 r2] mode=raw size=1048576 fpp=8 iter=0 bytes=268435456 t=0.29s 0.858 GB/s
[a0008 r5] mode=raw size=1048576 fpp=8 iter=0 bytes=268435456 t=0.29s 0.870 GB/s
[a0009 r6] mode=raw size=1048576 fpp=8 iter=1 bytes=268435456 t=0.30s 0.844 GB/s
[a0004 r1] mode=raw size=1048576 fpp=8 iter=0 bytes=268435456 t=0.30s 0.824 GB/s
[a0006 r3] mode=raw size=1048576 fpp=8 iter=0 bytes=268435456 t=0.32s 0.792 GB/s
[a0007 r4] mode=raw size=1048576 fpp=8 iter=1 bytes=268435456 t=0.30s 0.845 GB/s
[a0003 r0] mode=raw size=1048576 fpp=8 iter=2 bytes=268435456 t=0.26s 0.953 GB/s
[a0010 r7] mode=raw size=1048576 fpp=8 iter=1 bytes=268435456 t=0.30s 0.835 GB/s
[a0005 r2] mode=raw size=1048576 fpp=8 iter=1 bytes=268435456 t=0.29s 0.875 GB/s
[a0008 r5] mode=raw size=1048576 fpp=8 iter=1 bytes=268435456 t=0.28s 0.908 GB/s
[a0009 r6] mode=raw size=1048576 fpp=8 iter=2 bytes=268435456 t=0.29s 0.854 GB/s
[a0004 r1] mode=raw size=1048576 fpp=8 iter=1 bytes=268435456 t=0.31s 0.801 GB/s
[a0006 r3] mode=raw size=1048576 fpp=8 iter=1 bytes=268435456 t=0.32s 0.789 GB/s
[a0007 r4] mode=raw size=1048576 fpp=8 iter=2 bytes=268435456 t=0.29s 0.863 GB/s
[a0005 r2] mode=raw size=1048576 fpp=8 iter=2 bytes=268435456 t=0.29s 0.870 GB/s
[a0010 r7] mode=raw size=1048576 fpp=8 iter=2 bytes=268435456 t=0.30s 0.831 GB/s
[a0008 r5] mode=raw size=1048576 fpp=8 iter=2 bytes=268435456 t=0.28s 0.905 GB/s
[a0004 r1] mode=raw size=1048576 fpp=8 iter=2 bytes=268435456 t=0.32s 0.784 GB/s
[a0003 r0] mode=torch_save size=1048576 fpp=8 iter=0 bytes=268839168 t=0.27s 0.934 GB/s
[a0006 r3] mode=raw size=1048576 fpp=8 iter=2 bytes=268435456 t=0.30s 0.822 GB/s
[a0009 r6] mode=torch_save size=1048576 fpp=8 iter=0 bytes=268839168 t=0.28s 0.890 GB/s
[a0003 r0] mode=torch_save size=1048576 fpp=8 iter=1 bytes=268839168 t=0.26s 0.959 GB/s
[a0007 r4] mode=torch_save size=1048576 fpp=8 iter=0 bytes=268839168 t=0.29s 0.875 GB/s
[a0005 r2] mode=torch_save size=1048576 fpp=8 iter=0 bytes=268839168 t=0.29s 0.862 GB/s
[a0010 r7] mode=torch_save size=1048576 fpp=8 iter=0 bytes=268839168 t=0.30s 0.834 GB/s
[a0009 r6] mode=torch_save size=1048576 fpp=8 iter=1 bytes=268839168 t=0.28s 0.880 GB/s
[a0008 r5] mode=torch_save size=1048576 fpp=8 iter=0 bytes=268839168 t=0.32s 0.788 GB/s
[a0003 r0] mode=torch_save size=1048576 fpp=8 iter=2 bytes=268839168 t=0.28s 0.894 GB/s
[a0004 r1] mode=torch_save size=1048576 fpp=8 iter=0 bytes=268839168 t=0.31s 0.802 GB/s
[a0007 r4] mode=torch_save size=1048576 fpp=8 iter=1 bytes=268839168 t=0.29s 0.867 GB/s
[a0006 r3] mode=torch_save size=1048576 fpp=8 iter=0 bytes=268839168 t=0.31s 0.811 GB/s
[a0005 r2] mode=torch_save size=1048576 fpp=8 iter=1 bytes=268839168 t=0.30s 0.848 GB/s
[a0010 r7] mode=torch_save size=1048576 fpp=8 iter=1 bytes=268839168 t=0.30s 0.828 GB/s
[a0009 r6] mode=torch_save size=1048576 fpp=8 iter=2 bytes=268839168 t=0.28s 0.880 GB/s
[a0008 r5] mode=torch_save size=1048576 fpp=8 iter=1 bytes=268839168 t=0.31s 0.797 GB/s
[a0004 r1] mode=torch_save size=1048576 fpp=8 iter=1 bytes=268839168 t=0.31s 0.811 GB/s
[a0007 r4] mode=torch_save size=1048576 fpp=8 iter=2 bytes=268839168 t=0.29s 0.849 GB/s
[a0006 r3] mode=torch_save size=1048576 fpp=8 iter=1 bytes=268839168 t=0.31s 0.804 GB/s
[a0005 r2] mode=torch_save size=1048576 fpp=8 iter=2 bytes=268839168 t=0.29s 0.851 GB/s
[a0010 r7] mode=torch_save size=1048576 fpp=8 iter=2 bytes=268839168 t=0.31s 0.805 GB/s
[a0008 r5] mode=torch_save size=1048576 fpp=8 iter=2 bytes=268839168 t=0.31s 0.805 GB/s
[a0004 r1] mode=torch_save size=1048576 fpp=8 iter=2 bytes=268839168 t=0.31s 0.817 GB/s
[a0006 r3] mode=torch_save size=1048576 fpp=8 iter=2 bytes=268839168 t=0.30s 0.834 GB/s
[a0003 r0] mode=dcp size=1048576 fpp=8 iter=0 bytes=269076656 t=0.38s 0.660 GB/s
[a0009 r6] mode=dcp size=1048576 fpp=8 iter=0 bytes=269076912 t=0.36s 0.697 GB/s
[a0007 r4] mode=dcp size=1048576 fpp=8 iter=0 bytes=269076656 t=0.37s 0.684 GB/s
[a0005 r2] mode=dcp size=1048576 fpp=8 iter=0 bytes=269076912 t=0.39s 0.648 GB/s
[a0010 r7] mode=dcp size=1048576 fpp=8 iter=0 bytes=269076656 t=0.41s 0.607 GB/s
[a0008 r5] mode=dcp size=1048576 fpp=8 iter=0 bytes=269076656 t=0.41s 0.612 GB/s
[a0004 r1] mode=dcp size=1048576 fpp=8 iter=0 bytes=269076656 t=0.38s 0.657 GB/s
[a0003 r0] mode=dcp size=1048576 fpp=8 iter=1 bytes=269076656 t=0.37s 0.675 GB/s
[a0006 r3] mode=dcp size=1048576 fpp=8 iter=0 bytes=269076656 t=0.39s 0.642 GB/s
[a0009 r6] mode=dcp size=1048576 fpp=8 iter=1 bytes=269076912 t=0.36s 0.690 GB/s
[a0007 r4] mode=dcp size=1048576 fpp=8 iter=1 bytes=269076656 t=0.37s 0.671 GB/s
[a0005 r2] mode=dcp size=1048576 fpp=8 iter=1 bytes=269076912 t=0.38s 0.661 GB/s
[a0010 r7] mode=dcp size=1048576 fpp=8 iter=1 bytes=269076656 t=0.37s 0.673 GB/s
[a0008 r5] mode=dcp size=1048576 fpp=8 iter=1 bytes=269076656 t=0.40s 0.623 GB/s
[a0004 r1] mode=dcp size=1048576 fpp=8 iter=1 bytes=269076656 t=0.39s 0.640 GB/s
[a0003 r0] mode=dcp size=1048576 fpp=8 iter=2 bytes=269076656 t=0.37s 0.669 GB/s
[a0006 r3] mode=dcp size=1048576 fpp=8 iter=1 bytes=269076656 t=0.39s 0.643 GB/s
[a0009 r6] mode=dcp size=1048576 fpp=8 iter=2 bytes=269076912 t=0.36s 0.689 GB/s
[a0007 r4] mode=dcp size=1048576 fpp=8 iter=2 bytes=269076656 t=0.39s 0.649 GB/s
[a0005 r2] mode=dcp size=1048576 fpp=8 iter=2 bytes=269076912 t=0.37s 0.685 GB/s
[a0008 r5] mode=dcp size=1048576 fpp=8 iter=2 bytes=269076656 t=0.47s 0.538 GB/s
[a0004 r1] mode=dcp size=1048576 fpp=8 iter=2 bytes=269076656 t=0.52s 0.483 GB/s
[a0010 r7] mode=dcp size=1048576 fpp=8 iter=2 bytes=269076656 t=0.63s 0.397 GB/s
[a0006 r3] mode=dcp size=1048576 fpp=8 iter=2 bytes=269076656 t=0.54s 0.463 GB/s
[a0003 r0] mode=raw size=10485760 fpp=8 iter=0 bytes=2684354560 t=0.43s 5.756 GB/s
[a0009 r6] mode=raw size=10485760 fpp=8 iter=0 bytes=2684354560 t=0.43s 5.755 GB/s
[a0003 r0] mode=raw size=10485760 fpp=8 iter=1 bytes=2684354560 t=0.42s 5.903 GB/s
[a0007 r4] mode=raw size=10485760 fpp=8 iter=0 bytes=2684354560 t=0.57s 4.396 GB/s
[a0005 r2] mode=raw size=10485760 fpp=8 iter=0 bytes=2684354560 t=0.53s 4.711 GB/s
[a0009 r6] mode=raw size=10485760 fpp=8 iter=1 bytes=2684354560 t=0.48s 5.207 GB/s
[a0003 r0] mode=raw size=10485760 fpp=8 iter=2 bytes=2684354560 t=0.37s 6.736 GB/s
[a0008 r5] mode=raw size=10485760 fpp=8 iter=0 bytes=2684354560 t=0.39s 6.377 GB/s
[a0007 r4] mode=raw size=10485760 fpp=8 iter=1 bytes=2684354560 t=0.41s 6.134 GB/s
[a0010 r7] mode=raw size=10485760 fpp=8 iter=0 bytes=2684354560 t=0.42s 6.013 GB/s
[a0004 r1] mode=raw size=10485760 fpp=8 iter=0 bytes=2684354560 t=0.45s 5.570 GB/s
[a0005 r2] mode=raw size=10485760 fpp=8 iter=1 bytes=2684354560 t=0.41s 6.038 GB/s
[a0009 r6] mode=raw size=10485760 fpp=8 iter=2 bytes=2684354560 t=0.41s 6.102 GB/s
[a0006 r3] mode=raw size=10485760 fpp=8 iter=0 bytes=2684354560 t=0.51s 4.950 GB/s
[a0008 r5] mode=raw size=10485760 fpp=8 iter=1 bytes=2684354560 t=0.41s 6.085 GB/s
[a0007 r4] mode=raw size=10485760 fpp=8 iter=2 bytes=2684354560 t=0.40s 6.281 GB/s
[a0010 r7] mode=raw size=10485760 fpp=8 iter=1 bytes=2684354560 t=0.41s 6.167 GB/s
[a0005 r2] mode=raw size=10485760 fpp=8 iter=2 bytes=2684354560 t=0.43s 5.804 GB/s
[a0004 r1] mode=raw size=10485760 fpp=8 iter=1 bytes=2684354560 t=0.42s 5.933 GB/s
[a0006 r3] mode=raw size=10485760 fpp=8 iter=1 bytes=2684354560 t=0.39s 6.432 GB/s
[a0003 r0] mode=torch_save size=10485760 fpp=8 iter=0 bytes=2684758272 t=0.39s 6.337 GB/s
[a0008 r5] mode=raw size=10485760 fpp=8 iter=2 bytes=2684354560 t=0.42s 6.020 GB/s
[a0010 r7] mode=raw size=10485760 fpp=8 iter=2 bytes=2684354560 t=0.44s 5.744 GB/s
[a0004 r1] mode=raw size=10485760 fpp=8 iter=2 bytes=2684354560 t=0.43s 5.826 GB/s
[a0009 r6] mode=torch_save size=10485760 fpp=8 iter=0 bytes=2684758272 t=0.41s 6.128 GB/s
[a0006 r3] mode=raw size=10485760 fpp=8 iter=2 bytes=2684354560 t=0.40s 6.258 GB/s
[a0003 r0] mode=torch_save size=10485760 fpp=8 iter=1 bytes=2684758272 t=0.40s 6.316 GB/s
[a0007 r4] mode=torch_save size=10485760 fpp=8 iter=0 bytes=2684758272 t=0.43s 5.804 GB/s
[a0005 r2] mode=torch_save size=10485760 fpp=8 iter=0 bytes=2684758272 t=0.40s 6.305 GB/s
[a0009 r6] mode=torch_save size=10485760 fpp=8 iter=1 bytes=2684758272 t=0.40s 6.324 GB/s
[a0003 r0] mode=torch_save size=10485760 fpp=8 iter=2 bytes=2684758272 t=0.37s 6.836 GB/s
[a0008 r5] mode=torch_save size=10485760 fpp=8 iter=0 bytes=2684758272 t=0.42s 5.908 GB/s
[a0007 r4] mode=torch_save size=10485760 fpp=8 iter=1 bytes=2684758272 t=0.41s 6.167 GB/s
[a0005 r2] mode=torch_save size=10485760 fpp=8 iter=1 bytes=2684758272 t=0.44s 5.729 GB/s
[a0009 r6] mode=torch_save size=10485760 fpp=8 iter=2 bytes=2684758272 t=0.40s 6.214 GB/s
[a0004 r1] mode=torch_save size=10485760 fpp=8 iter=0 bytes=2684758272 t=0.41s 6.083 GB/s
[a0010 r7] mode=torch_save size=10485760 fpp=8 iter=0 bytes=2684758272 t=0.43s 5.799 GB/s
[a0006 r3] mode=torch_save size=10485760 fpp=8 iter=0 bytes=2684758272 t=0.36s 7.032 GB/s
[a0007 r4] mode=torch_save size=10485760 fpp=8 iter=2 bytes=2684758272 t=0.41s 6.053 GB/s
[a0008 r5] mode=torch_save size=10485760 fpp=8 iter=1 bytes=2684758272 t=0.44s 5.675 GB/s
[a0005 r2] mode=torch_save size=10485760 fpp=8 iter=2 bytes=2684758272 t=0.39s 6.357 GB/s
[a0004 r1] mode=torch_save size=10485760 fpp=8 iter=1 bytes=2684758272 t=0.44s 5.674 GB/s
[a0010 r7] mode=torch_save size=10485760 fpp=8 iter=1 bytes=2684758272 t=0.41s 6.036 GB/s
[a0006 r3] mode=torch_save size=10485760 fpp=8 iter=1 bytes=2684758272 t=0.36s 6.874 GB/s
[a0008 r5] mode=torch_save size=10485760 fpp=8 iter=2 bytes=2684758272 t=0.45s 5.586 GB/s
[a0004 r1] mode=torch_save size=10485760 fpp=8 iter=2 bytes=2684758272 t=0.40s 6.235 GB/s
[a0010 r7] mode=torch_save size=10485760 fpp=8 iter=2 bytes=2684758272 t=0.38s 6.506 GB/s
[a0006 r3] mode=torch_save size=10485760 fpp=8 iter=2 bytes=2684758272 t=0.41s 6.071 GB/s
[a0003 r0] mode=dcp size=10485760 fpp=8 iter=0 bytes=2684995760 t=0.53s 4.720 GB/s
[a0009 r6] mode=dcp size=10485760 fpp=8 iter=0 bytes=2684996016 t=0.52s 4.831 GB/s
[a0007 r4] mode=dcp size=10485760 fpp=8 iter=0 bytes=2684995760 t=0.48s 5.258 GB/s
[a0005 r2] mode=dcp size=10485760 fpp=8 iter=0 bytes=2684996016 t=0.49s 5.118 GB/s
[a0008 r5] mode=dcp size=10485760 fpp=8 iter=0 bytes=2684995760 t=0.51s 4.860 GB/s
[a0004 r1] mode=dcp size=10485760 fpp=8 iter=0 bytes=2684995760 t=0.62s 4.012 GB/s
[a0003 r0] mode=dcp size=10485760 fpp=8 iter=1 bytes=2684995760 t=0.68s 3.703 GB/s
[a0010 r7] mode=dcp size=10485760 fpp=8 iter=0 bytes=2684995760 t=0.69s 3.619 GB/s
[a0006 r3] mode=dcp size=10485760 fpp=8 iter=0 bytes=2684995760 t=0.68s 3.698 GB/s
[a0009 r6] mode=dcp size=10485760 fpp=8 iter=1 bytes=2684996016 t=0.67s 3.738 GB/s
[a0007 r4] mode=dcp size=10485760 fpp=8 iter=1 bytes=2684995760 t=0.47s 5.277 GB/s
[a0005 r2] mode=dcp size=10485760 fpp=8 iter=1 bytes=2684996016 t=0.49s 5.067 GB/s
[a0008 r5] mode=dcp size=10485760 fpp=8 iter=1 bytes=2684995760 t=0.55s 4.547 GB/s
[a0004 r1] mode=dcp size=10485760 fpp=8 iter=1 bytes=2684995760 t=0.59s 4.247 GB/s
[a0003 r0] mode=dcp size=10485760 fpp=8 iter=2 bytes=2684995760 t=0.67s 3.735 GB/s
[a0006 r3] mode=dcp size=10485760 fpp=8 iter=1 bytes=2684995760 t=0.71s 3.530 GB/s
[a0009 r6] mode=dcp size=10485760 fpp=8 iter=2 bytes=2684996016 t=0.68s 3.666 GB/s
[a0010 r7] mode=dcp size=10485760 fpp=8 iter=1 bytes=2684995760 t=0.75s 3.347 GB/s
[a0007 r4] mode=dcp size=10485760 fpp=8 iter=2 bytes=2684995760 t=0.48s 5.229 GB/s
[a0005 r2] mode=dcp size=10485760 fpp=8 iter=2 bytes=2684996016 t=0.53s 4.682 GB/s
[a0008 r5] mode=dcp size=10485760 fpp=8 iter=2 bytes=2684995760 t=0.59s 4.228 GB/s
[a0004 r1] mode=dcp size=10485760 fpp=8 iter=2 bytes=2684995760 t=0.70s 3.596 GB/s
[a0006 r3] mode=dcp size=10485760 fpp=8 iter=2 bytes=2684995760 t=0.86s 2.917 GB/s
[a0010 r7] mode=dcp size=10485760 fpp=8 iter=2 bytes=2684995760 t=1.10s 2.276 GB/s
[a0003 r0] mode=raw size=104857600 fpp=8 iter=0 bytes=26843545600 t=2.84s 8.796 GB/s
[a0009 r6] mode=raw size=104857600 fpp=8 iter=0 bytes=26843545600 t=3.16s 7.905 GB/s
[a0007 r4] mode=raw size=104857600 fpp=8 iter=0 bytes=26843545600 t=2.80s 8.931 GB/s
[a0005 r2] mode=raw size=104857600 fpp=8 iter=0 bytes=26843545600 t=2.43s 10.269 GB/s
[a0003 r0] mode=raw size=104857600 fpp=8 iter=1 bytes=26843545600 t=3.28s 7.613 GB/s
[a0009 r6] mode=raw size=104857600 fpp=8 iter=1 bytes=26843545600 t=3.32s 7.533 GB/s
[a0008 r5] mode=raw size=104857600 fpp=8 iter=0 bytes=26843545600 t=3.75s 6.671 GB/s
[a0006 r3] mode=raw size=104857600 fpp=8 iter=0 bytes=26843545600 t=2.58s 9.688 GB/s
[a0007 r4] mode=raw size=104857600 fpp=8 iter=1 bytes=26843545600 t=3.39s 7.370 GB/s
[a0004 r1] mode=raw size=104857600 fpp=8 iter=0 bytes=26843545600 t=3.44s 7.274 GB/s
[a0005 r2] mode=raw size=104857600 fpp=8 iter=1 bytes=26843545600 t=3.51s 7.113 GB/s
[a0010 r7] mode=raw size=104857600 fpp=8 iter=0 bytes=26843545600 t=1.88s 13.294 GB/s
[a0003 r0] mode=raw size=104857600 fpp=8 iter=2 bytes=26843545600 t=2.98s 8.397 GB/s
[a0009 r6] mode=raw size=104857600 fpp=8 iter=2 bytes=26843545600 t=2.98s 8.389 GB/s
[a0008 r5] mode=raw size=104857600 fpp=8 iter=1 bytes=26843545600 t=2.94s 8.501 GB/s
[a0007 r4] mode=raw size=104857600 fpp=8 iter=2 bytes=26843545600 t=3.03s 8.262 GB/s
[a0006 r3] mode=raw size=104857600 fpp=8 iter=1 bytes=26843545600 t=3.10s 8.075 GB/s
[a0005 r2] mode=raw size=104857600 fpp=8 iter=2 bytes=26843545600 t=2.71s 9.231 GB/s
[a0004 r1] mode=raw size=104857600 fpp=8 iter=1 bytes=26843545600 t=2.99s 8.352 GB/s
[a0010 r7] mode=raw size=104857600 fpp=8 iter=1 bytes=26843545600 t=2.79s 8.966 GB/s
[a0008 r5] mode=raw size=104857600 fpp=8 iter=2 bytes=26843545600 t=3.13s 7.994 GB/s
[a0006 r3] mode=raw size=104857600 fpp=8 iter=2 bytes=26843545600 t=3.04s 8.220 GB/s
[a0004 r1] mode=raw size=104857600 fpp=8 iter=2 bytes=26843545600 t=2.94s 8.495 GB/s
[a0010 r7] mode=raw size=104857600 fpp=8 iter=2 bytes=26843545600 t=2.90s 8.628 GB/s
[a0005 r2] mode=torch_save size=104857600 fpp=8 iter=0 bytes=26843949312 t=2.58s 9.701 GB/s
[a0007 r4] mode=torch_save size=104857600 fpp=8 iter=0 bytes=26843949312 t=3.01s 8.308 GB/s
[a0009 r6] mode=torch_save size=104857600 fpp=8 iter=0 bytes=26843949312 t=2.83s 8.822 GB/s
[a0003 r0] mode=torch_save size=104857600 fpp=8 iter=0 bytes=26843949312 t=2.88s 8.682 GB/s
[a0005 r2] mode=torch_save size=104857600 fpp=8 iter=1 bytes=26843949312 t=3.13s 7.983 GB/s
[a0007 r4] mode=torch_save size=104857600 fpp=8 iter=1 bytes=26843949312 t=2.96s 8.452 GB/s
[a0006 r3] mode=torch_save size=104857600 fpp=8 iter=0 bytes=26843949312 t=2.70s 9.271 GB/s
[a0009 r6] mode=torch_save size=104857600 fpp=8 iter=1 bytes=26843949312 t=3.41s 7.331 GB/s
[a0008 r5] mode=torch_save size=104857600 fpp=8 iter=0 bytes=26843949312 t=2.86s 8.736 GB/s
[a0003 r0] mode=torch_save size=104857600 fpp=8 iter=1 bytes=26843949312 t=2.82s 8.860 GB/s
[a0004 r1] mode=torch_save size=104857600 fpp=8 iter=0 bytes=26843949312 t=3.25s 7.690 GB/s
[a0010 r7] mode=torch_save size=104857600 fpp=8 iter=0 bytes=26843949312 t=3.32s 7.529 GB/s
[a0005 r2] mode=torch_save size=104857600 fpp=8 iter=2 bytes=26843949312 t=3.40s 7.358 GB/s
[a0006 r3] mode=torch_save size=104857600 fpp=8 iter=1 bytes=26843949312 t=3.18s 7.862 GB/s
[a0007 r4] mode=torch_save size=104857600 fpp=8 iter=2 bytes=26843949312 t=3.49s 7.159 GB/s
[a0009 r6] mode=torch_save size=104857600 fpp=8 iter=2 bytes=26843949312 t=2.84s 8.802 GB/s
[a0008 r5] mode=torch_save size=104857600 fpp=8 iter=1 bytes=26843949312 t=2.70s 9.245 GB/s
[a0003 r0] mode=torch_save size=104857600 fpp=8 iter=2 bytes=26843949312 t=2.78s 8.995 GB/s
[a0004 r1] mode=torch_save size=104857600 fpp=8 iter=1 bytes=26843949312 t=2.97s 8.425 GB/s
[a0006 r3] mode=torch_save size=104857600 fpp=8 iter=2 bytes=26843949312 t=3.08s 8.121 GB/s
[a0008 r5] mode=torch_save size=104857600 fpp=8 iter=2 bytes=26843949312 t=2.81s 8.885 GB/s
[a0010 r7] mode=torch_save size=104857600 fpp=8 iter=1 bytes=26843949312 t=3.53s 7.085 GB/s
[a0004 r1] mode=torch_save size=104857600 fpp=8 iter=2 bytes=26843949312 t=2.03s 12.321 GB/s
[a0010 r7] mode=torch_save size=104857600 fpp=8 iter=2 bytes=26843949312 t=2.00s 12.531 GB/s
[a0005 r2] mode=dcp size=104857600 fpp=8 iter=0 bytes=26844187056 t=2.81s 8.906 GB/s
[a0007 r4] mode=dcp size=104857600 fpp=8 iter=0 bytes=26844186800 t=2.73s 9.152 GB/s
[a0009 r6] mode=dcp size=104857600 fpp=8 iter=0 bytes=26844187056 t=2.57s 9.731 GB/s
[a0003 r0] mode=dcp size=104857600 fpp=8 iter=0 bytes=26844186800 t=2.60s 9.626 GB/s
[a0006 r3] mode=dcp size=104857600 fpp=8 iter=0 bytes=26844186800 t=1.93s 12.983 GB/s
[a0008 r5] mode=dcp size=104857600 fpp=8 iter=0 bytes=26844186800 t=1.87s 13.346 GB/s
[a0007 r4] mode=dcp size=104857600 fpp=8 iter=1 bytes=26844186800 t=2.48s 10.061 GB/s
[a0010 r7] mode=dcp size=104857600 fpp=8 iter=0 bytes=26844186800 t=2.57s 9.743 GB/s
[a0005 r2] mode=dcp size=104857600 fpp=8 iter=1 bytes=26844187056 t=2.64s 9.464 GB/s
[a0004 r1] mode=dcp size=104857600 fpp=8 iter=0 bytes=26844186800 t=2.71s 9.236 GB/s
[a0009 r6] mode=dcp size=104857600 fpp=8 iter=1 bytes=26844187056 t=2.63s 9.518 GB/s
[a0003 r0] mode=dcp size=104857600 fpp=8 iter=1 bytes=26844186800 t=2.33s 10.717 GB/s
[a0006 r3] mode=dcp size=104857600 fpp=8 iter=1 bytes=26844186800 t=1.93s 12.976 GB/s
[a0008 r5] mode=dcp size=104857600 fpp=8 iter=1 bytes=26844186800 t=1.96s 12.739 GB/s
[a0007 r4] mode=dcp size=104857600 fpp=8 iter=2 bytes=26844186800 t=2.77s 9.013 GB/s
[a0009 r6] mode=dcp size=104857600 fpp=8 iter=2 bytes=26844187056 t=2.55s 9.810 GB/s
[a0005 r2] mode=dcp size=104857600 fpp=8 iter=2 bytes=26844187056 t=2.49s 10.030 GB/s
[a0010 r7] mode=dcp size=104857600 fpp=8 iter=1 bytes=26844186800 t=2.87s 8.720 GB/s
[a0004 r1] mode=dcp size=104857600 fpp=8 iter=1 bytes=26844186800 t=2.79s 8.962 GB/s
[a0003 r0] mode=dcp size=104857600 fpp=8 iter=2 bytes=26844186800 t=2.06s 12.140 GB/s
[a0008 r5] mode=dcp size=104857600 fpp=8 iter=2 bytes=26844186800 t=1.90s 13.177 GB/s
[a0006 r3] mode=dcp size=104857600 fpp=8 iter=2 bytes=26844186800 t=1.93s 12.947 GB/s
[a0010 r7] mode=dcp size=104857600 fpp=8 iter=2 bytes=26844186800 t=1.80s 13.890 GB/s
[a0004 r1] mode=dcp size=104857600 fpp=8 iter=2 bytes=26844186800 t=1.99s 12.593 GB/s
Done. Results: results/8node_32cpu_rtx-batch_26089/all.csv
