=== Wed May 20 19:09:15 EDT 2026 mode=write nodes=16 npernode=32 ===
[a0002 r0] base=/work/mit/datasets/test/writebench.a0002.0.2632246.1e718696
[a0013 r11] base=/work/mit/datasets/test/writebench.a0013.11.503131.f331c35e
[a0009 r7] base=/work/mit/datasets/test/writebench.a0009.7.1109630.1b12ec2c
[a0011 r9] base=/work/mit/datasets/test/writebench.a0011.9.471810.89cf8796
[a0012 r10] base=/work/mit/datasets/test/writebench.a0012.10.392301.df1ae1b4
[a0015 r13] base=/work/mit/datasets/test/writebench.a0015.13.395003.51814580
[a0014 r12] base=/work/mit/datasets/test/writebench.a0014.12.486151.bbc4fa19
[a0007 r5] base=/work/mit/datasets/test/writebench.a0007.5.722443.028a2996
[a0008 r6] base=/work/mit/datasets/test/writebench.a0008.6.734238.31150ed7
[a0006 r4] base=/work/mit/datasets/test/writebench.a0006.4.502457.3eea7756
[a0004 r2] base=/work/mit/datasets/test/writebench.a0004.2.163083.5907e801
[a0010 r8] base=/work/mit/datasets/test/writebench.a0010.8.897669.e6da5306
[a0005 r3] base=/work/mit/datasets/test/writebench.a0005.3.1299495.35ff8f35
[a0017 r15] base=/work/mit/datasets/test/writebench.a0017.15.72516.55841230
[a0016 r14] base=/work/mit/datasets/test/writebench.a0016.14.326758.cca9d20d
[a0003 r1] base=/work/mit/datasets/test/writebench.a0003.1.852141.4cfd5b26
[a0011 r9] mode=raw size=102400 fpp=8 iter=0 bytes=26214400 t=0.29s 0.085 GB/s
[a0009 r7] mode=raw size=102400 fpp=8 iter=0 bytes=26214400 t=0.30s 0.080 GB/s
[a0008 r6] mode=raw size=102400 fpp=8 iter=0 bytes=26214400 t=0.32s 0.077 GB/s
[a0007 r5] mode=raw size=102400 fpp=8 iter=0 bytes=26214400 t=0.32s 0.077 GB/s
[a0012 r10] mode=raw size=102400 fpp=8 iter=0 bytes=26214400 t=0.33s 0.075 GB/s
[a0010 r8] mode=raw size=102400 fpp=8 iter=0 bytes=26214400 t=0.34s 0.072 GB/s
[a0005 r3] mode=raw size=102400 fpp=8 iter=0 bytes=26214400 t=0.33s 0.074 GB/s
[a0002 r0] mode=raw size=102400 fpp=8 iter=0 bytes=26214400 t=0.36s 0.068 GB/s
[a0015 r13] mode=raw size=102400 fpp=8 iter=0 bytes=26214400 t=0.36s 0.069 GB/s
[a0014 r12] mode=raw size=102400 fpp=8 iter=0 bytes=26214400 t=0.33s 0.073 GB/s
[a0004 r2] mode=raw size=102400 fpp=8 iter=0 bytes=26214400 t=0.34s 0.071 GB/s
[a0006 r4] mode=raw size=102400 fpp=8 iter=0 bytes=26214400 t=0.34s 0.071 GB/s
[a0013 r11] mode=raw size=102400 fpp=8 iter=0 bytes=26214400 t=0.35s 0.069 GB/s
[a0017 r15] mode=raw size=102400 fpp=8 iter=0 bytes=26214400 t=0.31s 0.079 GB/s
[a0016 r14] mode=raw size=102400 fpp=8 iter=0 bytes=26214400 t=0.32s 0.076 GB/s
[a0003 r1] mode=raw size=102400 fpp=8 iter=0 bytes=26214400 t=0.32s 0.076 GB/s
[a0011 r9] mode=raw size=102400 fpp=8 iter=1 bytes=26214400 t=0.29s 0.084 GB/s
[a0009 r7] mode=raw size=102400 fpp=8 iter=1 bytes=26214400 t=0.31s 0.080 GB/s
[a0008 r6] mode=raw size=102400 fpp=8 iter=1 bytes=26214400 t=0.30s 0.081 GB/s
[a0007 r5] mode=raw size=102400 fpp=8 iter=1 bytes=26214400 t=0.33s 0.075 GB/s
[a0012 r10] mode=raw size=102400 fpp=8 iter=1 bytes=26214400 t=0.33s 0.075 GB/s
[a0005 r3] mode=raw size=102400 fpp=8 iter=1 bytes=26214400 t=0.33s 0.074 GB/s
[a0010 r8] mode=raw size=102400 fpp=8 iter=1 bytes=26214400 t=0.33s 0.074 GB/s
[a0014 r12] mode=raw size=102400 fpp=8 iter=1 bytes=26214400 t=0.33s 0.074 GB/s
[a0015 r13] mode=raw size=102400 fpp=8 iter=1 bytes=26214400 t=0.35s 0.070 GB/s
[a0004 r2] mode=raw size=102400 fpp=8 iter=1 bytes=26214400 t=0.34s 0.071 GB/s
[a0002 r0] mode=raw size=102400 fpp=8 iter=1 bytes=26214400 t=0.36s 0.069 GB/s
[a0006 r4] mode=raw size=102400 fpp=8 iter=1 bytes=26214400 t=0.34s 0.072 GB/s
[a0013 r11] mode=raw size=102400 fpp=8 iter=1 bytes=26214400 t=0.36s 0.067 GB/s
[a0017 r15] mode=raw size=102400 fpp=8 iter=1 bytes=26214400 t=0.32s 0.076 GB/s
[a0016 r14] mode=raw size=102400 fpp=8 iter=1 bytes=26214400 t=0.32s 0.076 GB/s
[a0011 r9] mode=raw size=102400 fpp=8 iter=2 bytes=26214400 t=0.28s 0.087 GB/s
[a0003 r1] mode=raw size=102400 fpp=8 iter=1 bytes=26214400 t=0.32s 0.076 GB/s
[a0009 r7] mode=raw size=102400 fpp=8 iter=2 bytes=26214400 t=0.31s 0.078 GB/s
[a0008 r6] mode=raw size=102400 fpp=8 iter=2 bytes=26214400 t=0.30s 0.082 GB/s
[a0007 r5] mode=raw size=102400 fpp=8 iter=2 bytes=26214400 t=0.32s 0.076 GB/s
[a0012 r10] mode=raw size=102400 fpp=8 iter=2 bytes=26214400 t=0.32s 0.076 GB/s
[a0005 r3] mode=raw size=102400 fpp=8 iter=2 bytes=26214400 t=0.32s 0.076 GB/s
[a0010 r8] mode=raw size=102400 fpp=8 iter=2 bytes=26214400 t=0.32s 0.075 GB/s
[a0006 r4] mode=raw size=102400 fpp=8 iter=2 bytes=26214400 t=0.32s 0.075 GB/s
[a0014 r12] mode=raw size=102400 fpp=8 iter=2 bytes=26214400 t=0.33s 0.074 GB/s
[a0004 r2] mode=raw size=102400 fpp=8 iter=2 bytes=26214400 t=0.34s 0.073 GB/s
[a0015 r13] mode=raw size=102400 fpp=8 iter=2 bytes=26214400 t=0.34s 0.071 GB/s
[a0002 r0] mode=raw size=102400 fpp=8 iter=2 bytes=26214400 t=0.35s 0.069 GB/s
[a0013 r11] mode=raw size=102400 fpp=8 iter=2 bytes=26214400 t=0.34s 0.071 GB/s
[a0017 r15] mode=raw size=102400 fpp=8 iter=2 bytes=26214400 t=0.33s 0.075 GB/s
[a0016 r14] mode=raw size=102400 fpp=8 iter=2 bytes=26214400 t=0.31s 0.078 GB/s
[a0003 r1] mode=raw size=102400 fpp=8 iter=2 bytes=26214400 t=0.31s 0.078 GB/s
[a0011 r9] mode=torch_save size=102400 fpp=8 iter=0 bytes=26618112 t=0.30s 0.083 GB/s
[a0008 r6] mode=torch_save size=102400 fpp=8 iter=0 bytes=26618112 t=0.30s 0.083 GB/s
[a0009 r7] mode=torch_save size=102400 fpp=8 iter=0 bytes=26618112 t=0.33s 0.074 GB/s
[a0012 r10] mode=torch_save size=102400 fpp=8 iter=0 bytes=26618112 t=0.32s 0.078 GB/s
[a0007 r5] mode=torch_save size=102400 fpp=8 iter=0 bytes=26618112 t=0.31s 0.079 GB/s
[a0010 r8] mode=torch_save size=102400 fpp=8 iter=0 bytes=26618112 t=0.31s 0.079 GB/s
[a0005 r3] mode=torch_save size=102400 fpp=8 iter=0 bytes=26618112 t=0.32s 0.078 GB/s
[a0006 r4] mode=torch_save size=102400 fpp=8 iter=0 bytes=26618112 t=0.34s 0.073 GB/s
[a0014 r12] mode=torch_save size=102400 fpp=8 iter=0 bytes=26618112 t=0.34s 0.072 GB/s
[a0004 r2] mode=torch_save size=102400 fpp=8 iter=0 bytes=26618112 t=0.32s 0.077 GB/s
[a0015 r13] mode=torch_save size=102400 fpp=8 iter=0 bytes=26618112 t=0.33s 0.075 GB/s
[a0017 r15] mode=torch_save size=102400 fpp=8 iter=0 bytes=26618112 t=0.32s 0.077 GB/s
[a0016 r14] mode=torch_save size=102400 fpp=8 iter=0 bytes=26618112 t=0.34s 0.073 GB/s
[a0002 r0] mode=torch_save size=102400 fpp=8 iter=0 bytes=26618112 t=0.36s 0.069 GB/s
[a0013 r11] mode=torch_save size=102400 fpp=8 iter=0 bytes=26618112 t=0.41s 0.060 GB/s
[a0011 r9] mode=torch_save size=102400 fpp=8 iter=1 bytes=26618112 t=0.30s 0.082 GB/s
[a0008 r6] mode=torch_save size=102400 fpp=8 iter=1 bytes=26618112 t=0.31s 0.079 GB/s
[a0003 r1] mode=torch_save size=102400 fpp=8 iter=0 bytes=26618112 t=0.31s 0.079 GB/s
[a0009 r7] mode=torch_save size=102400 fpp=8 iter=1 bytes=26618112 t=0.31s 0.079 GB/s
[a0012 r10] mode=torch_save size=102400 fpp=8 iter=1 bytes=26618112 t=0.31s 0.080 GB/s
[a0007 r5] mode=torch_save size=102400 fpp=8 iter=1 bytes=26618112 t=0.33s 0.075 GB/s
[a0010 r8] mode=torch_save size=102400 fpp=8 iter=1 bytes=26618112 t=0.32s 0.077 GB/s
[a0005 r3] mode=torch_save size=102400 fpp=8 iter=1 bytes=26618112 t=0.32s 0.078 GB/s
[a0004 r2] mode=torch_save size=102400 fpp=8 iter=1 bytes=26618112 t=0.32s 0.077 GB/s
[a0006 r4] mode=torch_save size=102400 fpp=8 iter=1 bytes=26618112 t=0.34s 0.073 GB/s
[a0017 r15] mode=torch_save size=102400 fpp=8 iter=1 bytes=26618112 t=0.34s 0.073 GB/s
[a0014 r12] mode=torch_save size=102400 fpp=8 iter=1 bytes=26618112 t=0.34s 0.072 GB/s
[a0016 r14] mode=torch_save size=102400 fpp=8 iter=1 bytes=26618112 t=0.34s 0.073 GB/s
[a0015 r13] mode=torch_save size=102400 fpp=8 iter=1 bytes=26618112 t=0.36s 0.068 GB/s
[a0013 r11] mode=torch_save size=102400 fpp=8 iter=1 bytes=26618112 t=0.34s 0.073 GB/s
[a0002 r0] mode=torch_save size=102400 fpp=8 iter=1 bytes=26618112 t=0.36s 0.069 GB/s
[a0011 r9] mode=torch_save size=102400 fpp=8 iter=2 bytes=26618112 t=0.32s 0.077 GB/s
[a0003 r1] mode=torch_save size=102400 fpp=8 iter=1 bytes=26618112 t=0.32s 0.077 GB/s
[a0009 r7] mode=torch_save size=102400 fpp=8 iter=2 bytes=26618112 t=0.32s 0.076 GB/s
[a0012 r10] mode=torch_save size=102400 fpp=8 iter=2 bytes=26618112 t=0.32s 0.077 GB/s
[a0008 r6] mode=torch_save size=102400 fpp=8 iter=2 bytes=26618112 t=0.47s 0.052 GB/s
[a0007 r5] mode=torch_save size=102400 fpp=8 iter=2 bytes=26618112 t=0.34s 0.072 GB/s
[a0010 r8] mode=torch_save size=102400 fpp=8 iter=2 bytes=26618112 t=0.32s 0.077 GB/s
[a0005 r3] mode=torch_save size=102400 fpp=8 iter=2 bytes=26618112 t=0.33s 0.076 GB/s
[a0004 r2] mode=torch_save size=102400 fpp=8 iter=2 bytes=26618112 t=0.33s 0.075 GB/s
[a0006 r4] mode=torch_save size=102400 fpp=8 iter=2 bytes=26618112 t=0.35s 0.072 GB/s
[a0017 r15] mode=torch_save size=102400 fpp=8 iter=2 bytes=26618112 t=0.34s 0.073 GB/s
[a0016 r14] mode=torch_save size=102400 fpp=8 iter=2 bytes=26618112 t=0.35s 0.071 GB/s
[a0014 r12] mode=torch_save size=102400 fpp=8 iter=2 bytes=26618112 t=0.36s 0.069 GB/s
[a0015 r13] mode=torch_save size=102400 fpp=8 iter=2 bytes=26618112 t=0.37s 0.066 GB/s
[a0013 r11] mode=torch_save size=102400 fpp=8 iter=2 bytes=26618112 t=0.35s 0.072 GB/s
[a0003 r1] mode=torch_save size=102400 fpp=8 iter=2 bytes=26618112 t=0.32s 0.076 GB/s
[a0002 r0] mode=torch_save size=102400 fpp=8 iter=2 bytes=26618112 t=0.38s 0.066 GB/s
[a0011 r9] mode=dcp size=102400 fpp=8 iter=0 bytes=26854576 t=0.35s 0.072 GB/s
[a0009 r7] mode=dcp size=102400 fpp=8 iter=0 bytes=26854832 t=0.34s 0.073 GB/s
[a0008 r6] mode=dcp size=102400 fpp=8 iter=0 bytes=26854576 t=0.36s 0.070 GB/s
[a0010 r8] mode=dcp size=102400 fpp=8 iter=0 bytes=26854576 t=0.34s 0.073 GB/s
[a0005 r3] mode=dcp size=102400 fpp=8 iter=0 bytes=26854832 t=0.36s 0.069 GB/s
[a0007 r5] mode=dcp size=102400 fpp=8 iter=0 bytes=26854576 t=0.36s 0.070 GB/s
[a0012 r10] mode=dcp size=102400 fpp=8 iter=0 bytes=26854832 t=0.39s 0.064 GB/s
[a0004 r2] mode=dcp size=102400 fpp=8 iter=0 bytes=26854576 t=0.35s 0.072 GB/s
[a0017 r15] mode=dcp size=102400 fpp=8 iter=0 bytes=26854576 t=0.36s 0.070 GB/s
[a0016 r14] mode=dcp size=102400 fpp=8 iter=0 bytes=26854832 t=0.36s 0.070 GB/s
[a0006 r4] mode=dcp size=102400 fpp=8 iter=0 bytes=26854576 t=0.37s 0.067 GB/s
[a0003 r1] mode=dcp size=102400 fpp=8 iter=0 bytes=26854576 t=0.36s 0.070 GB/s
[a0014 r12] mode=dcp size=102400 fpp=8 iter=0 bytes=26854832 t=0.39s 0.063 GB/s
[a0015 r13] mode=dcp size=102400 fpp=8 iter=0 bytes=26854832 t=0.37s 0.068 GB/s
[a0013 r11] mode=dcp size=102400 fpp=8 iter=0 bytes=26854832 t=0.41s 0.061 GB/s
[a0002 r0] mode=dcp size=102400 fpp=8 iter=0 bytes=26854832 t=0.39s 0.064 GB/s
[a0011 r9] mode=dcp size=102400 fpp=8 iter=1 bytes=26854576 t=0.33s 0.077 GB/s
[a0009 r7] mode=dcp size=102400 fpp=8 iter=1 bytes=26854832 t=0.34s 0.074 GB/s
[a0010 r8] mode=dcp size=102400 fpp=8 iter=1 bytes=26854576 t=0.33s 0.076 GB/s
[a0008 r6] mode=dcp size=102400 fpp=8 iter=1 bytes=26854576 t=0.34s 0.073 GB/s
[a0005 r3] mode=dcp size=102400 fpp=8 iter=1 bytes=26854832 t=0.35s 0.072 GB/s
[a0007 r5] mode=dcp size=102400 fpp=8 iter=1 bytes=26854576 t=0.35s 0.072 GB/s
[a0012 r10] mode=dcp size=102400 fpp=8 iter=1 bytes=26854832 t=0.38s 0.066 GB/s
[a0004 r2] mode=dcp size=102400 fpp=8 iter=1 bytes=26854576 t=0.34s 0.073 GB/s
[a0016 r14] mode=dcp size=102400 fpp=8 iter=1 bytes=26854832 t=0.34s 0.074 GB/s
[a0017 r15] mode=dcp size=102400 fpp=8 iter=1 bytes=26854576 t=0.34s 0.073 GB/s
[a0006 r4] mode=dcp size=102400 fpp=8 iter=1 bytes=26854576 t=0.36s 0.070 GB/s
[a0003 r1] mode=dcp size=102400 fpp=8 iter=1 bytes=26854576 t=0.33s 0.076 GB/s
[a0014 r12] mode=dcp size=102400 fpp=8 iter=1 bytes=26854832 t=0.35s 0.072 GB/s
[a0015 r13] mode=dcp size=102400 fpp=8 iter=1 bytes=26854832 t=0.36s 0.070 GB/s
[a0013 r11] mode=dcp size=102400 fpp=8 iter=1 bytes=26854832 t=0.37s 0.067 GB/s
[a0002 r0] mode=dcp size=102400 fpp=8 iter=1 bytes=26854832 t=0.35s 0.071 GB/s
[a0011 r9] mode=dcp size=102400 fpp=8 iter=2 bytes=26854576 t=0.32s 0.077 GB/s
[a0009 r7] mode=dcp size=102400 fpp=8 iter=2 bytes=26854832 t=0.34s 0.075 GB/s
[a0010 r8] mode=dcp size=102400 fpp=8 iter=2 bytes=26854576 t=0.34s 0.074 GB/s
[a0005 r3] mode=dcp size=102400 fpp=8 iter=2 bytes=26854832 t=0.34s 0.073 GB/s
[a0007 r5] mode=dcp size=102400 fpp=8 iter=2 bytes=26854576 t=0.35s 0.072 GB/s
[a0008 r6] mode=dcp size=102400 fpp=8 iter=2 bytes=26854576 t=0.34s 0.074 GB/s
[a0004 r2] mode=dcp size=102400 fpp=8 iter=2 bytes=26854576 t=0.34s 0.075 GB/s
[a0012 r10] mode=dcp size=102400 fpp=8 iter=2 bytes=26854832 t=0.35s 0.071 GB/s
[a0016 r14] mode=dcp size=102400 fpp=8 iter=2 bytes=26854832 t=0.33s 0.075 GB/s
[a0017 r15] mode=dcp size=102400 fpp=8 iter=2 bytes=26854576 t=0.34s 0.074 GB/s
[a0006 r4] mode=dcp size=102400 fpp=8 iter=2 bytes=26854576 t=0.35s 0.071 GB/s
[a0003 r1] mode=dcp size=102400 fpp=8 iter=2 bytes=26854576 t=0.33s 0.076 GB/s
[a0014 r12] mode=dcp size=102400 fpp=8 iter=2 bytes=26854832 t=0.35s 0.071 GB/s
[a0013 r11] mode=dcp size=102400 fpp=8 iter=2 bytes=26854832 t=0.35s 0.072 GB/s
[a0015 r13] mode=dcp size=102400 fpp=8 iter=2 bytes=26854832 t=0.35s 0.072 GB/s
[a0002 r0] mode=dcp size=102400 fpp=8 iter=2 bytes=26854832 t=0.34s 0.073 GB/s
[a0011 r9] mode=raw size=1048576 fpp=8 iter=0 bytes=268435456 t=0.29s 0.867 GB/s
[a0009 r7] mode=raw size=1048576 fpp=8 iter=0 bytes=268435456 t=0.30s 0.827 GB/s
[a0010 r8] mode=raw size=1048576 fpp=8 iter=0 bytes=268435456 t=0.32s 0.789 GB/s
[a0007 r5] mode=raw size=1048576 fpp=8 iter=0 bytes=268435456 t=0.31s 0.807 GB/s
[a0008 r6] mode=raw size=1048576 fpp=8 iter=0 bytes=268435456 t=0.31s 0.803 GB/s
[a0005 r3] mode=raw size=1048576 fpp=8 iter=0 bytes=268435456 t=0.33s 0.762 GB/s
[a0004 r2] mode=raw size=1048576 fpp=8 iter=0 bytes=268435456 t=0.31s 0.795 GB/s
[a0012 r10] mode=raw size=1048576 fpp=8 iter=0 bytes=268435456 t=0.33s 0.767 GB/s
[a0017 r15] mode=raw size=1048576 fpp=8 iter=0 bytes=268435456 t=0.30s 0.826 GB/s
[a0016 r14] mode=raw size=1048576 fpp=8 iter=0 bytes=268435456 t=0.30s 0.837 GB/s
[a0011 r9] mode=raw size=1048576 fpp=8 iter=1 bytes=268435456 t=0.29s 0.856 GB/s
[a0003 r1] mode=raw size=1048576 fpp=8 iter=0 bytes=268435456 t=0.27s 0.930 GB/s
[a0006 r4] mode=raw size=1048576 fpp=8 iter=0 bytes=268435456 t=0.30s 0.832 GB/s
[a0009 r7] mode=raw size=1048576 fpp=8 iter=1 bytes=268435456 t=0.30s 0.839 GB/s
[a0013 r11] mode=raw size=1048576 fpp=8 iter=0 bytes=268435456 t=0.30s 0.823 GB/s
[a0014 r12] mode=raw size=1048576 fpp=8 iter=0 bytes=268435456 t=0.32s 0.773 GB/s
[a0010 r8] mode=raw size=1048576 fpp=8 iter=1 bytes=268435456 t=0.29s 0.851 GB/s
[a0007 r5] mode=raw size=1048576 fpp=8 iter=1 bytes=268435456 t=0.30s 0.830 GB/s
[a0015 r13] mode=raw size=1048576 fpp=8 iter=0 bytes=268435456 t=0.32s 0.793 GB/s
[a0008 r6] mode=raw size=1048576 fpp=8 iter=1 bytes=268435456 t=0.31s 0.819 GB/s
[a0004 r2] mode=raw size=1048576 fpp=8 iter=1 bytes=268435456 t=0.31s 0.804 GB/s
[a0005 r3] mode=raw size=1048576 fpp=8 iter=1 bytes=268435456 t=0.31s 0.795 GB/s
[a0002 r0] mode=raw size=1048576 fpp=8 iter=0 bytes=268435456 t=0.32s 0.790 GB/s
[a0012 r10] mode=raw size=1048576 fpp=8 iter=1 bytes=268435456 t=0.32s 0.791 GB/s
[a0016 r14] mode=raw size=1048576 fpp=8 iter=1 bytes=268435456 t=0.29s 0.850 GB/s
[a0017 r15] mode=raw size=1048576 fpp=8 iter=1 bytes=268435456 t=0.30s 0.827 GB/s
[a0003 r1] mode=raw size=1048576 fpp=8 iter=1 bytes=268435456 t=0.28s 0.904 GB/s
[a0011 r9] mode=raw size=1048576 fpp=8 iter=2 bytes=268435456 t=0.29s 0.864 GB/s
[a0006 r4] mode=raw size=1048576 fpp=8 iter=1 bytes=268435456 t=0.29s 0.862 GB/s
[a0009 r7] mode=raw size=1048576 fpp=8 iter=2 bytes=268435456 t=0.30s 0.842 GB/s
[a0013 r11] mode=raw size=1048576 fpp=8 iter=1 bytes=268435456 t=0.29s 0.852 GB/s
[a0010 r8] mode=raw size=1048576 fpp=8 iter=2 bytes=268435456 t=0.30s 0.847 GB/s
[a0007 r5] mode=raw size=1048576 fpp=8 iter=2 bytes=268435456 t=0.32s 0.783 GB/s
[a0014 r12] mode=raw size=1048576 fpp=8 iter=1 bytes=268435456 t=0.33s 0.753 GB/s
[a0008 r6] mode=raw size=1048576 fpp=8 iter=2 bytes=268435456 t=0.31s 0.818 GB/s
[a0004 r2] mode=raw size=1048576 fpp=8 iter=2 bytes=268435456 t=0.31s 0.818 GB/s
[a0005 r3] mode=raw size=1048576 fpp=8 iter=2 bytes=268435456 t=0.32s 0.787 GB/s
[a0002 r0] mode=raw size=1048576 fpp=8 iter=1 bytes=268435456 t=0.33s 0.762 GB/s
[a0015 r13] mode=raw size=1048576 fpp=8 iter=1 bytes=268435456 t=0.42s 0.593 GB/s
[a0012 r10] mode=raw size=1048576 fpp=8 iter=2 bytes=268435456 t=0.33s 0.759 GB/s
[a0003 r1] mode=raw size=1048576 fpp=8 iter=2 bytes=268435456 t=0.28s 0.896 GB/s
[a0016 r14] mode=raw size=1048576 fpp=8 iter=2 bytes=268435456 t=0.30s 0.829 GB/s
[a0017 r15] mode=raw size=1048576 fpp=8 iter=2 bytes=268435456 t=0.31s 0.809 GB/s
[a0006 r4] mode=raw size=1048576 fpp=8 iter=2 bytes=268435456 t=0.31s 0.807 GB/s
[a0013 r11] mode=raw size=1048576 fpp=8 iter=2 bytes=268435456 t=0.29s 0.868 GB/s
[a0014 r12] mode=raw size=1048576 fpp=8 iter=2 bytes=268435456 t=0.34s 0.729 GB/s
[a0002 r0] mode=raw size=1048576 fpp=8 iter=2 bytes=268435456 t=0.37s 0.681 GB/s
[a0011 r9] mode=torch_save size=1048576 fpp=8 iter=0 bytes=268839168 t=0.30s 0.835 GB/s
[a0015 r13] mode=raw size=1048576 fpp=8 iter=2 bytes=268435456 t=0.33s 0.752 GB/s
[a0009 r7] mode=torch_save size=1048576 fpp=8 iter=0 bytes=268839168 t=0.30s 0.847 GB/s
[a0010 r8] mode=torch_save size=1048576 fpp=8 iter=0 bytes=268839168 t=0.30s 0.832 GB/s
[a0004 r2] mode=torch_save size=1048576 fpp=8 iter=0 bytes=268839168 t=0.31s 0.817 GB/s
[a0007 r5] mode=torch_save size=1048576 fpp=8 iter=0 bytes=268839168 t=0.34s 0.747 GB/s
[a0008 r6] mode=torch_save size=1048576 fpp=8 iter=0 bytes=268839168 t=0.34s 0.745 GB/s
[a0005 r3] mode=torch_save size=1048576 fpp=8 iter=0 bytes=268839168 t=0.33s 0.770 GB/s
[a0003 r1] mode=torch_save size=1048576 fpp=8 iter=0 bytes=268839168 t=0.30s 0.836 GB/s
[a0012 r10] mode=torch_save size=1048576 fpp=8 iter=0 bytes=268839168 t=0.33s 0.757 GB/s
[a0016 r14] mode=torch_save size=1048576 fpp=8 iter=0 bytes=268839168 t=0.34s 0.733 GB/s
[a0017 r15] mode=torch_save size=1048576 fpp=8 iter=0 bytes=268839168 t=0.32s 0.785 GB/s
[a0011 r9] mode=torch_save size=1048576 fpp=8 iter=1 bytes=268839168 t=0.31s 0.797 GB/s
[a0006 r4] mode=torch_save size=1048576 fpp=8 iter=0 bytes=268839168 t=0.34s 0.741 GB/s
[a0009 r7] mode=torch_save size=1048576 fpp=8 iter=1 bytes=268839168 t=0.29s 0.856 GB/s
[a0013 r11] mode=torch_save size=1048576 fpp=8 iter=0 bytes=268839168 t=0.32s 0.788 GB/s
[a0010 r8] mode=torch_save size=1048576 fpp=8 iter=1 bytes=268839168 t=0.30s 0.828 GB/s
[a0004 r2] mode=torch_save size=1048576 fpp=8 iter=1 bytes=268839168 t=0.30s 0.828 GB/s
[a0007 r5] mode=torch_save size=1048576 fpp=8 iter=1 bytes=268839168 t=0.33s 0.764 GB/s
[a0008 r6] mode=torch_save size=1048576 fpp=8 iter=1 bytes=268839168 t=0.32s 0.793 GB/s
[a0003 r1] mode=torch_save size=1048576 fpp=8 iter=1 bytes=268839168 t=0.31s 0.808 GB/s
[a0005 r3] mode=torch_save size=1048576 fpp=8 iter=1 bytes=268839168 t=0.32s 0.794 GB/s
[a0014 r12] mode=torch_save size=1048576 fpp=8 iter=0 bytes=268839168 t=0.33s 0.766 GB/s
[a0012 r10] mode=torch_save size=1048576 fpp=8 iter=1 bytes=268839168 t=0.33s 0.764 GB/s
[a0002 r0] mode=torch_save size=1048576 fpp=8 iter=0 bytes=268839168 t=0.33s 0.763 GB/s
[a0016 r14] mode=torch_save size=1048576 fpp=8 iter=1 bytes=268839168 t=0.32s 0.780 GB/s
[a0017 r15] mode=torch_save size=1048576 fpp=8 iter=1 bytes=268839168 t=0.33s 0.763 GB/s
[a0011 r9] mode=torch_save size=1048576 fpp=8 iter=2 bytes=268839168 t=0.32s 0.782 GB/s
[a0006 r4] mode=torch_save size=1048576 fpp=8 iter=1 bytes=268839168 t=0.34s 0.736 GB/s
[a0009 r7] mode=torch_save size=1048576 fpp=8 iter=2 bytes=268839168 t=0.31s 0.797 GB/s
[a0015 r13] mode=torch_save size=1048576 fpp=8 iter=0 bytes=268839168 t=0.33s 0.762 GB/s
[a0013 r11] mode=torch_save size=1048576 fpp=8 iter=1 bytes=268839168 t=0.32s 0.777 GB/s
[a0010 r8] mode=torch_save size=1048576 fpp=8 iter=2 bytes=268839168 t=0.30s 0.839 GB/s
[a0004 r2] mode=torch_save size=1048576 fpp=8 iter=2 bytes=268839168 t=0.30s 0.848 GB/s
[a0007 r5] mode=torch_save size=1048576 fpp=8 iter=2 bytes=268839168 t=0.31s 0.809 GB/s
[a0003 r1] mode=torch_save size=1048576 fpp=8 iter=2 bytes=268839168 t=0.32s 0.780 GB/s
[a0005 r3] mode=torch_save size=1048576 fpp=8 iter=2 bytes=268839168 t=0.31s 0.806 GB/s
[a0008 r6] mode=torch_save size=1048576 fpp=8 iter=2 bytes=268839168 t=0.33s 0.769 GB/s
[a0014 r12] mode=torch_save size=1048576 fpp=8 iter=1 bytes=268839168 t=0.34s 0.730 GB/s
[a0016 r14] mode=torch_save size=1048576 fpp=8 iter=2 bytes=268839168 t=0.32s 0.773 GB/s
[a0012 r10] mode=torch_save size=1048576 fpp=8 iter=2 bytes=268839168 t=0.33s 0.753 GB/s
[a0017 r15] mode=torch_save size=1048576 fpp=8 iter=2 bytes=268839168 t=0.32s 0.794 GB/s
[a0002 r0] mode=torch_save size=1048576 fpp=8 iter=1 bytes=268839168 t=0.33s 0.751 GB/s
[a0006 r4] mode=torch_save size=1048576 fpp=8 iter=2 bytes=268839168 t=0.32s 0.791 GB/s
[a0015 r13] mode=torch_save size=1048576 fpp=8 iter=1 bytes=268839168 t=0.32s 0.777 GB/s
[a0013 r11] mode=torch_save size=1048576 fpp=8 iter=2 bytes=268839168 t=0.34s 0.733 GB/s
[a0014 r12] mode=torch_save size=1048576 fpp=8 iter=2 bytes=268839168 t=0.33s 0.753 GB/s
[a0002 r0] mode=torch_save size=1048576 fpp=8 iter=2 bytes=268839168 t=0.33s 0.756 GB/s
[a0015 r13] mode=torch_save size=1048576 fpp=8 iter=2 bytes=268839168 t=0.31s 0.808 GB/s
[a0011 r9] mode=dcp size=1048576 fpp=8 iter=0 bytes=269076656 t=0.37s 0.671 GB/s
[a0009 r7] mode=dcp size=1048576 fpp=8 iter=0 bytes=269076912 t=0.38s 0.653 GB/s
[a0010 r8] mode=dcp size=1048576 fpp=8 iter=0 bytes=269076656 t=0.39s 0.651 GB/s
[a0004 r2] mode=dcp size=1048576 fpp=8 iter=0 bytes=269076656 t=0.38s 0.655 GB/s
[a0007 r5] mode=dcp size=1048576 fpp=8 iter=0 bytes=269076656 t=0.39s 0.637 GB/s
[a0008 r6] mode=dcp size=1048576 fpp=8 iter=0 bytes=269076656 t=0.40s 0.633 GB/s
[a0005 r3] mode=dcp size=1048576 fpp=8 iter=0 bytes=269076912 t=0.40s 0.629 GB/s
[a0003 r1] mode=dcp size=1048576 fpp=8 iter=0 bytes=269076656 t=0.40s 0.627 GB/s
[a0017 r15] mode=dcp size=1048576 fpp=8 iter=0 bytes=269076656 t=0.38s 0.655 GB/s
[a0016 r14] mode=dcp size=1048576 fpp=8 iter=0 bytes=269076912 t=0.39s 0.647 GB/s
[a0012 r10] mode=dcp size=1048576 fpp=8 iter=0 bytes=269076912 t=0.41s 0.615 GB/s
[a0006 r4] mode=dcp size=1048576 fpp=8 iter=0 bytes=269076656 t=0.45s 0.553 GB/s
[a0013 r11] mode=dcp size=1048576 fpp=8 iter=0 bytes=269076912 t=0.39s 0.647 GB/s
[a0014 r12] mode=dcp size=1048576 fpp=8 iter=0 bytes=269076912 t=0.41s 0.609 GB/s
[a0002 r0] mode=dcp size=1048576 fpp=8 iter=0 bytes=269076912 t=0.41s 0.616 GB/s
[a0011 r9] mode=dcp size=1048576 fpp=8 iter=1 bytes=269076656 t=0.38s 0.661 GB/s
[a0015 r13] mode=dcp size=1048576 fpp=8 iter=0 bytes=269076912 t=0.40s 0.626 GB/s
[a0009 r7] mode=dcp size=1048576 fpp=8 iter=1 bytes=269076912 t=0.39s 0.641 GB/s
[a0010 r8] mode=dcp size=1048576 fpp=8 iter=1 bytes=269076656 t=0.41s 0.618 GB/s
[a0004 r2] mode=dcp size=1048576 fpp=8 iter=1 bytes=269076656 t=0.41s 0.609 GB/s
[a0007 r5] mode=dcp size=1048576 fpp=8 iter=1 bytes=269076656 t=0.40s 0.627 GB/s
[a0008 r6] mode=dcp size=1048576 fpp=8 iter=1 bytes=269076656 t=0.37s 0.678 GB/s
[a0005 r3] mode=dcp size=1048576 fpp=8 iter=1 bytes=269076912 t=0.41s 0.615 GB/s
[a0003 r1] mode=dcp size=1048576 fpp=8 iter=1 bytes=269076656 t=0.40s 0.628 GB/s
[a0016 r14] mode=dcp size=1048576 fpp=8 iter=1 bytes=269076912 t=0.37s 0.676 GB/s
[a0017 r15] mode=dcp size=1048576 fpp=8 iter=1 bytes=269076656 t=0.41s 0.615 GB/s
[a0012 r10] mode=dcp size=1048576 fpp=8 iter=1 bytes=269076912 t=0.41s 0.612 GB/s
[a0006 r4] mode=dcp size=1048576 fpp=8 iter=1 bytes=269076656 t=0.41s 0.609 GB/s
[a0013 r11] mode=dcp size=1048576 fpp=8 iter=1 bytes=269076912 t=0.38s 0.658 GB/s
[a0014 r12] mode=dcp size=1048576 fpp=8 iter=1 bytes=269076912 t=0.44s 0.572 GB/s
[a0002 r0] mode=dcp size=1048576 fpp=8 iter=1 bytes=269076912 t=0.46s 0.551 GB/s
[a0011 r9] mode=dcp size=1048576 fpp=8 iter=2 bytes=269076656 t=0.39s 0.640 GB/s
[a0015 r13] mode=dcp size=1048576 fpp=8 iter=1 bytes=269076912 t=0.38s 0.662 GB/s
[a0009 r7] mode=dcp size=1048576 fpp=8 iter=2 bytes=269076912 t=0.40s 0.634 GB/s
[a0010 r8] mode=dcp size=1048576 fpp=8 iter=2 bytes=269076656 t=0.40s 0.634 GB/s
[a0008 r6] mode=dcp size=1048576 fpp=8 iter=2 bytes=269076656 t=0.38s 0.665 GB/s
[a0007 r5] mode=dcp size=1048576 fpp=8 iter=2 bytes=269076656 t=0.39s 0.635 GB/s
[a0004 r2] mode=dcp size=1048576 fpp=8 iter=2 bytes=269076656 t=0.41s 0.613 GB/s
[a0005 r3] mode=dcp size=1048576 fpp=8 iter=2 bytes=269076912 t=0.41s 0.614 GB/s
[a0003 r1] mode=dcp size=1048576 fpp=8 iter=2 bytes=269076656 t=0.39s 0.643 GB/s
[a0016 r14] mode=dcp size=1048576 fpp=8 iter=2 bytes=269076912 t=0.38s 0.653 GB/s
[a0017 r15] mode=dcp size=1048576 fpp=8 iter=2 bytes=269076656 t=0.40s 0.627 GB/s
[a0012 r10] mode=dcp size=1048576 fpp=8 iter=2 bytes=269076912 t=0.40s 0.629 GB/s
[a0006 r4] mode=dcp size=1048576 fpp=8 iter=2 bytes=269076656 t=0.40s 0.627 GB/s
[a0013 r11] mode=dcp size=1048576 fpp=8 iter=2 bytes=269076912 t=0.39s 0.646 GB/s
[a0014 r12] mode=dcp size=1048576 fpp=8 iter=2 bytes=269076912 t=0.76s 0.331 GB/s
[a0015 r13] mode=dcp size=1048576 fpp=8 iter=2 bytes=269076912 t=0.81s 0.310 GB/s
[a0002 r0] mode=dcp size=1048576 fpp=8 iter=2 bytes=269076912 t=0.79s 0.317 GB/s
[a0011 r9] mode=raw size=10485760 fpp=8 iter=0 bytes=2684354560 t=0.43s 5.790 GB/s
[a0009 r7] mode=raw size=10485760 fpp=8 iter=0 bytes=2684354560 t=0.45s 5.496 GB/s
[a0008 r6] mode=raw size=10485760 fpp=8 iter=0 bytes=2684354560 t=0.50s 4.982 GB/s
[a0010 r8] mode=raw size=10485760 fpp=8 iter=0 bytes=2684354560 t=0.52s 4.793 GB/s
[a0004 r2] mode=raw size=10485760 fpp=8 iter=0 bytes=2684354560 t=0.49s 5.124 GB/s
[a0007 r5] mode=raw size=10485760 fpp=8 iter=0 bytes=2684354560 t=0.51s 4.858 GB/s
[a0005 r3] mode=raw size=10485760 fpp=8 iter=0 bytes=2684354560 t=0.46s 5.422 GB/s
[a0003 r1] mode=raw size=10485760 fpp=8 iter=0 bytes=2684354560 t=0.52s 4.834 GB/s
[a0016 r14] mode=raw size=10485760 fpp=8 iter=0 bytes=2684354560 t=0.47s 5.359 GB/s
[a0017 r15] mode=raw size=10485760 fpp=8 iter=0 bytes=2684354560 t=0.45s 5.525 GB/s
[a0011 r9] mode=raw size=10485760 fpp=8 iter=1 bytes=2684354560 t=0.40s 6.238 GB/s
[a0009 r7] mode=raw size=10485760 fpp=8 iter=1 bytes=2684354560 t=0.45s 5.526 GB/s
[a0012 r10] mode=raw size=10485760 fpp=8 iter=0 bytes=2684354560 t=0.49s 5.085 GB/s
[a0008 r6] mode=raw size=10485760 fpp=8 iter=1 bytes=2684354560 t=0.49s 5.142 GB/s
[a0010 r8] mode=raw size=10485760 fpp=8 iter=1 bytes=2684354560 t=0.58s 4.316 GB/s
[a0004 r2] mode=raw size=10485760 fpp=8 iter=1 bytes=2684354560 t=0.51s 4.856 GB/s
[a0005 r3] mode=raw size=10485760 fpp=8 iter=1 bytes=2684354560 t=0.53s 4.686 GB/s
[a0007 r5] mode=raw size=10485760 fpp=8 iter=1 bytes=2684354560 t=0.57s 4.398 GB/s
[a0003 r1] mode=raw size=10485760 fpp=8 iter=1 bytes=2684354560 t=0.52s 4.809 GB/s
[a0006 r4] mode=raw size=10485760 fpp=8 iter=0 bytes=2684354560 t=0.63s 3.969 GB/s
[a0013 r11] mode=raw size=10485760 fpp=8 iter=0 bytes=2684354560 t=0.58s 4.338 GB/s
[a0016 r14] mode=raw size=10485760 fpp=8 iter=1 bytes=2684354560 t=0.52s 4.833 GB/s
[a0017 r15] mode=raw size=10485760 fpp=8 iter=1 bytes=2684354560 t=0.58s 4.324 GB/s
[a0011 r9] mode=raw size=10485760 fpp=8 iter=2 bytes=2684354560 t=0.50s 5.012 GB/s
[a0009 r7] mode=raw size=10485760 fpp=8 iter=2 bytes=2684354560 t=0.45s 5.563 GB/s
[a0008 r6] mode=raw size=10485760 fpp=8 iter=2 bytes=2684354560 t=0.47s 5.275 GB/s
[a0012 r10] mode=raw size=10485760 fpp=8 iter=1 bytes=2684354560 t=0.55s 4.534 GB/s
[a0015 r13] mode=raw size=10485760 fpp=8 iter=0 bytes=2684354560 t=0.49s 5.078 GB/s
[a0004 r2] mode=raw size=10485760 fpp=8 iter=2 bytes=2684354560 t=0.56s 4.486 GB/s
[a0014 r12] mode=raw size=10485760 fpp=8 iter=0 bytes=2684354560 t=0.56s 4.439 GB/s
[a0007 r5] mode=raw size=10485760 fpp=8 iter=2 bytes=2684354560 t=0.52s 4.827 GB/s
[a0005 r3] mode=raw size=10485760 fpp=8 iter=2 bytes=2684354560 t=0.53s 4.701 GB/s
[a0002 r0] mode=raw size=10485760 fpp=8 iter=0 bytes=2684354560 t=0.61s 4.082 GB/s
[a0010 r8] mode=raw size=10485760 fpp=8 iter=2 bytes=2684354560 t=0.59s 4.273 GB/s
[a0006 r4] mode=raw size=10485760 fpp=8 iter=1 bytes=2684354560 t=0.50s 4.974 GB/s
[a0003 r1] mode=raw size=10485760 fpp=8 iter=2 bytes=2684354560 t=0.64s 3.890 GB/s
[a0013 r11] mode=raw size=10485760 fpp=8 iter=1 bytes=2684354560 t=0.56s 4.480 GB/s
[a0016 r14] mode=raw size=10485760 fpp=8 iter=2 bytes=2684354560 t=0.47s 5.335 GB/s
[a0017 r15] mode=raw size=10485760 fpp=8 iter=2 bytes=2684354560 t=0.52s 4.823 GB/s
[a0015 r13] mode=raw size=10485760 fpp=8 iter=1 bytes=2684354560 t=0.54s 4.642 GB/s
[a0012 r10] mode=raw size=10485760 fpp=8 iter=2 bytes=2684354560 t=0.70s 3.565 GB/s
[a0014 r12] mode=raw size=10485760 fpp=8 iter=1 bytes=2684354560 t=0.54s 4.592 GB/s
[a0002 r0] mode=raw size=10485760 fpp=8 iter=1 bytes=2684354560 t=0.54s 4.662 GB/s
[a0006 r4] mode=raw size=10485760 fpp=8 iter=2 bytes=2684354560 t=0.67s 3.736 GB/s
[a0013 r11] mode=raw size=10485760 fpp=8 iter=2 bytes=2684354560 t=0.52s 4.834 GB/s
[a0009 r7] mode=torch_save size=10485760 fpp=8 iter=0 bytes=2684758272 t=0.46s 5.439 GB/s
[a0011 r9] mode=torch_save size=10485760 fpp=8 iter=0 bytes=2684758272 t=0.47s 5.331 GB/s
[a0008 r6] mode=torch_save size=10485760 fpp=8 iter=0 bytes=2684758272 t=0.43s 5.839 GB/s
[a0015 r13] mode=raw size=10485760 fpp=8 iter=2 bytes=2684354560 t=0.49s 5.135 GB/s
[a0005 r3] mode=torch_save size=10485760 fpp=8 iter=0 bytes=2684758272 t=0.45s 5.509 GB/s
[a0007 r5] mode=torch_save size=10485760 fpp=8 iter=0 bytes=2684758272 t=0.49s 5.075 GB/s
[a0004 r2] mode=torch_save size=10485760 fpp=8 iter=0 bytes=2684758272 t=0.47s 5.284 GB/s
[a0010 r8] mode=torch_save size=10485760 fpp=8 iter=0 bytes=2684758272 t=0.48s 5.204 GB/s
[a0014 r12] mode=raw size=10485760 fpp=8 iter=2 bytes=2684354560 t=0.57s 4.366 GB/s
[a0003 r1] mode=torch_save size=10485760 fpp=8 iter=0 bytes=2684758272 t=0.53s 4.702 GB/s
[a0002 r0] mode=raw size=10485760 fpp=8 iter=2 bytes=2684354560 t=0.55s 4.527 GB/s
[a0009 r7] mode=torch_save size=10485760 fpp=8 iter=1 bytes=2684758272 t=0.51s 4.932 GB/s
[a0008 r6] mode=torch_save size=10485760 fpp=8 iter=1 bytes=2684758272 t=0.49s 5.087 GB/s
[a0011 r9] mode=torch_save size=10485760 fpp=8 iter=1 bytes=2684758272 t=0.56s 4.502 GB/s
[a0016 r14] mode=torch_save size=10485760 fpp=8 iter=0 bytes=2684758272 t=0.57s 4.357 GB/s
[a0017 r15] mode=torch_save size=10485760 fpp=8 iter=0 bytes=2684758272 t=0.51s 4.917 GB/s
[a0005 r3] mode=torch_save size=10485760 fpp=8 iter=1 bytes=2684758272 t=0.49s 5.059 GB/s
[a0007 r5] mode=torch_save size=10485760 fpp=8 iter=1 bytes=2684758272 t=0.46s 5.431 GB/s
[a0004 r2] mode=torch_save size=10485760 fpp=8 iter=1 bytes=2684758272 t=0.54s 4.670 GB/s
[a0010 r8] mode=torch_save size=10485760 fpp=8 iter=1 bytes=2684758272 t=0.50s 4.953 GB/s
[a0003 r1] mode=torch_save size=10485760 fpp=8 iter=1 bytes=2684758272 t=0.50s 5.022 GB/s
[a0009 r7] mode=torch_save size=10485760 fpp=8 iter=2 bytes=2684758272 t=0.55s 4.559 GB/s
[a0008 r6] mode=torch_save size=10485760 fpp=8 iter=2 bytes=2684758272 t=0.56s 4.439 GB/s
[a0011 r9] mode=torch_save size=10485760 fpp=8 iter=2 bytes=2684758272 t=0.52s 4.815 GB/s
[a0012 r10] mode=torch_save size=10485760 fpp=8 iter=0 bytes=2684758272 t=0.63s 3.965 GB/s
[a0006 r4] mode=torch_save size=10485760 fpp=8 iter=0 bytes=2684758272 t=0.67s 3.745 GB/s
[a0013 r11] mode=torch_save size=10485760 fpp=8 iter=0 bytes=2684758272 t=0.59s 4.216 GB/s
[a0016 r14] mode=torch_save size=10485760 fpp=8 iter=1 bytes=2684758272 t=0.60s 4.169 GB/s
[a0005 r3] mode=torch_save size=10485760 fpp=8 iter=2 bytes=2684758272 t=0.48s 5.180 GB/s
[a0007 r5] mode=torch_save size=10485760 fpp=8 iter=2 bytes=2684758272 t=0.47s 5.284 GB/s
[a0017 r15] mode=torch_save size=10485760 fpp=8 iter=1 bytes=2684758272 t=0.52s 4.785 GB/s
[a0015 r13] mode=torch_save size=10485760 fpp=8 iter=0 bytes=2684758272 t=0.48s 5.195 GB/s
[a0010 r8] mode=torch_save size=10485760 fpp=8 iter=2 bytes=2684758272 t=0.54s 4.667 GB/s
[a0004 r2] mode=torch_save size=10485760 fpp=8 iter=2 bytes=2684758272 t=0.54s 4.673 GB/s
[a0003 r1] mode=torch_save size=10485760 fpp=8 iter=2 bytes=2684758272 t=0.49s 5.053 GB/s
[a0002 r0] mode=torch_save size=10485760 fpp=8 iter=0 bytes=2684758272 t=0.53s 4.675 GB/s
[a0014 r12] mode=torch_save size=10485760 fpp=8 iter=0 bytes=2684758272 t=0.55s 4.539 GB/s
[a0013 r11] mode=torch_save size=10485760 fpp=8 iter=1 bytes=2684758272 t=0.52s 4.836 GB/s
[a0006 r4] mode=torch_save size=10485760 fpp=8 iter=1 bytes=2684758272 t=0.53s 4.688 GB/s
[a0012 r10] mode=torch_save size=10485760 fpp=8 iter=1 bytes=2684758272 t=0.64s 3.929 GB/s
[a0016 r14] mode=torch_save size=10485760 fpp=8 iter=2 bytes=2684758272 t=0.55s 4.511 GB/s
[a0015 r13] mode=torch_save size=10485760 fpp=8 iter=1 bytes=2684758272 t=0.47s 5.374 GB/s
[a0017 r15] mode=torch_save size=10485760 fpp=8 iter=2 bytes=2684758272 t=0.52s 4.770 GB/s
[a0002 r0] mode=torch_save size=10485760 fpp=8 iter=1 bytes=2684758272 t=0.52s 4.781 GB/s
[a0013 r11] mode=torch_save size=10485760 fpp=8 iter=2 bytes=2684758272 t=0.50s 5.040 GB/s
[a0014 r12] mode=torch_save size=10485760 fpp=8 iter=1 bytes=2684758272 t=0.53s 4.705 GB/s
[a0012 r10] mode=torch_save size=10485760 fpp=8 iter=2 bytes=2684758272 t=0.46s 5.400 GB/s
[a0006 r4] mode=torch_save size=10485760 fpp=8 iter=2 bytes=2684758272 t=0.59s 4.235 GB/s
[a0015 r13] mode=torch_save size=10485760 fpp=8 iter=2 bytes=2684758272 t=0.56s 4.464 GB/s
[a0002 r0] mode=torch_save size=10485760 fpp=8 iter=2 bytes=2684758272 t=0.56s 4.474 GB/s
[a0014 r12] mode=torch_save size=10485760 fpp=8 iter=2 bytes=2684758272 t=0.57s 4.408 GB/s
[a0009 r7] mode=dcp size=10485760 fpp=8 iter=0 bytes=2684996016 t=0.62s 4.033 GB/s
[a0008 r6] mode=dcp size=10485760 fpp=8 iter=0 bytes=2684995760 t=0.58s 4.337 GB/s
[a0011 r9] mode=dcp size=10485760 fpp=8 iter=0 bytes=2684995760 t=0.66s 3.815 GB/s
[a0007 r5] mode=dcp size=10485760 fpp=8 iter=0 bytes=2684995760 t=0.67s 3.707 GB/s
[a0005 r3] mode=dcp size=10485760 fpp=8 iter=0 bytes=2684996016 t=0.64s 3.878 GB/s
[a0010 r8] mode=dcp size=10485760 fpp=8 iter=0 bytes=2684995760 t=0.60s 4.196 GB/s
[a0003 r1] mode=dcp size=10485760 fpp=8 iter=0 bytes=2684995760 t=0.56s 4.503 GB/s
[a0004 r2] mode=dcp size=10485760 fpp=8 iter=0 bytes=2684995760 t=0.61s 4.069 GB/s
[a0016 r14] mode=dcp size=10485760 fpp=8 iter=0 bytes=2684996016 t=0.51s 4.892 GB/s
[a0017 r15] mode=dcp size=10485760 fpp=8 iter=0 bytes=2684995760 t=0.50s 5.017 GB/s
[a0012 r10] mode=dcp size=10485760 fpp=8 iter=0 bytes=2684996016 t=0.55s 4.570 GB/s
[a0013 r11] mode=dcp size=10485760 fpp=8 iter=0 bytes=2684996016 t=0.59s 4.249 GB/s
[a0009 r7] mode=dcp size=10485760 fpp=8 iter=1 bytes=2684996016 t=0.52s 4.851 GB/s
[a0006 r4] mode=dcp size=10485760 fpp=8 iter=0 bytes=2684995760 t=0.56s 4.466 GB/s
[a0008 r6] mode=dcp size=10485760 fpp=8 iter=1 bytes=2684995760 t=0.56s 4.490 GB/s
[a0011 r9] mode=dcp size=10485760 fpp=8 iter=1 bytes=2684995760 t=0.58s 4.306 GB/s
[a0007 r5] mode=dcp size=10485760 fpp=8 iter=1 bytes=2684995760 t=0.62s 4.063 GB/s
[a0005 r3] mode=dcp size=10485760 fpp=8 iter=1 bytes=2684996016 t=0.60s 4.174 GB/s
[a0010 r8] mode=dcp size=10485760 fpp=8 iter=1 bytes=2684995760 t=0.63s 3.989 GB/s
[a0015 r13] mode=dcp size=10485760 fpp=8 iter=0 bytes=2684996016 t=0.66s 3.769 GB/s
[a0003 r1] mode=dcp size=10485760 fpp=8 iter=1 bytes=2684995760 t=0.66s 3.812 GB/s
[a0004 r2] mode=dcp size=10485760 fpp=8 iter=1 bytes=2684995760 t=0.61s 4.113 GB/s
[a0002 r0] mode=dcp size=10485760 fpp=8 iter=0 bytes=2684996016 t=0.60s 4.198 GB/s
[a0014 r12] mode=dcp size=10485760 fpp=8 iter=0 bytes=2684996016 t=0.59s 4.203 GB/s
[a0016 r14] mode=dcp size=10485760 fpp=8 iter=1 bytes=2684996016 t=0.52s 4.855 GB/s
[a0017 r15] mode=dcp size=10485760 fpp=8 iter=1 bytes=2684995760 t=0.49s 5.115 GB/s
[a0009 r7] mode=dcp size=10485760 fpp=8 iter=2 bytes=2684996016 t=0.51s 4.894 GB/s
[a0012 r10] mode=dcp size=10485760 fpp=8 iter=1 bytes=2684996016 t=0.54s 4.610 GB/s
[a0013 r11] mode=dcp size=10485760 fpp=8 iter=1 bytes=2684996016 t=0.57s 4.352 GB/s
[a0006 r4] mode=dcp size=10485760 fpp=8 iter=1 bytes=2684995760 t=0.61s 4.108 GB/s
[a0008 r6] mode=dcp size=10485760 fpp=8 iter=2 bytes=2684995760 t=0.58s 4.281 GB/s
[a0011 r9] mode=dcp size=10485760 fpp=8 iter=2 bytes=2684995760 t=0.57s 4.390 GB/s
[a0007 r5] mode=dcp size=10485760 fpp=8 iter=2 bytes=2684995760 t=0.60s 4.174 GB/s
[a0003 r1] mode=dcp size=10485760 fpp=8 iter=2 bytes=2684995760 t=0.61s 4.130 GB/s
[a0010 r8] mode=dcp size=10485760 fpp=8 iter=2 bytes=2684995760 t=0.63s 3.940 GB/s
[a0005 r3] mode=dcp size=10485760 fpp=8 iter=2 bytes=2684996016 t=0.62s 4.024 GB/s
[a0015 r13] mode=dcp size=10485760 fpp=8 iter=1 bytes=2684996016 t=0.63s 3.954 GB/s
[a0004 r2] mode=dcp size=10485760 fpp=8 iter=2 bytes=2684995760 t=0.61s 4.087 GB/s
[a0002 r0] mode=dcp size=10485760 fpp=8 iter=1 bytes=2684996016 t=0.59s 4.255 GB/s
[a0014 r12] mode=dcp size=10485760 fpp=8 iter=1 bytes=2684996016 t=0.56s 4.429 GB/s
[a0016 r14] mode=dcp size=10485760 fpp=8 iter=2 bytes=2684996016 t=0.49s 5.110 GB/s
[a0017 r15] mode=dcp size=10485760 fpp=8 iter=2 bytes=2684995760 t=0.50s 5.008 GB/s
[a0013 r11] mode=dcp size=10485760 fpp=8 iter=2 bytes=2684996016 t=1.18s 2.124 GB/s
[a0006 r4] mode=dcp size=10485760 fpp=8 iter=2 bytes=2684995760 t=1.31s 1.902 GB/s
[a0012 r10] mode=dcp size=10485760 fpp=8 iter=2 bytes=2684996016 t=2.68s 0.933 GB/s
[a0015 r13] mode=dcp size=10485760 fpp=8 iter=2 bytes=2684996016 t=1.76s 1.424 GB/s
[a0002 r0] mode=dcp size=10485760 fpp=8 iter=2 bytes=2684996016 t=1.51s 1.659 GB/s
[a0014 r12] mode=dcp size=10485760 fpp=8 iter=2 bytes=2684996016 t=1.40s 1.792 GB/s
[a0009 r7] mode=raw size=104857600 fpp=8 iter=0 bytes=26843545600 t=2.78s 9.008 GB/s
[a0011 r9] mode=raw size=104857600 fpp=8 iter=0 bytes=26843545600 t=3.74s 6.682 GB/s
[a0008 r6] mode=raw size=104857600 fpp=8 iter=0 bytes=26843545600 t=3.50s 7.151 GB/s
[a0005 r3] mode=raw size=104857600 fpp=8 iter=0 bytes=26843545600 t=3.65s 6.841 GB/s
[a0010 r8] mode=raw size=104857600 fpp=8 iter=0 bytes=26843545600 t=4.45s 5.614 GB/s
[a0007 r5] mode=raw size=104857600 fpp=8 iter=0 bytes=26843545600 t=5.04s 4.963 GB/s
[a0004 r2] mode=raw size=104857600 fpp=8 iter=0 bytes=26843545600 t=6.12s 4.084 GB/s
[a0003 r1] mode=raw size=104857600 fpp=8 iter=0 bytes=26843545600 t=7.20s 3.470 GB/s
[a0009 r7] mode=raw size=104857600 fpp=8 iter=1 bytes=26843545600 t=7.87s 3.178 GB/s
[a0017 r15] mode=raw size=104857600 fpp=8 iter=0 bytes=26843545600 t=7.49s 3.336 GB/s
[a0016 r14] mode=raw size=104857600 fpp=8 iter=0 bytes=26843545600 t=7.84s 3.188 GB/s
[a0005 r3] mode=raw size=104857600 fpp=8 iter=1 bytes=26843545600 t=6.62s 3.776 GB/s
[a0008 r6] mode=raw size=104857600 fpp=8 iter=1 bytes=26843545600 t=7.70s 3.247 GB/s
[a0010 r8] mode=raw size=104857600 fpp=8 iter=1 bytes=26843545600 t=5.10s 4.900 GB/s
[a0007 r5] mode=raw size=104857600 fpp=8 iter=1 bytes=26843545600 t=5.41s 4.624 GB/s
[a0011 r9] mode=raw size=104857600 fpp=8 iter=1 bytes=26843545600 t=8.36s 2.990 GB/s
[a0015 r13] mode=raw size=104857600 fpp=8 iter=0 bytes=26843545600 t=4.02s 6.214 GB/s
[a0006 r4] mode=raw size=104857600 fpp=8 iter=0 bytes=26843545600 t=6.11s 4.094 GB/s
[a0009 r7] mode=raw size=104857600 fpp=8 iter=2 bytes=26843545600 t=5.41s 4.620 GB/s
[a0004 r2] mode=raw size=104857600 fpp=8 iter=1 bytes=26843545600 t=8.25s 3.032 GB/s
[a0003 r1] mode=raw size=104857600 fpp=8 iter=1 bytes=26843545600 t=7.52s 3.325 GB/s
[a0013 r11] mode=raw size=104857600 fpp=8 iter=0 bytes=26843545600 t=7.84s 3.189 GB/s
[a0008 r6] mode=raw size=104857600 fpp=8 iter=2 bytes=26843545600 t=5.93s 4.214 GB/s
[a0005 r3] mode=raw size=104857600 fpp=8 iter=2 bytes=26843545600 t=6.31s 3.964 GB/s
[a0011 r9] mode=raw size=104857600 fpp=8 iter=2 bytes=26843545600 t=4.55s 5.497 GB/s
[a0010 r8] mode=raw size=104857600 fpp=8 iter=2 bytes=26843545600 t=5.92s 4.221 GB/s
[a0017 r15] mode=raw size=104857600 fpp=8 iter=1 bytes=26843545600 t=6.32s 3.958 GB/s
[a0016 r14] mode=raw size=104857600 fpp=8 iter=1 bytes=26843545600 t=6.16s 4.057 GB/s
[a0012 r10] mode=raw size=104857600 fpp=8 iter=0 bytes=26843545600 t=7.60s 3.288 GB/s
[a0015 r13] mode=raw size=104857600 fpp=8 iter=1 bytes=26843545600 t=5.46s 4.582 GB/s
[a0002 r0] mode=raw size=104857600 fpp=8 iter=0 bytes=26843545600 t=5.96s 4.193 GB/s
[a0007 r5] mode=raw size=104857600 fpp=8 iter=2 bytes=26843545600 t=7.35s 3.402 GB/s
[a0006 r4] mode=raw size=104857600 fpp=8 iter=1 bytes=26843545600 t=5.17s 4.832 GB/s
[a0014 r12] mode=raw size=104857600 fpp=8 iter=0 bytes=26843545600 t=5.63s 4.443 GB/s
[a0004 r2] mode=raw size=104857600 fpp=8 iter=2 bytes=26843545600 t=4.26s 5.866 GB/s
[a0013 r11] mode=raw size=104857600 fpp=8 iter=1 bytes=26843545600 t=7.56s 3.306 GB/s
[a0003 r1] mode=raw size=104857600 fpp=8 iter=2 bytes=26843545600 t=6.72s 3.718 GB/s
[a0006 r4] mode=raw size=104857600 fpp=8 iter=2 bytes=26843545600 t=4.78s 5.234 GB/s
[a0017 r15] mode=raw size=104857600 fpp=8 iter=2 bytes=26843545600 t=7.18s 3.480 GB/s
[a0016 r14] mode=raw size=104857600 fpp=8 iter=2 bytes=26843545600 t=7.24s 3.453 GB/s
[a0009 r7] mode=torch_save size=104857600 fpp=8 iter=0 bytes=26843949312 t=6.46s 3.871 GB/s
[a0015 r13] mode=raw size=104857600 fpp=8 iter=2 bytes=26843545600 t=8.29s 3.017 GB/s
[a0012 r10] mode=raw size=104857600 fpp=8 iter=1 bytes=26843545600 t=7.68s 3.256 GB/s
[a0002 r0] mode=raw size=104857600 fpp=8 iter=1 bytes=26843545600 t=6.39s 3.915 GB/s
[a0008 r6] mode=torch_save size=104857600 fpp=8 iter=0 bytes=26843949312 t=4.57s 5.470 GB/s
[a0014 r12] mode=raw size=104857600 fpp=8 iter=1 bytes=26843545600 t=6.22s 4.017 GB/s
[a0011 r9] mode=torch_save size=104857600 fpp=8 iter=0 bytes=26843949312 t=4.09s 6.105 GB/s
[a0005 r3] mode=torch_save size=104857600 fpp=8 iter=0 bytes=26843949312 t=4.22s 5.929 GB/s
[a0013 r11] mode=raw size=104857600 fpp=8 iter=2 bytes=26843545600 t=5.79s 4.321 GB/s
[a0010 r8] mode=torch_save size=104857600 fpp=8 iter=0 bytes=26843949312 t=7.69s 3.253 GB/s
[a0004 r2] mode=torch_save size=104857600 fpp=8 iter=0 bytes=26843949312 t=8.01s 3.120 GB/s
[a0007 r5] mode=torch_save size=104857600 fpp=8 iter=0 bytes=26843949312 t=7.84s 3.190 GB/s
[a0014 r12] mode=raw size=104857600 fpp=8 iter=2 bytes=26843545600 t=6.86s 3.644 GB/s
[a0002 r0] mode=raw size=104857600 fpp=8 iter=2 bytes=26843545600 t=7.32s 3.416 GB/s
[a0009 r7] mode=torch_save size=104857600 fpp=8 iter=1 bytes=26843949312 t=8.92s 2.802 GB/s
[a0008 r6] mode=torch_save size=104857600 fpp=8 iter=1 bytes=26843949312 t=8.16s 3.062 GB/s
[a0005 r3] mode=torch_save size=104857600 fpp=8 iter=1 bytes=26843949312 t=5.62s 4.449 GB/s
[a0011 r9] mode=torch_save size=104857600 fpp=8 iter=1 bytes=26843949312 t=7.00s 3.571 GB/s
[a0012 r10] mode=raw size=104857600 fpp=8 iter=2 bytes=26843545600 t=8.22s 3.040 GB/s
[a0006 r4] mode=torch_save size=104857600 fpp=8 iter=0 bytes=26843949312 t=5.44s 4.592 GB/s
[a0003 r1] mode=torch_save size=104857600 fpp=8 iter=0 bytes=26843949312 t=4.01s 6.234 GB/s
[a0010 r8] mode=torch_save size=104857600 fpp=8 iter=1 bytes=26843949312 t=4.25s 5.881 GB/s
[a0016 r14] mode=torch_save size=104857600 fpp=8 iter=0 bytes=26843949312 t=6.02s 4.153 GB/s
[a0015 r13] mode=torch_save size=104857600 fpp=8 iter=0 bytes=26843949312 t=6.59s 3.796 GB/s
[a0005 r3] mode=torch_save size=104857600 fpp=8 iter=2 bytes=26843949312 t=7.13s 3.506 GB/s
[a0008 r6] mode=torch_save size=104857600 fpp=8 iter=2 bytes=26843949312 t=7.83s 3.193 GB/s
[a0017 r15] mode=torch_save size=104857600 fpp=8 iter=0 bytes=26843949312 t=8.56s 2.920 GB/s
[a0004 r2] mode=torch_save size=104857600 fpp=8 iter=1 bytes=26843949312 t=8.86s 2.822 GB/s
[a0006 r4] mode=torch_save size=104857600 fpp=8 iter=1 bytes=26843949312 t=6.68s 3.743 GB/s
[a0011 r9] mode=torch_save size=104857600 fpp=8 iter=2 bytes=26843949312 t=7.81s 3.201 GB/s
[a0007 r5] mode=torch_save size=104857600 fpp=8 iter=1 bytes=26843949312 t=9.24s 2.706 GB/s
[a0009 r7] mode=torch_save size=104857600 fpp=8 iter=2 bytes=26843949312 t=8.94s 2.797 GB/s
[a0003 r1] mode=torch_save size=104857600 fpp=8 iter=1 bytes=26843949312 t=5.65s 4.427 GB/s
[a0015 r13] mode=torch_save size=104857600 fpp=8 iter=1 bytes=26843949312 t=2.93s 8.536 GB/s
[a0013 r11] mode=torch_save size=104857600 fpp=8 iter=0 bytes=26843949312 t=7.51s 3.328 GB/s
[a0010 r8] mode=torch_save size=104857600 fpp=8 iter=2 bytes=26843949312 t=5.55s 4.508 GB/s
[a0016 r14] mode=torch_save size=104857600 fpp=8 iter=1 bytes=26843949312 t=3.62s 6.913 GB/s
[a0006 r4] mode=torch_save size=104857600 fpp=8 iter=2 bytes=26843949312 t=6.05s 4.133 GB/s
[a0017 r15] mode=torch_save size=104857600 fpp=8 iter=1 bytes=26843949312 t=8.22s 3.041 GB/s
[a0007 r5] mode=torch_save size=104857600 fpp=8 iter=2 bytes=26843949312 t=7.38s 3.389 GB/s
[a0002 r0] mode=torch_save size=104857600 fpp=8 iter=0 bytes=26843949312 t=8.05s 3.106 GB/s
[a0015 r13] mode=torch_save size=104857600 fpp=8 iter=2 bytes=26843949312 t=7.08s 3.529 GB/s
[a0012 r10] mode=torch_save size=104857600 fpp=8 iter=0 bytes=26843949312 t=6.70s 3.729 GB/s
[a0004 r2] mode=torch_save size=104857600 fpp=8 iter=2 bytes=26843949312 t=8.65s 2.889 GB/s
[a0003 r1] mode=torch_save size=104857600 fpp=8 iter=2 bytes=26843949312 t=7.00s 3.573 GB/s
[a0016 r14] mode=torch_save size=104857600 fpp=8 iter=2 bytes=26843949312 t=4.61s 5.423 GB/s
[a0013 r11] mode=torch_save size=104857600 fpp=8 iter=1 bytes=26843949312 t=6.78s 3.688 GB/s
[a0014 r12] mode=torch_save size=104857600 fpp=8 iter=0 bytes=26843949312 t=7.01s 3.568 GB/s
[a0012 r10] mode=torch_save size=104857600 fpp=8 iter=1 bytes=26843949312 t=4.58s 5.454 GB/s
[a0002 r0] mode=torch_save size=104857600 fpp=8 iter=1 bytes=26843949312 t=4.76s 5.248 GB/s
[a0017 r15] mode=torch_save size=104857600 fpp=8 iter=2 bytes=26843949312 t=5.33s 4.691 GB/s
[a0013 r11] mode=torch_save size=104857600 fpp=8 iter=2 bytes=26843949312 t=4.79s 5.215 GB/s
[a0005 r3] mode=dcp size=104857600 fpp=8 iter=0 bytes=26844187056 t=3.35s 7.453 GB/s
[a0014 r12] mode=torch_save size=104857600 fpp=8 iter=1 bytes=26843949312 t=4.43s 5.641 GB/s
[a0008 r6] mode=dcp size=104857600 fpp=8 iter=0 bytes=26844186800 t=3.52s 7.103 GB/s
[a0009 r7] mode=dcp size=104857600 fpp=8 iter=0 bytes=26844187056 t=3.78s 6.611 GB/s
[a0002 r0] mode=torch_save size=104857600 fpp=8 iter=2 bytes=26843949312 t=3.64s 6.861 GB/s
[a0012 r10] mode=torch_save size=104857600 fpp=8 iter=2 bytes=26843949312 t=3.72s 6.719 GB/s
[a0010 r8] mode=dcp size=104857600 fpp=8 iter=0 bytes=26844186800 t=4.17s 5.990 GB/s
[a0011 r9] mode=dcp size=104857600 fpp=8 iter=0 bytes=26844186800 t=4.03s 6.201 GB/s
[a0006 r4] mode=dcp size=104857600 fpp=8 iter=0 bytes=26844186800 t=3.58s 6.980 GB/s
[a0014 r12] mode=torch_save size=104857600 fpp=8 iter=2 bytes=26843949312 t=3.00s 8.327 GB/s
[a0015 r13] mode=dcp size=104857600 fpp=8 iter=0 bytes=26844187056 t=3.05s 8.189 GB/s
[a0007 r5] mode=dcp size=104857600 fpp=8 iter=0 bytes=26844186800 t=3.12s 8.002 GB/s
[a0005 r3] mode=dcp size=104857600 fpp=8 iter=1 bytes=26844187056 t=4.20s 5.949 GB/s
[a0004 r2] mode=dcp size=104857600 fpp=8 iter=0 bytes=26844186800 t=4.50s 5.562 GB/s
[a0016 r14] mode=dcp size=104857600 fpp=8 iter=0 bytes=26844187056 t=4.73s 5.289 GB/s
[a0003 r1] mode=dcp size=104857600 fpp=8 iter=0 bytes=26844186800 t=4.49s 5.567 GB/s
[a0008 r6] mode=dcp size=104857600 fpp=8 iter=1 bytes=26844186800 t=4.10s 6.096 GB/s
[a0009 r7] mode=dcp size=104857600 fpp=8 iter=1 bytes=26844187056 t=4.04s 6.193 GB/s
[a0010 r8] mode=dcp size=104857600 fpp=8 iter=1 bytes=26844186800 t=2.73s 9.172 GB/s
[a0011 r9] mode=dcp size=104857600 fpp=8 iter=1 bytes=26844186800 t=2.80s 8.943 GB/s
[a0017 r15] mode=dcp size=104857600 fpp=8 iter=0 bytes=26844186800 t=2.70s 9.261 GB/s
[a0006 r4] mode=dcp size=104857600 fpp=8 iter=1 bytes=26844186800 t=2.80s 8.934 GB/s
[a0013 r11] mode=dcp size=104857600 fpp=8 iter=0 bytes=26844187056 t=2.40s 10.420 GB/s
[a0015 r13] mode=dcp size=104857600 fpp=8 iter=1 bytes=26844187056 t=2.65s 9.451 GB/s
[a0007 r5] mode=dcp size=104857600 fpp=8 iter=1 bytes=26844186800 t=3.09s 8.101 GB/s
[a0005 r3] mode=dcp size=104857600 fpp=8 iter=2 bytes=26844187056 t=3.35s 7.474 GB/s
[a0002 r0] mode=dcp size=104857600 fpp=8 iter=0 bytes=26844187056 t=3.69s 6.767 GB/s
[a0016 r14] mode=dcp size=104857600 fpp=8 iter=1 bytes=26844187056 t=3.67s 6.821 GB/s
[a0012 r10] mode=dcp size=104857600 fpp=8 iter=0 bytes=26844187056 t=3.94s 6.338 GB/s
[a0004 r2] mode=dcp size=104857600 fpp=8 iter=1 bytes=26844186800 t=3.73s 6.704 GB/s
[a0008 r6] mode=dcp size=104857600 fpp=8 iter=2 bytes=26844186800 t=3.48s 7.189 GB/s
[a0003 r1] mode=dcp size=104857600 fpp=8 iter=1 bytes=26844186800 t=3.76s 6.656 GB/s
[a0009 r7] mode=dcp size=104857600 fpp=8 iter=2 bytes=26844187056 t=3.70s 6.751 GB/s
[a0010 r8] mode=dcp size=104857600 fpp=8 iter=2 bytes=26844186800 t=3.86s 6.480 GB/s
[a0006 r4] mode=dcp size=104857600 fpp=8 iter=2 bytes=26844186800 t=3.39s 7.376 GB/s
[a0014 r12] mode=dcp size=104857600 fpp=8 iter=0 bytes=26844187056 t=4.41s 5.663 GB/s
[a0011 r9] mode=dcp size=104857600 fpp=8 iter=2 bytes=26844186800 t=4.09s 6.113 GB/s
[a0017 r15] mode=dcp size=104857600 fpp=8 iter=1 bytes=26844186800 t=3.63s 6.896 GB/s
[a0013 r11] mode=dcp size=104857600 fpp=8 iter=1 bytes=26844187056 t=2.62s 9.555 GB/s
[a0015 r13] mode=dcp size=104857600 fpp=8 iter=2 bytes=26844187056 t=2.06s 12.129 GB/s
[a0007 r5] mode=dcp size=104857600 fpp=8 iter=2 bytes=26844186800 t=2.80s 8.915 GB/s
[a0016 r14] mode=dcp size=104857600 fpp=8 iter=2 bytes=26844187056 t=2.71s 9.242 GB/s
[a0002 r0] mode=dcp size=104857600 fpp=8 iter=1 bytes=26844187056 t=2.97s 8.419 GB/s
[a0004 r2] mode=dcp size=104857600 fpp=8 iter=2 bytes=26844186800 t=2.75s 9.077 GB/s
[a0012 r10] mode=dcp size=104857600 fpp=8 iter=1 bytes=26844187056 t=2.82s 8.875 GB/s
[a0003 r1] mode=dcp size=104857600 fpp=8 iter=2 bytes=26844186800 t=2.35s 10.623 GB/s
[a0014 r12] mode=dcp size=104857600 fpp=8 iter=1 bytes=26844187056 t=2.18s 11.473 GB/s
[a0017 r15] mode=dcp size=104857600 fpp=8 iter=2 bytes=26844186800 t=1.99s 12.570 GB/s
[a0013 r11] mode=dcp size=104857600 fpp=8 iter=2 bytes=26844187056 t=1.99s 12.564 GB/s
[a0002 r0] mode=dcp size=104857600 fpp=8 iter=2 bytes=26844187056 t=1.85s 13.513 GB/s
[a0012 r10] mode=dcp size=104857600 fpp=8 iter=2 bytes=26844187056 t=1.79s 13.991 GB/s
[a0014 r12] mode=dcp size=104857600 fpp=8 iter=2 bytes=26844187056 t=1.85s 13.485 GB/s
Done. Results: results/16node_32cpu_rtx-batch_26106/all.csv
