=== Wed May 20 19:50:25 EDT 2026 mode=write nodes=16 npernode=128 ===
[b0001 r0] base=/work/mit/datasets/test/writebench.b0001.0.1980946.2db43e3b
[b0004 r3] base=/work/mit/datasets/test/writebench.b0004.3.955646.e9c11a93
[b0007 r6] base=/work/mit/datasets/test/writebench.b0007.6.508203.29eb3dfc
[b0010 r9] base=/work/mit/datasets/test/writebench.b0010.9.1191201.895b2ddb
[b0006 r5] base=/work/mit/datasets/test/writebench.b0006.5.1341447.71fb2195
[b0014 r13] base=/work/mit/datasets/test/writebench.b0014.13.778690.2e1bfbd8
[b0011 r10] base=/work/mit/datasets/test/writebench.b0011.10.1147503.5f66b9e8
[b0009 r8] base=/work/mit/datasets/test/writebench.b0009.8.1083340.c85008ed
[b0012 r11] base=/work/mit/datasets/test/writebench.b0012.11.176780.cbd29d57
[b0008 r7] base=/work/mit/datasets/test/writebench.b0008.7.1343597.40b873eb
[b0016 r15] base=/work/mit/datasets/test/writebench.b0016.15.456298.40e8b3a3
[b0015 r14] base=/work/mit/datasets/test/writebench.b0015.14.732195.01b6d169
[b0013 r12] base=/work/mit/datasets/test/writebench.b0013.12.777141.d5e701b4
[b0005 r4] base=/work/mit/datasets/test/writebench.b0005.4.1684653.5ca8195b
[b0003 r2] base=/work/mit/datasets/test/writebench.b0003.2.2542697.56b30811
[b0002 r1] base=/work/mit/datasets/test/writebench.b0002.1.2830920.0718a1a6
[b0001 r0] mode=raw size=102400 fpp=8 iter=0 bytes=104857600 t=1.19s 0.082 GB/s
[b0009 r8] mode=raw size=102400 fpp=8 iter=0 bytes=104857600 t=1.28s 0.077 GB/s
[b0012 r11] mode=raw size=102400 fpp=8 iter=0 bytes=104857600 t=1.27s 0.077 GB/s
[b0006 r5] mode=raw size=102400 fpp=8 iter=0 bytes=104857600 t=1.40s 0.070 GB/s
[b0008 r7] mode=raw size=102400 fpp=8 iter=0 bytes=104857600 t=1.36s 0.072 GB/s
[b0013 r12] mode=raw size=102400 fpp=8 iter=0 bytes=104857600 t=1.35s 0.072 GB/s
[b0007 r6] mode=raw size=102400 fpp=8 iter=0 bytes=104857600 t=1.34s 0.073 GB/s
[b0005 r4] mode=raw size=102400 fpp=8 iter=0 bytes=104857600 t=1.28s 0.076 GB/s
[b0004 r3] mode=raw size=102400 fpp=8 iter=0 bytes=104857600 t=1.40s 0.070 GB/s
[b0014 r13] mode=raw size=102400 fpp=8 iter=0 bytes=104857600 t=1.38s 0.071 GB/s
[b0016 r15] mode=raw size=102400 fpp=8 iter=0 bytes=104857600 t=1.42s 0.069 GB/s
[b0010 r9] mode=raw size=102400 fpp=8 iter=0 bytes=104857600 t=1.39s 0.070 GB/s
[b0003 r2] mode=raw size=102400 fpp=8 iter=0 bytes=104857600 t=1.34s 0.073 GB/s
[b0015 r14] mode=raw size=102400 fpp=8 iter=0 bytes=104857600 t=1.35s 0.072 GB/s
[b0011 r10] mode=raw size=102400 fpp=8 iter=0 bytes=104857600 t=1.44s 0.068 GB/s
[b0002 r1] mode=raw size=102400 fpp=8 iter=0 bytes=104857600 t=1.28s 0.076 GB/s
[b0001 r0] mode=raw size=102400 fpp=8 iter=1 bytes=104857600 t=1.17s 0.083 GB/s
[b0012 r11] mode=raw size=102400 fpp=8 iter=1 bytes=104857600 t=1.25s 0.078 GB/s
[b0009 r8] mode=raw size=102400 fpp=8 iter=1 bytes=104857600 t=1.39s 0.070 GB/s
[b0007 r6] mode=raw size=102400 fpp=8 iter=1 bytes=104857600 t=1.35s 0.072 GB/s
[b0005 r4] mode=raw size=102400 fpp=8 iter=1 bytes=104857600 t=1.33s 0.073 GB/s
[b0008 r7] mode=raw size=102400 fpp=8 iter=1 bytes=104857600 t=1.39s 0.070 GB/s
[b0013 r12] mode=raw size=102400 fpp=8 iter=1 bytes=104857600 t=1.43s 0.068 GB/s
[b0006 r5] mode=raw size=102400 fpp=8 iter=1 bytes=104857600 t=1.45s 0.067 GB/s
[b0014 r13] mode=raw size=102400 fpp=8 iter=1 bytes=104857600 t=1.36s 0.072 GB/s
[b0004 r3] mode=raw size=102400 fpp=8 iter=1 bytes=104857600 t=1.42s 0.069 GB/s
[b0010 r9] mode=raw size=102400 fpp=8 iter=1 bytes=104857600 t=1.38s 0.071 GB/s
[b0003 r2] mode=raw size=102400 fpp=8 iter=1 bytes=104857600 t=1.43s 0.068 GB/s
[b0016 r15] mode=raw size=102400 fpp=8 iter=1 bytes=104857600 t=1.50s 0.065 GB/s
[b0011 r10] mode=raw size=102400 fpp=8 iter=1 bytes=104857600 t=1.35s 0.073 GB/s
[b0002 r1] mode=raw size=102400 fpp=8 iter=1 bytes=104857600 t=1.34s 0.073 GB/s
[b0015 r14] mode=raw size=102400 fpp=8 iter=1 bytes=104857600 t=1.42s 0.069 GB/s
[b0001 r0] mode=raw size=102400 fpp=8 iter=2 bytes=104857600 t=1.18s 0.083 GB/s
[b0012 r11] mode=raw size=102400 fpp=8 iter=2 bytes=104857600 t=1.30s 0.075 GB/s
[b0005 r4] mode=raw size=102400 fpp=8 iter=2 bytes=104857600 t=1.24s 0.079 GB/s
[b0009 r8] mode=raw size=102400 fpp=8 iter=2 bytes=104857600 t=1.42s 0.069 GB/s
[b0008 r7] mode=raw size=102400 fpp=8 iter=2 bytes=104857600 t=1.42s 0.069 GB/s
[b0006 r5] mode=raw size=102400 fpp=8 iter=2 bytes=104857600 t=1.34s 0.073 GB/s
[b0014 r13] mode=raw size=102400 fpp=8 iter=2 bytes=104857600 t=1.39s 0.070 GB/s
[b0007 r6] mode=raw size=102400 fpp=8 iter=2 bytes=104857600 t=1.52s 0.064 GB/s
[b0004 r3] mode=raw size=102400 fpp=8 iter=2 bytes=104857600 t=1.34s 0.073 GB/s
[b0013 r12] mode=raw size=102400 fpp=8 iter=2 bytes=104857600 t=1.38s 0.071 GB/s
[b0002 r1] mode=raw size=102400 fpp=8 iter=2 bytes=104857600 t=1.25s 0.078 GB/s
[b0011 r10] mode=raw size=102400 fpp=8 iter=2 bytes=104857600 t=1.34s 0.073 GB/s
[b0015 r14] mode=raw size=102400 fpp=8 iter=2 bytes=104857600 t=1.34s 0.073 GB/s
[b0010 r9] mode=raw size=102400 fpp=8 iter=2 bytes=104857600 t=1.51s 0.065 GB/s
[b0003 r2] mode=raw size=102400 fpp=8 iter=2 bytes=104857600 t=1.38s 0.071 GB/s
[b0016 r15] mode=raw size=102400 fpp=8 iter=2 bytes=104857600 t=1.45s 0.067 GB/s
[b0001 r0] mode=torch_save size=102400 fpp=8 iter=0 bytes=106472448 t=1.21s 0.082 GB/s
[b0012 r11] mode=torch_save size=102400 fpp=8 iter=0 bytes=106472448 t=1.27s 0.078 GB/s
[b0005 r4] mode=torch_save size=102400 fpp=8 iter=0 bytes=106472448 t=1.26s 0.079 GB/s
[b0009 r8] mode=torch_save size=102400 fpp=8 iter=0 bytes=106472448 t=1.41s 0.070 GB/s
[b0006 r5] mode=torch_save size=102400 fpp=8 iter=0 bytes=106472448 t=1.38s 0.072 GB/s
[b0002 r1] mode=torch_save size=102400 fpp=8 iter=0 bytes=106472448 t=1.26s 0.079 GB/s
[b0004 r3] mode=torch_save size=102400 fpp=8 iter=0 bytes=106472448 t=1.35s 0.074 GB/s
[b0013 r12] mode=torch_save size=102400 fpp=8 iter=0 bytes=106472448 t=1.33s 0.075 GB/s
[b0008 r7] mode=torch_save size=102400 fpp=8 iter=0 bytes=106472448 t=1.33s 0.075 GB/s
[b0014 r13] mode=torch_save size=102400 fpp=8 iter=0 bytes=106472448 t=1.36s 0.073 GB/s
[b0011 r10] mode=torch_save size=102400 fpp=8 iter=0 bytes=106472448 t=1.36s 0.073 GB/s
[b0007 r6] mode=torch_save size=102400 fpp=8 iter=0 bytes=106472448 t=1.42s 0.070 GB/s
[b0003 r2] mode=torch_save size=102400 fpp=8 iter=0 bytes=106472448 t=1.37s 0.072 GB/s
[b0016 r15] mode=torch_save size=102400 fpp=8 iter=0 bytes=106472448 t=1.36s 0.073 GB/s
[b0010 r9] mode=torch_save size=102400 fpp=8 iter=0 bytes=106472448 t=1.41s 0.070 GB/s
[b0015 r14] mode=torch_save size=102400 fpp=8 iter=0 bytes=106472448 t=1.41s 0.070 GB/s
[b0001 r0] mode=torch_save size=102400 fpp=8 iter=1 bytes=106472448 t=1.17s 0.085 GB/s
[b0012 r11] mode=torch_save size=102400 fpp=8 iter=1 bytes=106472448 t=1.21s 0.082 GB/s
[b0005 r4] mode=torch_save size=102400 fpp=8 iter=1 bytes=106472448 t=1.34s 0.074 GB/s
[b0009 r8] mode=torch_save size=102400 fpp=8 iter=1 bytes=106472448 t=1.37s 0.073 GB/s
[b0008 r7] mode=torch_save size=102400 fpp=8 iter=1 bytes=106472448 t=1.37s 0.073 GB/s
[b0002 r1] mode=torch_save size=102400 fpp=8 iter=1 bytes=106472448 t=1.38s 0.072 GB/s
[b0006 r5] mode=torch_save size=102400 fpp=8 iter=1 bytes=106472448 t=1.42s 0.070 GB/s
[b0004 r3] mode=torch_save size=102400 fpp=8 iter=1 bytes=106472448 t=1.46s 0.068 GB/s
[b0014 r13] mode=torch_save size=102400 fpp=8 iter=1 bytes=106472448 t=1.39s 0.071 GB/s
[b0011 r10] mode=torch_save size=102400 fpp=8 iter=1 bytes=106472448 t=1.35s 0.073 GB/s
[b0016 r15] mode=torch_save size=102400 fpp=8 iter=1 bytes=106472448 t=1.37s 0.072 GB/s
[b0003 r2] mode=torch_save size=102400 fpp=8 iter=1 bytes=106472448 t=1.47s 0.068 GB/s
[b0007 r6] mode=torch_save size=102400 fpp=8 iter=1 bytes=106472448 t=1.42s 0.070 GB/s
[b0013 r12] mode=torch_save size=102400 fpp=8 iter=1 bytes=106472448 t=1.65s 0.060 GB/s
[b0010 r9] mode=torch_save size=102400 fpp=8 iter=1 bytes=106472448 t=1.40s 0.071 GB/s
[b0015 r14] mode=torch_save size=102400 fpp=8 iter=1 bytes=106472448 t=1.33s 0.075 GB/s
[b0001 r0] mode=torch_save size=102400 fpp=8 iter=2 bytes=106472448 t=1.19s 0.083 GB/s
[b0012 r11] mode=torch_save size=102400 fpp=8 iter=2 bytes=106472448 t=1.28s 0.077 GB/s
[b0005 r4] mode=torch_save size=102400 fpp=8 iter=2 bytes=106472448 t=1.24s 0.080 GB/s
[b0002 r1] mode=torch_save size=102400 fpp=8 iter=2 bytes=106472448 t=1.25s 0.079 GB/s
[b0014 r13] mode=torch_save size=102400 fpp=8 iter=2 bytes=106472448 t=1.33s 0.074 GB/s
[b0006 r5] mode=torch_save size=102400 fpp=8 iter=2 bytes=106472448 t=1.40s 0.071 GB/s
[b0008 r7] mode=torch_save size=102400 fpp=8 iter=2 bytes=106472448 t=1.40s 0.071 GB/s
[b0011 r10] mode=torch_save size=102400 fpp=8 iter=2 bytes=106472448 t=1.33s 0.075 GB/s
[b0004 r3] mode=torch_save size=102400 fpp=8 iter=2 bytes=106472448 t=1.35s 0.073 GB/s
[b0009 r8] mode=torch_save size=102400 fpp=8 iter=2 bytes=106472448 t=1.56s 0.064 GB/s
[b0016 r15] mode=torch_save size=102400 fpp=8 iter=2 bytes=106472448 t=1.35s 0.074 GB/s
[b0007 r6] mode=torch_save size=102400 fpp=8 iter=2 bytes=106472448 t=1.37s 0.072 GB/s
[b0013 r12] mode=torch_save size=102400 fpp=8 iter=2 bytes=106472448 t=1.33s 0.075 GB/s
[b0003 r2] mode=torch_save size=102400 fpp=8 iter=2 bytes=106472448 t=1.48s 0.067 GB/s
[b0010 r9] mode=torch_save size=102400 fpp=8 iter=2 bytes=106472448 t=1.46s 0.068 GB/s
[b0015 r14] mode=torch_save size=102400 fpp=8 iter=2 bytes=106472448 t=1.36s 0.073 GB/s
[b0001 r0] mode=dcp size=102400 fpp=8 iter=0 bytes=107419792 t=1.42s 0.071 GB/s
[b0012 r11] mode=dcp size=102400 fpp=8 iter=0 bytes=107419792 t=1.39s 0.072 GB/s
[b0005 r4] mode=dcp size=102400 fpp=8 iter=0 bytes=107419792 t=1.38s 0.073 GB/s
[b0002 r1] mode=dcp size=102400 fpp=8 iter=0 bytes=107419792 t=1.50s 0.067 GB/s
[b0006 r5] mode=dcp size=102400 fpp=8 iter=0 bytes=107419792 t=1.41s 0.071 GB/s
[b0004 r3] mode=dcp size=102400 fpp=8 iter=0 bytes=107418768 t=1.47s 0.068 GB/s
[b0014 r13] mode=dcp size=102400 fpp=8 iter=0 bytes=107419792 t=1.49s 0.067 GB/s
[b0009 r8] mode=dcp size=102400 fpp=8 iter=0 bytes=107419792 t=1.49s 0.067 GB/s
[b0013 r12] mode=dcp size=102400 fpp=8 iter=0 bytes=107419792 t=1.39s 0.072 GB/s
[b0008 r7] mode=dcp size=102400 fpp=8 iter=0 bytes=107419792 t=1.53s 0.065 GB/s
[b0011 r10] mode=dcp size=102400 fpp=8 iter=0 bytes=107420816 t=1.49s 0.067 GB/s
[b0007 r6] mode=dcp size=102400 fpp=8 iter=0 bytes=107418768 t=1.52s 0.066 GB/s
[b0016 r15] mode=dcp size=102400 fpp=8 iter=0 bytes=107419792 t=1.53s 0.065 GB/s
[b0015 r14] mode=dcp size=102400 fpp=8 iter=0 bytes=107419792 t=1.41s 0.071 GB/s
[b0003 r2] mode=dcp size=102400 fpp=8 iter=0 bytes=107419792 t=1.47s 0.068 GB/s
[b0010 r9] mode=dcp size=102400 fpp=8 iter=0 bytes=107419792 t=1.53s 0.065 GB/s
[b0001 r0] mode=dcp size=102400 fpp=8 iter=1 bytes=107419792 t=1.38s 0.072 GB/s
[b0012 r11] mode=dcp size=102400 fpp=8 iter=1 bytes=107419792 t=1.33s 0.075 GB/s
[b0005 r4] mode=dcp size=102400 fpp=8 iter=1 bytes=107419792 t=1.33s 0.075 GB/s
[b0002 r1] mode=dcp size=102400 fpp=8 iter=1 bytes=107419792 t=1.46s 0.068 GB/s
[b0004 r3] mode=dcp size=102400 fpp=8 iter=1 bytes=107418768 t=1.46s 0.069 GB/s
[b0014 r13] mode=dcp size=102400 fpp=8 iter=1 bytes=107419792 t=1.48s 0.068 GB/s
[b0006 r5] mode=dcp size=102400 fpp=8 iter=1 bytes=107419792 t=1.52s 0.066 GB/s
[b0009 r8] mode=dcp size=102400 fpp=8 iter=1 bytes=107419792 t=1.45s 0.069 GB/s
[b0013 r12] mode=dcp size=102400 fpp=8 iter=1 bytes=107419792 t=1.45s 0.069 GB/s
[b0008 r7] mode=dcp size=102400 fpp=8 iter=1 bytes=107419792 t=1.46s 0.068 GB/s
[b0011 r10] mode=dcp size=102400 fpp=8 iter=1 bytes=107420816 t=1.48s 0.068 GB/s
[b0016 r15] mode=dcp size=102400 fpp=8 iter=1 bytes=107419792 t=1.46s 0.069 GB/s
[b0007 r6] mode=dcp size=102400 fpp=8 iter=1 bytes=107418768 t=1.47s 0.068 GB/s
[b0015 r14] mode=dcp size=102400 fpp=8 iter=1 bytes=107419792 t=1.41s 0.071 GB/s
[b0003 r2] mode=dcp size=102400 fpp=8 iter=1 bytes=107419792 t=1.44s 0.069 GB/s
[b0010 r9] mode=dcp size=102400 fpp=8 iter=1 bytes=107419792 t=1.47s 0.068 GB/s
[b0001 r0] mode=dcp size=102400 fpp=8 iter=2 bytes=107419792 t=1.32s 0.076 GB/s
[b0012 r11] mode=dcp size=102400 fpp=8 iter=2 bytes=107419792 t=1.35s 0.074 GB/s
[b0005 r4] mode=dcp size=102400 fpp=8 iter=2 bytes=107419792 t=1.37s 0.073 GB/s
[b0002 r1] mode=dcp size=102400 fpp=8 iter=2 bytes=107419792 t=1.45s 0.069 GB/s
[b0004 r3] mode=dcp size=102400 fpp=8 iter=2 bytes=107418768 t=1.44s 0.069 GB/s
[b0014 r13] mode=dcp size=102400 fpp=8 iter=2 bytes=107419792 t=1.46s 0.069 GB/s
[b0013 r12] mode=dcp size=102400 fpp=8 iter=2 bytes=107419792 t=1.38s 0.073 GB/s
[b0006 r5] mode=dcp size=102400 fpp=8 iter=2 bytes=107419792 t=1.42s 0.070 GB/s
[b0009 r8] mode=dcp size=102400 fpp=8 iter=2 bytes=107419792 t=1.53s 0.066 GB/s
[b0011 r10] mode=dcp size=102400 fpp=8 iter=2 bytes=107420816 t=1.45s 0.069 GB/s
[b0008 r7] mode=dcp size=102400 fpp=8 iter=2 bytes=107419792 t=1.49s 0.067 GB/s
[b0016 r15] mode=dcp size=102400 fpp=8 iter=2 bytes=107419792 t=1.44s 0.070 GB/s
[b0007 r6] mode=dcp size=102400 fpp=8 iter=2 bytes=107418768 t=1.52s 0.066 GB/s
[b0015 r14] mode=dcp size=102400 fpp=8 iter=2 bytes=107419792 t=1.41s 0.071 GB/s
[b0003 r2] mode=dcp size=102400 fpp=8 iter=2 bytes=107419792 t=1.42s 0.071 GB/s
[b0010 r9] mode=dcp size=102400 fpp=8 iter=2 bytes=107419792 t=1.52s 0.066 GB/s
[b0001 r0] mode=raw size=1048576 fpp=8 iter=0 bytes=1073741824 t=1.17s 0.854 GB/s
[b0012 r11] mode=raw size=1048576 fpp=8 iter=0 bytes=1073741824 t=1.24s 0.809 GB/s
[b0005 r4] mode=raw size=1048576 fpp=8 iter=0 bytes=1073741824 t=1.22s 0.821 GB/s
[b0001 r0] mode=raw size=1048576 fpp=8 iter=1 bytes=1073741824 t=1.14s 0.874 GB/s
[b0002 r1] mode=raw size=1048576 fpp=8 iter=0 bytes=1073741824 t=1.32s 0.760 GB/s
[b0004 r3] mode=raw size=1048576 fpp=8 iter=0 bytes=1073741824 t=1.31s 0.764 GB/s
[b0006 r5] mode=raw size=1048576 fpp=8 iter=0 bytes=1073741824 t=1.29s 0.777 GB/s
[b0013 r12] mode=raw size=1048576 fpp=8 iter=0 bytes=1073741824 t=1.30s 0.769 GB/s
[b0012 r11] mode=raw size=1048576 fpp=8 iter=1 bytes=1073741824 t=1.28s 0.779 GB/s
[b0009 r8] mode=raw size=1048576 fpp=8 iter=0 bytes=1073741824 t=1.30s 0.767 GB/s
[b0014 r13] mode=raw size=1048576 fpp=8 iter=0 bytes=1073741824 t=1.42s 0.703 GB/s
[b0005 r4] mode=raw size=1048576 fpp=8 iter=1 bytes=1073741824 t=1.29s 0.776 GB/s
[b0007 r6] mode=raw size=1048576 fpp=8 iter=0 bytes=1073741824 t=1.30s 0.767 GB/s
[b0015 r14] mode=raw size=1048576 fpp=8 iter=0 bytes=1073741824 t=1.27s 0.784 GB/s
[b0003 r2] mode=raw size=1048576 fpp=8 iter=0 bytes=1073741824 t=1.31s 0.762 GB/s
[b0008 r7] mode=raw size=1048576 fpp=8 iter=0 bytes=1073741824 t=1.32s 0.759 GB/s
[b0011 r10] mode=raw size=1048576 fpp=8 iter=0 bytes=1073741824 t=1.24s 0.804 GB/s
[b0016 r15] mode=raw size=1048576 fpp=8 iter=0 bytes=1073741824 t=1.41s 0.708 GB/s
[b0010 r9] mode=raw size=1048576 fpp=8 iter=0 bytes=1073741824 t=1.32s 0.760 GB/s
[b0001 r0] mode=raw size=1048576 fpp=8 iter=2 bytes=1073741824 t=1.12s 0.890 GB/s
[b0002 r1] mode=raw size=1048576 fpp=8 iter=1 bytes=1073741824 t=1.30s 0.767 GB/s
[b0013 r12] mode=raw size=1048576 fpp=8 iter=1 bytes=1073741824 t=1.24s 0.807 GB/s
[b0012 r11] mode=raw size=1048576 fpp=8 iter=2 bytes=1073741824 t=1.24s 0.808 GB/s
[b0006 r5] mode=raw size=1048576 fpp=8 iter=1 bytes=1073741824 t=1.29s 0.777 GB/s
[b0004 r3] mode=raw size=1048576 fpp=8 iter=1 bytes=1073741824 t=1.30s 0.770 GB/s
[b0005 r4] mode=raw size=1048576 fpp=8 iter=2 bytes=1073741824 t=1.25s 0.802 GB/s
[b0009 r8] mode=raw size=1048576 fpp=8 iter=1 bytes=1073741824 t=1.38s 0.724 GB/s
[b0007 r6] mode=raw size=1048576 fpp=8 iter=1 bytes=1073741824 t=1.29s 0.774 GB/s
[b0014 r13] mode=raw size=1048576 fpp=8 iter=1 bytes=1073741824 t=1.35s 0.738 GB/s
[b0015 r14] mode=raw size=1048576 fpp=8 iter=1 bytes=1073741824 t=1.31s 0.766 GB/s
[b0003 r2] mode=raw size=1048576 fpp=8 iter=1 bytes=1073741824 t=1.31s 0.762 GB/s
[b0011 r10] mode=raw size=1048576 fpp=8 iter=1 bytes=1073741824 t=1.28s 0.784 GB/s
[b0016 r15] mode=raw size=1048576 fpp=8 iter=1 bytes=1073741824 t=1.27s 0.785 GB/s
[b0008 r7] mode=raw size=1048576 fpp=8 iter=1 bytes=1073741824 t=1.42s 0.705 GB/s
[b0010 r9] mode=raw size=1048576 fpp=8 iter=1 bytes=1073741824 t=1.39s 0.717 GB/s
[b0002 r1] mode=raw size=1048576 fpp=8 iter=2 bytes=1073741824 t=1.30s 0.767 GB/s
[b0013 r12] mode=raw size=1048576 fpp=8 iter=2 bytes=1073741824 t=1.33s 0.749 GB/s
[b0004 r3] mode=raw size=1048576 fpp=8 iter=2 bytes=1073741824 t=1.31s 0.765 GB/s
[b0006 r5] mode=raw size=1048576 fpp=8 iter=2 bytes=1073741824 t=1.43s 0.699 GB/s
[b0009 r8] mode=raw size=1048576 fpp=8 iter=2 bytes=1073741824 t=1.33s 0.750 GB/s
[b0007 r6] mode=raw size=1048576 fpp=8 iter=2 bytes=1073741824 t=1.43s 0.698 GB/s
[b0015 r14] mode=raw size=1048576 fpp=8 iter=2 bytes=1073741824 t=1.38s 0.726 GB/s
[b0014 r13] mode=raw size=1048576 fpp=8 iter=2 bytes=1073741824 t=1.43s 0.701 GB/s
[b0016 r15] mode=raw size=1048576 fpp=8 iter=2 bytes=1073741824 t=1.34s 0.749 GB/s
[b0003 r2] mode=raw size=1048576 fpp=8 iter=2 bytes=1073741824 t=1.41s 0.710 GB/s
[b0011 r10] mode=raw size=1048576 fpp=8 iter=2 bytes=1073741824 t=1.37s 0.731 GB/s
[b0008 r7] mode=raw size=1048576 fpp=8 iter=2 bytes=1073741824 t=1.38s 0.726 GB/s
[b0010 r9] mode=raw size=1048576 fpp=8 iter=2 bytes=1073741824 t=1.34s 0.747 GB/s
[b0001 r0] mode=torch_save size=1048576 fpp=8 iter=0 bytes=1075356672 t=1.16s 0.861 GB/s
[b0012 r11] mode=torch_save size=1048576 fpp=8 iter=0 bytes=1075356672 t=1.19s 0.840 GB/s
[b0005 r4] mode=torch_save size=1048576 fpp=8 iter=0 bytes=1075356672 t=1.23s 0.815 GB/s
[b0001 r0] mode=torch_save size=1048576 fpp=8 iter=1 bytes=1075356672 t=1.08s 0.925 GB/s
[b0012 r11] mode=torch_save size=1048576 fpp=8 iter=1 bytes=1075356672 t=1.13s 0.887 GB/s
[b0005 r4] mode=torch_save size=1048576 fpp=8 iter=1 bytes=1075356672 t=1.11s 0.899 GB/s
[b0013 r12] mode=torch_save size=1048576 fpp=8 iter=0 bytes=1075356672 t=1.25s 0.803 GB/s
[b0004 r3] mode=torch_save size=1048576 fpp=8 iter=0 bytes=1075356672 t=1.33s 0.754 GB/s
[b0007 r6] mode=torch_save size=1048576 fpp=8 iter=0 bytes=1075356672 t=1.29s 0.775 GB/s
[b0002 r1] mode=torch_save size=1048576 fpp=8 iter=0 bytes=1075356672 t=1.35s 0.740 GB/s
[b0014 r13] mode=torch_save size=1048576 fpp=8 iter=0 bytes=1075356672 t=1.34s 0.749 GB/s
[b0006 r5] mode=torch_save size=1048576 fpp=8 iter=0 bytes=1075356672 t=1.27s 0.791 GB/s
[b0016 r15] mode=torch_save size=1048576 fpp=8 iter=0 bytes=1075356672 t=1.26s 0.798 GB/s
[b0003 r2] mode=torch_save size=1048576 fpp=8 iter=0 bytes=1075356672 t=1.29s 0.777 GB/s
[b0009 r8] mode=torch_save size=1048576 fpp=8 iter=0 bytes=1075356672 t=1.37s 0.731 GB/s
[b0015 r14] mode=torch_save size=1048576 fpp=8 iter=0 bytes=1075356672 t=1.34s 0.746 GB/s
[b0011 r10] mode=torch_save size=1048576 fpp=8 iter=0 bytes=1075356672 t=1.32s 0.761 GB/s
[b0008 r7] mode=torch_save size=1048576 fpp=8 iter=0 bytes=1075356672 t=1.30s 0.771 GB/s
[b0001 r0] mode=torch_save size=1048576 fpp=8 iter=2 bytes=1075356672 t=1.18s 0.851 GB/s
[b0010 r9] mode=torch_save size=1048576 fpp=8 iter=0 bytes=1075356672 t=1.28s 0.782 GB/s
[b0012 r11] mode=torch_save size=1048576 fpp=8 iter=2 bytes=1075356672 t=1.12s 0.894 GB/s
[b0005 r4] mode=torch_save size=1048576 fpp=8 iter=2 bytes=1075356672 t=1.09s 0.921 GB/s
[b0013 r12] mode=torch_save size=1048576 fpp=8 iter=1 bytes=1075356672 t=1.24s 0.807 GB/s
[b0004 r3] mode=torch_save size=1048576 fpp=8 iter=1 bytes=1075356672 t=1.20s 0.836 GB/s
[b0007 r6] mode=torch_save size=1048576 fpp=8 iter=1 bytes=1075356672 t=1.30s 0.767 GB/s
[b0002 r1] mode=torch_save size=1048576 fpp=8 iter=1 bytes=1075356672 t=1.32s 0.759 GB/s
[b0014 r13] mode=torch_save size=1048576 fpp=8 iter=1 bytes=1075356672 t=1.31s 0.765 GB/s
[b0016 r15] mode=torch_save size=1048576 fpp=8 iter=1 bytes=1075356672 t=1.28s 0.782 GB/s
[b0006 r5] mode=torch_save size=1048576 fpp=8 iter=1 bytes=1075356672 t=1.41s 0.710 GB/s
[b0003 r2] mode=torch_save size=1048576 fpp=8 iter=1 bytes=1075356672 t=1.34s 0.747 GB/s
[b0015 r14] mode=torch_save size=1048576 fpp=8 iter=1 bytes=1075356672 t=1.31s 0.763 GB/s
[b0009 r8] mode=torch_save size=1048576 fpp=8 iter=1 bytes=1075356672 t=1.39s 0.720 GB/s
[b0011 r10] mode=torch_save size=1048576 fpp=8 iter=1 bytes=1075356672 t=1.35s 0.744 GB/s
[b0008 r7] mode=torch_save size=1048576 fpp=8 iter=1 bytes=1075356672 t=1.30s 0.773 GB/s
[b0010 r9] mode=torch_save size=1048576 fpp=8 iter=1 bytes=1075356672 t=1.27s 0.791 GB/s
[b0013 r12] mode=torch_save size=1048576 fpp=8 iter=2 bytes=1075356672 t=1.23s 0.817 GB/s
[b0004 r3] mode=torch_save size=1048576 fpp=8 iter=2 bytes=1075356672 t=1.27s 0.786 GB/s
[b0016 r15] mode=torch_save size=1048576 fpp=8 iter=2 bytes=1075356672 t=1.24s 0.805 GB/s
[b0007 r6] mode=torch_save size=1048576 fpp=8 iter=2 bytes=1075356672 t=1.35s 0.742 GB/s
[b0002 r1] mode=torch_save size=1048576 fpp=8 iter=2 bytes=1075356672 t=1.32s 0.757 GB/s
[b0014 r13] mode=torch_save size=1048576 fpp=8 iter=2 bytes=1075356672 t=1.37s 0.733 GB/s
[b0006 r5] mode=torch_save size=1048576 fpp=8 iter=2 bytes=1075356672 t=1.34s 0.748 GB/s
[b0009 r8] mode=torch_save size=1048576 fpp=8 iter=2 bytes=1075356672 t=1.31s 0.763 GB/s
[b0015 r14] mode=torch_save size=1048576 fpp=8 iter=2 bytes=1075356672 t=1.30s 0.772 GB/s
[b0003 r2] mode=torch_save size=1048576 fpp=8 iter=2 bytes=1075356672 t=1.39s 0.723 GB/s
[b0011 r10] mode=torch_save size=1048576 fpp=8 iter=2 bytes=1075356672 t=1.28s 0.785 GB/s
[b0008 r7] mode=torch_save size=1048576 fpp=8 iter=2 bytes=1075356672 t=1.26s 0.798 GB/s
[b0010 r9] mode=torch_save size=1048576 fpp=8 iter=2 bytes=1075356672 t=1.22s 0.823 GB/s
[b0001 r0] mode=dcp size=1048576 fpp=8 iter=0 bytes=1076308112 t=1.49s 0.672 GB/s
[b0012 r11] mode=dcp size=1048576 fpp=8 iter=0 bytes=1076308112 t=1.51s 0.666 GB/s
[b0005 r4] mode=dcp size=1048576 fpp=8 iter=0 bytes=1076308112 t=1.45s 0.690 GB/s
[b0013 r12] mode=dcp size=1048576 fpp=8 iter=0 bytes=1076308112 t=1.49s 0.671 GB/s
[b0004 r3] mode=dcp size=1048576 fpp=8 iter=0 bytes=1076307088 t=1.61s 0.623 GB/s
[b0016 r15] mode=dcp size=1048576 fpp=8 iter=0 bytes=1076308112 t=1.56s 0.642 GB/s
[b0002 r1] mode=dcp size=1048576 fpp=8 iter=0 bytes=1076308112 t=1.63s 0.616 GB/s
[b0007 r6] mode=dcp size=1048576 fpp=8 iter=0 bytes=1076307088 t=1.65s 0.606 GB/s
[b0014 r13] mode=dcp size=1048576 fpp=8 iter=0 bytes=1076308112 t=1.77s 0.566 GB/s
[b0006 r5] mode=dcp size=1048576 fpp=8 iter=0 bytes=1076308112 t=1.72s 0.582 GB/s
[b0009 r8] mode=dcp size=1048576 fpp=8 iter=0 bytes=1076308112 t=1.66s 0.605 GB/s
[b0003 r2] mode=dcp size=1048576 fpp=8 iter=0 bytes=1076308112 t=1.65s 0.608 GB/s
[b0015 r14] mode=dcp size=1048576 fpp=8 iter=0 bytes=1076308112 t=1.66s 0.603 GB/s
[b0011 r10] mode=dcp size=1048576 fpp=8 iter=0 bytes=1076309136 t=1.64s 0.611 GB/s
[b0008 r7] mode=dcp size=1048576 fpp=8 iter=0 bytes=1076308112 t=1.84s 0.543 GB/s
[b0010 r9] mode=dcp size=1048576 fpp=8 iter=0 bytes=1076308112 t=1.50s 0.667 GB/s
[b0001 r0] mode=dcp size=1048576 fpp=8 iter=1 bytes=1076308112 t=1.51s 0.662 GB/s
[b0012 r11] mode=dcp size=1048576 fpp=8 iter=1 bytes=1076308112 t=1.45s 0.690 GB/s
[b0005 r4] mode=dcp size=1048576 fpp=8 iter=1 bytes=1076308112 t=1.49s 0.673 GB/s
[b0013 r12] mode=dcp size=1048576 fpp=8 iter=1 bytes=1076308112 t=1.48s 0.679 GB/s
[b0004 r3] mode=dcp size=1048576 fpp=8 iter=1 bytes=1076307088 t=1.55s 0.647 GB/s
[b0016 r15] mode=dcp size=1048576 fpp=8 iter=1 bytes=1076308112 t=1.60s 0.625 GB/s
[b0002 r1] mode=dcp size=1048576 fpp=8 iter=1 bytes=1076308112 t=1.59s 0.631 GB/s
[b0007 r6] mode=dcp size=1048576 fpp=8 iter=1 bytes=1076307088 t=1.66s 0.606 GB/s
[b0014 r13] mode=dcp size=1048576 fpp=8 iter=1 bytes=1076308112 t=1.71s 0.587 GB/s
[b0006 r5] mode=dcp size=1048576 fpp=8 iter=1 bytes=1076308112 t=1.72s 0.583 GB/s
[b0009 r8] mode=dcp size=1048576 fpp=8 iter=1 bytes=1076308112 t=1.82s 0.550 GB/s
[b0003 r2] mode=dcp size=1048576 fpp=8 iter=1 bytes=1076308112 t=1.73s 0.579 GB/s
[b0008 r7] mode=dcp size=1048576 fpp=8 iter=1 bytes=1076308112 t=1.63s 0.614 GB/s
[b0011 r10] mode=dcp size=1048576 fpp=8 iter=1 bytes=1076309136 t=1.68s 0.597 GB/s
[b0015 r14] mode=dcp size=1048576 fpp=8 iter=1 bytes=1076308112 t=1.77s 0.567 GB/s
[b0010 r9] mode=dcp size=1048576 fpp=8 iter=1 bytes=1076308112 t=1.62s 0.620 GB/s
[b0001 r0] mode=dcp size=1048576 fpp=8 iter=2 bytes=1076308112 t=1.51s 0.663 GB/s
[b0012 r11] mode=dcp size=1048576 fpp=8 iter=2 bytes=1076308112 t=1.48s 0.677 GB/s
[b0005 r4] mode=dcp size=1048576 fpp=8 iter=2 bytes=1076308112 t=1.53s 0.657 GB/s
[b0013 r12] mode=dcp size=1048576 fpp=8 iter=2 bytes=1076308112 t=1.46s 0.686 GB/s
[b0004 r3] mode=dcp size=1048576 fpp=8 iter=2 bytes=1076307088 t=1.55s 0.648 GB/s
[b0016 r15] mode=dcp size=1048576 fpp=8 iter=2 bytes=1076308112 t=1.56s 0.644 GB/s
[b0002 r1] mode=dcp size=1048576 fpp=8 iter=2 bytes=1076308112 t=1.60s 0.628 GB/s
[b0007 r6] mode=dcp size=1048576 fpp=8 iter=2 bytes=1076307088 t=1.69s 0.593 GB/s
[b0014 r13] mode=dcp size=1048576 fpp=8 iter=2 bytes=1076308112 t=1.91s 0.524 GB/s
[b0006 r5] mode=dcp size=1048576 fpp=8 iter=2 bytes=1076308112 t=2.09s 0.480 GB/s
[b0009 r8] mode=dcp size=1048576 fpp=8 iter=2 bytes=1076308112 t=2.04s 0.491 GB/s
[b0008 r7] mode=dcp size=1048576 fpp=8 iter=2 bytes=1076308112 t=1.96s 0.512 GB/s
[b0003 r2] mode=dcp size=1048576 fpp=8 iter=2 bytes=1076308112 t=2.05s 0.489 GB/s
[b0015 r14] mode=dcp size=1048576 fpp=8 iter=2 bytes=1076308112 t=2.03s 0.493 GB/s
[b0011 r10] mode=dcp size=1048576 fpp=8 iter=2 bytes=1076309136 t=2.06s 0.487 GB/s
[b0010 r9] mode=dcp size=1048576 fpp=8 iter=2 bytes=1076308112 t=2.12s 0.474 GB/s
[b0012 r11] mode=raw size=10485760 fpp=8 iter=0 bytes=10737418240 t=1.80s 5.571 GB/s
[b0001 r0] mode=raw size=10485760 fpp=8 iter=0 bytes=10737418240 t=1.88s 5.317 GB/s
[b0005 r4] mode=raw size=10485760 fpp=8 iter=0 bytes=10737418240 t=1.80s 5.568 GB/s
[b0012 r11] mode=raw size=10485760 fpp=8 iter=1 bytes=10737418240 t=2.23s 4.477 GB/s
[b0001 r0] mode=raw size=10485760 fpp=8 iter=1 bytes=10737418240 t=2.40s 4.171 GB/s
[b0005 r4] mode=raw size=10485760 fpp=8 iter=1 bytes=10737418240 t=2.37s 4.220 GB/s
[b0013 r12] mode=raw size=10485760 fpp=8 iter=0 bytes=10737418240 t=2.25s 4.441 GB/s
[b0016 r15] mode=raw size=10485760 fpp=8 iter=0 bytes=10737418240 t=1.87s 5.362 GB/s
[b0004 r3] mode=raw size=10485760 fpp=8 iter=0 bytes=10737418240 t=2.18s 4.595 GB/s
[b0002 r1] mode=raw size=10485760 fpp=8 iter=0 bytes=10737418240 t=2.21s 4.522 GB/s
[b0012 r11] mode=raw size=10485760 fpp=8 iter=2 bytes=10737418240 t=2.26s 4.426 GB/s
[b0007 r6] mode=raw size=10485760 fpp=8 iter=0 bytes=10737418240 t=2.55s 3.916 GB/s
[b0001 r0] mode=raw size=10485760 fpp=8 iter=2 bytes=10737418240 t=2.32s 4.318 GB/s
[b0015 r14] mode=raw size=10485760 fpp=8 iter=0 bytes=10737418240 t=2.31s 4.333 GB/s
[b0008 r7] mode=raw size=10485760 fpp=8 iter=0 bytes=10737418240 t=2.14s 4.679 GB/s
[b0009 r8] mode=raw size=10485760 fpp=8 iter=0 bytes=10737418240 t=2.57s 3.893 GB/s
[b0005 r4] mode=raw size=10485760 fpp=8 iter=2 bytes=10737418240 t=2.45s 4.086 GB/s
[b0014 r13] mode=raw size=10485760 fpp=8 iter=0 bytes=10737418240 t=2.41s 4.148 GB/s
[b0006 r5] mode=raw size=10485760 fpp=8 iter=0 bytes=10737418240 t=2.10s 4.763 GB/s
[b0003 r2] mode=raw size=10485760 fpp=8 iter=0 bytes=10737418240 t=2.67s 3.750 GB/s
[b0011 r10] mode=raw size=10485760 fpp=8 iter=0 bytes=10737418240 t=2.17s 4.599 GB/s
[b0010 r9] mode=raw size=10485760 fpp=8 iter=0 bytes=10737418240 t=2.53s 3.950 GB/s
[b0013 r12] mode=raw size=10485760 fpp=8 iter=1 bytes=10737418240 t=1.70s 5.887 GB/s
[b0016 r15] mode=raw size=10485760 fpp=8 iter=1 bytes=10737418240 t=1.88s 5.324 GB/s
[b0004 r3] mode=raw size=10485760 fpp=8 iter=1 bytes=10737418240 t=2.35s 4.247 GB/s
[b0002 r1] mode=raw size=10485760 fpp=8 iter=1 bytes=10737418240 t=2.28s 4.378 GB/s
[b0015 r14] mode=raw size=10485760 fpp=8 iter=1 bytes=10737418240 t=2.52s 3.962 GB/s
[b0007 r6] mode=raw size=10485760 fpp=8 iter=1 bytes=10737418240 t=2.28s 4.391 GB/s
[b0008 r7] mode=raw size=10485760 fpp=8 iter=1 bytes=10737418240 t=2.27s 4.407 GB/s
[b0006 r5] mode=raw size=10485760 fpp=8 iter=1 bytes=10737418240 t=2.29s 4.367 GB/s
[b0010 r9] mode=raw size=10485760 fpp=8 iter=1 bytes=10737418240 t=2.08s 4.818 GB/s
[b0009 r8] mode=raw size=10485760 fpp=8 iter=1 bytes=10737418240 t=2.34s 4.282 GB/s
[b0011 r10] mode=raw size=10485760 fpp=8 iter=1 bytes=10737418240 t=2.20s 4.547 GB/s
[b0003 r2] mode=raw size=10485760 fpp=8 iter=1 bytes=10737418240 t=2.44s 4.101 GB/s
[b0014 r13] mode=raw size=10485760 fpp=8 iter=1 bytes=10737418240 t=2.32s 4.315 GB/s
[b0013 r12] mode=raw size=10485760 fpp=8 iter=2 bytes=10737418240 t=1.58s 6.317 GB/s
[b0012 r11] mode=torch_save size=10485760 fpp=8 iter=0 bytes=10739033088 t=1.95s 5.132 GB/s
[b0016 r15] mode=raw size=10485760 fpp=8 iter=2 bytes=10737418240 t=1.92s 5.211 GB/s
[b0004 r3] mode=raw size=10485760 fpp=8 iter=2 bytes=10737418240 t=2.03s 4.919 GB/s
[b0001 r0] mode=torch_save size=10485760 fpp=8 iter=0 bytes=10739033088 t=2.14s 4.672 GB/s
[b0002 r1] mode=raw size=10485760 fpp=8 iter=2 bytes=10737418240 t=2.27s 4.413 GB/s
[b0005 r4] mode=torch_save size=10485760 fpp=8 iter=0 bytes=10739033088 t=2.21s 4.518 GB/s
[b0006 r5] mode=raw size=10485760 fpp=8 iter=2 bytes=10737418240 t=2.12s 4.725 GB/s
[b0015 r14] mode=raw size=10485760 fpp=8 iter=2 bytes=10737418240 t=2.45s 4.084 GB/s
[b0007 r6] mode=raw size=10485760 fpp=8 iter=2 bytes=10737418240 t=2.44s 4.100 GB/s
[b0003 r2] mode=raw size=10485760 fpp=8 iter=2 bytes=10737418240 t=2.17s 4.614 GB/s
[b0009 r8] mode=raw size=10485760 fpp=8 iter=2 bytes=10737418240 t=2.15s 4.653 GB/s
[b0008 r7] mode=raw size=10485760 fpp=8 iter=2 bytes=10737418240 t=2.58s 3.879 GB/s
[b0010 r9] mode=raw size=10485760 fpp=8 iter=2 bytes=10737418240 t=2.39s 4.188 GB/s
[b0011 r10] mode=raw size=10485760 fpp=8 iter=2 bytes=10737418240 t=2.52s 3.974 GB/s
[b0014 r13] mode=raw size=10485760 fpp=8 iter=2 bytes=10737418240 t=1.92s 5.212 GB/s
[b0012 r11] mode=torch_save size=10485760 fpp=8 iter=1 bytes=10739033088 t=1.64s 6.104 GB/s
[b0001 r0] mode=torch_save size=10485760 fpp=8 iter=1 bytes=10739033088 t=1.78s 5.624 GB/s
[b0005 r4] mode=torch_save size=10485760 fpp=8 iter=1 bytes=10739033088 t=1.98s 5.049 GB/s
[b0013 r12] mode=torch_save size=10485760 fpp=8 iter=0 bytes=10739033088 t=1.84s 5.445 GB/s
[b0012 r11] mode=torch_save size=10485760 fpp=8 iter=2 bytes=10739033088 t=1.80s 5.557 GB/s
[b0001 r0] mode=torch_save size=10485760 fpp=8 iter=2 bytes=10739033088 t=1.70s 5.875 GB/s
[b0016 r15] mode=torch_save size=10485760 fpp=8 iter=0 bytes=10739033088 t=1.79s 5.587 GB/s
[b0005 r4] mode=torch_save size=10485760 fpp=8 iter=2 bytes=10739033088 t=1.98s 5.048 GB/s
[b0004 r3] mode=torch_save size=10485760 fpp=8 iter=0 bytes=10739033088 t=2.46s 4.060 GB/s
[b0015 r14] mode=torch_save size=10485760 fpp=8 iter=0 bytes=10739033088 t=2.02s 4.955 GB/s
[b0002 r1] mode=torch_save size=10485760 fpp=8 iter=0 bytes=10739033088 t=2.40s 4.164 GB/s
[b0006 r5] mode=torch_save size=10485760 fpp=8 iter=0 bytes=10739033088 t=2.00s 4.999 GB/s
[b0009 r8] mode=torch_save size=10485760 fpp=8 iter=0 bytes=10739033088 t=2.18s 4.578 GB/s
[b0008 r7] mode=torch_save size=10485760 fpp=8 iter=0 bytes=10739033088 t=2.16s 4.625 GB/s
[b0011 r10] mode=torch_save size=10485760 fpp=8 iter=0 bytes=10739033088 t=1.89s 5.305 GB/s
[b0007 r6] mode=torch_save size=10485760 fpp=8 iter=0 bytes=10739033088 t=2.56s 3.904 GB/s
[b0010 r9] mode=torch_save size=10485760 fpp=8 iter=0 bytes=10739033088 t=2.40s 4.159 GB/s
[b0003 r2] mode=torch_save size=10485760 fpp=8 iter=0 bytes=10739033088 t=2.03s 4.924 GB/s
[b0014 r13] mode=torch_save size=10485760 fpp=8 iter=0 bytes=10739033088 t=2.29s 4.369 GB/s
[b0013 r12] mode=torch_save size=10485760 fpp=8 iter=1 bytes=10739033088 t=2.04s 4.903 GB/s
[b0016 r15] mode=torch_save size=10485760 fpp=8 iter=1 bytes=10739033088 t=2.03s 4.927 GB/s
[b0015 r14] mode=torch_save size=10485760 fpp=8 iter=1 bytes=10739033088 t=2.18s 4.577 GB/s
[b0002 r1] mode=torch_save size=10485760 fpp=8 iter=1 bytes=10739033088 t=2.02s 4.948 GB/s
[b0004 r3] mode=torch_save size=10485760 fpp=8 iter=1 bytes=10739033088 t=2.14s 4.681 GB/s
[b0006 r5] mode=torch_save size=10485760 fpp=8 iter=1 bytes=10739033088 t=2.10s 4.760 GB/s
[b0008 r7] mode=torch_save size=10485760 fpp=8 iter=1 bytes=10739033088 t=2.07s 4.837 GB/s
[b0011 r10] mode=torch_save size=10485760 fpp=8 iter=1 bytes=10739033088 t=2.03s 4.919 GB/s
[b0009 r8] mode=torch_save size=10485760 fpp=8 iter=1 bytes=10739033088 t=2.01s 4.972 GB/s
[b0003 r2] mode=torch_save size=10485760 fpp=8 iter=1 bytes=10739033088 t=2.10s 4.755 GB/s
[b0010 r9] mode=torch_save size=10485760 fpp=8 iter=1 bytes=10739033088 t=2.10s 4.758 GB/s
[b0007 r6] mode=torch_save size=10485760 fpp=8 iter=1 bytes=10739033088 t=2.34s 4.280 GB/s
[b0014 r13] mode=torch_save size=10485760 fpp=8 iter=1 bytes=10739033088 t=1.99s 5.034 GB/s
[b0016 r15] mode=torch_save size=10485760 fpp=8 iter=2 bytes=10739033088 t=1.74s 5.761 GB/s
[b0013 r12] mode=torch_save size=10485760 fpp=8 iter=2 bytes=10739033088 t=2.30s 4.344 GB/s
[b0002 r1] mode=torch_save size=10485760 fpp=8 iter=2 bytes=10739033088 t=2.16s 4.638 GB/s
[b0015 r14] mode=torch_save size=10485760 fpp=8 iter=2 bytes=10739033088 t=2.05s 4.879 GB/s
[b0004 r3] mode=torch_save size=10485760 fpp=8 iter=2 bytes=10739033088 t=2.53s 3.947 GB/s
[b0006 r5] mode=torch_save size=10485760 fpp=8 iter=2 bytes=10739033088 t=2.29s 4.373 GB/s
[b0008 r7] mode=torch_save size=10485760 fpp=8 iter=2 bytes=10739033088 t=1.88s 5.327 GB/s
[b0009 r8] mode=torch_save size=10485760 fpp=8 iter=2 bytes=10739033088 t=2.26s 4.428 GB/s
[b0011 r10] mode=torch_save size=10485760 fpp=8 iter=2 bytes=10739033088 t=2.16s 4.637 GB/s
[b0010 r9] mode=torch_save size=10485760 fpp=8 iter=2 bytes=10739033088 t=2.19s 4.570 GB/s
[b0003 r2] mode=torch_save size=10485760 fpp=8 iter=2 bytes=10739033088 t=1.85s 5.415 GB/s
[b0007 r6] mode=torch_save size=10485760 fpp=8 iter=2 bytes=10739033088 t=1.92s 5.202 GB/s
[b0014 r13] mode=torch_save size=10485760 fpp=8 iter=2 bytes=10739033088 t=2.08s 4.805 GB/s
[b0012 r11] mode=dcp size=10485760 fpp=8 iter=0 bytes=10739984528 t=2.71s 3.685 GB/s
[b0001 r0] mode=dcp size=10485760 fpp=8 iter=0 bytes=10739984528 t=2.52s 3.965 GB/s
[b0005 r4] mode=dcp size=10485760 fpp=8 iter=0 bytes=10739984528 t=2.65s 3.776 GB/s
[b0016 r15] mode=dcp size=10485760 fpp=8 iter=0 bytes=10739984528 t=2.34s 4.283 GB/s
[b0001 r0] mode=dcp size=10485760 fpp=8 iter=1 bytes=10739984528 t=2.55s 3.929 GB/s
[b0012 r11] mode=dcp size=10485760 fpp=8 iter=1 bytes=10739984528 t=2.54s 3.938 GB/s
[b0002 r1] mode=dcp size=10485760 fpp=8 iter=0 bytes=10739984528 t=2.98s 3.356 GB/s
[b0015 r14] mode=dcp size=10485760 fpp=8 iter=0 bytes=10739984528 t=2.95s 3.385 GB/s
[b0013 r12] mode=dcp size=10485760 fpp=8 iter=0 bytes=10739984528 t=3.19s 3.131 GB/s
[b0004 r3] mode=dcp size=10485760 fpp=8 iter=0 bytes=10739983504 t=2.98s 3.354 GB/s
[b0008 r7] mode=dcp size=10485760 fpp=8 iter=0 bytes=10739984528 t=3.19s 3.135 GB/s
[b0010 r9] mode=dcp size=10485760 fpp=8 iter=0 bytes=10739984528 t=2.73s 3.664 GB/s
[b0006 r5] mode=dcp size=10485760 fpp=8 iter=0 bytes=10739984528 t=3.03s 3.298 GB/s
[b0009 r8] mode=dcp size=10485760 fpp=8 iter=0 bytes=10739984528 t=3.25s 3.080 GB/s
[b0011 r10] mode=dcp size=10485760 fpp=8 iter=0 bytes=10739985552 t=2.84s 3.522 GB/s
[b0003 r2] mode=dcp size=10485760 fpp=8 iter=0 bytes=10739984528 t=2.78s 3.592 GB/s
[b0005 r4] mode=dcp size=10485760 fpp=8 iter=1 bytes=10739984528 t=2.69s 3.712 GB/s
[b0007 r6] mode=dcp size=10485760 fpp=8 iter=0 bytes=10739983504 t=3.03s 3.300 GB/s
[b0014 r13] mode=dcp size=10485760 fpp=8 iter=0 bytes=10739984528 t=1.94s 5.146 GB/s
[b0016 r15] mode=dcp size=10485760 fpp=8 iter=1 bytes=10739984528 t=2.45s 4.086 GB/s
[b0012 r11] mode=dcp size=10485760 fpp=8 iter=2 bytes=10739984528 t=2.41s 4.143 GB/s
[b0001 r0] mode=dcp size=10485760 fpp=8 iter=2 bytes=10739984528 t=2.54s 3.942 GB/s
[b0015 r14] mode=dcp size=10485760 fpp=8 iter=1 bytes=10739984528 t=2.49s 4.014 GB/s
[b0002 r1] mode=dcp size=10485760 fpp=8 iter=1 bytes=10739984528 t=2.66s 3.757 GB/s
[b0010 r9] mode=dcp size=10485760 fpp=8 iter=1 bytes=10739984528 t=2.74s 3.657 GB/s
[b0004 r3] mode=dcp size=10485760 fpp=8 iter=1 bytes=10739983504 t=2.87s 3.490 GB/s
[b0013 r12] mode=dcp size=10485760 fpp=8 iter=1 bytes=10739984528 t=2.82s 3.548 GB/s
[b0008 r7] mode=dcp size=10485760 fpp=8 iter=1 bytes=10739984528 t=2.93s 3.417 GB/s
[b0009 r8] mode=dcp size=10485760 fpp=8 iter=1 bytes=10739984528 t=2.74s 3.654 GB/s
[b0006 r5] mode=dcp size=10485760 fpp=8 iter=1 bytes=10739984528 t=2.85s 3.506 GB/s
[b0011 r10] mode=dcp size=10485760 fpp=8 iter=1 bytes=10739985552 t=2.93s 3.417 GB/s
[b0005 r4] mode=dcp size=10485760 fpp=8 iter=2 bytes=10739984528 t=2.70s 3.700 GB/s
[b0003 r2] mode=dcp size=10485760 fpp=8 iter=1 bytes=10739984528 t=2.82s 3.552 GB/s
[b0007 r6] mode=dcp size=10485760 fpp=8 iter=1 bytes=10739983504 t=2.73s 3.658 GB/s
[b0014 r13] mode=dcp size=10485760 fpp=8 iter=1 bytes=10739984528 t=1.96s 5.109 GB/s
[b0016 r15] mode=dcp size=10485760 fpp=8 iter=2 bytes=10739984528 t=4.08s 2.450 GB/s
[b0015 r14] mode=dcp size=10485760 fpp=8 iter=2 bytes=10739984528 t=3.97s 2.518 GB/s
[b0002 r1] mode=dcp size=10485760 fpp=8 iter=2 bytes=10739984528 t=5.22s 1.918 GB/s
[b0010 r9] mode=dcp size=10485760 fpp=8 iter=2 bytes=10739984528 t=5.02s 1.991 GB/s
[b0009 r8] mode=dcp size=10485760 fpp=8 iter=2 bytes=10739984528 t=4.56s 2.196 GB/s
[b0008 r7] mode=dcp size=10485760 fpp=8 iter=2 bytes=10739984528 t=4.86s 2.056 GB/s
[b0004 r3] mode=dcp size=10485760 fpp=8 iter=2 bytes=10739983504 t=5.11s 1.957 GB/s
[b0011 r10] mode=dcp size=10485760 fpp=8 iter=2 bytes=10739985552 t=4.60s 2.174 GB/s
[b0006 r5] mode=dcp size=10485760 fpp=8 iter=2 bytes=10739984528 t=4.80s 2.085 GB/s
[b0013 r12] mode=dcp size=10485760 fpp=8 iter=2 bytes=10739984528 t=5.37s 1.863 GB/s
[b0003 r2] mode=dcp size=10485760 fpp=8 iter=2 bytes=10739984528 t=3.62s 2.765 GB/s
[b0007 r6] mode=dcp size=10485760 fpp=8 iter=2 bytes=10739983504 t=4.09s 2.445 GB/s
[b0014 r13] mode=dcp size=10485760 fpp=8 iter=2 bytes=10739984528 t=3.73s 2.680 GB/s
[b0012 r11] mode=raw size=104857600 fpp=8 iter=0 bytes=107374182400 t=4.93s 20.269 GB/s
[b0001 r0] mode=raw size=104857600 fpp=8 iter=0 bytes=107374182400 t=5.04s 19.847 GB/s
[b0005 r4] mode=raw size=104857600 fpp=8 iter=0 bytes=107374182400 t=6.74s 14.844 GB/s
[b0012 r11] mode=raw size=104857600 fpp=8 iter=1 bytes=107374182400 t=20.77s 4.815 GB/s
[b0001 r0] mode=raw size=104857600 fpp=8 iter=1 bytes=107374182400 t=21.21s 4.714 GB/s
[b0005 r4] mode=raw size=104857600 fpp=8 iter=1 bytes=107374182400 t=24.43s 4.093 GB/s
[b0012 r11] mode=raw size=104857600 fpp=8 iter=2 bytes=107374182400 t=19.56s 5.113 GB/s
[b0016 r15] mode=raw size=104857600 fpp=8 iter=0 bytes=107374182400 t=25.43s 3.932 GB/s
[b0002 r1] mode=raw size=104857600 fpp=8 iter=0 bytes=107374182400 t=17.42s 5.742 GB/s
[b0001 r0] mode=raw size=104857600 fpp=8 iter=2 bytes=107374182400 t=18.96s 5.276 GB/s
[b0010 r9] mode=raw size=104857600 fpp=8 iter=0 bytes=107374182400 t=13.63s 7.339 GB/s
[b0015 r14] mode=raw size=104857600 fpp=8 iter=0 bytes=107374182400 t=21.44s 4.665 GB/s
[b0008 r7] mode=raw size=104857600 fpp=8 iter=0 bytes=107374182400 t=13.07s 7.650 GB/s
[b0004 r3] mode=raw size=104857600 fpp=8 iter=0 bytes=107374182400 t=19.40s 5.153 GB/s
[b0011 r10] mode=raw size=104857600 fpp=8 iter=0 bytes=107374182400 t=24.01s 4.164 GB/s
[b0009 r8] mode=raw size=104857600 fpp=8 iter=0 bytes=107374182400 t=24.36s 4.105 GB/s
[b0006 r5] mode=raw size=104857600 fpp=8 iter=0 bytes=107374182400 t=26.19s 3.819 GB/s
[b0005 r4] mode=raw size=104857600 fpp=8 iter=2 bytes=107374182400 t=27.62s 3.621 GB/s
[b0002 r1] mode=raw size=104857600 fpp=8 iter=1 bytes=107374182400 t=22.02s 4.541 GB/s
[b0015 r14] mode=raw size=104857600 fpp=8 iter=1 bytes=107374182400 t=23.73s 4.215 GB/s
[b0008 r7] mode=raw size=104857600 fpp=8 iter=1 bytes=107374182400 t=21.94s 4.559 GB/s
[b0013 r12] mode=raw size=104857600 fpp=8 iter=0 bytes=107374182400 t=29.40s 3.401 GB/s
[b0003 r2] mode=raw size=104857600 fpp=8 iter=0 bytes=107374182400 t=29.58s 3.380 GB/s
[b0010 r9] mode=raw size=104857600 fpp=8 iter=1 bytes=107374182400 t=28.65s 3.491 GB/s
[b0007 r6] mode=raw size=104857600 fpp=8 iter=0 bytes=107374182400 t=28.09s 3.560 GB/s
[b0016 r15] mode=raw size=104857600 fpp=8 iter=1 bytes=107374182400 t=26.93s 3.713 GB/s
[b0014 r13] mode=raw size=104857600 fpp=8 iter=0 bytes=107374182400 t=26.60s 3.759 GB/s
[b0004 r3] mode=raw size=104857600 fpp=8 iter=1 bytes=107374182400 t=18.57s 5.386 GB/s
[b0009 r8] mode=raw size=104857600 fpp=8 iter=1 bytes=107374182400 t=19.15s 5.221 GB/s
[b0011 r10] mode=raw size=104857600 fpp=8 iter=1 bytes=107374182400 t=21.57s 4.636 GB/s
[b0006 r5] mode=raw size=104857600 fpp=8 iter=1 bytes=107374182400 t=22.17s 4.510 GB/s
[b0008 r7] mode=raw size=104857600 fpp=8 iter=2 bytes=107374182400 t=20.96s 4.770 GB/s
[b0012 r11] mode=torch_save size=104857600 fpp=8 iter=0 bytes=107375797248 t=23.66s 4.226 GB/s
[b0002 r1] mode=raw size=104857600 fpp=8 iter=2 bytes=107374182400 t=23.54s 4.247 GB/s
[b0015 r14] mode=raw size=104857600 fpp=8 iter=2 bytes=107374182400 t=27.17s 3.680 GB/s
[b0001 r0] mode=torch_save size=104857600 fpp=8 iter=0 bytes=107375797248 t=26.79s 3.733 GB/s
[b0010 r9] mode=raw size=104857600 fpp=8 iter=2 bytes=107374182400 t=28.64s 3.491 GB/s
[b0003 r2] mode=raw size=104857600 fpp=8 iter=1 bytes=107374182400 t=31.76s 3.149 GB/s
[b0004 r3] mode=raw size=104857600 fpp=8 iter=2 bytes=107374182400 t=20.99s 4.765 GB/s
[b0007 r6] mode=raw size=104857600 fpp=8 iter=1 bytes=107374182400 t=29.10s 3.436 GB/s
[b0013 r12] mode=raw size=104857600 fpp=8 iter=1 bytes=107374182400 t=34.37s 2.910 GB/s
[b0014 r13] mode=raw size=104857600 fpp=8 iter=1 bytes=107374182400 t=26.63s 3.755 GB/s
[b0016 r15] mode=raw size=104857600 fpp=8 iter=2 bytes=107374182400 t=29.25s 3.418 GB/s
[b0009 r8] mode=raw size=104857600 fpp=8 iter=2 bytes=107374182400 t=24.33s 4.110 GB/s
[b0011 r10] mode=raw size=104857600 fpp=8 iter=2 bytes=107374182400 t=24.40s 4.098 GB/s
[b0012 r11] mode=torch_save size=104857600 fpp=8 iter=1 bytes=107375797248 t=20.18s 4.955 GB/s
[b0006 r5] mode=raw size=104857600 fpp=8 iter=2 bytes=107374182400 t=21.61s 4.627 GB/s
[b0005 r4] mode=torch_save size=104857600 fpp=8 iter=0 bytes=107375797248 t=16.11s 6.207 GB/s
[b0001 r0] mode=torch_save size=104857600 fpp=8 iter=1 bytes=107375797248 t=14.20s 7.041 GB/s
[b0003 r2] mode=raw size=104857600 fpp=8 iter=2 bytes=107374182400 t=22.33s 4.479 GB/s
[b0002 r1] mode=torch_save size=104857600 fpp=8 iter=0 bytes=107375797248 t=18.34s 5.453 GB/s
[b0014 r13] mode=raw size=104857600 fpp=8 iter=2 bytes=107374182400 t=31.39s 3.186 GB/s
[b0012 r11] mode=torch_save size=104857600 fpp=8 iter=2 bytes=107375797248 t=29.75s 3.361 GB/s
[b0008 r7] mode=torch_save size=104857600 fpp=8 iter=0 bytes=107375797248 t=26.69s 3.747 GB/s
[b0007 r6] mode=raw size=104857600 fpp=8 iter=2 bytes=107374182400 t=31.69s 3.156 GB/s
[b0013 r12] mode=raw size=104857600 fpp=8 iter=2 bytes=107374182400 t=32.01s 3.124 GB/s
[b0001 r0] mode=torch_save size=104857600 fpp=8 iter=2 bytes=107375797248 t=26.22s 3.813 GB/s
[b0002 r1] mode=torch_save size=104857600 fpp=8 iter=1 bytes=107375797248 t=9.02s 11.092 GB/s
[b0015 r14] mode=torch_save size=104857600 fpp=8 iter=0 bytes=107375797248 t=23.67s 4.224 GB/s
[b0005 r4] mode=torch_save size=104857600 fpp=8 iter=1 bytes=107375797248 t=23.43s 4.268 GB/s
[b0010 r9] mode=torch_save size=104857600 fpp=8 iter=0 bytes=107375797248 t=22.08s 4.528 GB/s
[b0004 r3] mode=torch_save size=104857600 fpp=8 iter=0 bytes=107375797248 t=21.58s 4.635 GB/s
[b0002 r1] mode=torch_save size=104857600 fpp=8 iter=2 bytes=107375797248 t=19.33s 5.172 GB/s
[b0016 r15] mode=torch_save size=104857600 fpp=8 iter=0 bytes=107375797248 t=32.50s 3.077 GB/s
[b0006 r5] mode=torch_save size=104857600 fpp=8 iter=0 bytes=107375797248 t=30.83s 3.243 GB/s
[b0008 r7] mode=torch_save size=104857600 fpp=8 iter=1 bytes=107375797248 t=33.28s 3.005 GB/s
[b0015 r14] mode=torch_save size=104857600 fpp=8 iter=1 bytes=107375797248 t=27.81s 3.596 GB/s
[b0009 r8] mode=torch_save size=104857600 fpp=8 iter=0 bytes=107375797248 t=29.89s 3.346 GB/s
[b0010 r9] mode=torch_save size=104857600 fpp=8 iter=1 bytes=107375797248 t=24.25s 4.124 GB/s
[b0005 r4] mode=torch_save size=104857600 fpp=8 iter=2 bytes=107375797248 t=26.47s 3.779 GB/s
[b0011 r10] mode=torch_save size=104857600 fpp=8 iter=0 bytes=107375797248 t=33.53s 2.982 GB/s
[b0003 r2] mode=torch_save size=104857600 fpp=8 iter=0 bytes=107375797248 t=19.25s 5.195 GB/s
[b0004 r3] mode=torch_save size=104857600 fpp=8 iter=1 bytes=107375797248 t=18.71s 5.346 GB/s
[b0016 r15] mode=torch_save size=104857600 fpp=8 iter=1 bytes=107375797248 t=18.16s 5.508 GB/s
[b0015 r14] mode=torch_save size=104857600 fpp=8 iter=2 bytes=107375797248 t=21.52s 4.646 GB/s
[b0010 r9] mode=torch_save size=104857600 fpp=8 iter=2 bytes=107375797248 t=22.77s 4.392 GB/s
[b0006 r5] mode=torch_save size=104857600 fpp=8 iter=1 bytes=107375797248 t=25.72s 3.888 GB/s
[b0008 r7] mode=torch_save size=104857600 fpp=8 iter=2 bytes=107375797248 t=26.11s 3.830 GB/s
[b0009 r8] mode=torch_save size=104857600 fpp=8 iter=1 bytes=107375797248 t=23.95s 4.175 GB/s
[b0002 r1] mode=dcp size=104857600 fpp=8 iter=0 bytes=107376748688 t=7.15s 13.981 GB/s
[b0007 r6] mode=torch_save size=104857600 fpp=8 iter=0 bytes=107375797248 t=27.48s 3.639 GB/s
[b0013 r12] mode=torch_save size=104857600 fpp=8 iter=0 bytes=107375797248 t=29.26s 3.418 GB/s
[b0011 r10] mode=torch_save size=104857600 fpp=8 iter=1 bytes=107375797248 t=28.13s 3.555 GB/s
[b0012 r11] mode=dcp size=104857600 fpp=8 iter=0 bytes=107376748688 t=27.75s 3.604 GB/s
[b0004 r3] mode=torch_save size=104857600 fpp=8 iter=2 bytes=107375797248 t=25.63s 3.901 GB/s
[b0003 r2] mode=torch_save size=104857600 fpp=8 iter=1 bytes=107375797248 t=22.04s 4.538 GB/s
[b0014 r13] mode=torch_save size=104857600 fpp=8 iter=0 bytes=107375797248 t=28.45s 3.515 GB/s
[b0016 r15] mode=torch_save size=104857600 fpp=8 iter=2 bytes=107375797248 t=22.05s 4.535 GB/s
[b0001 r0] mode=dcp size=104857600 fpp=8 iter=0 bytes=107376748688 t=22.21s 4.502 GB/s
[b0002 r1] mode=dcp size=104857600 fpp=8 iter=1 bytes=107376748688 t=7.62s 13.129 GB/s
[b0007 r6] mode=torch_save size=104857600 fpp=8 iter=1 bytes=107375797248 t=18.08s 5.530 GB/s
[b0006 r5] mode=torch_save size=104857600 fpp=8 iter=2 bytes=107375797248 t=24.15s 4.140 GB/s
[b0009 r8] mode=torch_save size=104857600 fpp=8 iter=2 bytes=107375797248 t=25.19s 3.970 GB/s
[b0011 r10] mode=torch_save size=104857600 fpp=8 iter=2 bytes=107375797248 t=22.64s 4.417 GB/s
[b0003 r2] mode=torch_save size=104857600 fpp=8 iter=2 bytes=107375797248 t=19.18s 5.215 GB/s
[b0013 r12] mode=torch_save size=104857600 fpp=8 iter=1 bytes=107375797248 t=20.56s 4.865 GB/s
[b0012 r11] mode=dcp size=104857600 fpp=8 iter=1 bytes=107376748688 t=14.20s 7.042 GB/s
[b0014 r13] mode=torch_save size=104857600 fpp=8 iter=1 bytes=107375797248 t=23.14s 4.322 GB/s
[b0005 r4] mode=dcp size=104857600 fpp=8 iter=0 bytes=107376748688 t=18.86s 5.301 GB/s
[b0007 r6] mode=torch_save size=104857600 fpp=8 iter=2 bytes=107375797248 t=15.71s 6.366 GB/s
[b0002 r1] mode=dcp size=104857600 fpp=8 iter=2 bytes=107376748688 t=7.80s 12.828 GB/s
[b0001 r0] mode=dcp size=104857600 fpp=8 iter=1 bytes=107376748688 t=17.20s 5.816 GB/s
[b0013 r12] mode=torch_save size=104857600 fpp=8 iter=2 bytes=107375797248 t=19.90s 5.026 GB/s
[b0010 r9] mode=dcp size=104857600 fpp=8 iter=0 bytes=107376748688 t=17.40s 5.748 GB/s
[b0015 r14] mode=dcp size=104857600 fpp=8 iter=0 bytes=107376748688 t=16.03s 6.240 GB/s
[b0008 r7] mode=dcp size=104857600 fpp=8 iter=0 bytes=107376748688 t=11.40s 8.770 GB/s
[b0014 r13] mode=torch_save size=104857600 fpp=8 iter=2 bytes=107375797248 t=15.93s 6.279 GB/s
[b0004 r3] mode=dcp size=104857600 fpp=8 iter=0 bytes=107376747664 t=13.27s 7.534 GB/s
[b0012 r11] mode=dcp size=104857600 fpp=8 iter=2 bytes=107376748688 t=12.91s 7.745 GB/s
[b0016 r15] mode=dcp size=104857600 fpp=8 iter=0 bytes=107376748688 t=15.41s 6.490 GB/s
[b0005 r4] mode=dcp size=104857600 fpp=8 iter=1 bytes=107376748688 t=14.78s 6.764 GB/s
[b0001 r0] mode=dcp size=104857600 fpp=8 iter=2 bytes=107376748688 t=12.16s 8.223 GB/s
[b0006 r5] mode=dcp size=104857600 fpp=8 iter=0 bytes=107376748688 t=17.37s 5.758 GB/s
[b0003 r2] mode=dcp size=104857600 fpp=8 iter=0 bytes=107376748688 t=15.09s 6.626 GB/s
[b0009 r8] mode=dcp size=104857600 fpp=8 iter=0 bytes=107376748688 t=17.98s 5.562 GB/s
[b0011 r10] mode=dcp size=104857600 fpp=8 iter=0 bytes=107376749712 t=15.88s 6.298 GB/s
[b0010 r9] mode=dcp size=104857600 fpp=8 iter=1 bytes=107376748688 t=13.42s 7.453 GB/s
[b0008 r7] mode=dcp size=104857600 fpp=8 iter=1 bytes=107376748688 t=11.66s 8.575 GB/s
[b0015 r14] mode=dcp size=104857600 fpp=8 iter=1 bytes=107376748688 t=12.46s 8.026 GB/s
[b0004 r3] mode=dcp size=104857600 fpp=8 iter=1 bytes=107376747664 t=6.12s 16.330 GB/s
[b0007 r6] mode=dcp size=104857600 fpp=8 iter=0 bytes=107376747664 t=5.73s 17.465 GB/s
[b0016 r15] mode=dcp size=104857600 fpp=8 iter=1 bytes=107376748688 t=6.96s 14.370 GB/s
[b0013 r12] mode=dcp size=104857600 fpp=8 iter=0 bytes=107376748688 t=7.00s 14.288 GB/s
[b0005 r4] mode=dcp size=104857600 fpp=8 iter=2 bytes=107376748688 t=6.28s 15.912 GB/s
[b0003 r2] mode=dcp size=104857600 fpp=8 iter=1 bytes=107376748688 t=16.88s 5.924 GB/s
[b0009 r8] mode=dcp size=104857600 fpp=8 iter=1 bytes=107376748688 t=18.17s 5.504 GB/s
[b0011 r10] mode=dcp size=104857600 fpp=8 iter=1 bytes=107376749712 t=17.83s 5.609 GB/s
[b0010 r9] mode=dcp size=104857600 fpp=8 iter=2 bytes=107376748688 t=18.34s 5.454 GB/s
[b0006 r5] mode=dcp size=104857600 fpp=8 iter=1 bytes=107376748688 t=18.41s 5.431 GB/s
[b0014 r13] mode=dcp size=104857600 fpp=8 iter=0 bytes=107376748688 t=17.20s 5.812 GB/s
[b0008 r7] mode=dcp size=104857600 fpp=8 iter=2 bytes=107376748688 t=18.96s 5.274 GB/s
[b0015 r14] mode=dcp size=104857600 fpp=8 iter=2 bytes=107376748688 t=14.68s 6.810 GB/s
[b0007 r6] mode=dcp size=104857600 fpp=8 iter=1 bytes=107376747664 t=10.82s 9.245 GB/s
[b0004 r3] mode=dcp size=104857600 fpp=8 iter=2 bytes=107376747664 t=10.95s 9.129 GB/s
[b0016 r15] mode=dcp size=104857600 fpp=8 iter=2 bytes=107376748688 t=5.37s 18.624 GB/s
[b0013 r12] mode=dcp size=104857600 fpp=8 iter=1 bytes=107376748688 t=5.25s 19.044 GB/s
[b0009 r8] mode=dcp size=104857600 fpp=8 iter=2 bytes=107376748688 t=9.03s 11.075 GB/s
[b0003 r2] mode=dcp size=104857600 fpp=8 iter=2 bytes=107376748688 t=9.60s 10.414 GB/s
[b0011 r10] mode=dcp size=104857600 fpp=8 iter=2 bytes=107376749712 t=10.92s 9.162 GB/s
[b0007 r6] mode=dcp size=104857600 fpp=8 iter=2 bytes=107376747664 t=8.73s 11.457 GB/s
[b0006 r5] mode=dcp size=104857600 fpp=8 iter=2 bytes=107376748688 t=9.01s 11.101 GB/s
[b0014 r13] mode=dcp size=104857600 fpp=8 iter=1 bytes=107376748688 t=8.63s 11.587 GB/s
[b0013 r12] mode=dcp size=104857600 fpp=8 iter=2 bytes=107376748688 t=5.06s 19.780 GB/s
[b0014 r13] mode=dcp size=104857600 fpp=8 iter=2 bytes=107376748688 t=5.30s 18.852 GB/s
Done. Results: results/16node_128cpu_b200-batch_26113/all.csv
