hostname: b0005
timestamp: 2026-05-19T19:31:30.397972+00:00
openmm_version: 8.4.0.dev-Unknown
cpuinfo: AMD EPYC 9575F 64-Core Processor
cpuarch: x86_64
system: Linux
nvidia_driver: 580.105.08
gpu: NVIDIA B200
test: apoa1pme
constraints: HBonds
hydrogen_mass: 1.5
cutoff: 0.9
ensemble: NVT
precision: single
timestep_in_fs: 4.0
platform: CUDA
platform_properties: {'DeviceIndex': '0', 'DeviceName': 'NVIDIA B200', 'UseBlockingSync': 'false', 'Precision': 'single', 'UseCpuPme': 'false', 'CudaCompiler': '', 'TempDirectory': '/tmp', 'CudaHostCompiler': '', 'DisablePmeStream': 'false', 'DeterministicForces': 'false'}
steps: 505876
elapsed_time: 199.754632
ns_per_day: 875.2274920964036

hostname: b0005
timestamp: 2026-05-19T19:31:31.022313+00:00
openmm_version: 8.4.0.dev-Unknown
cpuinfo: AMD EPYC 9575F 64-Core Processor
cpuarch: x86_64
system: Linux
nvidia_driver: 580.105.08
gpu: NVIDIA B200
test: apoa1pme
constraints: HBonds
hydrogen_mass: 1.5
cutoff: 0.9
ensemble: NVT
precision: single
timestep_in_fs: 4.0
platform: CUDA
platform_properties: {'DeviceIndex': '0', 'DeviceName': 'NVIDIA B200', 'UseBlockingSync': 'false', 'Precision': 'single', 'UseCpuPme': 'false', 'CudaCompiler': '', 'TempDirectory': '/tmp', 'CudaHostCompiler': '', 'DisablePmeStream': 'false', 'DeterministicForces': 'false'}
steps: 501745
elapsed_time: 199.990694
ns_per_day: 867.0557041019119

hostname: b0005
timestamp: 2026-05-19T19:31:32.101492+00:00
openmm_version: 8.4.0.dev-Unknown
cpuinfo: AMD EPYC 9575F 64-Core Processor
cpuarch: x86_64
system: Linux
nvidia_driver: 580.105.08
gpu: NVIDIA B200
test: apoa1pme
constraints: HBonds
hydrogen_mass: 1.5
cutoff: 0.9
ensemble: NVT
precision: single
timestep_in_fs: 4.0
platform: CUDA
platform_properties: {'DeviceIndex': '0', 'DeviceName': 'NVIDIA B200', 'UseBlockingSync': 'false', 'Precision': 'single', 'UseCpuPme': 'false', 'CudaCompiler': '', 'TempDirectory': '/tmp', 'CudaHostCompiler': '', 'DisablePmeStream': 'false', 'DeterministicForces': 'false'}
steps: 501875
elapsed_time: 200.185681
ns_per_day: 866.4355968596974

hostname: b0005
timestamp: 2026-05-19T19:31:31.511313+00:00
openmm_version: 8.4.0.dev-Unknown
cpuinfo: AMD EPYC 9575F 64-Core Processor
cpuarch: x86_64
system: Linux
nvidia_driver: 580.105.08
gpu: NVIDIA B200
test: apoa1pme
constraints: HBonds
hydrogen_mass: 1.5
cutoff: 0.9
ensemble: NVT
precision: single
timestep_in_fs: 4.0
platform: CUDA
platform_properties: {'DeviceIndex': '0', 'DeviceName': 'NVIDIA B200', 'UseBlockingSync': 'false', 'Precision': 'single', 'UseCpuPme': 'false', 'CudaCompiler': '', 'TempDirectory': '/tmp', 'CudaHostCompiler': '', 'DisablePmeStream': 'false', 'DeterministicForces': 'false'}
steps: 503158
elapsed_time: 200.169219
ns_per_day: 868.7220026571616

hostname: b0005
timestamp: 2026-05-19T19:31:34.522333+00:00
openmm_version: 8.4.0.dev-Unknown
cpuinfo: AMD EPYC 9575F 64-Core Processor
cpuarch: x86_64
system: Linux
nvidia_driver: 580.105.08
gpu: NVIDIA B200
test: apoa1pme
constraints: HBonds
hydrogen_mass: 1.5
cutoff: 0.9
ensemble: NVT
precision: single
timestep_in_fs: 4.0
platform: CUDA
platform_properties: {'DeviceIndex': '0', 'DeviceName': 'NVIDIA B200', 'UseBlockingSync': 'false', 'Precision': 'single', 'UseCpuPme': 'false', 'CudaCompiler': '', 'TempDirectory': '/tmp', 'CudaHostCompiler': '', 'DisablePmeStream': 'false', 'DeterministicForces': 'false'}
steps: 503078
elapsed_time: 200.349777
ns_per_day: 867.8010996737969

hostname: b0005
timestamp: 2026-05-19T19:31:33.636429+00:00
openmm_version: 8.4.0.dev-Unknown
cpuinfo: AMD EPYC 9575F 64-Core Processor
cpuarch: x86_64
system: Linux
nvidia_driver: 580.105.08
gpu: NVIDIA B200
test: apoa1pme
constraints: HBonds
hydrogen_mass: 1.5
cutoff: 0.9
ensemble: NVT
precision: single
timestep_in_fs: 4.0
platform: CUDA
platform_properties: {'DeviceIndex': '0', 'DeviceName': 'NVIDIA B200', 'UseBlockingSync': 'false', 'Precision': 'single', 'UseCpuPme': 'false', 'CudaCompiler': '', 'TempDirectory': '/tmp', 'CudaHostCompiler': '', 'DisablePmeStream': 'false', 'DeterministicForces': 'false'}
steps: 502281
elapsed_time: 200.25803
ns_per_day: 866.8232360020719

hostname: b0005
timestamp: 2026-05-19T19:31:32.837645+00:00
openmm_version: 8.4.0.dev-Unknown
cpuinfo: AMD EPYC 9575F 64-Core Processor
cpuarch: x86_64
system: Linux
nvidia_driver: 580.105.08
gpu: NVIDIA B200
test: apoa1pme
constraints: HBonds
hydrogen_mass: 1.5
cutoff: 0.9
ensemble: NVT
precision: single
timestep_in_fs: 4.0
platform: CUDA
platform_properties: {'DeviceIndex': '0', 'DeviceName': 'NVIDIA B200', 'UseBlockingSync': 'false', 'Precision': 'single', 'UseCpuPme': 'false', 'CudaCompiler': '', 'TempDirectory': '/tmp', 'CudaHostCompiler': '', 'DisablePmeStream': 'false', 'DeterministicForces': 'false'}
steps: 502004
elapsed_time: 200.167908
ns_per_day: 866.7352530856241

hostname: b0005
timestamp: 2026-05-19T19:31:30.631797+00:00
openmm_version: 8.4.0.dev-Unknown
cpuinfo: AMD EPYC 9575F 64-Core Processor
cpuarch: x86_64
system: Linux
nvidia_driver: 580.105.08
gpu: NVIDIA B200
test: apoa1pme
constraints: HBonds
hydrogen_mass: 1.5
cutoff: 0.9
ensemble: NVT
precision: single
timestep_in_fs: 4.0
platform: CUDA
platform_properties: {'DeviceIndex': '0', 'DeviceName': 'NVIDIA B200', 'UseBlockingSync': 'false', 'Precision': 'single', 'UseCpuPme': 'false', 'CudaCompiler': '', 'TempDirectory': '/tmp', 'CudaHostCompiler': '', 'DisablePmeStream': 'false', 'DeterministicForces': 'false'}
steps: 502693
elapsed_time: 200.544003
ns_per_day: 866.2971627229359

