hostname: b0014
timestamp: 2026-05-19T19:31:30.203337+00:00
openmm_version: 8.4.0.dev-Unknown
cpuinfo: AMD EPYC 9575F 64-Core Processor
cpuarch: x86_64
system: Linux
nvidia_driver: 580.105.08
gpu: NVIDIA B200
test: apoa1pme
constraints: HBonds
hydrogen_mass: 1.5
cutoff: 0.9
ensemble: NVT
precision: single
timestep_in_fs: 4.0
platform: CUDA
platform_properties: {'DeviceIndex': '0', 'DeviceName': 'NVIDIA B200', 'UseBlockingSync': 'false', 'Precision': 'single', 'UseCpuPme': 'false', 'CudaCompiler': '', 'TempDirectory': '/tmp', 'CudaHostCompiler': '', 'DisablePmeStream': 'false', 'DeterministicForces': 'false'}
steps: 502498
elapsed_time: 199.786231
ns_per_day: 869.2456328484417

hostname: b0014
timestamp: 2026-05-19T19:31:33.156919+00:00
openmm_version: 8.4.0.dev-Unknown
cpuinfo: AMD EPYC 9575F 64-Core Processor
cpuarch: x86_64
system: Linux
nvidia_driver: 580.105.08
gpu: NVIDIA B200
test: apoa1pme
constraints: HBonds
hydrogen_mass: 1.5
cutoff: 0.9
ensemble: NVT
precision: single
timestep_in_fs: 4.0
platform: CUDA
platform_properties: {'DeviceIndex': '0', 'DeviceName': 'NVIDIA B200', 'UseBlockingSync': 'false', 'Precision': 'single', 'UseCpuPme': 'false', 'CudaCompiler': '', 'TempDirectory': '/tmp', 'CudaHostCompiler': '', 'DisablePmeStream': 'false', 'DeterministicForces': 'false'}
steps: 503735
elapsed_time: 199.9243
ns_per_day: 870.7836716197081

hostname: b0014
timestamp: 2026-05-19T19:31:29.978353+00:00
openmm_version: 8.4.0.dev-Unknown
cpuinfo: AMD EPYC 9575F 64-Core Processor
cpuarch: x86_64
system: Linux
nvidia_driver: 580.105.08
gpu: NVIDIA B200
test: apoa1pme
constraints: HBonds
hydrogen_mass: 1.5
cutoff: 0.9
ensemble: NVT
precision: single
timestep_in_fs: 4.0
platform: CUDA
platform_properties: {'DeviceIndex': '0', 'DeviceName': 'NVIDIA B200', 'UseBlockingSync': 'false', 'Precision': 'single', 'UseCpuPme': 'false', 'CudaCompiler': '', 'TempDirectory': '/tmp', 'CudaHostCompiler': '', 'DisablePmeStream': 'false', 'DeterministicForces': 'false'}
steps: 501763
elapsed_time: 200.002365
ns_per_day: 867.0362112968013

hostname: b0014
timestamp: 2026-05-19T19:31:30.590424+00:00
openmm_version: 8.4.0.dev-Unknown
cpuinfo: AMD EPYC 9575F 64-Core Processor
cpuarch: x86_64
system: Linux
nvidia_driver: 580.105.08
gpu: NVIDIA B200
test: apoa1pme
constraints: HBonds
hydrogen_mass: 1.5
cutoff: 0.9
ensemble: NVT
precision: single
timestep_in_fs: 4.0
platform: CUDA
platform_properties: {'DeviceIndex': '0', 'DeviceName': 'NVIDIA B200', 'UseBlockingSync': 'false', 'Precision': 'single', 'UseCpuPme': 'false', 'CudaCompiler': '', 'TempDirectory': '/tmp', 'CudaHostCompiler': '', 'DisablePmeStream': 'false', 'DeterministicForces': 'false'}
steps: 505647
elapsed_time: 200.112789
ns_per_day: 873.2655422637679

hostname: b0014
timestamp: 2026-05-19T19:31:31.066062+00:00
openmm_version: 8.4.0.dev-Unknown
cpuinfo: AMD EPYC 9575F 64-Core Processor
cpuarch: x86_64
system: Linux
nvidia_driver: 580.105.08
gpu: NVIDIA B200
test: apoa1pme
constraints: HBonds
hydrogen_mass: 1.5
cutoff: 0.9
ensemble: NVT
precision: single
timestep_in_fs: 4.0
platform: CUDA
platform_properties: {'DeviceIndex': '0', 'DeviceName': 'NVIDIA B200', 'UseBlockingSync': 'false', 'Precision': 'single', 'UseCpuPme': 'false', 'CudaCompiler': '', 'TempDirectory': '/tmp', 'CudaHostCompiler': '', 'DisablePmeStream': 'false', 'DeterministicForces': 'false'}
steps: 501872
elapsed_time: 200.136404
ns_per_day: 866.6437476312404

hostname: b0014
timestamp: 2026-05-19T19:31:32.340011+00:00
openmm_version: 8.4.0.dev-Unknown
cpuinfo: AMD EPYC 9575F 64-Core Processor
cpuarch: x86_64
system: Linux
nvidia_driver: 580.105.08
gpu: NVIDIA B200
test: apoa1pme
constraints: HBonds
hydrogen_mass: 1.5
cutoff: 0.9
ensemble: NVT
precision: single
timestep_in_fs: 4.0
platform: CUDA
platform_properties: {'DeviceIndex': '0', 'DeviceName': 'NVIDIA B200', 'UseBlockingSync': 'false', 'Precision': 'single', 'UseCpuPme': 'false', 'CudaCompiler': '', 'TempDirectory': '/tmp', 'CudaHostCompiler': '', 'DisablePmeStream': 'false', 'DeterministicForces': 'false'}
steps: 503453
elapsed_time: 200.193429
ns_per_day: 869.1262129287968

hostname: b0014
timestamp: 2026-05-19T19:31:31.647491+00:00
openmm_version: 8.4.0.dev-Unknown
cpuinfo: AMD EPYC 9575F 64-Core Processor
cpuarch: x86_64
system: Linux
nvidia_driver: 580.105.08
gpu: NVIDIA B200
test: apoa1pme
constraints: HBonds
hydrogen_mass: 1.5
cutoff: 0.9
ensemble: NVT
precision: single
timestep_in_fs: 4.0
platform: CUDA
platform_properties: {'DeviceIndex': '0', 'DeviceName': 'NVIDIA B200', 'UseBlockingSync': 'false', 'Precision': 'single', 'UseCpuPme': 'false', 'CudaCompiler': '', 'TempDirectory': '/tmp', 'CudaHostCompiler': '', 'DisablePmeStream': 'false', 'DeterministicForces': 'false'}
steps: 503403
elapsed_time: 200.303343
ns_per_day: 868.5630214369411

hostname: b0014
timestamp: 2026-05-19T19:31:34.046330+00:00
openmm_version: 8.4.0.dev-Unknown
cpuinfo: AMD EPYC 9575F 64-Core Processor
cpuarch: x86_64
system: Linux
nvidia_driver: 580.105.08
gpu: NVIDIA B200
test: apoa1pme
constraints: HBonds
hydrogen_mass: 1.5
cutoff: 0.9
ensemble: NVT
precision: single
timestep_in_fs: 4.0
platform: CUDA
platform_properties: {'DeviceIndex': '0', 'DeviceName': 'NVIDIA B200', 'UseBlockingSync': 'false', 'Precision': 'single', 'UseCpuPme': 'false', 'CudaCompiler': '', 'TempDirectory': '/tmp', 'CudaHostCompiler': '', 'DisablePmeStream': 'false', 'DeterministicForces': 'false'}
steps: 504552
elapsed_time: 200.402409
ns_per_day: 870.1151451727309

