=== Wed May 20 18:28:04 EDT 2026 mode=write nodes=12 npernode=32 ===
[b0001 r0] base=/work/mit/datasets/test/writebench.b0001.0.1975028.afb00dd3
[b0006 r5] base=/work/mit/datasets/test/writebench.b0006.5.1335872.90b9156b
[b0002 r1] base=/work/mit/datasets/test/writebench.b0002.1.2824809.3d92b5c2
[b0003 r2] base=/work/mit/datasets/test/writebench.b0003.2.2537198.5448d304
[b0005 r4] base=/work/mit/datasets/test/writebench.b0005.4.1679098.689fcbd1
[b0011 r10] base=/work/mit/datasets/test/writebench.b0011.10.1141872.da2ce717
[b0010 r9] base=/work/mit/datasets/test/writebench.b0010.9.1185322.d884ae35
[b0004 r3] base=/work/mit/datasets/test/writebench.b0004.3.950140.7c69fdac
[b0007 r6] base=/work/mit/datasets/test/writebench.b0007.6.502484.a3615b30
[b0008 r7] base=/work/mit/datasets/test/writebench.b0008.7.1338108.e14375d4
[b0012 r11] base=/work/mit/datasets/test/writebench.b0012.11.170727.13d3796e
[b0009 r8] base=/work/mit/datasets/test/writebench.b0009.8.1077516.f413a02b
[b0001 r0] mode=raw size=102400 fpp=8 iter=0 bytes=26214400 t=0.32s 0.077 GB/s
[b0006 r5] mode=raw size=102400 fpp=8 iter=0 bytes=26214400 t=0.32s 0.076 GB/s
[b0012 r11] mode=raw size=102400 fpp=8 iter=0 bytes=26214400 t=0.32s 0.076 GB/s
[b0004 r3] mode=raw size=102400 fpp=8 iter=0 bytes=26214400 t=0.34s 0.072 GB/s
[b0005 r4] mode=raw size=102400 fpp=8 iter=0 bytes=26214400 t=0.34s 0.073 GB/s
[b0007 r6] mode=raw size=102400 fpp=8 iter=0 bytes=26214400 t=0.35s 0.070 GB/s
[b0011 r10] mode=raw size=102400 fpp=8 iter=0 bytes=26214400 t=0.34s 0.073 GB/s
[b0003 r2] mode=raw size=102400 fpp=8 iter=0 bytes=26214400 t=0.37s 0.067 GB/s
[b0002 r1] mode=raw size=102400 fpp=8 iter=0 bytes=26214400 t=0.36s 0.067 GB/s
[b0010 r9] mode=raw size=102400 fpp=8 iter=0 bytes=26214400 t=0.36s 0.068 GB/s
[b0008 r7] mode=raw size=102400 fpp=8 iter=0 bytes=26214400 t=0.39s 0.062 GB/s
[b0009 r8] mode=raw size=102400 fpp=8 iter=0 bytes=26214400 t=0.33s 0.074 GB/s
[b0001 r0] mode=raw size=102400 fpp=8 iter=1 bytes=26214400 t=0.35s 0.070 GB/s
[b0006 r5] mode=raw size=102400 fpp=8 iter=1 bytes=26214400 t=0.32s 0.075 GB/s
[b0004 r3] mode=raw size=102400 fpp=8 iter=1 bytes=26214400 t=0.31s 0.079 GB/s
[b0012 r11] mode=raw size=102400 fpp=8 iter=1 bytes=26214400 t=0.32s 0.077 GB/s
[b0005 r4] mode=raw size=102400 fpp=8 iter=1 bytes=26214400 t=0.35s 0.070 GB/s
[b0011 r10] mode=raw size=102400 fpp=8 iter=1 bytes=26214400 t=0.33s 0.075 GB/s
[b0007 r6] mode=raw size=102400 fpp=8 iter=1 bytes=26214400 t=0.36s 0.069 GB/s
[b0002 r1] mode=raw size=102400 fpp=8 iter=1 bytes=26214400 t=0.35s 0.070 GB/s
[b0003 r2] mode=raw size=102400 fpp=8 iter=1 bytes=26214400 t=0.37s 0.067 GB/s
[b0008 r7] mode=raw size=102400 fpp=8 iter=1 bytes=26214400 t=0.36s 0.069 GB/s
[b0010 r9] mode=raw size=102400 fpp=8 iter=1 bytes=26214400 t=0.36s 0.068 GB/s
[b0009 r8] mode=raw size=102400 fpp=8 iter=1 bytes=26214400 t=0.33s 0.075 GB/s
[b0001 r0] mode=raw size=102400 fpp=8 iter=2 bytes=26214400 t=0.34s 0.072 GB/s
[b0004 r3] mode=raw size=102400 fpp=8 iter=2 bytes=26214400 t=0.31s 0.079 GB/s
[b0006 r5] mode=raw size=102400 fpp=8 iter=2 bytes=26214400 t=0.32s 0.076 GB/s
[b0012 r11] mode=raw size=102400 fpp=8 iter=2 bytes=26214400 t=0.32s 0.077 GB/s
[b0011 r10] mode=raw size=102400 fpp=8 iter=2 bytes=26214400 t=0.32s 0.076 GB/s
[b0005 r4] mode=raw size=102400 fpp=8 iter=2 bytes=26214400 t=0.33s 0.075 GB/s
[b0007 r6] mode=raw size=102400 fpp=8 iter=2 bytes=26214400 t=0.33s 0.073 GB/s
[b0002 r1] mode=raw size=102400 fpp=8 iter=2 bytes=26214400 t=0.34s 0.072 GB/s
[b0008 r7] mode=raw size=102400 fpp=8 iter=2 bytes=26214400 t=0.34s 0.071 GB/s
[b0003 r2] mode=raw size=102400 fpp=8 iter=2 bytes=26214400 t=0.36s 0.069 GB/s
[b0010 r9] mode=raw size=102400 fpp=8 iter=2 bytes=26214400 t=0.35s 0.071 GB/s
[b0009 r8] mode=raw size=102400 fpp=8 iter=2 bytes=26214400 t=0.32s 0.076 GB/s
[b0004 r3] mode=torch_save size=102400 fpp=8 iter=0 bytes=26618112 t=0.32s 0.078 GB/s
[b0001 r0] mode=torch_save size=102400 fpp=8 iter=0 bytes=26618112 t=0.32s 0.077 GB/s
[b0012 r11] mode=torch_save size=102400 fpp=8 iter=0 bytes=26618112 t=0.33s 0.076 GB/s
[b0006 r5] mode=torch_save size=102400 fpp=8 iter=0 bytes=26618112 t=0.33s 0.076 GB/s
[b0011 r10] mode=torch_save size=102400 fpp=8 iter=0 bytes=26618112 t=0.32s 0.078 GB/s
[b0005 r4] mode=torch_save size=102400 fpp=8 iter=0 bytes=26618112 t=0.34s 0.073 GB/s
[b0007 r6] mode=torch_save size=102400 fpp=8 iter=0 bytes=26618112 t=0.33s 0.074 GB/s
[b0002 r1] mode=torch_save size=102400 fpp=8 iter=0 bytes=26618112 t=0.36s 0.068 GB/s
[b0003 r2] mode=torch_save size=102400 fpp=8 iter=0 bytes=26618112 t=0.33s 0.075 GB/s
[b0008 r7] mode=torch_save size=102400 fpp=8 iter=0 bytes=26618112 t=0.35s 0.071 GB/s
[b0010 r9] mode=torch_save size=102400 fpp=8 iter=0 bytes=26618112 t=0.33s 0.075 GB/s
[b0009 r8] mode=torch_save size=102400 fpp=8 iter=0 bytes=26618112 t=0.33s 0.075 GB/s
[b0004 r3] mode=torch_save size=102400 fpp=8 iter=1 bytes=26618112 t=0.32s 0.077 GB/s
[b0001 r0] mode=torch_save size=102400 fpp=8 iter=1 bytes=26618112 t=0.33s 0.076 GB/s
[b0012 r11] mode=torch_save size=102400 fpp=8 iter=1 bytes=26618112 t=0.33s 0.076 GB/s
[b0006 r5] mode=torch_save size=102400 fpp=8 iter=1 bytes=26618112 t=0.34s 0.074 GB/s
[b0011 r10] mode=torch_save size=102400 fpp=8 iter=1 bytes=26618112 t=0.31s 0.079 GB/s
[b0005 r4] mode=torch_save size=102400 fpp=8 iter=1 bytes=26618112 t=0.39s 0.063 GB/s
[b0007 r6] mode=torch_save size=102400 fpp=8 iter=1 bytes=26618112 t=0.35s 0.071 GB/s
[b0002 r1] mode=torch_save size=102400 fpp=8 iter=1 bytes=26618112 t=0.33s 0.075 GB/s
[b0003 r2] mode=torch_save size=102400 fpp=8 iter=1 bytes=26618112 t=0.34s 0.074 GB/s
[b0008 r7] mode=torch_save size=102400 fpp=8 iter=1 bytes=26618112 t=0.34s 0.072 GB/s
[b0010 r9] mode=torch_save size=102400 fpp=8 iter=1 bytes=26618112 t=0.36s 0.069 GB/s
[b0004 r3] mode=torch_save size=102400 fpp=8 iter=2 bytes=26618112 t=0.32s 0.078 GB/s
[b0009 r8] mode=torch_save size=102400 fpp=8 iter=1 bytes=26618112 t=0.35s 0.072 GB/s
[b0001 r0] mode=torch_save size=102400 fpp=8 iter=2 bytes=26618112 t=0.32s 0.077 GB/s
[b0012 r11] mode=torch_save size=102400 fpp=8 iter=2 bytes=26618112 t=0.32s 0.077 GB/s
[b0006 r5] mode=torch_save size=102400 fpp=8 iter=2 bytes=26618112 t=0.31s 0.080 GB/s
[b0011 r10] mode=torch_save size=102400 fpp=8 iter=2 bytes=26618112 t=0.32s 0.078 GB/s
[b0005 r4] mode=torch_save size=102400 fpp=8 iter=2 bytes=26618112 t=0.34s 0.074 GB/s
[b0007 r6] mode=torch_save size=102400 fpp=8 iter=2 bytes=26618112 t=0.34s 0.074 GB/s
[b0003 r2] mode=torch_save size=102400 fpp=8 iter=2 bytes=26618112 t=0.33s 0.074 GB/s
[b0008 r7] mode=torch_save size=102400 fpp=8 iter=2 bytes=26618112 t=0.34s 0.073 GB/s
[b0002 r1] mode=torch_save size=102400 fpp=8 iter=2 bytes=26618112 t=0.44s 0.056 GB/s
[b0010 r9] mode=torch_save size=102400 fpp=8 iter=2 bytes=26618112 t=0.34s 0.073 GB/s
[b0009 r8] mode=torch_save size=102400 fpp=8 iter=2 bytes=26618112 t=0.32s 0.077 GB/s
[b0004 r3] mode=dcp size=102400 fpp=8 iter=0 bytes=26854576 t=0.35s 0.072 GB/s
[b0001 r0] mode=dcp size=102400 fpp=8 iter=0 bytes=26854832 t=0.35s 0.072 GB/s
[b0012 r11] mode=dcp size=102400 fpp=8 iter=0 bytes=26854832 t=0.35s 0.072 GB/s
[b0006 r5] mode=dcp size=102400 fpp=8 iter=0 bytes=26854832 t=0.34s 0.073 GB/s
[b0007 r6] mode=dcp size=102400 fpp=8 iter=0 bytes=26854576 t=0.36s 0.069 GB/s
[b0005 r4] mode=dcp size=102400 fpp=8 iter=0 bytes=26854832 t=0.35s 0.071 GB/s
[b0003 r2] mode=dcp size=102400 fpp=8 iter=0 bytes=26854832 t=0.36s 0.069 GB/s
[b0008 r7] mode=dcp size=102400 fpp=8 iter=0 bytes=26854832 t=0.38s 0.067 GB/s
[b0010 r9] mode=dcp size=102400 fpp=8 iter=0 bytes=26854832 t=0.36s 0.070 GB/s
[b0011 r10] mode=dcp size=102400 fpp=8 iter=0 bytes=26855088 t=0.37s 0.068 GB/s
[b0002 r1] mode=dcp size=102400 fpp=8 iter=0 bytes=26854832 t=0.37s 0.067 GB/s
[b0001 r0] mode=dcp size=102400 fpp=8 iter=1 bytes=26854832 t=0.33s 0.075 GB/s
[b0004 r3] mode=dcp size=102400 fpp=8 iter=1 bytes=26854576 t=0.35s 0.072 GB/s
[b0012 r11] mode=dcp size=102400 fpp=8 iter=1 bytes=26854832 t=0.35s 0.072 GB/s
[b0006 r5] mode=dcp size=102400 fpp=8 iter=1 bytes=26854832 t=0.33s 0.076 GB/s
[b0005 r4] mode=dcp size=102400 fpp=8 iter=1 bytes=26854832 t=0.34s 0.074 GB/s
[b0007 r6] mode=dcp size=102400 fpp=8 iter=1 bytes=26854576 t=0.35s 0.071 GB/s
[b0003 r2] mode=dcp size=102400 fpp=8 iter=1 bytes=26854832 t=0.35s 0.072 GB/s
[b0010 r9] mode=dcp size=102400 fpp=8 iter=1 bytes=26854832 t=0.34s 0.074 GB/s
[b0008 r7] mode=dcp size=102400 fpp=8 iter=1 bytes=26854832 t=0.36s 0.070 GB/s
[b0011 r10] mode=dcp size=102400 fpp=8 iter=1 bytes=26855088 t=0.33s 0.076 GB/s
[b0002 r1] mode=dcp size=102400 fpp=8 iter=1 bytes=26854832 t=0.36s 0.069 GB/s
[b0009 r8] mode=dcp size=102400 fpp=8 iter=0 bytes=26854832 t=2.12s 0.012 GB/s
[b0001 r0] mode=dcp size=102400 fpp=8 iter=2 bytes=26854832 t=0.33s 0.076 GB/s
[b0012 r11] mode=dcp size=102400 fpp=8 iter=2 bytes=26854832 t=0.33s 0.076 GB/s
[b0004 r3] mode=dcp size=102400 fpp=8 iter=2 bytes=26854576 t=0.33s 0.075 GB/s
[b0006 r5] mode=dcp size=102400 fpp=8 iter=2 bytes=26854832 t=0.33s 0.076 GB/s
[b0005 r4] mode=dcp size=102400 fpp=8 iter=2 bytes=26854832 t=0.33s 0.075 GB/s
[b0007 r6] mode=dcp size=102400 fpp=8 iter=2 bytes=26854576 t=0.37s 0.068 GB/s
[b0003 r2] mode=dcp size=102400 fpp=8 iter=2 bytes=26854832 t=0.35s 0.071 GB/s
[b0010 r9] mode=dcp size=102400 fpp=8 iter=2 bytes=26854832 t=0.34s 0.073 GB/s
[b0008 r7] mode=dcp size=102400 fpp=8 iter=2 bytes=26854832 t=0.35s 0.072 GB/s
[b0011 r10] mode=dcp size=102400 fpp=8 iter=2 bytes=26855088 t=0.33s 0.077 GB/s
[b0002 r1] mode=dcp size=102400 fpp=8 iter=2 bytes=26854832 t=0.36s 0.070 GB/s
[b0009 r8] mode=dcp size=102400 fpp=8 iter=1 bytes=26854832 t=0.33s 0.075 GB/s
[b0004 r3] mode=raw size=1048576 fpp=8 iter=0 bytes=268435456 t=0.30s 0.839 GB/s
[b0001 r0] mode=raw size=1048576 fpp=8 iter=0 bytes=268435456 t=0.31s 0.810 GB/s
[b0012 r11] mode=raw size=1048576 fpp=8 iter=0 bytes=268435456 t=0.31s 0.795 GB/s
[b0006 r5] mode=raw size=1048576 fpp=8 iter=0 bytes=268435456 t=0.30s 0.825 GB/s
[b0005 r4] mode=raw size=1048576 fpp=8 iter=0 bytes=268435456 t=0.31s 0.803 GB/s
[b0009 r8] mode=dcp size=102400 fpp=8 iter=2 bytes=26854832 t=0.35s 0.070 GB/s
[b0007 r6] mode=raw size=1048576 fpp=8 iter=0 bytes=268435456 t=0.33s 0.755 GB/s
[b0004 r3] mode=raw size=1048576 fpp=8 iter=1 bytes=268435456 t=0.30s 0.847 GB/s
[b0011 r10] mode=raw size=1048576 fpp=8 iter=0 bytes=268435456 t=0.29s 0.858 GB/s
[b0001 r0] mode=raw size=1048576 fpp=8 iter=1 bytes=268435456 t=0.31s 0.798 GB/s
[b0012 r11] mode=raw size=1048576 fpp=8 iter=1 bytes=268435456 t=0.31s 0.812 GB/s
[b0010 r9] mode=raw size=1048576 fpp=8 iter=0 bytes=268435456 t=0.33s 0.766 GB/s
[b0006 r5] mode=raw size=1048576 fpp=8 iter=1 bytes=268435456 t=0.31s 0.810 GB/s
[b0003 r2] mode=raw size=1048576 fpp=8 iter=0 bytes=268435456 t=0.34s 0.744 GB/s
[b0008 r7] mode=raw size=1048576 fpp=8 iter=0 bytes=268435456 t=0.30s 0.835 GB/s
[b0002 r1] mode=raw size=1048576 fpp=8 iter=0 bytes=268435456 t=0.30s 0.830 GB/s
[b0005 r4] mode=raw size=1048576 fpp=8 iter=1 bytes=268435456 t=0.31s 0.798 GB/s
[b0004 r3] mode=raw size=1048576 fpp=8 iter=2 bytes=268435456 t=0.30s 0.841 GB/s
[b0011 r10] mode=raw size=1048576 fpp=8 iter=1 bytes=268435456 t=0.31s 0.819 GB/s
[b0001 r0] mode=raw size=1048576 fpp=8 iter=2 bytes=268435456 t=0.30s 0.834 GB/s
[b0012 r11] mode=raw size=1048576 fpp=8 iter=2 bytes=268435456 t=0.31s 0.810 GB/s
[b0006 r5] mode=raw size=1048576 fpp=8 iter=2 bytes=268435456 t=0.31s 0.812 GB/s
[b0010 r9] mode=raw size=1048576 fpp=8 iter=1 bytes=268435456 t=0.32s 0.773 GB/s
[b0003 r2] mode=raw size=1048576 fpp=8 iter=1 bytes=268435456 t=0.33s 0.761 GB/s
[b0008 r7] mode=raw size=1048576 fpp=8 iter=1 bytes=268435456 t=0.31s 0.813 GB/s
[b0007 r6] mode=raw size=1048576 fpp=8 iter=1 bytes=268435456 t=0.49s 0.514 GB/s
[b0002 r1] mode=raw size=1048576 fpp=8 iter=1 bytes=268435456 t=0.30s 0.822 GB/s
[b0005 r4] mode=raw size=1048576 fpp=8 iter=2 bytes=268435456 t=0.31s 0.802 GB/s
[b0011 r10] mode=raw size=1048576 fpp=8 iter=2 bytes=268435456 t=0.30s 0.839 GB/s
[b0010 r9] mode=raw size=1048576 fpp=8 iter=2 bytes=268435456 t=0.32s 0.785 GB/s
[b0003 r2] mode=raw size=1048576 fpp=8 iter=2 bytes=268435456 t=0.31s 0.803 GB/s
[b0008 r7] mode=raw size=1048576 fpp=8 iter=2 bytes=268435456 t=0.30s 0.835 GB/s
[b0007 r6] mode=raw size=1048576 fpp=8 iter=2 bytes=268435456 t=0.31s 0.796 GB/s
[b0002 r1] mode=raw size=1048576 fpp=8 iter=2 bytes=268435456 t=0.31s 0.815 GB/s
[b0004 r3] mode=torch_save size=1048576 fpp=8 iter=0 bytes=268839168 t=0.30s 0.832 GB/s
[b0001 r0] mode=torch_save size=1048576 fpp=8 iter=0 bytes=268839168 t=0.30s 0.831 GB/s
[b0009 r8] mode=raw size=1048576 fpp=8 iter=0 bytes=268435456 t=0.30s 0.833 GB/s
[b0012 r11] mode=torch_save size=1048576 fpp=8 iter=0 bytes=268839168 t=0.31s 0.807 GB/s
[b0006 r5] mode=torch_save size=1048576 fpp=8 iter=0 bytes=268839168 t=0.31s 0.811 GB/s
[b0005 r4] mode=torch_save size=1048576 fpp=8 iter=0 bytes=268839168 t=0.30s 0.827 GB/s
[b0004 r3] mode=torch_save size=1048576 fpp=8 iter=1 bytes=268839168 t=0.30s 0.822 GB/s
[b0011 r10] mode=torch_save size=1048576 fpp=8 iter=0 bytes=268839168 t=0.30s 0.828 GB/s
[b0001 r0] mode=torch_save size=1048576 fpp=8 iter=1 bytes=268839168 t=0.30s 0.827 GB/s
[b0009 r8] mode=raw size=1048576 fpp=8 iter=1 bytes=268435456 t=0.31s 0.798 GB/s
[b0012 r11] mode=torch_save size=1048576 fpp=8 iter=1 bytes=268839168 t=0.31s 0.796 GB/s
[b0006 r5] mode=torch_save size=1048576 fpp=8 iter=1 bytes=268839168 t=0.30s 0.846 GB/s
[b0010 r9] mode=torch_save size=1048576 fpp=8 iter=0 bytes=268839168 t=0.31s 0.807 GB/s
[b0003 r2] mode=torch_save size=1048576 fpp=8 iter=0 bytes=268839168 t=0.32s 0.787 GB/s
[b0008 r7] mode=torch_save size=1048576 fpp=8 iter=0 bytes=268839168 t=0.32s 0.784 GB/s
[b0002 r1] mode=torch_save size=1048576 fpp=8 iter=0 bytes=268839168 t=0.30s 0.828 GB/s
[b0007 r6] mode=torch_save size=1048576 fpp=8 iter=0 bytes=268839168 t=0.31s 0.805 GB/s
[b0011 r10] mode=torch_save size=1048576 fpp=8 iter=1 bytes=268839168 t=0.30s 0.846 GB/s
[b0004 r3] mode=torch_save size=1048576 fpp=8 iter=2 bytes=268839168 t=0.30s 0.830 GB/s
[b0005 r4] mode=torch_save size=1048576 fpp=8 iter=1 bytes=268839168 t=0.33s 0.769 GB/s
[b0001 r0] mode=torch_save size=1048576 fpp=8 iter=2 bytes=268839168 t=0.31s 0.819 GB/s
[b0009 r8] mode=raw size=1048576 fpp=8 iter=2 bytes=268435456 t=0.30s 0.834 GB/s
[b0012 r11] mode=torch_save size=1048576 fpp=8 iter=2 bytes=268839168 t=0.30s 0.832 GB/s
[b0006 r5] mode=torch_save size=1048576 fpp=8 iter=2 bytes=268839168 t=0.30s 0.822 GB/s
[b0010 r9] mode=torch_save size=1048576 fpp=8 iter=1 bytes=268839168 t=0.31s 0.805 GB/s
[b0003 r2] mode=torch_save size=1048576 fpp=8 iter=1 bytes=268839168 t=0.32s 0.792 GB/s
[b0008 r7] mode=torch_save size=1048576 fpp=8 iter=1 bytes=268839168 t=0.35s 0.724 GB/s
[b0002 r1] mode=torch_save size=1048576 fpp=8 iter=1 bytes=268839168 t=0.30s 0.838 GB/s
[b0007 r6] mode=torch_save size=1048576 fpp=8 iter=1 bytes=268839168 t=0.33s 0.768 GB/s
[b0011 r10] mode=torch_save size=1048576 fpp=8 iter=2 bytes=268839168 t=0.33s 0.762 GB/s
[b0005 r4] mode=torch_save size=1048576 fpp=8 iter=2 bytes=268839168 t=0.31s 0.807 GB/s
[b0010 r9] mode=torch_save size=1048576 fpp=8 iter=2 bytes=268839168 t=0.31s 0.809 GB/s
[b0003 r2] mode=torch_save size=1048576 fpp=8 iter=2 bytes=268839168 t=0.31s 0.797 GB/s
[b0008 r7] mode=torch_save size=1048576 fpp=8 iter=2 bytes=268839168 t=0.33s 0.762 GB/s
[b0002 r1] mode=torch_save size=1048576 fpp=8 iter=2 bytes=268839168 t=0.31s 0.812 GB/s
[b0007 r6] mode=torch_save size=1048576 fpp=8 iter=2 bytes=268839168 t=0.31s 0.802 GB/s
[b0009 r8] mode=torch_save size=1048576 fpp=8 iter=0 bytes=268839168 t=0.28s 0.897 GB/s
[b0009 r8] mode=torch_save size=1048576 fpp=8 iter=1 bytes=268839168 t=0.28s 0.898 GB/s
[b0004 r3] mode=dcp size=1048576 fpp=8 iter=0 bytes=269076656 t=0.40s 0.633 GB/s
[b0001 r0] mode=dcp size=1048576 fpp=8 iter=0 bytes=269076912 t=0.38s 0.654 GB/s
[b0012 r11] mode=dcp size=1048576 fpp=8 iter=0 bytes=269076912 t=0.39s 0.640 GB/s
[b0006 r5] mode=dcp size=1048576 fpp=8 iter=0 bytes=269076912 t=0.38s 0.655 GB/s
[b0009 r8] mode=torch_save size=1048576 fpp=8 iter=2 bytes=268839168 t=0.28s 0.891 GB/s
[b0011 r10] mode=dcp size=1048576 fpp=8 iter=0 bytes=269077168 t=0.39s 0.643 GB/s
[b0005 r4] mode=dcp size=1048576 fpp=8 iter=0 bytes=269076912 t=0.38s 0.664 GB/s
[b0010 r9] mode=dcp size=1048576 fpp=8 iter=0 bytes=269076912 t=0.39s 0.649 GB/s
[b0003 r2] mode=dcp size=1048576 fpp=8 iter=0 bytes=269076912 t=0.40s 0.632 GB/s
[b0002 r1] mode=dcp size=1048576 fpp=8 iter=0 bytes=269076912 t=0.41s 0.605 GB/s
[b0007 r6] mode=dcp size=1048576 fpp=8 iter=0 bytes=269076656 t=0.40s 0.627 GB/s
[b0008 r7] mode=dcp size=1048576 fpp=8 iter=0 bytes=269076912 t=0.41s 0.612 GB/s
[b0004 r3] mode=dcp size=1048576 fpp=8 iter=1 bytes=269076656 t=0.38s 0.652 GB/s
[b0001 r0] mode=dcp size=1048576 fpp=8 iter=1 bytes=269076912 t=0.39s 0.636 GB/s
[b0012 r11] mode=dcp size=1048576 fpp=8 iter=1 bytes=269076912 t=0.39s 0.649 GB/s
[b0006 r5] mode=dcp size=1048576 fpp=8 iter=1 bytes=269076912 t=0.37s 0.676 GB/s
[b0011 r10] mode=dcp size=1048576 fpp=8 iter=1 bytes=269077168 t=0.38s 0.663 GB/s
[b0005 r4] mode=dcp size=1048576 fpp=8 iter=1 bytes=269076912 t=0.39s 0.645 GB/s
[b0010 r9] mode=dcp size=1048576 fpp=8 iter=1 bytes=269076912 t=0.40s 0.627 GB/s
[b0009 r8] mode=dcp size=1048576 fpp=8 iter=0 bytes=269076912 t=0.38s 0.654 GB/s
[b0003 r2] mode=dcp size=1048576 fpp=8 iter=1 bytes=269076912 t=0.40s 0.623 GB/s
[b0002 r1] mode=dcp size=1048576 fpp=8 iter=1 bytes=269076912 t=0.41s 0.615 GB/s
[b0007 r6] mode=dcp size=1048576 fpp=8 iter=1 bytes=269076656 t=0.41s 0.614 GB/s
[b0008 r7] mode=dcp size=1048576 fpp=8 iter=1 bytes=269076912 t=0.39s 0.637 GB/s
[b0001 r0] mode=dcp size=1048576 fpp=8 iter=2 bytes=269076912 t=0.37s 0.681 GB/s
[b0004 r3] mode=dcp size=1048576 fpp=8 iter=2 bytes=269076656 t=0.39s 0.640 GB/s
[b0012 r11] mode=dcp size=1048576 fpp=8 iter=2 bytes=269076912 t=0.38s 0.667 GB/s
[b0006 r5] mode=dcp size=1048576 fpp=8 iter=2 bytes=269076912 t=0.38s 0.661 GB/s
[b0011 r10] mode=dcp size=1048576 fpp=8 iter=2 bytes=269077168 t=0.38s 0.659 GB/s
[b0005 r4] mode=dcp size=1048576 fpp=8 iter=2 bytes=269076912 t=0.40s 0.630 GB/s
[b0010 r9] mode=dcp size=1048576 fpp=8 iter=2 bytes=269076912 t=0.40s 0.629 GB/s
[b0009 r8] mode=dcp size=1048576 fpp=8 iter=1 bytes=269076912 t=0.39s 0.648 GB/s
[b0003 r2] mode=dcp size=1048576 fpp=8 iter=2 bytes=269076912 t=0.42s 0.598 GB/s
[b0002 r1] mode=dcp size=1048576 fpp=8 iter=2 bytes=269076912 t=0.40s 0.625 GB/s
[b0007 r6] mode=dcp size=1048576 fpp=8 iter=2 bytes=269076656 t=0.42s 0.596 GB/s
[b0008 r7] mode=dcp size=1048576 fpp=8 iter=2 bytes=269076912 t=0.46s 0.544 GB/s
[b0001 r0] mode=raw size=10485760 fpp=8 iter=0 bytes=2684354560 t=0.55s 4.531 GB/s
[b0004 r3] mode=raw size=10485760 fpp=8 iter=0 bytes=2684354560 t=0.53s 4.758 GB/s
[b0012 r11] mode=raw size=10485760 fpp=8 iter=0 bytes=2684354560 t=0.52s 4.834 GB/s
[b0006 r5] mode=raw size=10485760 fpp=8 iter=0 bytes=2684354560 t=0.47s 5.318 GB/s
[b0009 r8] mode=dcp size=1048576 fpp=8 iter=2 bytes=269076912 t=0.59s 0.425 GB/s
[b0011 r10] mode=raw size=10485760 fpp=8 iter=0 bytes=2684354560 t=0.44s 5.710 GB/s
[b0001 r0] mode=raw size=10485760 fpp=8 iter=1 bytes=2684354560 t=0.46s 5.464 GB/s
[b0012 r11] mode=raw size=10485760 fpp=8 iter=1 bytes=2684354560 t=0.43s 5.752 GB/s
[b0004 r3] mode=raw size=10485760 fpp=8 iter=1 bytes=2684354560 t=0.47s 5.308 GB/s
[b0006 r5] mode=raw size=10485760 fpp=8 iter=1 bytes=2684354560 t=0.43s 5.766 GB/s
[b0010 r9] mode=raw size=10485760 fpp=8 iter=0 bytes=2684354560 t=0.44s 5.629 GB/s
[b0005 r4] mode=raw size=10485760 fpp=8 iter=0 bytes=2684354560 t=0.45s 5.496 GB/s
[b0003 r2] mode=raw size=10485760 fpp=8 iter=0 bytes=2684354560 t=0.50s 5.012 GB/s
[b0007 r6] mode=raw size=10485760 fpp=8 iter=0 bytes=2684354560 t=0.42s 5.953 GB/s
[b0002 r1] mode=raw size=10485760 fpp=8 iter=0 bytes=2684354560 t=0.45s 5.546 GB/s
[b0008 r7] mode=raw size=10485760 fpp=8 iter=0 bytes=2684354560 t=0.43s 5.803 GB/s
[b0011 r10] mode=raw size=10485760 fpp=8 iter=1 bytes=2684354560 t=0.44s 5.740 GB/s
[b0001 r0] mode=raw size=10485760 fpp=8 iter=2 bytes=2684354560 t=0.44s 5.706 GB/s
[b0012 r11] mode=raw size=10485760 fpp=8 iter=2 bytes=2684354560 t=0.43s 5.779 GB/s
[b0004 r3] mode=raw size=10485760 fpp=8 iter=2 bytes=2684354560 t=0.43s 5.750 GB/s
[b0006 r5] mode=raw size=10485760 fpp=8 iter=2 bytes=2684354560 t=0.41s 6.136 GB/s
[b0010 r9] mode=raw size=10485760 fpp=8 iter=1 bytes=2684354560 t=0.45s 5.570 GB/s
[b0005 r4] mode=raw size=10485760 fpp=8 iter=1 bytes=2684354560 t=0.43s 5.781 GB/s
[b0003 r2] mode=raw size=10485760 fpp=8 iter=1 bytes=2684354560 t=0.41s 6.150 GB/s
[b0007 r6] mode=raw size=10485760 fpp=8 iter=1 bytes=2684354560 t=0.42s 5.977 GB/s
[b0008 r7] mode=raw size=10485760 fpp=8 iter=1 bytes=2684354560 t=0.41s 6.141 GB/s
[b0002 r1] mode=raw size=10485760 fpp=8 iter=1 bytes=2684354560 t=0.46s 5.426 GB/s
[b0011 r10] mode=raw size=10485760 fpp=8 iter=2 bytes=2684354560 t=0.48s 5.242 GB/s
[b0010 r9] mode=raw size=10485760 fpp=8 iter=2 bytes=2684354560 t=0.47s 5.279 GB/s
[b0005 r4] mode=raw size=10485760 fpp=8 iter=2 bytes=2684354560 t=0.51s 4.913 GB/s
[b0009 r8] mode=raw size=10485760 fpp=8 iter=0 bytes=2684354560 t=0.39s 6.457 GB/s
[b0003 r2] mode=raw size=10485760 fpp=8 iter=2 bytes=2684354560 t=0.43s 5.800 GB/s
[b0007 r6] mode=raw size=10485760 fpp=8 iter=2 bytes=2684354560 t=0.48s 5.248 GB/s
[b0008 r7] mode=raw size=10485760 fpp=8 iter=2 bytes=2684354560 t=0.47s 5.347 GB/s
[b0002 r1] mode=raw size=10485760 fpp=8 iter=2 bytes=2684354560 t=0.42s 5.934 GB/s
[b0001 r0] mode=torch_save size=10485760 fpp=8 iter=0 bytes=2684758272 t=0.42s 6.003 GB/s
[b0012 r11] mode=torch_save size=10485760 fpp=8 iter=0 bytes=2684758272 t=0.49s 5.147 GB/s
[b0006 r5] mode=torch_save size=10485760 fpp=8 iter=0 bytes=2684758272 t=0.43s 5.790 GB/s
[b0004 r3] mode=torch_save size=10485760 fpp=8 iter=0 bytes=2684758272 t=0.45s 5.618 GB/s
[b0009 r8] mode=raw size=10485760 fpp=8 iter=1 bytes=2684354560 t=0.42s 5.934 GB/s
[b0001 r0] mode=torch_save size=10485760 fpp=8 iter=1 bytes=2684758272 t=0.47s 5.293 GB/s
[b0011 r10] mode=torch_save size=10485760 fpp=8 iter=0 bytes=2684758272 t=0.42s 5.890 GB/s
[b0012 r11] mode=torch_save size=10485760 fpp=8 iter=1 bytes=2684758272 t=0.49s 5.152 GB/s
[b0006 r5] mode=torch_save size=10485760 fpp=8 iter=1 bytes=2684758272 t=0.47s 5.338 GB/s
[b0004 r3] mode=torch_save size=10485760 fpp=8 iter=1 bytes=2684758272 t=0.45s 5.573 GB/s
[b0010 r9] mode=torch_save size=10485760 fpp=8 iter=0 bytes=2684758272 t=0.43s 5.750 GB/s
[b0005 r4] mode=torch_save size=10485760 fpp=8 iter=0 bytes=2684758272 t=0.49s 5.143 GB/s
[b0009 r8] mode=raw size=10485760 fpp=8 iter=2 bytes=2684354560 t=0.44s 5.739 GB/s
[b0003 r2] mode=torch_save size=10485760 fpp=8 iter=0 bytes=2684758272 t=0.51s 4.943 GB/s
[b0007 r6] mode=torch_save size=10485760 fpp=8 iter=0 bytes=2684758272 t=0.45s 5.515 GB/s
[b0002 r1] mode=torch_save size=10485760 fpp=8 iter=0 bytes=2684758272 t=0.47s 5.337 GB/s
[b0011 r10] mode=torch_save size=10485760 fpp=8 iter=1 bytes=2684758272 t=0.44s 5.646 GB/s
[b0001 r0] mode=torch_save size=10485760 fpp=8 iter=2 bytes=2684758272 t=0.50s 4.986 GB/s
[b0008 r7] mode=torch_save size=10485760 fpp=8 iter=0 bytes=2684758272 t=0.59s 4.269 GB/s
[b0006 r5] mode=torch_save size=10485760 fpp=8 iter=2 bytes=2684758272 t=0.43s 5.778 GB/s
[b0004 r3] mode=torch_save size=10485760 fpp=8 iter=2 bytes=2684758272 t=0.45s 5.500 GB/s
[b0012 r11] mode=torch_save size=10485760 fpp=8 iter=2 bytes=2684758272 t=0.44s 5.692 GB/s
[b0010 r9] mode=torch_save size=10485760 fpp=8 iter=1 bytes=2684758272 t=0.43s 5.807 GB/s
[b0005 r4] mode=torch_save size=10485760 fpp=8 iter=1 bytes=2684758272 t=0.48s 5.198 GB/s
[b0003 r2] mode=torch_save size=10485760 fpp=8 iter=1 bytes=2684758272 t=0.43s 5.751 GB/s
[b0007 r6] mode=torch_save size=10485760 fpp=8 iter=1 bytes=2684758272 t=0.45s 5.542 GB/s
[b0002 r1] mode=torch_save size=10485760 fpp=8 iter=1 bytes=2684758272 t=0.48s 5.205 GB/s
[b0011 r10] mode=torch_save size=10485760 fpp=8 iter=2 bytes=2684758272 t=0.45s 5.555 GB/s
[b0008 r7] mode=torch_save size=10485760 fpp=8 iter=1 bytes=2684758272 t=0.55s 4.519 GB/s
[b0010 r9] mode=torch_save size=10485760 fpp=8 iter=2 bytes=2684758272 t=0.45s 5.507 GB/s
[b0009 r8] mode=torch_save size=10485760 fpp=8 iter=0 bytes=2684758272 t=0.43s 5.863 GB/s
[b0005 r4] mode=torch_save size=10485760 fpp=8 iter=2 bytes=2684758272 t=0.44s 5.684 GB/s
[b0007 r6] mode=torch_save size=10485760 fpp=8 iter=2 bytes=2684758272 t=0.45s 5.604 GB/s
[b0003 r2] mode=torch_save size=10485760 fpp=8 iter=2 bytes=2684758272 t=0.53s 4.678 GB/s
[b0002 r1] mode=torch_save size=10485760 fpp=8 iter=2 bytes=2684758272 t=0.40s 6.188 GB/s
[b0008 r7] mode=torch_save size=10485760 fpp=8 iter=2 bytes=2684758272 t=0.37s 6.724 GB/s
[b0009 r8] mode=torch_save size=10485760 fpp=8 iter=1 bytes=2684758272 t=0.41s 6.149 GB/s
[b0009 r8] mode=torch_save size=10485760 fpp=8 iter=2 bytes=2684758272 t=0.41s 6.028 GB/s
[b0001 r0] mode=dcp size=10485760 fpp=8 iter=0 bytes=2684996016 t=0.56s 4.475 GB/s
[b0006 r5] mode=dcp size=10485760 fpp=8 iter=0 bytes=2684996016 t=0.56s 4.455 GB/s
[b0012 r11] mode=dcp size=10485760 fpp=8 iter=0 bytes=2684996016 t=0.52s 4.787 GB/s
[b0004 r3] mode=dcp size=10485760 fpp=8 iter=0 bytes=2684995760 t=0.58s 4.328 GB/s
[b0011 r10] mode=dcp size=10485760 fpp=8 iter=0 bytes=2684996272 t=0.50s 5.038 GB/s
[b0010 r9] mode=dcp size=10485760 fpp=8 iter=0 bytes=2684996016 t=0.53s 4.677 GB/s
[b0005 r4] mode=dcp size=10485760 fpp=8 iter=0 bytes=2684996016 t=0.51s 4.899 GB/s
[b0007 r6] mode=dcp size=10485760 fpp=8 iter=0 bytes=2684995760 t=0.51s 4.861 GB/s
[b0002 r1] mode=dcp size=10485760 fpp=8 iter=0 bytes=2684996016 t=0.53s 4.760 GB/s
[b0008 r7] mode=dcp size=10485760 fpp=8 iter=0 bytes=2684996016 t=0.52s 4.853 GB/s
[b0003 r2] mode=dcp size=10485760 fpp=8 iter=0 bytes=2684996016 t=0.58s 4.315 GB/s
[b0001 r0] mode=dcp size=10485760 fpp=8 iter=1 bytes=2684996016 t=0.52s 4.844 GB/s
[b0012 r11] mode=dcp size=10485760 fpp=8 iter=1 bytes=2684996016 t=0.52s 4.770 GB/s
[b0006 r5] mode=dcp size=10485760 fpp=8 iter=1 bytes=2684996016 t=0.54s 4.653 GB/s
[b0004 r3] mode=dcp size=10485760 fpp=8 iter=1 bytes=2684995760 t=0.53s 4.747 GB/s
[b0009 r8] mode=dcp size=10485760 fpp=8 iter=0 bytes=2684996016 t=0.45s 5.561 GB/s
[b0011 r10] mode=dcp size=10485760 fpp=8 iter=1 bytes=2684996272 t=0.47s 5.279 GB/s
[b0010 r9] mode=dcp size=10485760 fpp=8 iter=1 bytes=2684996016 t=0.50s 4.988 GB/s
[b0007 r6] mode=dcp size=10485760 fpp=8 iter=1 bytes=2684995760 t=0.54s 4.617 GB/s
[b0005 r4] mode=dcp size=10485760 fpp=8 iter=1 bytes=2684996016 t=0.51s 4.868 GB/s
[b0002 r1] mode=dcp size=10485760 fpp=8 iter=1 bytes=2684996016 t=0.54s 4.609 GB/s
[b0008 r7] mode=dcp size=10485760 fpp=8 iter=1 bytes=2684996016 t=0.52s 4.854 GB/s
[b0003 r2] mode=dcp size=10485760 fpp=8 iter=1 bytes=2684996016 t=0.52s 4.816 GB/s
[b0001 r0] mode=dcp size=10485760 fpp=8 iter=2 bytes=2684996016 t=0.51s 4.881 GB/s
[b0012 r11] mode=dcp size=10485760 fpp=8 iter=2 bytes=2684996016 t=0.54s 4.674 GB/s
[b0004 r3] mode=dcp size=10485760 fpp=8 iter=2 bytes=2684995760 t=0.52s 4.782 GB/s
[b0006 r5] mode=dcp size=10485760 fpp=8 iter=2 bytes=2684996016 t=0.50s 4.962 GB/s
[b0011 r10] mode=dcp size=10485760 fpp=8 iter=2 bytes=2684996272 t=0.45s 5.517 GB/s
[b0010 r9] mode=dcp size=10485760 fpp=8 iter=2 bytes=2684996016 t=0.51s 4.912 GB/s
[b0007 r6] mode=dcp size=10485760 fpp=8 iter=2 bytes=2684995760 t=0.51s 4.874 GB/s
[b0005 r4] mode=dcp size=10485760 fpp=8 iter=2 bytes=2684996016 t=0.51s 4.864 GB/s
[b0002 r1] mode=dcp size=10485760 fpp=8 iter=2 bytes=2684996016 t=0.51s 4.886 GB/s
[b0008 r7] mode=dcp size=10485760 fpp=8 iter=2 bytes=2684996016 t=0.68s 3.662 GB/s
[b0003 r2] mode=dcp size=10485760 fpp=8 iter=2 bytes=2684996016 t=0.71s 3.532 GB/s
[b0009 r8] mode=dcp size=10485760 fpp=8 iter=1 bytes=2684996016 t=2.40s 1.042 GB/s
[b0004 r3] mode=raw size=104857600 fpp=8 iter=0 bytes=26843545600 t=3.85s 6.498 GB/s
[b0001 r0] mode=raw size=104857600 fpp=8 iter=0 bytes=26843545600 t=4.47s 5.589 GB/s
[b0009 r8] mode=dcp size=10485760 fpp=8 iter=2 bytes=2684996016 t=1.41s 1.771 GB/s
[b0006 r5] mode=raw size=104857600 fpp=8 iter=0 bytes=26843545600 t=4.55s 5.490 GB/s
[b0012 r11] mode=raw size=104857600 fpp=8 iter=0 bytes=26843545600 t=4.75s 5.261 GB/s
[b0011 r10] mode=raw size=104857600 fpp=8 iter=0 bytes=26843545600 t=4.41s 5.667 GB/s
[b0002 r1] mode=raw size=104857600 fpp=8 iter=0 bytes=26843545600 t=3.45s 7.254 GB/s
[b0004 r3] mode=raw size=104857600 fpp=8 iter=1 bytes=26843545600 t=4.56s 5.477 GB/s
[b0008 r7] mode=raw size=104857600 fpp=8 iter=0 bytes=26843545600 t=4.56s 5.480 GB/s
[b0001 r0] mode=raw size=104857600 fpp=8 iter=1 bytes=26843545600 t=4.49s 5.568 GB/s
[b0006 r5] mode=raw size=104857600 fpp=8 iter=1 bytes=26843545600 t=4.44s 5.626 GB/s
[b0010 r9] mode=raw size=104857600 fpp=8 iter=0 bytes=26843545600 t=4.69s 5.326 GB/s
[b0012 r11] mode=raw size=104857600 fpp=8 iter=1 bytes=26843545600 t=3.96s 6.308 GB/s
[b0007 r6] mode=raw size=104857600 fpp=8 iter=0 bytes=26843545600 t=4.72s 5.302 GB/s
[b0005 r4] mode=raw size=104857600 fpp=8 iter=0 bytes=26843545600 t=4.56s 5.486 GB/s
[b0003 r2] mode=raw size=104857600 fpp=8 iter=0 bytes=26843545600 t=3.31s 7.564 GB/s
[b0004 r3] mode=raw size=104857600 fpp=8 iter=2 bytes=26843545600 t=4.02s 6.211 GB/s
[b0011 r10] mode=raw size=104857600 fpp=8 iter=1 bytes=26843545600 t=4.76s 5.254 GB/s
[b0002 r1] mode=raw size=104857600 fpp=8 iter=1 bytes=26843545600 t=4.81s 5.193 GB/s
[b0001 r0] mode=raw size=104857600 fpp=8 iter=2 bytes=26843545600 t=4.87s 5.137 GB/s
[b0008 r7] mode=raw size=104857600 fpp=8 iter=1 bytes=26843545600 t=5.13s 4.876 GB/s
[b0006 r5] mode=raw size=104857600 fpp=8 iter=2 bytes=26843545600 t=4.92s 5.085 GB/s
[b0012 r11] mode=raw size=104857600 fpp=8 iter=2 bytes=26843545600 t=4.50s 5.561 GB/s
[b0007 r6] mode=raw size=104857600 fpp=8 iter=1 bytes=26843545600 t=3.89s 6.426 GB/s
[b0010 r9] mode=raw size=104857600 fpp=8 iter=1 bytes=26843545600 t=4.91s 5.089 GB/s
[b0005 r4] mode=raw size=104857600 fpp=8 iter=1 bytes=26843545600 t=3.95s 6.323 GB/s
[b0003 r2] mode=raw size=104857600 fpp=8 iter=1 bytes=26843545600 t=3.62s 6.908 GB/s
[b0009 r8] mode=raw size=104857600 fpp=8 iter=0 bytes=26843545600 t=4.24s 5.900 GB/s
[b0008 r7] mode=raw size=104857600 fpp=8 iter=2 bytes=26843545600 t=4.24s 5.900 GB/s
[b0002 r1] mode=raw size=104857600 fpp=8 iter=2 bytes=26843545600 t=4.49s 5.565 GB/s
[b0011 r10] mode=raw size=104857600 fpp=8 iter=2 bytes=26843545600 t=5.04s 4.965 GB/s
[b0010 r9] mode=raw size=104857600 fpp=8 iter=2 bytes=26843545600 t=4.19s 5.964 GB/s
[b0003 r2] mode=raw size=104857600 fpp=8 iter=2 bytes=26843545600 t=4.15s 6.026 GB/s
[b0005 r4] mode=raw size=104857600 fpp=8 iter=2 bytes=26843545600 t=3.77s 6.625 GB/s
[b0007 r6] mode=raw size=104857600 fpp=8 iter=2 bytes=26843545600 t=4.60s 5.435 GB/s
[b0004 r3] mode=torch_save size=104857600 fpp=8 iter=0 bytes=26843949312 t=3.59s 6.962 GB/s
[b0009 r8] mode=raw size=104857600 fpp=8 iter=1 bytes=26843545600 t=4.39s 5.696 GB/s
[b0012 r11] mode=torch_save size=104857600 fpp=8 iter=0 bytes=26843949312 t=3.79s 6.594 GB/s
[b0001 r0] mode=torch_save size=104857600 fpp=8 iter=0 bytes=26843949312 t=4.54s 5.501 GB/s
[b0006 r5] mode=torch_save size=104857600 fpp=8 iter=0 bytes=26843949312 t=3.95s 6.322 GB/s
[b0004 r3] mode=torch_save size=104857600 fpp=8 iter=1 bytes=26843949312 t=2.91s 8.594 GB/s
[b0012 r11] mode=torch_save size=104857600 fpp=8 iter=1 bytes=26843949312 t=3.05s 8.192 GB/s
[b0008 r7] mode=torch_save size=104857600 fpp=8 iter=0 bytes=26843949312 t=3.19s 7.827 GB/s
[b0001 r0] mode=torch_save size=104857600 fpp=8 iter=1 bytes=26843949312 t=4.23s 5.914 GB/s
[b0002 r1] mode=torch_save size=104857600 fpp=8 iter=0 bytes=26843949312 t=4.38s 5.708 GB/s
[b0009 r8] mode=raw size=104857600 fpp=8 iter=2 bytes=26843545600 t=4.72s 5.296 GB/s
[b0006 r5] mode=torch_save size=104857600 fpp=8 iter=1 bytes=26843949312 t=5.13s 4.876 GB/s
[b0011 r10] mode=torch_save size=104857600 fpp=8 iter=0 bytes=26843949312 t=4.49s 5.574 GB/s
[b0007 r6] mode=torch_save size=104857600 fpp=8 iter=0 bytes=26843949312 t=3.47s 7.197 GB/s
[b0005 r4] mode=torch_save size=104857600 fpp=8 iter=0 bytes=26843949312 t=4.35s 5.749 GB/s
[b0010 r9] mode=torch_save size=104857600 fpp=8 iter=0 bytes=26843949312 t=4.74s 5.270 GB/s
[b0004 r3] mode=torch_save size=104857600 fpp=8 iter=2 bytes=26843949312 t=4.96s 5.040 GB/s
[b0008 r7] mode=torch_save size=104857600 fpp=8 iter=1 bytes=26843949312 t=3.39s 7.364 GB/s
[b0003 r2] mode=torch_save size=104857600 fpp=8 iter=0 bytes=26843949312 t=5.55s 4.503 GB/s
[b0012 r11] mode=torch_save size=104857600 fpp=8 iter=2 bytes=26843949312 t=3.89s 6.422 GB/s
[b0001 r0] mode=torch_save size=104857600 fpp=8 iter=2 bytes=26843949312 t=3.91s 6.397 GB/s
[b0006 r5] mode=torch_save size=104857600 fpp=8 iter=2 bytes=26843949312 t=3.86s 6.470 GB/s
[b0002 r1] mode=torch_save size=104857600 fpp=8 iter=1 bytes=26843949312 t=4.18s 5.981 GB/s
[b0007 r6] mode=torch_save size=104857600 fpp=8 iter=1 bytes=26843949312 t=3.91s 6.392 GB/s
[b0010 r9] mode=torch_save size=104857600 fpp=8 iter=1 bytes=26843949312 t=3.70s 6.759 GB/s
[b0011 r10] mode=torch_save size=104857600 fpp=8 iter=1 bytes=26843949312 t=4.96s 5.036 GB/s
[b0005 r4] mode=torch_save size=104857600 fpp=8 iter=1 bytes=26843949312 t=4.22s 5.928 GB/s
[b0008 r7] mode=torch_save size=104857600 fpp=8 iter=2 bytes=26843949312 t=3.28s 7.621 GB/s
[b0003 r2] mode=torch_save size=104857600 fpp=8 iter=1 bytes=26843949312 t=3.06s 8.158 GB/s
[b0002 r1] mode=torch_save size=104857600 fpp=8 iter=2 bytes=26843949312 t=3.99s 6.273 GB/s
[b0009 r8] mode=torch_save size=104857600 fpp=8 iter=0 bytes=26843949312 t=3.71s 6.742 GB/s
[b0010 r9] mode=torch_save size=104857600 fpp=8 iter=2 bytes=26843949312 t=3.76s 6.640 GB/s
[b0011 r10] mode=torch_save size=104857600 fpp=8 iter=2 bytes=26843949312 t=3.62s 6.913 GB/s
[b0007 r6] mode=torch_save size=104857600 fpp=8 iter=2 bytes=26843949312 t=3.75s 6.661 GB/s
[b0005 r4] mode=torch_save size=104857600 fpp=8 iter=2 bytes=26843949312 t=3.74s 6.678 GB/s
[b0003 r2] mode=torch_save size=104857600 fpp=8 iter=2 bytes=26843949312 t=2.77s 9.016 GB/s
[b0009 r8] mode=torch_save size=104857600 fpp=8 iter=1 bytes=26843949312 t=2.70s 9.274 GB/s
[b0004 r3] mode=dcp size=104857600 fpp=8 iter=0 bytes=26844186800 t=3.65s 6.849 GB/s
[b0012 r11] mode=dcp size=104857600 fpp=8 iter=0 bytes=26844187056 t=3.42s 7.308 GB/s
[b0009 r8] mode=torch_save size=104857600 fpp=8 iter=2 bytes=26843949312 t=2.73s 9.167 GB/s
[b0001 r0] mode=dcp size=104857600 fpp=8 iter=0 bytes=26844187056 t=3.48s 7.187 GB/s
[b0006 r5] mode=dcp size=104857600 fpp=8 iter=0 bytes=26844187056 t=2.35s 10.623 GB/s
[b0008 r7] mode=dcp size=104857600 fpp=8 iter=0 bytes=26844187056 t=2.41s 10.385 GB/s
[b0010 r9] mode=dcp size=104857600 fpp=8 iter=0 bytes=26844187056 t=3.33s 7.513 GB/s
[b0011 r10] mode=dcp size=104857600 fpp=8 iter=0 bytes=26844187312 t=3.31s 7.546 GB/s
[b0002 r1] mode=dcp size=104857600 fpp=8 iter=0 bytes=26844187056 t=3.53s 7.087 GB/s
[b0004 r3] mode=dcp size=104857600 fpp=8 iter=1 bytes=26844186800 t=3.65s 6.857 GB/s
[b0012 r11] mode=dcp size=104857600 fpp=8 iter=1 bytes=26844187056 t=3.61s 6.933 GB/s
[b0007 r6] mode=dcp size=104857600 fpp=8 iter=0 bytes=26844186800 t=3.57s 7.005 GB/s
[b0005 r4] mode=dcp size=104857600 fpp=8 iter=0 bytes=26844187056 t=3.24s 7.725 GB/s
[b0003 r2] mode=dcp size=104857600 fpp=8 iter=0 bytes=26844187056 t=2.27s 11.028 GB/s
[b0001 r0] mode=dcp size=104857600 fpp=8 iter=1 bytes=26844187056 t=2.35s 10.661 GB/s
[b0006 r5] mode=dcp size=104857600 fpp=8 iter=1 bytes=26844187056 t=2.46s 10.165 GB/s
[b0008 r7] mode=dcp size=104857600 fpp=8 iter=1 bytes=26844187056 t=2.04s 12.256 GB/s
[b0009 r8] mode=dcp size=104857600 fpp=8 iter=0 bytes=26844187056 t=3.48s 7.176 GB/s
[b0012 r11] mode=dcp size=104857600 fpp=8 iter=2 bytes=26844187056 t=3.64s 6.860 GB/s
[b0010 r9] mode=dcp size=104857600 fpp=8 iter=1 bytes=26844187056 t=3.85s 6.487 GB/s
[b0011 r10] mode=dcp size=104857600 fpp=8 iter=1 bytes=26844187312 t=3.79s 6.601 GB/s
[b0007 r6] mode=dcp size=104857600 fpp=8 iter=1 bytes=26844186800 t=3.62s 6.904 GB/s
[b0004 r3] mode=dcp size=104857600 fpp=8 iter=2 bytes=26844186800 t=3.27s 7.655 GB/s
[b0002 r1] mode=dcp size=104857600 fpp=8 iter=1 bytes=26844187056 t=3.84s 6.510 GB/s
[b0005 r4] mode=dcp size=104857600 fpp=8 iter=1 bytes=26844187056 t=3.60s 6.946 GB/s
[b0001 r0] mode=dcp size=104857600 fpp=8 iter=2 bytes=26844187056 t=2.88s 8.693 GB/s
[b0006 r5] mode=dcp size=104857600 fpp=8 iter=2 bytes=26844187056 t=2.25s 11.117 GB/s
[b0008 r7] mode=dcp size=104857600 fpp=8 iter=2 bytes=26844187056 t=2.43s 10.305 GB/s
[b0003 r2] mode=dcp size=104857600 fpp=8 iter=1 bytes=26844187056 t=2.47s 10.111 GB/s
[b0009 r8] mode=dcp size=104857600 fpp=8 iter=1 bytes=26844187056 t=2.59s 9.646 GB/s
[b0010 r9] mode=dcp size=104857600 fpp=8 iter=2 bytes=26844187056 t=2.73s 9.161 GB/s
[b0007 r6] mode=dcp size=104857600 fpp=8 iter=2 bytes=26844186800 t=2.86s 8.738 GB/s
[b0011 r10] mode=dcp size=104857600 fpp=8 iter=2 bytes=26844187312 t=2.84s 8.804 GB/s
[b0002 r1] mode=dcp size=104857600 fpp=8 iter=2 bytes=26844187056 t=2.82s 8.853 GB/s
[b0005 r4] mode=dcp size=104857600 fpp=8 iter=2 bytes=26844187056 t=2.18s 11.455 GB/s
[b0003 r2] mode=dcp size=104857600 fpp=8 iter=2 bytes=26844187056 t=1.93s 12.964 GB/s
[b0009 r8] mode=dcp size=104857600 fpp=8 iter=2 bytes=26844187056 t=1.86s 13.442 GB/s
Done. Results: results/12node_32cpu_b200-batch_26099/all.csv
