Running on hosts: b0002 b0003 b0004 b0005 b0006 b0007 b0008 b0009
2026-05-18T08:28:56
WARNING: skipping mount of /var/spool/slurm/slurmd: stat /var/spool/slurm/slurmd: no such file or directory
WARNING: skipping mount of /var/spool/slurm/slurmd: stat /var/spool/slurm/slurmd: no such file or directory
WARNING: skipping mount of /var/spool/slurm/slurmd: stat /var/spool/slurm/slurmd: no such file or directory
WARNING: skipping mount of /var/spool/slurm/slurmd: stat /var/spool/slurm/slurmd: no such file or directory
WARNING: skipping mount of /var/spool/slurm/slurmd: stat /var/spool/slurm/slurmd: no such file or directory
WARNING: skipping mount of /var/spool/slurm/slurmd: stat /var/spool/slurm/slurmd: no such file or directory
WARNING: skipping mount of /var/spool/slurm/slurmd: stat /var/spool/slurm/slurmd: no such file or directory
WARNING: skipping mount of /var/spool/slurm/slurmd: stat /var/spool/slurm/slurmd: no such file or directory
WARNING: skipping mount of /var/spool/slurm/slurmd: stat /var/spool/slurm/slurmd: no such file or directory
WARNING: skipping mount of /var/spool/slurm/slurmd: stat /var/spool/slurm/slurmd: no such file or directory
WARNING: skipping mount of /var/spool/slurm/slurmd: stat /var/spool/slurm/slurmd: no such file or directory
WARNING: skipping mount of /var/spool/slurm/slurmd: stat /var/spool/slurm/slurmd: no such file or directory
WARNING: skipping mount of /var/spool/slurm/slurmd: stat /var/spool/slurm/slurmd: no such file or directory
WARNING: skipping mount of /var/spool/slurm/slurmd: stat /var/spool/slurm/slurmd: no such file or directory
WARNING: skipping mount of /var/spool/slurm/slurmd: stat /var/spool/slurm/slurmd: no such file or directory
WARNING: skipping mount of /var/spool/slurm/slurmd: stat /var/spool/slurm/slurmd: no such file or directory
WARNING: skipping mount of /var/spool/slurm/slurmd: stat /var/spool/slurm/slurmd: no such file or directory
WARNING: skipping mount of /var/spool/slurm/slurmd: stat /var/spool/slurm/slurmd: no such file or directory
WARNING: skipping mount of /var/spool/slurm/slurmd: stat /var/spool/slurm/slurmd: no such file or directory
WARNING: skipping mount of /var/spool/slurm/slurmd: stat /var/spool/slurm/slurmd: no such file or directory
WARNING: skipping mount of /var/spool/slurm/slurmd: stat /var/spool/slurm/slurmd: no such file or directory
WARNING: skipping mount of /var/spool/slurm/slurmd: stat /var/spool/slurm/slurmd: no such file or directory
WARNING: skipping mount of /var/spool/slurm/slurmd: stat /var/spool/slurm/slurmd: no such file or directory
WARNING: skipping mount of /var/spool/slurm/slurmd: stat /var/spool/slurm/slurmd: no such file or directory
WARNING: skipping mount of /var/spool/slurm/slurmd: stat /var/spool/slurm/slurmd: no such file or directory
WARNING: skipping mount of /var/spool/slurm/slurmd: stat /var/spool/slurm/slurmd: no such file or directory
WARNING: skipping mount of /var/spool/slurm/slurmd: stat /var/spool/slurm/slurmd: no such file or directory
WARNING: skipping mount of /var/spool/slurm/slurmd: stat /var/spool/slurm/slurmd: no such file or directory
WARNING: skipping mount of /var/spool/slurm/slurmd: stat /var/spool/slurm/slurmd: no such file or directory
WARNING: skipping mount of /var/spool/slurm/slurmd: stat /var/spool/slurm/slurmd: no such file or directory
WARNING: skipping mount of /var/spool/slurm/slurmd: stat /var/spool/slurm/slurmd: no such file or directory
WARNING: skipping mount of /var/spool/slurm/slurmd: stat /var/spool/slurm/slurmd: no such file or directory
WARNING: skipping mount of /var/spool/slurm/slurmd: stat /var/spool/slurm/slurmd: no such file or directory
WARNING: skipping mount of /var/spool/slurm/slurmd: stat /var/spool/slurm/slurmd: no such file or directory
WARNING: skipping mount of /var/spool/slurm/slurmd: stat /var/spool/slurm/slurmd: no such file or directory
WARNING: skipping mount of /var/spool/slurm/slurmd: stat /var/spool/slurm/slurmd: no such file or directory
WARNING: skipping mount of /var/spool/slurm/slurmd: stat /var/spool/slurm/slurmd: no such file or directory
WARNING: skipping mount of /var/spool/slurm/slurmd: stat /var/spool/slurm/slurmd: no such file or directory
WARNING: skipping mount of /var/spool/slurm/slurmd: stat /var/spool/slurm/slurmd: no such file or directory
WARNING: skipping mount of /var/spool/slurm/slurmd: stat /var/spool/slurm/slurmd: no such file or directory
WARNING: skipping mount of /var/spool/slurm/slurmd: stat /var/spool/slurm/slurmd: no such file or directory
WARNING: skipping mount of /var/spool/slurm/slurmd: stat /var/spool/slurm/slurmd: no such file or directory
WARNING: skipping mount of /var/spool/slurm/slurmd: stat /var/spool/slurm/slurmd: no such file or directory
WARNING: skipping mount of /var/spool/slurm/slurmd: stat /var/spool/slurm/slurmd: no such file or directory
WARNING: skipping mount of /var/spool/slurm/slurmd: stat /var/spool/slurm/slurmd: no such file or directory
WARNING: skipping mount of /var/spool/slurm/slurmd: stat /var/spool/slurm/slurmd: no such file or directory
WARNING: skipping mount of /var/spool/slurm/slurmd: stat /var/spool/slurm/slurmd: no such file or directory
WARNING: skipping mount of /var/spool/slurm/slurmd: stat /var/spool/slurm/slurmd: no such file or directory
INFO:    Terminating squashfuse_ll after timeout
INFO:    Timeouts can be caused by a running background process
INFO:    Terminating squashfuse_ll after timeout
INFO:    Timeouts can be caused by a running background process
INFO:    Terminating squashfuse_ll after timeout
INFO:    Timeouts can be caused by a running background process
FATAL:   container creation failed: mount hook function failure: mount /var/spool/slurm/slurmd->/var/spool/slurm/slurmd error: while mounting /var/spool/slurm/slurmd: mount source /var/spool/slurm/slurmd doesn't exist
FATAL:   container creation failed: mount hook function failure: mount /var/spool/slurm/slurmd->/var/spool/slurm/slurmd error: while mounting /var/spool/slurm/slurmd: mount source /var/spool/slurm/slurmd doesn't exist
FATAL:   container creation failed: mount hook function failure: mount /var/spool/slurm/slurmd->/var/spool/slurm/slurmd error: while mounting /var/spool/slurm/slurmd: mount source /var/spool/slurm/slurmd doesn't exist
INFO:    Terminating squashfuse_ll after timeout
INFO:    Timeouts can be caused by a running background process
INFO:    Terminating squashfuse_ll after timeout
INFO:    Timeouts can be caused by a running background process
INFO:    Terminating squashfuse_ll after timeout
INFO:    Timeouts can be caused by a running background process
INFO:    Terminating squashfuse_ll after timeout
INFO:    Timeouts can be caused by a running background process
FATAL:   container creation failed: mount hook function failure: mount /var/spool/slurm/slurmd->/var/spool/slurm/slurmd error: while mounting /var/spool/slurm/slurmd: mount source /var/spool/slurm/slurmd doesn't exist
FATAL:   container creation failed: mount hook function failure: mount /var/spool/slurm/slurmd->/var/spool/slurm/slurmd error: while mounting /var/spool/slurm/slurmd: mount source /var/spool/slurm/slurmd doesn't exist
FATAL:   container creation failed: mount hook function failure: mount /var/spool/slurm/slurmd->/var/spool/slurm/slurmd error: while mounting /var/spool/slurm/slurmd: mount source /var/spool/slurm/slurmd doesn't exist
FATAL:   container creation failed: mount hook function failure: mount /var/spool/slurm/slurmd->/var/spool/slurm/slurmd error: while mounting /var/spool/slurm/slurmd: mount source /var/spool/slurm/slurmd doesn't exist
INFO:    Terminating squashfuse_ll after timeout
INFO:    Timeouts can be caused by a running background process
FATAL:   container creation failed: mount hook function failure: mount /var/spool/slurm/slurmd->/var/spool/slurm/slurmd error: while mounting /var/spool/slurm/slurmd: mount source /var/spool/slurm/slurmd doesn't exist
INFO:    Terminating squashfuse_ll after timeout
INFO:    Timeouts can be caused by a running background process
INFO:    Terminating squashfuse_ll after timeout
INFO:    Timeouts can be caused by a running background process
INFO:    Terminating squashfuse_ll after timeout
INFO:    Timeouts can be caused by a running background process
INFO:    Terminating squashfuse_ll after timeout
INFO:    Timeouts can be caused by a running background process
FATAL:   container creation failed: mount hook function failure: mount /var/spool/slurm/slurmd->/var/spool/slurm/slurmd error: while mounting /var/spool/slurm/slurmd: mount source /var/spool/slurm/slurmd doesn't exist
INFO:    Terminating squashfuse_ll after timeout
INFO:    Timeouts can be caused by a running background process
INFO:    Terminating squashfuse_ll after timeout
INFO:    Timeouts can be caused by a running background process
FATAL:   container creation failed: mount hook function failure: mount /var/spool/slurm/slurmd->/var/spool/slurm/slurmd error: while mounting /var/spool/slurm/slurmd: mount source /var/spool/slurm/slurmd doesn't exist
INFO:    Terminating squashfuse_ll after timeout
INFO:    Timeouts can be caused by a running background process
FATAL:   container creation failed: mount hook function failure: mount /var/spool/slurm/slurmd->/var/spool/slurm/slurmd error: while mounting /var/spool/slurm/slurmd: mount source /var/spool/slurm/slurmd doesn't exist
INFO:    Terminating squashfuse_ll after timeout
INFO:    Timeouts can be caused by a running background process
INFO:    Terminating squashfuse_ll after timeout
INFO:    Timeouts can be caused by a running background process
INFO:    Terminating squashfuse_ll after timeout
INFO:    Timeouts can be caused by a running background process
FATAL:   container creation failed: mount hook function failure: mount /var/spool/slurm/slurmd->/var/spool/slurm/slurmd error: while mounting /var/spool/slurm/slurmd: mount source /var/spool/slurm/slurmd doesn't exist
INFO:    Terminating squashfuse_ll after timeout
INFO:    Timeouts can be caused by a running background process
INFO:    Terminating squashfuse_ll after timeout
INFO:    Timeouts can be caused by a running background process
INFO:    Terminating squashfuse_ll after timeout
INFO:    Timeouts can be caused by a running background process
FATAL:   container creation failed: mount hook function failure: mount /var/spool/slurm/slurmd->/var/spool/slurm/slurmd error: while mounting /var/spool/slurm/slurmd: mount source /var/spool/slurm/slurmd doesn't exist
INFO:    Terminating squashfuse_ll after timeout
INFO:    Timeouts can be caused by a running background process
FATAL:   container creation failed: mount hook function failure: mount /var/spool/slurm/slurmd->/var/spool/slurm/slurmd error: while mounting /var/spool/slurm/slurmd: mount source /var/spool/slurm/slurmd doesn't exist
INFO:    Terminating squashfuse_ll after timeout
INFO:    Timeouts can be caused by a running background process
INFO:    Terminating squashfuse_ll after timeout
INFO:    Timeouts can be caused by a running background process
FATAL:   container creation failed: mount hook function failure: mount /var/spool/slurm/slurmd->/var/spool/slurm/slurmd error: while mounting /var/spool/slurm/slurmd: mount source /var/spool/slurm/slurmd doesn't exist
FATAL:   container creation failed: mount hook function failure: mount /var/spool/slurm/slurmd->/var/spool/slurm/slurmd error: while mounting /var/spool/slurm/slurmd: mount source /var/spool/slurm/slurmd doesn't exist
FATAL:   container creation failed: mount hook function failure: mount /var/spool/slurm/slurmd->/var/spool/slurm/slurmd error: while mounting /var/spool/slurm/slurmd: mount source /var/spool/slurm/slurmd doesn't exist
FATAL:   container creation failed: mount hook function failure: mount /var/spool/slurm/slurmd->/var/spool/slurm/slurmd error: while mounting /var/spool/slurm/slurmd: mount source /var/spool/slurm/slurmd doesn't exist
FATAL:   container creation failed: mount hook function failure: mount /var/spool/slurm/slurmd->/var/spool/slurm/slurmd error: while mounting /var/spool/slurm/slurmd: mount source /var/spool/slurm/slurmd doesn't exist
FATAL:   container creation failed: mount hook function failure: mount /var/spool/slurm/slurmd->/var/spool/slurm/slurmd error: while mounting /var/spool/slurm/slurmd: mount source /var/spool/slurm/slurmd doesn't exist
FATAL:   container creation failed: mount hook function failure: mount /var/spool/slurm/slurmd->/var/spool/slurm/slurmd error: while mounting /var/spool/slurm/slurmd: mount source /var/spool/slurm/slurmd doesn't exist
FATAL:   container creation failed: mount hook function failure: mount /var/spool/slurm/slurmd->/var/spool/slurm/slurmd error: while mounting /var/spool/slurm/slurmd: mount source /var/spool/slurm/slurmd doesn't exist
FATAL:   container creation failed: mount hook function failure: mount /var/spool/slurm/slurmd->/var/spool/slurm/slurmd error: while mounting /var/spool/slurm/slurmd: mount source /var/spool/slurm/slurmd doesn't exist
FATAL:   container creation failed: mount hook function failure: mount /var/spool/slurm/slurmd->/var/spool/slurm/slurmd error: while mounting /var/spool/slurm/slurmd: mount source /var/spool/slurm/slurmd doesn't exist
INFO:    Terminating squashfuse_ll after timeout
INFO:    Timeouts can be caused by a running background process
INFO:    Terminating squashfuse_ll after timeout
INFO:    Timeouts can be caused by a running background process
INFO:    Terminating squashfuse_ll after timeout
INFO:    Timeouts can be caused by a running background process
FATAL:   container creation failed: mount hook function failure: mount /var/spool/slurm/slurmd->/var/spool/slurm/slurmd error: while mounting /var/spool/slurm/slurmd: mount source /var/spool/slurm/slurmd doesn't exist
INFO:    Terminating squashfuse_ll after timeout
INFO:    Timeouts can be caused by a running background process
INFO:    Terminating squashfuse_ll after timeout
INFO:    Timeouts can be caused by a running background process
FATAL:   container creation failed: mount hook function failure: mount /var/spool/slurm/slurmd->/var/spool/slurm/slurmd error: while mounting /var/spool/slurm/slurmd: mount source /var/spool/slurm/slurmd doesn't exist
INFO:    Terminating squashfuse_ll after timeout
INFO:    Timeouts can be caused by a running background process
FATAL:   container creation failed: mount hook function failure: mount /var/spool/slurm/slurmd->/var/spool/slurm/slurmd error: while mounting /var/spool/slurm/slurmd: mount source /var/spool/slurm/slurmd doesn't exist
INFO:    Terminating squashfuse_ll after timeout
INFO:    Timeouts can be caused by a running background process
INFO:    Terminating squashfuse_ll after timeout
INFO:    Timeouts can be caused by a running background process
FATAL:   container creation failed: mount hook function failure: mount /var/spool/slurm/slurmd->/var/spool/slurm/slurmd error: while mounting /var/spool/slurm/slurmd: mount source /var/spool/slurm/slurmd doesn't exist
FATAL:   container creation failed: mount hook function failure: mount /var/spool/slurm/slurmd->/var/spool/slurm/slurmd error: while mounting /var/spool/slurm/slurmd: mount source /var/spool/slurm/slurmd doesn't exist
FATAL:   container creation failed: mount hook function failure: mount /var/spool/slurm/slurmd->/var/spool/slurm/slurmd error: while mounting /var/spool/slurm/slurmd: mount source /var/spool/slurm/slurmd doesn't exist
FATAL:   container creation failed: mount hook function failure: mount /var/spool/slurm/slurmd->/var/spool/slurm/slurmd error: while mounting /var/spool/slurm/slurmd: mount source /var/spool/slurm/slurmd doesn't exist
FATAL:   container creation failed: mount hook function failure: mount /var/spool/slurm/slurmd->/var/spool/slurm/slurmd error: while mounting /var/spool/slurm/slurmd: mount source /var/spool/slurm/slurmd doesn't exist
INFO:    Terminating squashfuse_ll after timeout
INFO:    Timeouts can be caused by a running background process
INFO:    Terminating squashfuse_ll after timeout
INFO:    Timeouts can be caused by a running background process
INFO:    Terminating squashfuse_ll after timeout
INFO:    Timeouts can be caused by a running background process
FATAL:   container creation failed: mount hook function failure: mount /var/spool/slurm/slurmd->/var/spool/slurm/slurmd error: while mounting /var/spool/slurm/slurmd: mount source /var/spool/slurm/slurmd doesn't exist
INFO:    Terminating squashfuse_ll after timeout
INFO:    Timeouts can be caused by a running background process
INFO:    Terminating squashfuse_ll after timeout
INFO:    Timeouts can be caused by a running background process
FATAL:   container creation failed: mount hook function failure: mount /var/spool/slurm/slurmd->/var/spool/slurm/slurmd error: while mounting /var/spool/slurm/slurmd: mount source /var/spool/slurm/slurmd doesn't exist
INFO:    Terminating squashfuse_ll after timeout
INFO:    Timeouts can be caused by a running background process
FATAL:   container creation failed: mount hook function failure: mount /var/spool/slurm/slurmd->/var/spool/slurm/slurmd error: while mounting /var/spool/slurm/slurmd: mount source /var/spool/slurm/slurmd doesn't exist
INFO:    Terminating squashfuse_ll after timeout
INFO:    Timeouts can be caused by a running background process
INFO:    Terminating squashfuse_ll after timeout
INFO:    Timeouts can be caused by a running background process
FATAL:   container creation failed: mount hook function failure: mount /var/spool/slurm/slurmd->/var/spool/slurm/slurmd error: while mounting /var/spool/slurm/slurmd: mount source /var/spool/slurm/slurmd doesn't exist
FATAL:   container creation failed: mount hook function failure: mount /var/spool/slurm/slurmd->/var/spool/slurm/slurmd error: while mounting /var/spool/slurm/slurmd: mount source /var/spool/slurm/slurmd doesn't exist
FATAL:   container creation failed: mount hook function failure: mount /var/spool/slurm/slurmd->/var/spool/slurm/slurmd error: while mounting /var/spool/slurm/slurmd: mount source /var/spool/slurm/slurmd doesn't exist
FATAL:   container creation failed: mount hook function failure: mount /var/spool/slurm/slurmd->/var/spool/slurm/slurmd error: while mounting /var/spool/slurm/slurmd: mount source /var/spool/slurm/slurmd doesn't exist
FATAL:   container creation failed: mount hook function failure: mount /var/spool/slurm/slurmd->/var/spool/slurm/slurmd error: while mounting /var/spool/slurm/slurmd: mount source /var/spool/slurm/slurmd doesn't exist
srun: error: b0002: tasks 0-7: Exited with exit code 255
srun: error: b0009: tasks 56-63: Exited with exit code 255
srun: error: b0006: tasks 32-39: Exited with exit code 255
srun: error: b0008: tasks 48-55: Exited with exit code 255
srun: error: b0005: tasks 24-31: Exited with exit code 255
INFO:    Terminating squashfuse_ll after timeout
INFO:    Timeouts can be caused by a running background process
INFO:    Terminating squashfuse_ll after timeout
INFO:    Timeouts can be caused by a running background process
INFO:    Terminating squashfuse_ll after timeout
INFO:    Timeouts can be caused by a running background process
INFO:    Terminating squashfuse_ll after timeout
INFO:    Timeouts can be caused by a running background process
INFO:    Terminating squashfuse_ll after timeout
INFO:    Timeouts can be caused by a running background process
INFO:    Terminating squashfuse_ll after timeout
INFO:    Timeouts can be caused by a running background process
FATAL:   container creation failed: mount hook function failure: mount /var/spool/slurm/slurmd->/var/spool/slurm/slurmd error: while mounting /var/spool/slurm/slurmd: mount source /var/spool/slurm/slurmd doesn't exist
INFO:    Terminating squashfuse_ll after timeout
INFO:    Timeouts can be caused by a running background process
FATAL:   container creation failed: mount hook function failure: mount /var/spool/slurm/slurmd->/var/spool/slurm/slurmd error: while mounting /var/spool/slurm/slurmd: mount source /var/spool/slurm/slurmd doesn't exist
FATAL:   container creation failed: mount hook function failure: mount /var/spool/slurm/slurmd->/var/spool/slurm/slurmd error: while mounting /var/spool/slurm/slurmd: mount source /var/spool/slurm/slurmd doesn't exist
FATAL:   container creation failed: mount hook function failure: mount /var/spool/slurm/slurmd->/var/spool/slurm/slurmd error: while mounting /var/spool/slurm/slurmd: mount source /var/spool/slurm/slurmd doesn't exist
INFO:    Terminating squashfuse_ll after timeout
INFO:    Timeouts can be caused by a running background process
FATAL:   container creation failed: mount hook function failure: mount /var/spool/slurm/slurmd->/var/spool/slurm/slurmd error: while mounting /var/spool/slurm/slurmd: mount source /var/spool/slurm/slurmd doesn't exist
FATAL:   container creation failed: mount hook function failure: mount /var/spool/slurm/slurmd->/var/spool/slurm/slurmd error: while mounting /var/spool/slurm/slurmd: mount source /var/spool/slurm/slurmd doesn't exist
FATAL:   container creation failed: mount hook function failure: mount /var/spool/slurm/slurmd->/var/spool/slurm/slurmd error: while mounting /var/spool/slurm/slurmd: mount source /var/spool/slurm/slurmd doesn't exist
FATAL:   container creation failed: mount hook function failure: mount /var/spool/slurm/slurmd->/var/spool/slurm/slurmd error: while mounting /var/spool/slurm/slurmd: mount source /var/spool/slurm/slurmd doesn't exist
srun: error: b0003: tasks 8-15: Exited with exit code 255
[b0004:385610] PMIX ERROR: ERROR in file gds_ds12_lock_pthread.c at line 168
[b0004:385623] PMIX ERROR: ERROR in file gds_ds12_lock_pthread.c at line 168
[b0007:362004] PMIX ERROR: ERROR in file gds_ds12_lock_pthread.c at line 168
[b0007:362017] PMIX ERROR: ERROR in file gds_ds12_lock_pthread.c at line 168
[b0004:385636] PMIX ERROR: ERROR in file gds_ds12_lock_pthread.c at line 168
[b0004:385653] PMIX ERROR: ERROR in file gds_ds12_lock_pthread.c at line 168
[b0007:362031] PMIX ERROR: ERROR in file gds_ds12_lock_pthread.c at line 168
[b0004:385674] PMIX ERROR: ERROR in file gds_ds12_lock_pthread.c at line 168
[b0007:362055] PMIX ERROR: ERROR in file gds_ds12_lock_pthread.c at line 168
[b0004:385695] PMIX ERROR: ERROR in file gds_ds12_lock_pthread.c at line 168
[b0007:362073] PMIX ERROR: ERROR in file gds_ds12_lock_pthread.c at line 168
[b0004:385713] PMIX ERROR: ERROR in file gds_ds12_lock_pthread.c at line 168
[b0007:362088] PMIX ERROR: ERROR in file gds_ds12_lock_pthread.c at line 168
[b0007:362102] PMIX ERROR: ERROR in file gds_ds12_lock_pthread.c at line 168
[b0004:385734] PMIX ERROR: ERROR in file gds_ds12_lock_pthread.c at line 168
[b0007:362125] PMIX ERROR: ERROR in file gds_ds12_lock_pthread.c at line 168
[2026-05-18T08:29:58.801] error:  mpi/pmix_v3: pmixp_p2p_send: b0004 [2]: pmixp_utils.c:447: send failed, rc=2, exceeded the retry limit
[2026-05-18T08:29:58.801] error:  mpi/pmix_v3: _slurm_send: b0004 [2]: pmixp_server.c:1582: Cannot send message to /var/spool/slurmd/stepd.slurm.pmix.21915.0, size = 17361, hostlist:
(null)
[2026-05-18T08:29:58.906] error:  mpi/pmix_v3: pmixp_p2p_send: b0007 [5]: pmixp_utils.c:447: send failed, rc=2, exceeded the retry limit
[2026-05-18T08:29:58.906] error:  mpi/pmix_v3: _slurm_send: b0007 [5]: pmixp_server.c:1582: Cannot send message to /var/spool/slurmd/stepd.slurm.pmix.21915.0, size = 17361, hostlist:
(null)
[2026-05-18T08:34:28.526] error:  mpi/pmix_v3: pmixp_coll_ring_reset_if_to: b0007 [5]: pmixp_coll_ring.c:736: 0x14ca88042440: collective timeout seq=0
[2026-05-18T08:34:28.526] error:  mpi/pmix_v3: pmixp_coll_log: b0007 [5]: pmixp_coll.c:286: Dumping collective state
[2026-05-18T08:34:28.526] error:  mpi/pmix_v3: pmixp_coll_ring_log: b0007 [5]: pmixp_coll_ring.c:754: 0x14ca88042440: COLL_FENCE_RING state seq=0
[2026-05-18T08:34:28.526] error:  mpi/pmix_v3: pmixp_coll_ring_log: b0007 [5]: pmixp_coll_ring.c:757: my peerid: 5:b0007
[2026-05-18T08:34:28.526] error:  mpi/pmix_v3: pmixp_coll_ring_log: b0007 [5]: pmixp_coll_ring.c:764: neighbor id: next 6:b0008, prev 4:b0006
[2026-05-18T08:34:28.526] error:  mpi/pmix_v3: pmixp_coll_ring_log: b0007 [5]: pmixp_coll_ring.c:773: Context ptr=0x14ca880424b8, #0, in-use=0
[2026-05-18T08:34:28.526] error:  mpi/pmix_v3: pmixp_coll_ring_log: b0007 [5]: pmixp_coll_ring.c:773: Context ptr=0x14ca880424f0, #1, in-use=0
[2026-05-18T08:34:28.526] error:  mpi/pmix_v3: pmixp_coll_ring_log: b0007 [5]: pmixp_coll_ring.c:773: Context ptr=0x14ca88042528, #2, in-use=1
[2026-05-18T08:34:28.526] error:  mpi/pmix_v3: pmixp_coll_ring_log: b0007 [5]: pmixp_coll_ring.c:782: 	 seq=0 contribs: loc=1/prev=0/fwd=1
[2026-05-18T08:34:28.526] error:  mpi/pmix_v3: pmixp_coll_ring_log: b0007 [5]: pmixp_coll_ring.c:786: 	 neighbor contribs [8]:
[2026-05-18T08:34:28.526] error:  mpi/pmix_v3: pmixp_coll_ring_log: b0007 [5]: pmixp_coll_ring.c:819: 		 done contrib: -
[2026-05-18T08:34:28.526] error:  mpi/pmix_v3: pmixp_coll_ring_log: b0007 [5]: pmixp_coll_ring.c:821: 		 wait contrib: b[0002-0006,0008-0009]
[2026-05-18T08:34:28.526] error:  mpi/pmix_v3: pmixp_coll_ring_log: b0007 [5]: pmixp_coll_ring.c:823: 	 status=PMIXP_COLL_RING_PROGRESS
[2026-05-18T08:34:28.526] error:  mpi/pmix_v3: pmixp_coll_ring_log: b0007 [5]: pmixp_coll_ring.c:826: 	 buf (offset/size): 17263/33647
[2026-05-18T08:34:28.533] error:  mpi/pmix_v3: pmixp_coll_ring_reset_if_to: b0004 [2]: pmixp_coll_ring.c:736: 0x149ae80424b0: collective timeout seq=0
[2026-05-18T08:34:28.533] error:  mpi/pmix_v3: pmixp_coll_log: b0004 [2]: pmixp_coll.c:286: Dumping collective state
[2026-05-18T08:34:28.533] error:  mpi/pmix_v3: pmixp_coll_ring_log: b0004 [2]: pmixp_coll_ring.c:754: 0x149ae80424b0: COLL_FENCE_RING state seq=0
[2026-05-18T08:34:28.533] error:  mpi/pmix_v3: pmixp_coll_ring_log: b0004 [2]: pmixp_coll_ring.c:757: my peerid: 2:b0004
[2026-05-18T08:34:28.533] error:  mpi/pmix_v3: pmixp_coll_ring_log: b0004 [2]: pmixp_coll_ring.c:764: neighbor id: next 3:b0005, prev 1:b0003
[2026-05-18T08:34:28.533] error:  mpi/pmix_v3: pmixp_coll_ring_log: b0004 [2]: pmixp_coll_ring.c:773: Context ptr=0x149ae8042528, #0, in-use=0
[2026-05-18T08:34:28.533] error:  mpi/pmix_v3: pmixp_coll_ring_log: b0004 [2]: pmixp_coll_ring.c:773: Context ptr=0x149ae8042560, #1, in-use=0
[2026-05-18T08:34:28.533] error:  mpi/pmix_v3: pmixp_coll_ring_log: b0004 [2]: pmixp_coll_ring.c:773: Context ptr=0x149ae8042598, #2, in-use=1
[2026-05-18T08:34:28.533] error:  mpi/pmix_v3: pmixp_coll_ring_log: b0004 [2]: pmixp_coll_ring.c:782: 	 seq=0 contribs: loc=1/prev=0/fwd=1
[2026-05-18T08:34:28.533] error:  mpi/pmix_v3: pmixp_coll_ring_log: b0004 [2]: pmixp_coll_ring.c:786: 	 neighbor contribs [8]:
[2026-05-18T08:34:28.533] error:  mpi/pmix_v3: pmixp_coll_ring_log: b0004 [2]: pmixp_coll_ring.c:819: 		 done contrib: -
[2026-05-18T08:34:28.533] error:  mpi/pmix_v3: pmixp_coll_ring_log: b0004 [2]: pmixp_coll_ring.c:821: 		 wait contrib: b[0002-0003,0005-0009]
[2026-05-18T08:34:28.533] error:  mpi/pmix_v3: pmixp_coll_ring_log: b0004 [2]: pmixp_coll_ring.c:823: 	 status=PMIXP_COLL_RING_PROGRESS
[2026-05-18T08:34:28.533] error:  mpi/pmix_v3: pmixp_coll_ring_log: b0004 [2]: pmixp_coll_ring.c:826: 	 buf (offset/size): 17263/33647
[1779107668.953395] [b0007:362017:0]        mm_posix.c:238  UCX  ERROR   open(file_name=/proc/362073/fd/130 flags=0x0) failed: Permission denied
[1779107668.953723] [b0007:362102:0]        mm_posix.c:238  UCX  ERROR   open(file_name=/proc/362031/fd/130 flags=0x0) failed: Permission denied
[1779107668.954566] [b0007:362088:0]        mm_posix.c:238  UCX  ERROR   open(file_name=/proc/362125/fd/130 flags=0x0) failed: Permission denied
[1779107668.954659] [b0007:362073:0]        mm_posix.c:238  UCX  ERROR   open(file_name=/proc/362055/fd/130 flags=0x0) failed: Permission denied
[1779107668.956337] [b0004:385653:0]        mm_posix.c:238  UCX  ERROR   open(file_name=/proc/385610/fd/130 flags=0x0) failed: Permission denied
[1779107668.956457] [b0007:362031:0]        mm_posix.c:238  UCX  ERROR   open(file_name=/proc/362088/fd/130 flags=0x0) failed: Permission denied
[1779107668.956556] [b0007:362017:0]        mm_posix.c:238  UCX  ERROR   open(file_name=/proc/362073/fd/130 flags=0x0) failed: Permission denied
[1779107668.956564] [b0007:362055:0]        mm_posix.c:238  UCX  ERROR   open(file_name=/proc/362102/fd/130 flags=0x0) failed: Permission denied
[1779107668.956879] [b0007:362102:0]        mm_posix.c:238  UCX  ERROR   open(file_name=/proc/362031/fd/130 flags=0x0) failed: Permission denied
[1779107668.956883] [b0007:362004:0]        mm_posix.c:238  UCX  ERROR   open(file_name=/proc/362017/fd/130 flags=0x0) failed: Permission denied
[1779107668.957062] [b0007:362125:0]        mm_posix.c:238  UCX  ERROR   open(file_name=/proc/362004/fd/130 flags=0x0) failed: Permission denied
[1779107668.957264] [b0007:362017:0]        mm_posix.c:238  UCX  ERROR   open(file_name=/proc/362055/fd/130 flags=0x0) failed: Permission denied
[1779107668.957583] [b0007:362102:0]        mm_posix.c:238  UCX  ERROR   open(file_name=/proc/362088/fd/130 flags=0x0) failed: Permission denied
[1779107668.957855] [b0004:385636:0]        mm_posix.c:238  UCX  ERROR   open(file_name=/proc/385653/fd/130 flags=0x0) failed: Permission denied
[1779107668.958134] [b0007:362088:0]        mm_posix.c:238  UCX  ERROR   open(file_name=/proc/362125/fd/130 flags=0x0) failed: Permission denied
[1779107668.958224] [b0007:362073:0]        mm_posix.c:238  UCX  ERROR   open(file_name=/proc/362055/fd/130 flags=0x0) failed: Permission denied
[1779107668.958855] [b0007:362088:0]        mm_posix.c:238  UCX  ERROR   open(file_name=/proc/362004/fd/130 flags=0x0) failed: Permission denied
[1779107668.959008] [b0007:362073:0]        mm_posix.c:238  UCX  ERROR   open(file_name=/proc/362102/fd/130 flags=0x0) failed: Permission denied
[1779107668.959522] [b0004:385734:0]        mm_posix.c:238  UCX  ERROR   open(file_name=/proc/385674/fd/130 flags=0x0) failed: Permission denied
[1779107668.959688] [b0007:362031:0]        mm_posix.c:238  UCX  ERROR   open(file_name=/proc/362088/fd/130 flags=0x0) failed: Permission denied
[1779107668.959775] [b0007:362055:0]        mm_posix.c:238  UCX  ERROR   open(file_name=/proc/362102/fd/130 flags=0x0) failed: Permission denied
[1779107668.960060] [b0004:385653:0]        mm_posix.c:238  UCX  ERROR   open(file_name=/proc/385610/fd/130 flags=0x0) failed: Permission denied
[1779107668.960094] [b0007:362004:0]        mm_posix.c:238  UCX  ERROR   open(file_name=/proc/362017/fd/130 flags=0x0) failed: Permission denied
[1779107668.960398] [b0007:362031:0]        mm_posix.c:238  UCX  ERROR   open(file_name=/proc/362125/fd/130 flags=0x0) failed: Permission denied
[1779107668.960413] [b0004:385713:0]        mm_posix.c:238  UCX  ERROR   open(file_name=/proc/385636/fd/130 flags=0x0) failed: Permission denied
[1779107668.960474] [b0007:362055:0]        mm_posix.c:238  UCX  ERROR   open(file_name=/proc/362031/fd/130 flags=0x0) failed: Permission denied
[1779107668.960485] [b0007:362017:0]        mm_posix.c:238  UCX  ERROR   open(file_name=/proc/362055/fd/130 flags=0x0) failed: Permission denied
[1779107668.960533] [b0004:385674:0]        mm_posix.c:238  UCX  ERROR   open(file_name=/proc/385623/fd/130 flags=0x0) failed: Permission denied
[1779107668.960559] [b0007:362125:0]        mm_posix.c:238  UCX  ERROR   open(file_name=/proc/362004/fd/130 flags=0x0) failed: Permission denied
[1779107668.960762] [b0007:362102:0]        mm_posix.c:238  UCX  ERROR   open(file_name=/proc/362088/fd/130 flags=0x0) failed: Permission denied
[1779107668.960801] [b0007:362017:0]        mm_posix.c:238  UCX  ERROR   open(file_name=/proc/362102/fd/130 flags=0x0) failed: Permission denied
[1779107668.960818] [b0004:385653:0]        mm_posix.c:238  UCX  ERROR   open(file_name=/proc/385695/fd/130 flags=0x0) failed: Permission denied
[1779107668.960828] [b0007:362004:0]        mm_posix.c:238  UCX  ERROR   open(file_name=/proc/362073/fd/130 flags=0x0) failed: Permission denied
[1779107668.960840] [b0004:385623:0]        mm_posix.c:238  UCX  ERROR   open(file_name=/proc/385713/fd/130 flags=0x0) failed: Permission denied
[1779107668.961050] [b0007:362102:0]        mm_posix.c:238  UCX  ERROR   open(file_name=/proc/362125/fd/130 flags=0x0) failed: Permission denied
[1779107668.961277] [b0007:362125:0]        mm_posix.c:238  UCX  ERROR   open(file_name=/proc/362017/fd/130 flags=0x0) failed: Permission denied
[1779107668.961469] [b0004:385636:0]        mm_posix.c:238  UCX  ERROR   open(file_name=/proc/385653/fd/130 flags=0x0) failed: Permission denied
[1779107668.961601] [b0004:385610:0]        mm_posix.c:238  UCX  ERROR   open(file_name=/proc/385695/fd/130 flags=0x0) failed: Permission denied
[1779107668.962179] [b0004:385695:0]        mm_posix.c:238  UCX  ERROR   open(file_name=/proc/385734/fd/130 flags=0x0) failed: Permission denied
[1779107668.962206] [b0004:385636:0]        mm_posix.c:238  UCX  ERROR   open(file_name=/proc/385610/fd/130 flags=0x0) failed: Permission denied
[1779107668.962435] [b0007:362088:0]        mm_posix.c:238  UCX  ERROR   open(file_name=/proc/362004/fd/130 flags=0x0) failed: Permission denied
[1779107668.962576] [b0007:362073:0]        mm_posix.c:238  UCX  ERROR   open(file_name=/proc/362102/fd/130 flags=0x0) failed: Permission denied
[1779107668.962770] [b0007:362088:0]        mm_posix.c:238  UCX  ERROR   open(file_name=/proc/362017/fd/130 flags=0x0) failed: Permission denied
[1779107668.962934] [b0007:362073:0]        mm_posix.c:238  UCX  ERROR   open(file_name=/proc/362031/fd/130 flags=0x0) failed: Permission denied
[1779107668.963239] [b0004:385734:0]        mm_posix.c:238  UCX  ERROR   open(file_name=/proc/385674/fd/130 flags=0x0) failed: Permission denied
[1779107668.963645] [b0007:362031:0]        mm_posix.c:238  UCX  ERROR   open(file_name=/proc/362125/fd/130 flags=0x0) failed: Permission denied
[1779107668.963698] [b0007:362055:0]        mm_posix.c:238  UCX  ERROR   open(file_name=/proc/362031/fd/130 flags=0x0) failed: Permission denied
[1779107668.963983] [b0007:362031:0]        mm_posix.c:238  UCX  ERROR   open(file_name=/proc/362004/fd/130 flags=0x0) failed: Permission denied
[1779107668.963996] [b0004:385734:0]        mm_posix.c:238  UCX  ERROR   open(file_name=/proc/385623/fd/130 flags=0x0) failed: Permission denied
[1779107668.964004] [b0007:362055:0]        mm_posix.c:238  UCX  ERROR   open(file_name=/proc/362088/fd/130 flags=0x0) failed: Permission denied
[1779107668.964052] [b0007:362017:0]        mm_posix.c:238  UCX  ERROR   open(file_name=/proc/362102/fd/130 flags=0x0) failed: Permission denied
[1779107668.964081] [b0007:362004:0]        mm_posix.c:238  UCX  ERROR   open(file_name=/proc/362073/fd/130 flags=0x0) failed: Permission denied
[1779107668.964338] [b0007:362102:0]        mm_posix.c:238  UCX  ERROR   open(file_name=/proc/362125/fd/130 flags=0x0) failed: Permission denied
[1779107668.964362] [b0007:362017:0]        mm_posix.c:238  UCX  ERROR   open(file_name=/proc/362031/fd/130 flags=0x0) failed: Permission denied
[1779107668.964400] [b0007:362004:0]        mm_posix.c:238  UCX  ERROR   open(file_name=/proc/362055/fd/130 flags=0x0) failed: Permission denied
[1779107668.964386] [b0004:385713:0]        mm_posix.c:238  UCX  ERROR   open(file_name=/proc/385636/fd/130 flags=0x0) failed: Permission denied
[1779107668.964428] [b0004:385674:0]        mm_posix.c:238  UCX  ERROR   open(file_name=/proc/385623/fd/130 flags=0x0) failed: Permission denied
[1779107668.964550] [b0004:385653:0]        mm_posix.c:238  UCX  ERROR   open(file_name=/proc/385695/fd/130 flags=0x0) failed: Permission denied
[1779107668.964627] [b0007:362102:0]        mm_posix.c:238  UCX  ERROR   open(file_name=/proc/362004/fd/130 flags=0x0) failed: Permission denied
[1779107668.964847] [b0007:362125:0]        mm_posix.c:238  UCX  ERROR   open(file_name=/proc/362017/fd/130 flags=0x0) failed: Permission denied
[1779107668.964890] [b0004:385623:0]        mm_posix.c:238  UCX  ERROR   open(file_name=/proc/385713/fd/130 flags=0x0) failed: Permission denied
[1779107668.964900] [b0004:385653:0]        mm_posix.c:238  UCX  ERROR   open(file_name=/proc/385734/fd/130 flags=0x0) failed: Permission denied
[1779107668.965152] [b0004:385713:0]        mm_posix.c:238  UCX  ERROR   open(file_name=/proc/385653/fd/130 flags=0x0) failed: Permission denied
[1779107668.965180] [b0004:385674:0]        mm_posix.c:238  UCX  ERROR   open(file_name=/proc/385713/fd/130 flags=0x0) failed: Permission denied
[1779107668.965185] [b0007:362125:0]        mm_posix.c:238  UCX  ERROR   open(file_name=/proc/362073/fd/130 flags=0x0) failed: Permission denied
[1779107668.965702] [b0004:385623:0]        mm_posix.c:238  UCX  ERROR   open(file_name=/proc/385636/fd/130 flags=0x0) failed: Permission denied
[1779107668.965978] [b0004:385636:0]        mm_posix.c:238  UCX  ERROR   open(file_name=/proc/385610/fd/130 flags=0x0) failed: Permission denied
[1779107668.966331] [b0004:385636:0]        mm_posix.c:238  UCX  ERROR   open(file_name=/proc/385695/fd/130 flags=0x0) failed: Permission denied
[1779107668.966369] [b0007:362088:0]        mm_posix.c:238  UCX  ERROR   open(file_name=/proc/362017/fd/130 flags=0x0) failed: Permission denied
[1779107668.966573] [b0004:385610:0]        mm_posix.c:238  UCX  ERROR   open(file_name=/proc/385695/fd/130 flags=0x0) failed: Permission denied
[1779107668.966663] [b0007:362073:0]        mm_posix.c:238  UCX  ERROR   open(file_name=/proc/362031/fd/130 flags=0x0) failed: Permission denied
[1779107668.966697] [b0007:362088:0]        mm_posix.c:238  UCX  ERROR   open(file_name=/proc/362073/fd/130 flags=0x0) failed: Permission denied
[1779107668.967006] [b0007:362073:0]        mm_posix.c:238  UCX  ERROR   open(file_name=/proc/362088/fd/130 flags=0x0) failed: Permission denied
[1779107668.967213] [b0007:362055:0]        mm_posix.c:238  UCX  ERROR   open(file_name=/proc/362088/fd/130 flags=0x0) failed: Permission denied
[1779107668.967255] [b0007:362031:0]        mm_posix.c:238  UCX  ERROR   open(file_name=/proc/362004/fd/130 flags=0x0) failed: Permission denied
[1779107668.967414] [b0004:385695:0]        mm_posix.c:238  UCX  ERROR   open(file_name=/proc/385734/fd/130 flags=0x0) failed: Permission denied
[1779107668.967442] [b0004:385610:0]        mm_posix.c:238  UCX  ERROR   open(file_name=/proc/385734/fd/130 flags=0x0) failed: Permission denied
[1779107668.967527] [b0007:362055:0]        mm_posix.c:238  UCX  ERROR   open(file_name=/proc/362125/fd/130 flags=0x0) failed: Permission denied
[1779107668.967568] [b0007:362031:0]        mm_posix.c:238  UCX  ERROR   open(file_name=/proc/362017/fd/130 flags=0x0) failed: Permission denied
[1779107668.967622] [b0007:362004:0]        mm_posix.c:238  UCX  ERROR   open(file_name=/proc/362055/fd/130 flags=0x0) failed: Permission denied
[1779107668.967784] [b0004:385734:0]        mm_posix.c:238  UCX  ERROR   open(file_name=/proc/385623/fd/130 flags=0x0) failed: Permission denied
[1779107668.967912] [b0007:362004:0]        mm_posix.c:238  UCX  ERROR   open(file_name=/proc/362102/fd/130 flags=0x0) failed: Permission denied
[1779107668.968146] [b0007:362102:0]        mm_posix.c:238  UCX  ERROR   open(file_name=/proc/362004/fd/130 flags=0x0) failed: Permission denied
[1779107668.968159] [b0004:385734:0]        mm_posix.c:238  UCX  ERROR   open(file_name=/proc/385713/fd/130 flags=0x0) failed: Permission denied
[1779107668.968262] [b0004:385695:0]        mm_posix.c:238  UCX  ERROR   open(file_name=/proc/385674/fd/130 flags=0x0) failed: Permission denied
[1779107668.968441] [b0007:362017:0]        mm_posix.c:238  UCX  ERROR   open(file_name=/proc/362031/fd/130 flags=0x0) failed: Permission denied
[1779107668.968443] [b0007:362102:0]        mm_posix.c:238  UCX  ERROR   open(file_name=/proc/362017/fd/130 flags=0x0) failed: Permission denied
[1779107668.968679] [b0004:385653:0]        mm_posix.c:238  UCX  ERROR   open(file_name=/proc/385734/fd/130 flags=0x0) failed: Permission denied
[1779107668.968745] [b0007:362017:0]        mm_posix.c:238  UCX  ERROR   open(file_name=/proc/362088/fd/130 flags=0x0) failed: Permission denied
[1779107668.968766] [b0007:362125:0]        mm_posix.c:238  UCX  ERROR   open(file_name=/proc/362073/fd/130 flags=0x0) failed: Permission denied
[1779107668.969047] [b0004:385653:0]        mm_posix.c:238  UCX  ERROR   open(file_name=/proc/385674/fd/130 flags=0x0) failed: Permission denied
[1779107668.969089] [b0004:385674:0]        mm_posix.c:238  UCX  ERROR   open(file_name=/proc/385713/fd/130 flags=0x0) failed: Permission denied
[1779107668.969094] [b0007:362125:0]        mm_posix.c:238  UCX  ERROR   open(file_name=/proc/362055/fd/130 flags=0x0) failed: Permission denied
[1779107668.969170] [b0004:385713:0]        mm_posix.c:238  UCX  ERROR   open(file_name=/proc/385653/fd/130 flags=0x0) failed: Permission denied
[1779107668.969448] [b0004:385674:0]        mm_posix.c:238  UCX  ERROR   open(file_name=/proc/385636/fd/130 flags=0x0) failed: Permission denied
[1779107668.969528] [b0004:385713:0]        mm_posix.c:238  UCX  ERROR   open(file_name=/proc/385610/fd/130 flags=0x0) failed: Permission denied
[1779107668.969766] [b0004:385623:0]        mm_posix.c:238  UCX  ERROR   open(file_name=/proc/385636/fd/130 flags=0x0) failed: Permission denied
[1779107668.970165] [b0004:385636:0]        mm_posix.c:238  UCX  ERROR   open(file_name=/proc/385695/fd/130 flags=0x0) failed: Permission denied
[1779107668.970167] [b0004:385623:0]        mm_posix.c:238  UCX  ERROR   open(file_name=/proc/385653/fd/130 flags=0x0) failed: Permission denied
[1779107668.970278] [b0007:362088:0]        mm_posix.c:238  UCX  ERROR   open(file_name=/proc/362073/fd/130 flags=0x0) failed: Permission denied
[1779107668.970525] [b0004:385636:0]        mm_posix.c:238  UCX  ERROR   open(file_name=/proc/385734/fd/130 flags=0x0) failed: Permission denied
[1779107668.970599] [b0007:362088:0]        mm_posix.c:238  UCX  ERROR   open(file_name=/proc/362055/fd/130 flags=0x0) failed: Permission denied
[1779107668.970619] [b0007:362073:0]        mm_posix.c:238  UCX  ERROR   open(file_name=/proc/362088/fd/130 flags=0x0) failed: Permission denied
[1779107668.970755] [b0007:362055:0]        mm_posix.c:238  UCX  ERROR   open(file_name=/proc/362125/fd/130 flags=0x0) failed: Permission denied
[1779107668.970820] [b0007:362031:0]        mm_posix.c:238  UCX  ERROR   open(file_name=/proc/362017/fd/130 flags=0x0) failed: Permission denied
[1779107668.970972] [b0007:362073:0]        mm_posix.c:238  UCX  ERROR   open(file_name=/proc/362125/fd/130 flags=0x0) failed: Permission denied
[1779107668.971052] [b0007:362055:0]        mm_posix.c:238  UCX  ERROR   open(file_name=/proc/362004/fd/130 flags=0x0) failed: Permission denied
[1779107668.971131] [b0007:362031:0]        mm_posix.c:238  UCX  ERROR   open(file_name=/proc/362073/fd/130 flags=0x0) failed: Permission denied
[1779107668.971143] [b0007:362004:0]        mm_posix.c:238  UCX  ERROR   open(file_name=/proc/362102/fd/130 flags=0x0) failed: Permission denied
[1779107668.971443] [b0007:362004:0]        mm_posix.c:238  UCX  ERROR   open(file_name=/proc/362031/fd/130 flags=0x0) failed: Permission denied
[1779107668.971668] [b0007:362102:0]        mm_posix.c:238  UCX  ERROR   open(file_name=/proc/362017/fd/130 flags=0x0) failed: Permission denied
[1779107668.971966] [b0007:362102:0]        mm_posix.c:238  UCX  ERROR   open(file_name=/proc/362073/fd/130 flags=0x0) failed: Permission denied
[1779107668.972015] [b0007:362017:0]        mm_posix.c:238  UCX  ERROR   open(file_name=/proc/362088/fd/130 flags=0x0) failed: Permission denied
[1779107668.972072] [b0004:385734:0]        mm_posix.c:238  UCX  ERROR   open(file_name=/proc/385713/fd/130 flags=0x0) failed: Permission denied
[1779107668.972217] [b0004:385610:0]        mm_posix.c:238  UCX  ERROR   open(file_name=/proc/385734/fd/130 flags=0x0) failed: Permission denied
[1779107668.972347] [b0007:362017:0]        mm_posix.c:238  UCX  ERROR   open(file_name=/proc/362125/fd/130 flags=0x0) failed: Permission denied
[1779107668.972430] [b0004:385734:0]        mm_posix.c:238  UCX  ERROR   open(file_name=/proc/385636/fd/130 flags=0x0) failed: Permission denied
[1779107668.972640] [b0004:385610:0]        mm_posix.c:238  UCX  ERROR   open(file_name=/proc/385674/fd/130 flags=0x0) failed: Permission denied
[1779107668.972631] [b0007:362125:0]        mm_posix.c:238  UCX  ERROR   open(file_name=/proc/362055/fd/130 flags=0x0) failed: Permission denied
[1779107668.972992] [b0007:362125:0]        mm_posix.c:238  UCX  ERROR   open(file_name=/proc/362102/fd/130 flags=0x0) failed: Permission denied
[1779107668.973295] [b0004:385653:0]        mm_posix.c:238  UCX  ERROR   open(file_name=/proc/385674/fd/130 flags=0x0) failed: Permission denied
[1779107668.973401] [b0004:385674:0]        mm_posix.c:238  UCX  ERROR   open(file_name=/proc/385636/fd/130 flags=0x0) failed: Permission denied
[1779107668.973553] [b0004:385695:0]        mm_posix.c:238  UCX  ERROR   open(file_name=/proc/385674/fd/130 flags=0x0) failed: Permission denied
[1779107668.973586] [b0004:385713:0]        mm_posix.c:238  UCX  ERROR   open(file_name=/proc/385610/fd/130 flags=0x0) failed: Permission denied
[1779107668.973629] [b0004:385653:0]        mm_posix.c:238  UCX  ERROR   open(file_name=/proc/385623/fd/130 flags=0x0) failed: Permission denied
[1779107668.973743] [b0004:385674:0]        mm_posix.c:238  UCX  ERROR   open(file_name=/proc/385653/fd/130 flags=0x0) failed: Permission denied
[1779107668.973939] [b0004:385713:0]        mm_posix.c:238  UCX  ERROR   open(file_name=/proc/385695/fd/130 flags=0x0) failed: Permission denied
[1779107668.974033] [b0004:385695:0]        mm_posix.c:238  UCX  ERROR   open(file_name=/proc/385623/fd/130 flags=0x0) failed: Permission denied
[1779107668.974265] [b0004:385623:0]        mm_posix.c:238  UCX  ERROR   open(file_name=/proc/385653/fd/130 flags=0x0) failed: Permission denied
[1779107668.974313] [b0004:385636:0]        mm_posix.c:238  UCX  ERROR   open(file_name=/proc/385734/fd/130 flags=0x0) failed: Permission denied
[1779107668.974637] [b0004:385623:0]        mm_posix.c:238  UCX  ERROR   open(file_name=/proc/385610/fd/130 flags=0x0) failed: Permission denied
[1779107668.974647] [b0004:385636:0]        mm_posix.c:238  UCX  ERROR   open(file_name=/proc/385674/fd/130 flags=0x0) failed: Permission denied
[1779107668.975001] [b0007:362088:0]        mm_posix.c:238  UCX  ERROR   open(file_name=/proc/362055/fd/130 flags=0x0) failed: Permission denied
[1779107668.975329] [b0007:362088:0]        mm_posix.c:238  UCX  ERROR   open(file_name=/proc/362102/fd/130 flags=0x0) failed: Permission denied
[1779107668.975365] [b0007:362017:0]        mm_posix.c:238  UCX  ERROR   open(file_name=/proc/362125/fd/130 flags=0x0) failed: Permission denied
[1779107668.975632] [b0007:362004:0]        mm_posix.c:238  UCX  ERROR   open(file_name=/proc/362031/fd/130 flags=0x0) failed: Permission denied
[1779107668.975649] [b0007:362017:0]        mm_posix.c:238  UCX  ERROR   open(file_name=/proc/362004/fd/130 flags=0x0) failed: Permission denied
[1779107668.975792] [b0007:362031:0]        mm_posix.c:238  UCX  ERROR   open(file_name=/proc/362073/fd/130 flags=0x0) failed: Permission denied
[1779107668.975837] [b0007:362055:0]        mm_posix.c:238  UCX  ERROR   open(file_name=/proc/362004/fd/130 flags=0x0) failed: Permission denied
[1779107668.975854] [b0007:362073:0]        mm_posix.c:238  UCX  ERROR   open(file_name=/proc/362125/fd/130 flags=0x0) failed: Permission denied
[1779107668.975929] [b0007:362004:0]        mm_posix.c:238  UCX  ERROR   open(file_name=/proc/362088/fd/130 flags=0x0) failed: Permission denied
[1779107668.976112] [b0007:362031:0]        mm_posix.c:238  UCX  ERROR   open(file_name=/proc/362055/fd/130 flags=0x0) failed: Permission denied
[1779107668.976146] [b0007:362055:0]        mm_posix.c:238  UCX  ERROR   open(file_name=/proc/362017/fd/130 flags=0x0) failed: Permission denied
[1779107668.976202] [b0007:362073:0]        mm_posix.c:238  UCX  ERROR   open(file_name=/proc/362004/fd/130 flags=0x0) failed: Permission denied
[1779107668.976244] [b0004:385734:0]        mm_posix.c:238  UCX  ERROR   open(file_name=/proc/385636/fd/130 flags=0x0) failed: Permission denied
[1779107668.976493] [b0007:362102:0]        mm_posix.c:238  UCX  ERROR   open(file_name=/proc/362073/fd/130 flags=0x0) failed: Permission denied
[1779107668.976636] [b0004:385734:0]        mm_posix.c:238  UCX  ERROR   open(file_name=/proc/385653/fd/130 flags=0x0) failed: Permission denied
[1779107668.976800] [b0007:362102:0]        mm_posix.c:238  UCX  ERROR   open(file_name=/proc/362055/fd/130 flags=0x0) failed: Permission denied
[1779107668.977225] [b0007:362125:0]        mm_posix.c:238  UCX  ERROR   open(file_name=/proc/362102/fd/130 flags=0x0) failed: Permission denied
[1779107668.978436] [b0007:362125:0]        mm_posix.c:238  UCX  ERROR   open(file_name=/proc/362031/fd/130 flags=0x0) failed: Permission denied
[1779107668.978443] [b0004:385674:0]        mm_posix.c:238  UCX  ERROR   open(file_name=/proc/385653/fd/130 flags=0x0) failed: Permission denied
[1779107668.978786] [b0004:385674:0]        mm_posix.c:238  UCX  ERROR   open(file_name=/proc/385610/fd/130 flags=0x0) failed: Permission denied
[1779107668.978826] [b0004:385653:0]        mm_posix.c:238  UCX  ERROR   open(file_name=/proc/385623/fd/130 flags=0x0) failed: Permission denied
[1779107668.978888] [b0004:385610:0]        mm_posix.c:238  UCX  ERROR   open(file_name=/proc/385674/fd/130 flags=0x0) failed: Permission denied
[1779107668.979020] [b0004:385695:0]        mm_posix.c:238  UCX  ERROR   open(file_name=/proc/385623/fd/130 flags=0x0) failed: Permission denied
[1779107668.979051] [b0004:385713:0]        mm_posix.c:238  UCX  ERROR   open(file_name=/proc/385695/fd/130 flags=0x0) failed: Permission denied
[1779107668.979078] [b0007:362055:0]        mm_posix.c:238  UCX  ERROR   open(file_name=/proc/362017/fd/130 flags=0x0) failed: Permission denied
[1779107668.979185] [b0004:385653:0]        mm_posix.c:238  UCX  ERROR   open(file_name=/proc/385713/fd/130 flags=0x0) failed: Permission denied
[1779107668.979266] [b0004:385610:0]        mm_posix.c:238  UCX  ERROR   open(file_name=/proc/385623/fd/130 flags=0x0) failed: Permission denied
[1779107668.979410] [b0004:385713:0]        mm_posix.c:238  UCX  ERROR   open(file_name=/proc/385734/fd/130 flags=0x0) failed: Permission denied
[1779107668.979436] [b0004:385695:0]        mm_posix.c:238  UCX  ERROR   open(file_name=/proc/385713/fd/130 flags=0x0) failed: Permission denied
[1779107668.979557] [b0007:362088:0]        mm_posix.c:238  UCX  ERROR   open(file_name=/proc/362102/fd/130 flags=0x0) failed: Permission denied
[1779107668.979895] [b0007:362088:0]        mm_posix.c:238  UCX  ERROR   open(file_name=/proc/362031/fd/130 flags=0x0) failed: Permission denied
[1779107668.980050] [b0004:385623:0]        mm_posix.c:238  UCX  ERROR   open(file_name=/proc/385610/fd/130 flags=0x0) failed: Permission denied
[1779107668.980404] [b0004:385636:0]        mm_posix.c:238  UCX  ERROR   open(file_name=/proc/385674/fd/130 flags=0x0) failed: Permission denied
[1779107668.980447] [b0004:385623:0]        mm_posix.c:238  UCX  ERROR   open(file_name=/proc/385695/fd/130 flags=0x0) failed: Permission denied
[1779107668.980604] [b0007:362031:0]        mm_posix.c:238  UCX  ERROR   open(file_name=/proc/362055/fd/130 flags=0x0) failed: Permission denied
[1779107668.980719] [b0007:362004:0]        mm_posix.c:238  UCX  ERROR   open(file_name=/proc/362088/fd/130 flags=0x0) failed: Permission denied
[1779107668.980906] [b0007:362031:0]        mm_posix.c:238  UCX  ERROR   open(file_name=/proc/362102/fd/130 flags=0x0) failed: Permission denied
[1779107668.981019] [b0007:362004:0]        mm_posix.c:238  UCX  ERROR   open(file_name=/proc/362125/fd/130 flags=0x0) failed: Permission denied
[1779107668.981099] [b0007:362073:0]        mm_posix.c:238  UCX  ERROR   open(file_name=/proc/362004/fd/130 flags=0x0) failed: Permission denied
[1779107668.981125] [b0007:362055:0]        mm_posix.c:238  UCX  ERROR   open(file_name=/proc/362073/fd/130 flags=0x0) failed: Permission denied
[1779107668.981462] [b0007:362017:0]        mm_posix.c:238  UCX  ERROR   open(file_name=/proc/362004/fd/130 flags=0x0) failed: Permission denied
[1779107668.981476] [b0007:362073:0]        mm_posix.c:238  UCX  ERROR   open(file_name=/proc/362017/fd/130 flags=0x0) failed: Permission denied
[1779107668.981522] [b0007:362102:0]        mm_posix.c:238  UCX  ERROR   open(file_name=/proc/362055/fd/130 flags=0x0) failed: Permission denied
[1779107668.982031] [b0007:362125:0]        mm_posix.c:238  UCX  ERROR   open(file_name=/proc/362031/fd/130 flags=0x0) failed: Permission denied
[1779107668.982364] [b0007:362125:0]        mm_posix.c:238  UCX  ERROR   open(file_name=/proc/362088/fd/130 flags=0x0) failed: Permission denied
[1779107668.982674] [b0004:385734:0]        mm_posix.c:238  UCX  ERROR   open(file_name=/proc/385653/fd/130 flags=0x0) failed: Permission denied
[1779107668.982887] [b0004:385636:0]        mm_posix.c:238  UCX  ERROR   open(file_name=/proc/385623/fd/130 flags=0x0) failed: Permission denied
[1779107668.983051] [b0004:385734:0]        mm_posix.c:238  UCX  ERROR   open(file_name=/proc/385610/fd/130 flags=0x0) failed: Permission denied
[1779107668.983149] [b0004:385674:0]        mm_posix.c:238  UCX  ERROR   open(file_name=/proc/385610/fd/130 flags=0x0) failed: Permission denied
[1779107668.983559] [b0004:385674:0]        mm_posix.c:238  UCX  ERROR   open(file_name=/proc/385695/fd/130 flags=0x0) failed: Permission denied
[1779107668.983932] [b0004:385653:0]        mm_posix.c:238  UCX  ERROR   open(file_name=/proc/385713/fd/130 flags=0x0) failed: Permission denied
[1779107668.984031] [b0007:362088:0]        mm_posix.c:238  UCX  ERROR   open(file_name=/proc/362031/fd/130 flags=0x0) failed: Permission denied
[1779107668.984052] [b0007:362031:0]        mm_posix.c:238  UCX  ERROR   open(file_name=/proc/362102/fd/130 flags=0x0) failed: Permission denied
[1779107668.984220] [b0007:362055:0]        mm_posix.c:238  UCX  ERROR   open(file_name=/proc/362073/fd/130 flags=0x0) failed: Permission denied
[1779107668.984277] [b0004:385653:0]        mm_posix.c:238  UCX  ERROR   open(file_name=/proc/385636/fd/130 flags=0x0) failed: Permission denied
[1779107668.984561] [b0004:385695:0]        mm_posix.c:238  UCX  ERROR   open(file_name=/proc/385713/fd/130 flags=0x0) failed: Permission denied
[1779107668.984987] [b0004:385610:0]        mm_posix.c:238  UCX  ERROR   open(file_name=/proc/385623/fd/130 flags=0x0) failed: Permission denied
[1779107668.985019] [b0004:385695:0]        mm_posix.c:238  UCX  ERROR   open(file_name=/proc/385636/fd/130 flags=0x0) failed: Permission denied
[1779107668.985381] [b0004:385713:0]        mm_posix.c:238  UCX  ERROR   open(file_name=/proc/385734/fd/130 flags=0x0) failed: Permission denied
[1779107668.985431] [b0004:385610:0]        mm_posix.c:238  UCX  ERROR   open(file_name=/proc/385713/fd/130 flags=0x0) failed: Permission denied
[1779107668.985553] [b0007:362004:0]        mm_posix.c:238  UCX  ERROR   open(file_name=/proc/362125/fd/130 flags=0x0) failed: Permission denied
[1779107668.985771] [b0007:362073:0]        mm_posix.c:238  UCX  ERROR   open(file_name=/proc/362017/fd/130 flags=0x0) failed: Permission denied
[1779107668.985764] [b0004:385713:0]        mm_posix.c:238  UCX  ERROR   open(file_name=/proc/385674/fd/130 flags=0x0) failed: Permission denied
[1779107668.985957] [b0007:362125:0]        mm_posix.c:238  UCX  ERROR   open(file_name=/proc/362088/fd/130 flags=0x0) failed: Permission denied
[1779107668.986479] [b0004:385623:0]        mm_posix.c:238  UCX  ERROR   open(file_name=/proc/385695/fd/130 flags=0x0) failed: Permission denied
[1779107668.986650] [b0004:385636:0]        mm_posix.c:238  UCX  ERROR   open(file_name=/proc/385623/fd/130 flags=0x0) failed: Permission denied
[1779107668.986888] [b0004:385623:0]        mm_posix.c:238  UCX  ERROR   open(file_name=/proc/385734/fd/130 flags=0x0) failed: Permission denied
[1779107668.986962] [b0004:385734:0]        mm_posix.c:238  UCX  ERROR   open(file_name=/proc/385610/fd/130 flags=0x0) failed: Permission denied
[1779107668.986993] [b0004:385636:0]        mm_posix.c:238  UCX  ERROR   open(file_name=/proc/385713/fd/130 flags=0x0) failed: Permission denied
[1779107668.987321] [b0004:385734:0]        mm_posix.c:238  UCX  ERROR   open(file_name=/proc/385695/fd/130 flags=0x0) failed: Permission denied
[1779107668.987517] [b0004:385674:0]        mm_posix.c:238  UCX  ERROR   open(file_name=/proc/385695/fd/130 flags=0x0) failed: Permission denied
[1779107668.987901] [b0004:385674:0]        mm_posix.c:238  UCX  ERROR   open(file_name=/proc/385734/fd/130 flags=0x0) failed: Permission denied
[1779107668.988013] [b0004:385653:0]        mm_posix.c:238  UCX  ERROR   open(file_name=/proc/385636/fd/130 flags=0x0) failed: Permission denied
[1779107668.990365] [b0004:385695:0]        mm_posix.c:238  UCX  ERROR   open(file_name=/proc/385636/fd/130 flags=0x0) failed: Permission denied
[1779107668.990794] [b0004:385695:0]        mm_posix.c:238  UCX  ERROR   open(file_name=/proc/385653/fd/130 flags=0x0) failed: Permission denied
[1779107668.991222] [b0004:385610:0]        mm_posix.c:238  UCX  ERROR   open(file_name=/proc/385713/fd/130 flags=0x0) failed: Permission denied
[1779107668.991594] [b0004:385713:0]        mm_posix.c:238  UCX  ERROR   open(file_name=/proc/385674/fd/130 flags=0x0) failed: Permission denied
[1779107668.991636] [b0004:385610:0]        mm_posix.c:238  UCX  ERROR   open(file_name=/proc/385636/fd/130 flags=0x0) failed: Permission denied
[1779107668.991953] [b0004:385713:0]        mm_posix.c:238  UCX  ERROR   open(file_name=/proc/385623/fd/130 flags=0x0) failed: Permission denied
[1779107668.992018] [b0004:385623:0]        mm_posix.c:238  UCX  ERROR   open(file_name=/proc/385734/fd/130 flags=0x0) failed: Permission denied
[1779107668.992262] [b0004:385636:0]        mm_posix.c:238  UCX  ERROR   open(file_name=/proc/385713/fd/130 flags=0x0) failed: Permission denied
[1779107668.992309] [b0004:385734:0]        mm_posix.c:238  UCX  ERROR   open(file_name=/proc/385695/fd/130 flags=0x0) failed: Permission denied
[1779107668.992333] [b0004:385674:0]        mm_posix.c:238  UCX  ERROR   open(file_name=/proc/385734/fd/130 flags=0x0) failed: Permission denied
[1779107668.992387] [b0004:385623:0]        mm_posix.c:238  UCX  ERROR   open(file_name=/proc/385674/fd/130 flags=0x0) failed: Permission denied
[1779107668.995430] [b0004:385695:0]        mm_posix.c:238  UCX  ERROR   open(file_name=/proc/385653/fd/130 flags=0x0) failed: Permission denied
[1779107668.995537] [b0004:385713:0]        mm_posix.c:238  UCX  ERROR   open(file_name=/proc/385623/fd/130 flags=0x0) failed: Permission denied
[1779107668.995787] [b0004:385695:0]        mm_posix.c:238  UCX  ERROR   open(file_name=/proc/385610/fd/130 flags=0x0) failed: Permission denied
[1779107668.996038] [b0004:385623:0]        mm_posix.c:238  UCX  ERROR   open(file_name=/proc/385674/fd/130 flags=0x0) failed: Permission denied
[1779107668.996142] [b0004:385610:0]        mm_posix.c:238  UCX  ERROR   open(file_name=/proc/385636/fd/130 flags=0x0) failed: Permission denied
[1779107668.996491] [b0004:385610:0]        mm_posix.c:238  UCX  ERROR   open(file_name=/proc/385653/fd/130 flags=0x0) failed: Permission denied
[1779107668.999916] [b0004:385695:0]        mm_posix.c:238  UCX  ERROR   open(file_name=/proc/385610/fd/130 flags=0x0) failed: Permission denied
[1779107669.000535] [b0004:385610:0]        mm_posix.c:238  UCX  ERROR   open(file_name=/proc/385653/fd/130 flags=0x0) failed: Permission denied
[b0004:385623] pml_ucx.c:178  Error: Failed to receive UCX worker address: Not found (-13)
[b0004:385623] pml_ucx.c:482  Error: Failed to resolve UCX endpoint for rank 24
[b0004:385623:0:385623] Caught signal 11 (Segmentation fault: address not mapped to object at address 0x60)
[b0007:362125] pml_ucx.c:178  Error: Failed to receive UCX worker address: Not found (-13)
[b0007:362125] pml_ucx.c:482  Error: Failed to resolve UCX endpoint for rank 48
[b0007:362125:0:362125] Caught signal 11 (Segmentation fault: address not mapped to object at address 0x60)
==== backtrace (tid: 385623) ====
 0  /opt/hpcx/ompi/lib/openmpi/../../../ucx/lib/libucs.so.0(ucs_handle_error+0x2e4) [0x7f6fb22b67b4]
 1  /opt/hpcx/ompi/lib/openmpi/../../../ucx/lib/libucs.so.0(+0x379aa) [0x7f6fb22b69aa]
 2  /opt/hpcx/ompi/lib/openmpi/../../../ucx/lib/libucs.so.0(+0x37be8) [0x7f6fb22b6be8]
 3  /opt/hpcx/ompi/lib/libmpi.so.40(ompi_request_default_test_all+0x48) [0x7f6fea631a28]
 4  /opt/hpcx/ompi/lib/openmpi/mca_coll_ucc.so(+0x39cc) [0x7f6fb001d9cc]
 5  /opt/hpcx/ompi/lib/openmpi/../../../ucc/lib/libucc.so.1(ucc_core_addr_exchange+0x3c) [0x7f6d96bcfbcc]
 6  /opt/hpcx/ompi/lib/openmpi/../../../ucc/lib/libucc.so.1(ucc_context_create_proc_info+0x811) [0x7f6d96bd07f1]
 7  /opt/hpcx/ompi/lib/openmpi/mca_coll_ucc.so(+0x3cff) [0x7f6fb001dcff]
 8  /opt/hpcx/ompi/lib/openmpi/mca_coll_ucc.so(mca_coll_ucc_comm_query+0x6f) [0x7f6fb001f91f]
 9  /opt/hpcx/ompi/lib/libmpi.so.40(+0x85e8c) [0x7f6fea663e8c]
10  /opt/hpcx/ompi/lib/libmpi.so.40(mca_coll_base_comm_select+0x76) [0x7f6fea664486]
11  /opt/hpcx/ompi/lib/libmpi.so.40(ompi_mpi_init+0xee3) [0x7f6fea6b16a3]
12  /opt/hpcx/ompi/lib/libmpi.so.40(MPI_Init+0x71) [0x7f6fea654c31]
13  /workspace/hpl-linux-x86_64/xhpl() [0x45c9f9]
14  /lib/x86_64-linux-gnu/libc.so.6(+0x2a1ca) [0x7f6fb40181ca]
15  /lib/x86_64-linux-gnu/libc.so.6(__libc_start_main+0x8b) [0x7f6fb401828b]
16  /workspace/hpl-linux-x86_64/xhpl() [0x45edfe]
=================================
[b0004:385623] *** Process received signal ***
[b0004:385623] Signal: Segmentation fault (11)
[b0004:385623] Signal code:  (-6)
[b0004:385623] Failing at address: 0x27190005e257
[b0004:385623] [ 0] /lib/x86_64-linux-gnu/libc.so.6(+0x45330)[0x7f6fb4033330]
[b0004:385623] [ 1] /opt/hpcx/ompi/lib/libmpi.so.40(ompi_request_default_test_all+0x48)[0x7f6fea631a28]
[b0004:385623] [ 2] /opt/hpcx/ompi/lib/openmpi/mca_coll_ucc.so(+0x39cc)[0x7f6fb001d9cc]
[b0004:385623] [ 3] /opt/hpcx/ompi/lib/openmpi/../../../ucc/lib/libucc.so.1(ucc_core_addr_exchange+0x3c)[0x7f6d96bcfbcc]
[b0004:385623] [ 4] /opt/hpcx/ompi/lib/openmpi/../../../ucc/lib/libucc.so.1(ucc_context_create_proc_info+0x811)[0x7f6d96bd07f1]
[b0004:385623] [ 5] /opt/hpcx/ompi/lib/openmpi/mca_coll_ucc.so(+0x3cff)[0x7f6fb001dcff]
[b0004:385623] [ 6] /opt/hpcx/ompi/lib/openmpi/mca_coll_ucc.so(mca_coll_ucc_comm_query+0x6f)[0x7f6fb001f91f]
[b0004:385623] [ 7] /opt/hpcx/ompi/lib/libmpi.so.40(+0x85e8c)[0x7f6fea663e8c]
[b0004:385623] [ 8] /opt/hpcx/ompi/lib/libmpi.so.40(mca_coll_base_comm_select+0x76)[0x7f6fea664486]
[b0004:385623] [ 9] /opt/hpcx/ompi/lib/libmpi.so.40(ompi_mpi_init+0xee3)[0x7f6fea6b16a3]
[b0004:385623] [10] /opt/hpcx/ompi/lib/libmpi.so.40(MPI_Init+0x71)[0x7f6fea654c31]
[b0004:385623] [11] /workspace/hpl-linux-x86_64/xhpl[0x45c9f9]
[b0004:385623] [12] /lib/x86_64-linux-gnu/libc.so.6(+0x2a1ca)[0x7f6fb40181ca]
[b0004:385623] [13] /lib/x86_64-linux-gnu/libc.so.6(__libc_start_main+0x8b)[0x7f6fb401828b]
[b0004:385623] [14] /workspace/hpl-linux-x86_64/xhpl[0x45edfe]
[b0004:385623] *** End of error message ***
==== backtrace (tid: 362125) ====
 0  /opt/hpcx/ompi/lib/openmpi/../../../ucx/lib/libucs.so.0(ucs_handle_error+0x2e4) [0x7f43fe8827b4]
 1  /opt/hpcx/ompi/lib/openmpi/../../../ucx/lib/libucs.so.0(+0x379aa) [0x7f43fe8829aa]
 2  /opt/hpcx/ompi/lib/openmpi/../../../ucx/lib/libucs.so.0(+0x37be8) [0x7f43fe882be8]
 3  /opt/hpcx/ompi/lib/libmpi.so.40(ompi_request_default_test_all+0x48) [0x7f440ebaca28]
 4  /opt/hpcx/ompi/lib/openmpi/mca_coll_ucc.so(+0x39cc) [0x7f41e32269cc]
 5  /opt/hpcx/ompi/lib/openmpi/../../../ucc/lib/libucc.so.1(ucc_core_addr_exchange+0x3c) [0x7f41e31f2bcc]
 6  /opt/hpcx/ompi/lib/openmpi/../../../ucc/lib/libucc.so.1(ucc_context_create_proc_info+0x811) [0x7f41e31f37f1]
 7  /opt/hpcx/ompi/lib/openmpi/mca_coll_ucc.so(+0x3cff) [0x7f41e3226cff]
 8  /opt/hpcx/ompi/lib/openmpi/mca_coll_ucc.so(mca_coll_ucc_comm_query+0x6f) [0x7f41e322891f]
 9  /opt/hpcx/ompi/lib/libmpi.so.40(+0x85e8c) [0x7f440ebdee8c]
10  /opt/hpcx/ompi/lib/libmpi.so.40(mca_coll_base_comm_select+0x76) [0x7f440ebdf486]
11  /opt/hpcx/ompi/lib/libmpi.so.40(ompi_mpi_init+0xee3) [0x7f440ec2c6a3]
12  /opt/hpcx/ompi/lib/libmpi.so.40(MPI_Init+0x71) [0x7f440ebcfc31]
13  /workspace/hpl-linux-x86_64/xhpl() [0x45c9f9]
14  /lib/x86_64-linux-gnu/libc.so.6(+0x2a1ca) [0x7f44006181ca]
15  /lib/x86_64-linux-gnu/libc.so.6(__libc_start_main+0x8b) [0x7f440061828b]
16  /workspace/hpl-linux-x86_64/xhpl() [0x45edfe]
=================================
[b0007:362125] *** Process received signal ***
[b0007:362125] Signal: Segmentation fault (11)
[b0007:362125] Signal code:  (-6)
[b0007:362125] Failing at address: 0x27190005868d
[b0007:362125] [ 0] /lib/x86_64-linux-gnu/libc.so.6(+0x45330)[0x7f4400633330]
[b0007:362125] [ 1] /opt/hpcx/ompi/lib/libmpi.so.40(ompi_request_default_test_all+0x48)[0x7f440ebaca28]
[b0007:362125] [ 2] /opt/hpcx/ompi/lib/openmpi/mca_coll_ucc.so(+0x39cc)[0x7f41e32269cc]
[b0007:362125] [ 3] /opt/hpcx/ompi/lib/openmpi/../../../ucc/lib/libucc.so.1(ucc_core_addr_exchange+0x3c)[0x7f41e31f2bcc]
[b0007:362125] [ 4] /opt/hpcx/ompi/lib/openmpi/../../../ucc/lib/libucc.so.1(ucc_context_create_proc_info+0x811)[0x7f41e31f37f1]
[b0007:362125] [ 5] /opt/hpcx/ompi/lib/openmpi/mca_coll_ucc.so(+0x3cff)[0x7f41e3226cff]
[b0007:362125] [ 6] /opt/hpcx/ompi/lib/openmpi/mca_coll_ucc.so(mca_coll_ucc_comm_query+0x6f)[0x7f41e322891f]
[b0007:362125] [ 7] /opt/hpcx/ompi/lib/libmpi.so.40(+0x85e8c)[0x7f440ebdee8c]
[b0007:362125] [ 8] /opt/hpcx/ompi/lib/libmpi.so.40(mca_coll_base_comm_select+0x76)[0x7f440ebdf486]
[b0007:362125] [ 9] /opt/hpcx/ompi/lib/libmpi.so.40(ompi_mpi_init+0xee3)[0x7f440ec2c6a3]
[b0007:362125] [10] /opt/hpcx/ompi/lib/libmpi.so.40(MPI_Init+0x71)[0x7f440ebcfc31]
[b0007:362125] [11] /workspace/hpl-linux-x86_64/xhpl[0x45c9f9]
[b0007:362125] [12] /lib/x86_64-linux-gnu/libc.so.6(+0x2a1ca)[0x7f44006181ca]
[b0007:362125] [13] /lib/x86_64-linux-gnu/libc.so.6(__libc_start_main+0x8b)[0x7f440061828b]
[b0007:362125] [14] /workspace/hpl-linux-x86_64/xhpl[0x45edfe]
[b0007:362125] *** End of error message ***
/workspace/hpl.sh: line 262: 385623 Segmentation fault      (core dumped) ${NUMCMD} ${CPUBIND} ${MEMBIND} ${XHPL} ${DAT}
srun: error: b0004: task 23: Exited with exit code 139
[2026-05-18T08:39:35.137] error:  mpi/pmix_v3: _errhandler: b0004 [2]: pmixp_client_v2.c:225: Error handler invoked: status = -25, source = [slurm.pmix.21915.0:23]
srun: Job step aborted: Waiting up to 32 seconds for job step to finish.
/workspace/hpl.sh: line 262: 362125 Segmentation fault      (core dumped) ${NUMCMD} ${CPUBIND} ${MEMBIND} ${XHPL} ${DAT}
srun: error: b0007: task 47: Exited with exit code 139
[2026-05-18T08:39:36.175] error:  mpi/pmix_v3: _errhandler: b0004 [2]: pmixp_client_v2.c:225: Error handler invoked: status = -25, source = [slurm.pmix.21915.0:22]
[2026-05-18T08:39:36.718] error:  mpi/pmix_v3: _errhandler: b0007 [5]: pmixp_client_v2.c:225: Error handler invoked: status = -25, source = [slurm.pmix.21915.0:47]
[2026-05-18T08:39:38.174] error:  mpi/pmix_v3: _errhandler: b0007 [5]: pmixp_client_v2.c:225: Error handler invoked: status = -25, source = [slurm.pmix.21915.0:43]
srun: error: b0004: tasks 16-22: Killed
srun: error: b0007: tasks 40-46: Killed
